Command line invocation:
    /Applications/Xcode.app/Contents/Developer/usr/bin/xcodebuild -project "HOMEY Clean.xcodeproj" -scheme "HOMEY Clean" clean build

Resolve Package Graph


Resolved source packages:
  swift-concurrency-extras: https://github.com/pointfreeco/swift-concurrency-extras @ 1.3.1
  xctest-dynamic-overlay: https://github.com/pointfreeco/xctest-dynamic-overlay @ 1.6.1
  swift-http-types: https://github.com/apple/swift-http-types.git @ 1.4.0
  swift-clocks: https://github.com/pointfreeco/swift-clocks @ 1.0.6
  swift-snapshot-testing: https://github.com/pointfreeco/swift-snapshot-testing @ 1.18.7
  swift-asn1: https://github.com/apple/swift-asn1.git @ 1.4.0
  swift-custom-dump: https://github.com/pointfreeco/swift-custom-dump @ 1.3.3
  Supabase: https://github.com/supabase-community/supabase-swift @ 2.31.2
  swift-syntax: https://github.com/swiftlang/swift-syntax @ 602.0.0
  swift-crypto: https://github.com/apple/swift-crypto.git @ 3.14.0

2025-09-22 23:16:04.372 xcodebuild[46352:12245440] [MT] IDERunDestination: Supported platforms for the buildables in the current scheme is empty.
--- xcodebuild: WARNING: Using the first of multiple matching destinations:
{ platform:macOS, arch:arm64, variant:Designed for [iPad,iPhone], id:00006000-000225193A89801E, name:My Mac }
{ platform:iOS, id:dvtdevice-DVTiPhonePlaceholder-iphoneos:placeholder, name:Any iOS Device }
{ platform:iOS Simulator, id:dvtdevice-DVTiOSDeviceSimulatorPlaceholder-iphonesimulator:placeholder, name:Any iOS Simulator Device }
{ platform:iOS Simulator, arch:arm64, id:AD2261D8-135A-4618-9D4F-059F074F0648, OS:18.6, name:iPhone 16 Pro Test }
{ platform:iOS Simulator, arch:x86_64, id:AD2261D8-135A-4618-9D4F-059F074F0648, OS:18.6, name:iPhone 16 Pro Test }
{ platform:iOS, arch:arm64, id:00008120-001A70D22247C01E, name:Ryan’s iPhone }
CreateBuildRequest

SendProjectDescription

CreateBuildOperation

** CLEAN SUCCEEDED **

--- xcodebuild: WARNING: Using the first of multiple matching destinations:
{ platform:macOS, arch:arm64, variant:Designed for [iPad,iPhone], id:00006000-000225193A89801E, name:My Mac }
{ platform:iOS, id:dvtdevice-DVTiPhonePlaceholder-iphoneos:placeholder, name:Any iOS Device }
{ platform:iOS Simulator, id:dvtdevice-DVTiOSDeviceSimulatorPlaceholder-iphonesimulator:placeholder, name:Any iOS Simulator Device }
{ platform:iOS Simulator, arch:arm64, id:AD2261D8-135A-4618-9D4F-059F074F0648, OS:18.6, name:iPhone 16 Pro Test }
{ platform:iOS Simulator, arch:x86_64, id:AD2261D8-135A-4618-9D4F-059F074F0648, OS:18.6, name:iPhone 16 Pro Test }
{ platform:iOS, arch:arm64, id:00008120-001A70D22247C01E, name:Ryan’s iPhone }
ComputePackagePrebuildTargetDependencyGraph

Prepare packages

CreateBuildRequest

SendProjectDescription

CreateBuildOperation

ComputeTargetDependencyGraph
note: Building targets in dependency order
note: Target dependency graph (28 targets)
    Target 'HOMEY Clean' in project 'HOMEY Clean'
        ➜ Explicit dependency on target 'PostgREST' in project 'Supabase'
        ➜ Explicit dependency on target 'Functions' in project 'Supabase'
        ➜ Explicit dependency on target 'Supabase' in project 'Supabase'
        ➜ Explicit dependency on target 'Auth' in project 'Supabase'
        ➜ Explicit dependency on target 'Storage' in project 'Supabase'
        ➜ Explicit dependency on target 'Realtime' in project 'Supabase'
    Target 'Realtime' in project 'Supabase'
        ➜ Explicit dependency on target 'Realtime' in project 'Supabase'
        ➜ Explicit dependency on target 'Helpers' in project 'Supabase'
        ➜ Explicit dependency on target 'ConcurrencyExtras' in project 'swift-concurrency-extras'
        ➜ Explicit dependency on target 'HTTPTypes' in project 'swift-http-types'
        ➜ Explicit dependency on target 'Clocks' in project 'swift-clocks'
        ➜ Explicit dependency on target 'XCTestDynamicOverlay' in project 'xctest-dynamic-overlay'
        ➜ Explicit dependency on target 'IssueReporting' in project 'xctest-dynamic-overlay'
    Target 'Storage' in project 'Supabase'
        ➜ Explicit dependency on target 'Storage' in project 'Supabase'
        ➜ Explicit dependency on target 'Helpers' in project 'Supabase'
        ➜ Explicit dependency on target 'ConcurrencyExtras' in project 'swift-concurrency-extras'
        ➜ Explicit dependency on target 'HTTPTypes' in project 'swift-http-types'
        ➜ Explicit dependency on target 'Clocks' in project 'swift-clocks'
        ➜ Explicit dependency on target 'XCTestDynamicOverlay' in project 'xctest-dynamic-overlay'
    Target 'Auth' in project 'Supabase'
        ➜ Explicit dependency on target 'Auth' in project 'Supabase'
        ➜ Explicit dependency on target 'Helpers' in project 'Supabase'
        ➜ Explicit dependency on target 'ConcurrencyExtras' in project 'swift-concurrency-extras'
        ➜ Explicit dependency on target 'HTTPTypes' in project 'swift-http-types'
        ➜ Explicit dependency on target 'Clocks' in project 'swift-clocks'
        ➜ Explicit dependency on target 'XCTestDynamicOverlay' in project 'xctest-dynamic-overlay'
        ➜ Explicit dependency on target 'Crypto' in project 'swift-crypto'
    Target 'Supabase' in project 'Supabase'
        ➜ Explicit dependency on target 'Supabase' in project 'Supabase'
        ➜ Explicit dependency on target 'Functions' in project 'Supabase'
        ➜ Explicit dependency on target 'PostgREST' in project 'Supabase'
        ➜ Explicit dependency on target 'Auth' in project 'Supabase'
        ➜ Explicit dependency on target 'Realtime' in project 'Supabase'
        ➜ Explicit dependency on target 'Storage' in project 'Supabase'
        ➜ Explicit dependency on target 'Helpers' in project 'Supabase'
        ➜ Explicit dependency on target 'ConcurrencyExtras' in project 'swift-concurrency-extras'
        ➜ Explicit dependency on target 'HTTPTypes' in project 'swift-http-types'
        ➜ Explicit dependency on target 'Clocks' in project 'swift-clocks'
        ➜ Explicit dependency on target 'XCTestDynamicOverlay' in project 'xctest-dynamic-overlay'
        ➜ Explicit dependency on target 'Crypto' in project 'swift-crypto'
        ➜ Explicit dependency on target 'IssueReporting' in project 'xctest-dynamic-overlay'
    Target 'Supabase' in project 'Supabase'
        ➜ Explicit dependency on target 'Helpers' in project 'Supabase'
        ➜ Explicit dependency on target 'Auth' in project 'Supabase'
        ➜ Explicit dependency on target 'Functions' in project 'Supabase'
        ➜ Explicit dependency on target 'PostgREST' in project 'Supabase'
        ➜ Explicit dependency on target 'Realtime' in project 'Supabase'
        ➜ Explicit dependency on target 'Storage' in project 'Supabase'
        ➜ Explicit dependency on target 'ConcurrencyExtras' in project 'swift-concurrency-extras'
        ➜ Explicit dependency on target 'HTTPTypes' in project 'swift-http-types'
        ➜ Explicit dependency on target 'Clocks' in project 'swift-clocks'
        ➜ Explicit dependency on target 'XCTestDynamicOverlay' in project 'xctest-dynamic-overlay'
        ➜ Explicit dependency on target 'Crypto' in project 'swift-crypto'
        ➜ Explicit dependency on target 'IssueReporting' in project 'xctest-dynamic-overlay'
    Target 'Storage' in project 'Supabase'
        ➜ Explicit dependency on target 'Helpers' in project 'Supabase'
        ➜ Explicit dependency on target 'ConcurrencyExtras' in project 'swift-concurrency-extras'
        ➜ Explicit dependency on target 'HTTPTypes' in project 'swift-http-types'
        ➜ Explicit dependency on target 'Clocks' in project 'swift-clocks'
        ➜ Explicit dependency on target 'XCTestDynamicOverlay' in project 'xctest-dynamic-overlay'
    Target 'Realtime' in project 'Supabase'
        ➜ Explicit dependency on target 'Helpers' in project 'Supabase'
        ➜ Explicit dependency on target 'ConcurrencyExtras' in project 'swift-concurrency-extras'
        ➜ Explicit dependency on target 'HTTPTypes' in project 'swift-http-types'
        ➜ Explicit dependency on target 'Clocks' in project 'swift-clocks'
        ➜ Explicit dependency on target 'XCTestDynamicOverlay' in project 'xctest-dynamic-overlay'
        ➜ Explicit dependency on target 'IssueReporting' in project 'xctest-dynamic-overlay'
    Target 'Auth' in project 'Supabase'
        ➜ Explicit dependency on target 'Helpers' in project 'Supabase'
        ➜ Explicit dependency on target 'ConcurrencyExtras' in project 'swift-concurrency-extras'
        ➜ Explicit dependency on target 'HTTPTypes' in project 'swift-http-types'
        ➜ Explicit dependency on target 'Clocks' in project 'swift-clocks'
        ➜ Explicit dependency on target 'XCTestDynamicOverlay' in project 'xctest-dynamic-overlay'
        ➜ Explicit dependency on target 'Crypto' in project 'swift-crypto'
    Target 'Crypto' in project 'swift-crypto'
        ➜ Explicit dependency on target 'Crypto' in project 'swift-crypto'
        ➜ Explicit dependency on target 'swift-crypto_Crypto' in project 'swift-crypto'
    Target 'Crypto' in project 'swift-crypto'
        ➜ Explicit dependency on target 'swift-crypto_Crypto' in project 'swift-crypto'
    Target 'swift-crypto_Crypto' in project 'swift-crypto' (no dependencies)
    Target 'Functions' in project 'Supabase'
        ➜ Explicit dependency on target 'Functions' in project 'Supabase'
        ➜ Explicit dependency on target 'Helpers' in project 'Supabase'
        ➜ Explicit dependency on target 'ConcurrencyExtras' in project 'swift-concurrency-extras'
        ➜ Explicit dependency on target 'HTTPTypes' in project 'swift-http-types'
        ➜ Explicit dependency on target 'Clocks' in project 'swift-clocks'
        ➜ Explicit dependency on target 'XCTestDynamicOverlay' in project 'xctest-dynamic-overlay'
    Target 'Functions' in project 'Supabase'
        ➜ Explicit dependency on target 'Helpers' in project 'Supabase'
        ➜ Explicit dependency on target 'ConcurrencyExtras' in project 'swift-concurrency-extras'
        ➜ Explicit dependency on target 'HTTPTypes' in project 'swift-http-types'
        ➜ Explicit dependency on target 'Clocks' in project 'swift-clocks'
        ➜ Explicit dependency on target 'XCTestDynamicOverlay' in project 'xctest-dynamic-overlay'
    Target 'PostgREST' in project 'Supabase'
        ➜ Explicit dependency on target 'PostgREST' in project 'Supabase'
        ➜ Explicit dependency on target 'Helpers' in project 'Supabase'
        ➜ Explicit dependency on target 'ConcurrencyExtras' in project 'swift-concurrency-extras'
        ➜ Explicit dependency on target 'HTTPTypes' in project 'swift-http-types'
        ➜ Explicit dependency on target 'Clocks' in project 'swift-clocks'
        ➜ Explicit dependency on target 'XCTestDynamicOverlay' in project 'xctest-dynamic-overlay'
    Target 'PostgREST' in project 'Supabase'
        ➜ Explicit dependency on target 'Helpers' in project 'Supabase'
        ➜ Explicit dependency on target 'ConcurrencyExtras' in project 'swift-concurrency-extras'
        ➜ Explicit dependency on target 'HTTPTypes' in project 'swift-http-types'
        ➜ Explicit dependency on target 'Clocks' in project 'swift-clocks'
        ➜ Explicit dependency on target 'XCTestDynamicOverlay' in project 'xctest-dynamic-overlay'
    Target 'Helpers' in project 'Supabase'
        ➜ Explicit dependency on target 'ConcurrencyExtras' in project 'swift-concurrency-extras'
        ➜ Explicit dependency on target 'HTTPTypes' in project 'swift-http-types'
        ➜ Explicit dependency on target 'Clocks' in project 'swift-clocks'
        ➜ Explicit dependency on target 'XCTestDynamicOverlay' in project 'xctest-dynamic-overlay'
    Target 'XCTestDynamicOverlay' in project 'xctest-dynamic-overlay'
        ➜ Explicit dependency on target 'XCTestDynamicOverlay' in project 'xctest-dynamic-overlay'
        ➜ Explicit dependency on target 'IssueReportingPackageSupport' in project 'xctest-dynamic-overlay'
        ➜ Explicit dependency on target 'IssueReporting' in project 'xctest-dynamic-overlay'
    Target 'XCTestDynamicOverlay' in project 'xctest-dynamic-overlay'
        ➜ Explicit dependency on target 'IssueReportingPackageSupport' in project 'xctest-dynamic-overlay'
        ➜ Explicit dependency on target 'IssueReporting' in project 'xctest-dynamic-overlay'
    Target 'Clocks' in project 'swift-clocks'
        ➜ Explicit dependency on target 'Clocks' in project 'swift-clocks'
        ➜ Explicit dependency on target 'ConcurrencyExtras' in project 'swift-concurrency-extras'
        ➜ Explicit dependency on target 'IssueReporting' in project 'xctest-dynamic-overlay'
    Target 'Clocks' in project 'swift-clocks'
        ➜ Explicit dependency on target 'ConcurrencyExtras' in project 'swift-concurrency-extras'
        ➜ Explicit dependency on target 'IssueReporting' in project 'xctest-dynamic-overlay'
    Target 'IssueReporting' in project 'xctest-dynamic-overlay'
        ➜ Explicit dependency on target 'IssueReporting' in project 'xctest-dynamic-overlay'
        ➜ Explicit dependency on target 'IssueReportingPackageSupport' in project 'xctest-dynamic-overlay'
    Target 'IssueReporting' in project 'xctest-dynamic-overlay'
        ➜ Explicit dependency on target 'IssueReportingPackageSupport' in project 'xctest-dynamic-overlay'
    Target 'IssueReportingPackageSupport' in project 'xctest-dynamic-overlay' (no dependencies)
    Target 'HTTPTypes' in project 'swift-http-types'
        ➜ Explicit dependency on target 'HTTPTypes' in project 'swift-http-types'
    Target 'HTTPTypes' in project 'swift-http-types' (no dependencies)
    Target 'ConcurrencyExtras' in project 'swift-concurrency-extras'
        ➜ Explicit dependency on target 'ConcurrencyExtras' in project 'swift-concurrency-extras'
    Target 'ConcurrencyExtras' in project 'swift-concurrency-extras' (no dependencies)

GatherProvisioningInputs

CreateBuildDescription

ExecuteExternalTool /Applications/Xcode.app/Contents/Developer/Toolchains/XcodeDefault.xctoolchain/usr/bin/swiftc --version

ExecuteExternalTool /Applications/Xcode.app/Contents/Developer/Toolchains/XcodeDefault.xctoolchain/usr/bin/clang -v -E -dM -isysroot /Applications/Xcode.app/Contents/Developer/Platforms/iPhoneOS.platform/Developer/SDKs/iPhoneOS26.0.sdk -x c -c /dev/null

ExecuteExternalTool /Applications/Xcode.app/Contents/Developer/usr/bin/actool --print-asset-tag-combinations --output-format xml1 /Users/ryankanfer/Documents/Developer/HOMEY Clean/HOMEY Clean/Assets.xcassets

ExecuteExternalTool /Applications/Xcode.app/Contents/Developer/Toolchains/XcodeDefault.xctoolchain/usr/bin/ld -version_details

ReadFileContents /Applications/Xcode.app/Contents/Developer/Toolchains/XcodeDefault.xctoolchain/usr/share/docc/features.json

ExecuteExternalTool /Applications/Xcode.app/Contents/Developer/usr/bin/actool --version --output-format xml1

Build description signature: 74fe3382d0ae664dfc9d0e944ec8a817
Build description path: /Users/ryankanfer/Library/Developer/Xcode/DerivedData/HOMEY_Clean-gafualdnzupkfseuistvwtqbnpqd/Build/Intermediates.noindex/XCBuildData/74fe3382d0ae664dfc9d0e944ec8a817.xcbuilddata
ClangStatCache /Applications/Xcode.app/Contents/Developer/Toolchains/XcodeDefault.xctoolchain/usr/bin/clang-stat-cache /Applications/Xcode.app/Contents/Developer/Platforms/iPhoneOS.platform/Developer/SDKs/iPhoneOS26.0.sdk /Users/ryankanfer/Library/Developer/Xcode/DerivedData/SDKStatCaches.noindex/iphoneos26.0-23A339-81ce72e5b06c9602b9d30b56f2eed08a.sdkstatcache
    cd /Users/ryankanfer/Documents/Developer/HOMEY\ Clean/HOMEY\ Clean.xcodeproj
    /Applications/Xcode.app/Contents/Developer/Toolchains/XcodeDefault.xctoolchain/usr/bin/clang-stat-cache /Applications/Xcode.app/Contents/Developer/Platforms/iPhoneOS.platform/Developer/SDKs/iPhoneOS26.0.sdk -o /Users/ryankanfer/Library/Developer/Xcode/DerivedData/SDKStatCaches.noindex/iphoneos26.0-23A339-81ce72e5b06c9602b9d30b56f2eed08a.sdkstatcache

CreateBuildDirectory /Users/ryankanfer/Library/Developer/Xcode/DerivedData/HOMEY_Clean-gafualdnzupkfseuistvwtqbnpqd/Build/Intermediates.noindex
    cd /Users/ryankanfer/Documents/Developer/HOMEY\ Clean/HOMEY\ Clean.xcodeproj
    builtin-create-build-directory /Users/ryankanfer/Library/Developer/Xcode/DerivedData/HOMEY_Clean-gafualdnzupkfseuistvwtqbnpqd/Build/Intermediates.noindex

CreateBuildDirectory /Users/ryankanfer/Library/Developer/Xcode/DerivedData/HOMEY_Clean-gafualdnzupkfseuistvwtqbnpqd/Build/Products
    cd /Users/ryankanfer/Documents/Developer/HOMEY\ Clean/HOMEY\ Clean.xcodeproj
    builtin-create-build-directory /Users/ryankanfer/Library/Developer/Xcode/DerivedData/HOMEY_Clean-gafualdnzupkfseuistvwtqbnpqd/Build/Products

CreateBuildDirectory /Users/ryankanfer/Library/Developer/Xcode/DerivedData/HOMEY_Clean-gafualdnzupkfseuistvwtqbnpqd/Build/Products/Debug-iphoneos
    cd /Users/ryankanfer/Documents/Developer/HOMEY\ Clean/HOMEY\ Clean.xcodeproj
    builtin-create-build-directory /Users/ryankanfer/Library/Developer/Xcode/DerivedData/HOMEY_Clean-gafualdnzupkfseuistvwtqbnpqd/Build/Products/Debug-iphoneos

CreateBuildDirectory /Users/ryankanfer/Library/Developer/Xcode/DerivedData/HOMEY_Clean-gafualdnzupkfseuistvwtqbnpqd/Build/Intermediates.noindex/SwiftExplicitPrecompiledModules
    cd /Users/ryankanfer/Documents/Developer/HOMEY\ Clean/HOMEY\ Clean.xcodeproj
    builtin-create-build-directory /Users/ryankanfer/Library/Developer/Xcode/DerivedData/HOMEY_Clean-gafualdnzupkfseuistvwtqbnpqd/Build/Intermediates.noindex/SwiftExplicitPrecompiledModules

CreateBuildDirectory /Users/ryankanfer/Library/Developer/Xcode/DerivedData/HOMEY_Clean-gafualdnzupkfseuistvwtqbnpqd/Build/Intermediates.noindex/ExplicitPrecompiledModules
    cd /Users/ryankanfer/Documents/Developer/HOMEY\ Clean/HOMEY\ Clean.xcodeproj
    builtin-create-build-directory /Users/ryankanfer/Library/Developer/Xcode/DerivedData/HOMEY_Clean-gafualdnzupkfseuistvwtqbnpqd/Build/Intermediates.noindex/ExplicitPrecompiledModules

CreateBuildDirectory /Users/ryankanfer/Library/Developer/Xcode/DerivedData/HOMEY_Clean-gafualdnzupkfseuistvwtqbnpqd/Build/Intermediates.noindex/EagerLinkingTBDs/Debug-iphoneos
    cd /Users/ryankanfer/Documents/Developer/HOMEY\ Clean/HOMEY\ Clean.xcodeproj
    builtin-create-build-directory /Users/ryankanfer/Library/Developer/Xcode/DerivedData/HOMEY_Clean-gafualdnzupkfseuistvwtqbnpqd/Build/Intermediates.noindex/EagerLinkingTBDs/Debug-iphoneos

WriteAuxiliaryFile /Users/ryankanfer/Library/Developer/Xcode/DerivedData/HOMEY_Clean-gafualdnzupkfseuistvwtqbnpqd/Build/Intermediates.noindex/HOMEY\ Clean.build/Debug-iphoneos/HOMEY\ Clean-0f55fb2587d36a9d6da7defd35999c5a-VFS-iphoneos/all-product-headers.yaml
    cd /Users/ryankanfer/Documents/Developer/HOMEY\ Clean/HOMEY\ Clean.xcodeproj
    write-file /Users/ryankanfer/Library/Developer/Xcode/DerivedData/HOMEY_Clean-gafualdnzupkfseuistvwtqbnpqd/Build/Intermediates.noindex/HOMEY\ Clean.build/Debug-iphoneos/HOMEY\ Clean-0f55fb2587d36a9d6da7defd35999c5a-VFS-iphoneos/all-product-headers.yaml

CreateBuildDirectory /Users/ryankanfer/Library/Developer/Xcode/DerivedData/HOMEY_Clean-gafualdnzupkfseuistvwtqbnpqd/Build/Products/Debug-iphoneos/PackageFrameworks
    cd /Users/ryankanfer/Documents/Developer/HOMEY\ Clean/HOMEY\ Clean.xcodeproj
    builtin-create-build-directory /Users/ryankanfer/Library/Developer/Xcode/DerivedData/HOMEY_Clean-gafualdnzupkfseuistvwtqbnpqd/Build/Products/Debug-iphoneos/PackageFrameworks

WriteAuxiliaryFile /Users/ryankanfer/Library/Developer/Xcode/DerivedData/HOMEY_Clean-gafualdnzupkfseuistvwtqbnpqd/Build/Intermediates.noindex/xctest-dynamic-overlay.build/Debug-iphoneos/IssueReporting.build/IssueReporting.modulemap (in target 'IssueReporting' from project 'xctest-dynamic-overlay')
    cd /Users/ryankanfer/Library/Developer/Xcode/DerivedData/HOMEY_Clean-gafualdnzupkfseuistvwtqbnpqd/SourcePackages/checkouts/xctest-dynamic-overlay
    write-file /Users/ryankanfer/Library/Developer/Xcode/DerivedData/HOMEY_Clean-gafualdnzupkfseuistvwtqbnpqd/Build/Intermediates.noindex/xctest-dynamic-overlay.build/Debug-iphoneos/IssueReporting.build/IssueReporting.modulemap

WriteAuxiliaryFile /Users/ryankanfer/Library/Developer/Xcode/DerivedData/HOMEY_Clean-gafualdnzupkfseuistvwtqbnpqd/Build/Intermediates.noindex/xctest-dynamic-overlay.build/Debug-iphoneos/IssueReporting.build/Objects-normal/arm64/IssueReporting.SwiftConstValuesFileList (in target 'IssueReporting' from project 'xctest-dynamic-overlay')
    cd /Users/ryankanfer/Library/Developer/Xcode/DerivedData/HOMEY_Clean-gafualdnzupkfseuistvwtqbnpqd/SourcePackages/checkouts/xctest-dynamic-overlay
    write-file /Users/ryankanfer/Library/Developer/Xcode/DerivedData/HOMEY_Clean-gafualdnzupkfseuistvwtqbnpqd/Build/Intermediates.noindex/xctest-dynamic-overlay.build/Debug-iphoneos/IssueReporting.build/Objects-normal/arm64/IssueReporting.SwiftConstValuesFileList

WriteAuxiliaryFile /Users/ryankanfer/Library/Developer/Xcode/DerivedData/HOMEY_Clean-gafualdnzupkfseuistvwtqbnpqd/Build/Intermediates.noindex/xctest-dynamic-overlay.build/Debug-iphoneos/IssueReporting.build/Objects-normal/arm64/IssueReporting.SwiftFileList (in target 'IssueReporting' from project 'xctest-dynamic-overlay')
    cd /Users/ryankanfer/Library/Developer/Xcode/DerivedData/HOMEY_Clean-gafualdnzupkfseuistvwtqbnpqd/SourcePackages/checkouts/xctest-dynamic-overlay
    write-file /Users/ryankanfer/Library/Developer/Xcode/DerivedData/HOMEY_Clean-gafualdnzupkfseuistvwtqbnpqd/Build/Intermediates.noindex/xctest-dynamic-overlay.build/Debug-iphoneos/IssueReporting.build/Objects-normal/arm64/IssueReporting.SwiftFileList

WriteAuxiliaryFile /Users/ryankanfer/Library/Developer/Xcode/DerivedData/HOMEY_Clean-gafualdnzupkfseuistvwtqbnpqd/Build/Intermediates.noindex/xctest-dynamic-overlay.build/Debug-iphoneos/IssueReporting.build/Objects-normal/arm64/IssueReporting.LinkFileList (in target 'IssueReporting' from project 'xctest-dynamic-overlay')
    cd /Users/ryankanfer/Library/Developer/Xcode/DerivedData/HOMEY_Clean-gafualdnzupkfseuistvwtqbnpqd/SourcePackages/checkouts/xctest-dynamic-overlay
    write-file /Users/ryankanfer/Library/Developer/Xcode/DerivedData/HOMEY_Clean-gafualdnzupkfseuistvwtqbnpqd/Build/Intermediates.noindex/xctest-dynamic-overlay.build/Debug-iphoneos/IssueReporting.build/Objects-normal/arm64/IssueReporting.LinkFileList

WriteAuxiliaryFile /Users/ryankanfer/Library/Developer/Xcode/DerivedData/HOMEY_Clean-gafualdnzupkfseuistvwtqbnpqd/Build/Intermediates.noindex/xctest-dynamic-overlay.build/Debug-iphoneos/IssueReporting.build/Objects-normal/arm64/IssueReporting_const_extract_protocols.json (in target 'IssueReporting' from project 'xctest-dynamic-overlay')
    cd /Users/ryankanfer/Library/Developer/Xcode/DerivedData/HOMEY_Clean-gafualdnzupkfseuistvwtqbnpqd/SourcePackages/checkouts/xctest-dynamic-overlay
    write-file /Users/ryankanfer/Library/Developer/Xcode/DerivedData/HOMEY_Clean-gafualdnzupkfseuistvwtqbnpqd/Build/Intermediates.noindex/xctest-dynamic-overlay.build/Debug-iphoneos/IssueReporting.build/Objects-normal/arm64/IssueReporting_const_extract_protocols.json

WriteAuxiliaryFile /Users/ryankanfer/Library/Developer/Xcode/DerivedData/HOMEY_Clean-gafualdnzupkfseuistvwtqbnpqd/Build/Intermediates.noindex/xctest-dynamic-overlay.build/Debug-iphoneos/IssueReporting.build/Objects-normal/arm64/IssueReporting-OutputFileMap.json (in target 'IssueReporting' from project 'xctest-dynamic-overlay')
    cd /Users/ryankanfer/Library/Developer/Xcode/DerivedData/HOMEY_Clean-gafualdnzupkfseuistvwtqbnpqd/SourcePackages/checkouts/xctest-dynamic-overlay
    write-file /Users/ryankanfer/Library/Developer/Xcode/DerivedData/HOMEY_Clean-gafualdnzupkfseuistvwtqbnpqd/Build/Intermediates.noindex/xctest-dynamic-overlay.build/Debug-iphoneos/IssueReporting.build/Objects-normal/arm64/IssueReporting-OutputFileMap.json

WriteAuxiliaryFile /Users/ryankanfer/Library/Developer/Xcode/DerivedData/HOMEY_Clean-gafualdnzupkfseuistvwtqbnpqd/Build/Intermediates.noindex/swift-crypto.build/Debug-iphoneos/swift-crypto_Crypto.build/swift-crypto_Crypto.DependencyStaticMetadataFileList (in target 'swift-crypto_Crypto' from project 'swift-crypto')
    cd /Users/ryankanfer/Library/Developer/Xcode/DerivedData/HOMEY_Clean-gafualdnzupkfseuistvwtqbnpqd/SourcePackages/checkouts/swift-crypto
    write-file /Users/ryankanfer/Library/Developer/Xcode/DerivedData/HOMEY_Clean-gafualdnzupkfseuistvwtqbnpqd/Build/Intermediates.noindex/swift-crypto.build/Debug-iphoneos/swift-crypto_Crypto.build/swift-crypto_Crypto.DependencyStaticMetadataFileList

WriteAuxiliaryFile /Users/ryankanfer/Library/Developer/Xcode/DerivedData/HOMEY_Clean-gafualdnzupkfseuistvwtqbnpqd/Build/Intermediates.noindex/swift-crypto.build/Debug-iphoneos/swift-crypto_Crypto.build/swift-crypto_Crypto.DependencyMetadataFileList (in target 'swift-crypto_Crypto' from project 'swift-crypto')
    cd /Users/ryankanfer/Library/Developer/Xcode/DerivedData/HOMEY_Clean-gafualdnzupkfseuistvwtqbnpqd/SourcePackages/checkouts/swift-crypto
    write-file /Users/ryankanfer/Library/Developer/Xcode/DerivedData/HOMEY_Clean-gafualdnzupkfseuistvwtqbnpqd/Build/Intermediates.noindex/swift-crypto.build/Debug-iphoneos/swift-crypto_Crypto.build/swift-crypto_Crypto.DependencyMetadataFileList

WriteAuxiliaryFile /Users/ryankanfer/Library/Developer/Xcode/DerivedData/HOMEY_Clean-gafualdnzupkfseuistvwtqbnpqd/Build/Intermediates.noindex/swift-crypto.build/Debug-iphoneos/swift-crypto_Crypto.build/empty-swift-crypto_Crypto.plist (in target 'swift-crypto_Crypto' from project 'swift-crypto')
    cd /Users/ryankanfer/Library/Developer/Xcode/DerivedData/HOMEY_Clean-gafualdnzupkfseuistvwtqbnpqd/SourcePackages/checkouts/swift-crypto
    write-file /Users/ryankanfer/Library/Developer/Xcode/DerivedData/HOMEY_Clean-gafualdnzupkfseuistvwtqbnpqd/Build/Intermediates.noindex/swift-crypto.build/Debug-iphoneos/swift-crypto_Crypto.build/empty-swift-crypto_Crypto.plist

WriteAuxiliaryFile /Users/ryankanfer/Library/Developer/Xcode/DerivedData/HOMEY_Clean-gafualdnzupkfseuistvwtqbnpqd/Build/Intermediates.noindex/xctest-dynamic-overlay.build/Debug-iphoneos/XCTestDynamicOverlay.build/XCTestDynamicOverlay.modulemap (in target 'XCTestDynamicOverlay' from project 'xctest-dynamic-overlay')
    cd /Users/ryankanfer/Library/Developer/Xcode/DerivedData/HOMEY_Clean-gafualdnzupkfseuistvwtqbnpqd/SourcePackages/checkouts/xctest-dynamic-overlay
    write-file /Users/ryankanfer/Library/Developer/Xcode/DerivedData/HOMEY_Clean-gafualdnzupkfseuistvwtqbnpqd/Build/Intermediates.noindex/xctest-dynamic-overlay.build/Debug-iphoneos/XCTestDynamicOverlay.build/XCTestDynamicOverlay.modulemap

WriteAuxiliaryFile /Users/ryankanfer/Library/Developer/Xcode/DerivedData/HOMEY_Clean-gafualdnzupkfseuistvwtqbnpqd/Build/Intermediates.noindex/xctest-dynamic-overlay.build/Debug-iphoneos/XCTestDynamicOverlay.build/XCTestDynamicOverlay.DependencyStaticMetadataFileList (in target 'XCTestDynamicOverlay' from project 'xctest-dynamic-overlay')
    cd /Users/ryankanfer/Library/Developer/Xcode/DerivedData/HOMEY_Clean-gafualdnzupkfseuistvwtqbnpqd/SourcePackages/checkouts/xctest-dynamic-overlay
    write-file /Users/ryankanfer/Library/Developer/Xcode/DerivedData/HOMEY_Clean-gafualdnzupkfseuistvwtqbnpqd/Build/Intermediates.noindex/xctest-dynamic-overlay.build/Debug-iphoneos/XCTestDynamicOverlay.build/XCTestDynamicOverlay.DependencyStaticMetadataFileList

WriteAuxiliaryFile /Users/ryankanfer/Library/Developer/Xcode/DerivedData/HOMEY_Clean-gafualdnzupkfseuistvwtqbnpqd/Build/Intermediates.noindex/xctest-dynamic-overlay.build/Debug-iphoneos/XCTestDynamicOverlay.build/XCTestDynamicOverlay.DependencyMetadataFileList (in target 'XCTestDynamicOverlay' from project 'xctest-dynamic-overlay')
    cd /Users/ryankanfer/Library/Developer/Xcode/DerivedData/HOMEY_Clean-gafualdnzupkfseuistvwtqbnpqd/SourcePackages/checkouts/xctest-dynamic-overlay
    write-file /Users/ryankanfer/Library/Developer/Xcode/DerivedData/HOMEY_Clean-gafualdnzupkfseuistvwtqbnpqd/Build/Intermediates.noindex/xctest-dynamic-overlay.build/Debug-iphoneos/XCTestDynamicOverlay.build/XCTestDynamicOverlay.DependencyMetadataFileList

WriteAuxiliaryFile /Users/ryankanfer/Library/Developer/Xcode/DerivedData/HOMEY_Clean-gafualdnzupkfseuistvwtqbnpqd/Build/Intermediates.noindex/xctest-dynamic-overlay.build/Debug-iphoneos/XCTestDynamicOverlay.build/Objects-normal/arm64/XCTestDynamicOverlay.SwiftConstValuesFileList (in target 'XCTestDynamicOverlay' from project 'xctest-dynamic-overlay')
    cd /Users/ryankanfer/Library/Developer/Xcode/DerivedData/HOMEY_Clean-gafualdnzupkfseuistvwtqbnpqd/SourcePackages/checkouts/xctest-dynamic-overlay
    write-file /Users/ryankanfer/Library/Developer/Xcode/DerivedData/HOMEY_Clean-gafualdnzupkfseuistvwtqbnpqd/Build/Intermediates.noindex/xctest-dynamic-overlay.build/Debug-iphoneos/XCTestDynamicOverlay.build/Objects-normal/arm64/XCTestDynamicOverlay.SwiftConstValuesFileList

WriteAuxiliaryFile /Users/ryankanfer/Library/Developer/Xcode/DerivedData/HOMEY_Clean-gafualdnzupkfseuistvwtqbnpqd/Build/Intermediates.noindex/xctest-dynamic-overlay.build/Debug-iphoneos/XCTestDynamicOverlay.build/Objects-normal/arm64/XCTestDynamicOverlay_const_extract_protocols.json (in target 'XCTestDynamicOverlay' from project 'xctest-dynamic-overlay')
    cd /Users/ryankanfer/Library/Developer/Xcode/DerivedData/HOMEY_Clean-gafualdnzupkfseuistvwtqbnpqd/SourcePackages/checkouts/xctest-dynamic-overlay
    write-file /Users/ryankanfer/Library/Developer/Xcode/DerivedData/HOMEY_Clean-gafualdnzupkfseuistvwtqbnpqd/Build/Intermediates.noindex/xctest-dynamic-overlay.build/Debug-iphoneos/XCTestDynamicOverlay.build/Objects-normal/arm64/XCTestDynamicOverlay_const_extract_protocols.json

WriteAuxiliaryFile /Users/ryankanfer/Library/Developer/Xcode/DerivedData/HOMEY_Clean-gafualdnzupkfseuistvwtqbnpqd/Build/Intermediates.noindex/xctest-dynamic-overlay.build/Debug-iphoneos/XCTestDynamicOverlay.build/Objects-normal/arm64/XCTestDynamicOverlay.SwiftFileList (in target 'XCTestDynamicOverlay' from project 'xctest-dynamic-overlay')
    cd /Users/ryankanfer/Library/Developer/Xcode/DerivedData/HOMEY_Clean-gafualdnzupkfseuistvwtqbnpqd/SourcePackages/checkouts/xctest-dynamic-overlay
    write-file /Users/ryankanfer/Library/Developer/Xcode/DerivedData/HOMEY_Clean-gafualdnzupkfseuistvwtqbnpqd/Build/Intermediates.noindex/xctest-dynamic-overlay.build/Debug-iphoneos/XCTestDynamicOverlay.build/Objects-normal/arm64/XCTestDynamicOverlay.SwiftFileList

WriteAuxiliaryFile /Users/ryankanfer/Library/Developer/Xcode/DerivedData/HOMEY_Clean-gafualdnzupkfseuistvwtqbnpqd/Build/Intermediates.noindex/xctest-dynamic-overlay.build/Debug-iphoneos/XCTestDynamicOverlay.build/Objects-normal/arm64/XCTestDynamicOverlay.LinkFileList (in target 'XCTestDynamicOverlay' from project 'xctest-dynamic-overlay')
    cd /Users/ryankanfer/Library/Developer/Xcode/DerivedData/HOMEY_Clean-gafualdnzupkfseuistvwtqbnpqd/SourcePackages/checkouts/xctest-dynamic-overlay
    write-file /Users/ryankanfer/Library/Developer/Xcode/DerivedData/HOMEY_Clean-gafualdnzupkfseuistvwtqbnpqd/Build/Intermediates.noindex/xctest-dynamic-overlay.build/Debug-iphoneos/XCTestDynamicOverlay.build/Objects-normal/arm64/XCTestDynamicOverlay.LinkFileList

WriteAuxiliaryFile /Users/ryankanfer/Library/Developer/Xcode/DerivedData/HOMEY_Clean-gafualdnzupkfseuistvwtqbnpqd/Build/Intermediates.noindex/xctest-dynamic-overlay.build/Debug-iphoneos/XCTestDynamicOverlay.build/Objects-normal/arm64/XCTestDynamicOverlay-OutputFileMap.json (in target 'XCTestDynamicOverlay' from project 'xctest-dynamic-overlay')
    cd /Users/ryankanfer/Library/Developer/Xcode/DerivedData/HOMEY_Clean-gafualdnzupkfseuistvwtqbnpqd/SourcePackages/checkouts/xctest-dynamic-overlay
    write-file /Users/ryankanfer/Library/Developer/Xcode/DerivedData/HOMEY_Clean-gafualdnzupkfseuistvwtqbnpqd/Build/Intermediates.noindex/xctest-dynamic-overlay.build/Debug-iphoneos/XCTestDynamicOverlay.build/Objects-normal/arm64/XCTestDynamicOverlay-OutputFileMap.json

WriteAuxiliaryFile /Users/ryankanfer/Library/Developer/Xcode/DerivedData/HOMEY_Clean-gafualdnzupkfseuistvwtqbnpqd/Build/Intermediates.noindex/Supabase.build/Debug-iphoneos/Supabase.build/Supabase.modulemap (in target 'Supabase' from project 'Supabase')
    cd /Users/ryankanfer/Library/Developer/Xcode/DerivedData/HOMEY_Clean-gafualdnzupkfseuistvwtqbnpqd/SourcePackages/checkouts/supabase-swift
    write-file /Users/ryankanfer/Library/Developer/Xcode/DerivedData/HOMEY_Clean-gafualdnzupkfseuistvwtqbnpqd/Build/Intermediates.noindex/Supabase.build/Debug-iphoneos/Supabase.build/Supabase.modulemap

Copy /Users/ryankanfer/Library/Developer/Xcode/DerivedData/HOMEY_Clean-gafualdnzupkfseuistvwtqbnpqd/Build/Intermediates.noindex/GeneratedModuleMaps-iphoneos/XCTestDynamicOverlay.modulemap /Users/ryankanfer/Library/Developer/Xcode/DerivedData/HOMEY_Clean-gafualdnzupkfseuistvwtqbnpqd/Build/Intermediates.noindex/xctest-dynamic-overlay.build/Debug-iphoneos/XCTestDynamicOverlay.build/XCTestDynamicOverlay.modulemap (in target 'XCTestDynamicOverlay' from project 'xctest-dynamic-overlay')
    cd /Users/ryankanfer/Library/Developer/Xcode/DerivedData/HOMEY_Clean-gafualdnzupkfseuistvwtqbnpqd/SourcePackages/checkouts/xctest-dynamic-overlay
    builtin-copy -exclude .DS_Store -exclude CVS -exclude .svn -exclude .git -exclude .hg -resolve-src-symlinks /Users/ryankanfer/Library/Developer/Xcode/DerivedData/HOMEY_Clean-gafualdnzupkfseuistvwtqbnpqd/Build/Intermediates.noindex/xctest-dynamic-overlay.build/Debug-iphoneos/XCTestDynamicOverlay.build/XCTestDynamicOverlay.modulemap /Users/ryankanfer/Library/Developer/Xcode/DerivedData/HOMEY_Clean-gafualdnzupkfseuistvwtqbnpqd/Build/Intermediates.noindex/GeneratedModuleMaps-iphoneos

WriteAuxiliaryFile /Users/ryankanfer/Library/Developer/Xcode/DerivedData/HOMEY_Clean-gafualdnzupkfseuistvwtqbnpqd/Build/Intermediates.noindex/Supabase.build/Debug-iphoneos/Supabase.build/Supabase.DependencyStaticMetadataFileList (in target 'Supabase' from project 'Supabase')
    cd /Users/ryankanfer/Library/Developer/Xcode/DerivedData/HOMEY_Clean-gafualdnzupkfseuistvwtqbnpqd/SourcePackages/checkouts/supabase-swift
    write-file /Users/ryankanfer/Library/Developer/Xcode/DerivedData/HOMEY_Clean-gafualdnzupkfseuistvwtqbnpqd/Build/Intermediates.noindex/Supabase.build/Debug-iphoneos/Supabase.build/Supabase.DependencyStaticMetadataFileList

WriteAuxiliaryFile /Users/ryankanfer/Library/Developer/Xcode/DerivedData/HOMEY_Clean-gafualdnzupkfseuistvwtqbnpqd/Build/Intermediates.noindex/Supabase.build/Debug-iphoneos/Supabase.build/Supabase.DependencyMetadataFileList (in target 'Supabase' from project 'Supabase')
    cd /Users/ryankanfer/Library/Developer/Xcode/DerivedData/HOMEY_Clean-gafualdnzupkfseuistvwtqbnpqd/SourcePackages/checkouts/supabase-swift
    write-file /Users/ryankanfer/Library/Developer/Xcode/DerivedData/HOMEY_Clean-gafualdnzupkfseuistvwtqbnpqd/Build/Intermediates.noindex/Supabase.build/Debug-iphoneos/Supabase.build/Supabase.DependencyMetadataFileList

WriteAuxiliaryFile /Users/ryankanfer/Library/Developer/Xcode/DerivedData/HOMEY_Clean-gafualdnzupkfseuistvwtqbnpqd/Build/Intermediates.noindex/Supabase.build/Debug-iphoneos/Supabase.build/Objects-normal/arm64/Supabase_const_extract_protocols.json (in target 'Supabase' from project 'Supabase')
    cd /Users/ryankanfer/Library/Developer/Xcode/DerivedData/HOMEY_Clean-gafualdnzupkfseuistvwtqbnpqd/SourcePackages/checkouts/supabase-swift
    write-file /Users/ryankanfer/Library/Developer/Xcode/DerivedData/HOMEY_Clean-gafualdnzupkfseuistvwtqbnpqd/Build/Intermediates.noindex/Supabase.build/Debug-iphoneos/Supabase.build/Objects-normal/arm64/Supabase_const_extract_protocols.json

WriteAuxiliaryFile /Users/ryankanfer/Library/Developer/Xcode/DerivedData/HOMEY_Clean-gafualdnzupkfseuistvwtqbnpqd/Build/Intermediates.noindex/Supabase.build/Debug-iphoneos/Supabase.build/Objects-normal/arm64/Supabase.SwiftFileList (in target 'Supabase' from project 'Supabase')
    cd /Users/ryankanfer/Library/Developer/Xcode/DerivedData/HOMEY_Clean-gafualdnzupkfseuistvwtqbnpqd/SourcePackages/checkouts/supabase-swift
    write-file /Users/ryankanfer/Library/Developer/Xcode/DerivedData/HOMEY_Clean-gafualdnzupkfseuistvwtqbnpqd/Build/Intermediates.noindex/Supabase.build/Debug-iphoneos/Supabase.build/Objects-normal/arm64/Supabase.SwiftFileList

WriteAuxiliaryFile /Users/ryankanfer/Library/Developer/Xcode/DerivedData/HOMEY_Clean-gafualdnzupkfseuistvwtqbnpqd/Build/Intermediates.noindex/Supabase.build/Debug-iphoneos/Supabase.build/Objects-normal/arm64/Supabase.SwiftConstValuesFileList (in target 'Supabase' from project 'Supabase')
    cd /Users/ryankanfer/Library/Developer/Xcode/DerivedData/HOMEY_Clean-gafualdnzupkfseuistvwtqbnpqd/SourcePackages/checkouts/supabase-swift
    write-file /Users/ryankanfer/Library/Developer/Xcode/DerivedData/HOMEY_Clean-gafualdnzupkfseuistvwtqbnpqd/Build/Intermediates.noindex/Supabase.build/Debug-iphoneos/Supabase.build/Objects-normal/arm64/Supabase.SwiftConstValuesFileList

WriteAuxiliaryFile /Users/ryankanfer/Library/Developer/Xcode/DerivedData/HOMEY_Clean-gafualdnzupkfseuistvwtqbnpqd/Build/Intermediates.noindex/Supabase.build/Debug-iphoneos/Supabase.build/Objects-normal/arm64/Supabase.LinkFileList (in target 'Supabase' from project 'Supabase')
    cd /Users/ryankanfer/Library/Developer/Xcode/DerivedData/HOMEY_Clean-gafualdnzupkfseuistvwtqbnpqd/SourcePackages/checkouts/supabase-swift
    write-file /Users/ryankanfer/Library/Developer/Xcode/DerivedData/HOMEY_Clean-gafualdnzupkfseuistvwtqbnpqd/Build/Intermediates.noindex/Supabase.build/Debug-iphoneos/Supabase.build/Objects-normal/arm64/Supabase.LinkFileList

WriteAuxiliaryFile /Users/ryankanfer/Library/Developer/Xcode/DerivedData/HOMEY_Clean-gafualdnzupkfseuistvwtqbnpqd/Build/Intermediates.noindex/Supabase.build/Debug-iphoneos/Supabase.build/Objects-normal/arm64/Supabase-OutputFileMap.json (in target 'Supabase' from project 'Supabase')
    cd /Users/ryankanfer/Library/Developer/Xcode/DerivedData/HOMEY_Clean-gafualdnzupkfseuistvwtqbnpqd/SourcePackages/checkouts/supabase-swift
    write-file /Users/ryankanfer/Library/Developer/Xcode/DerivedData/HOMEY_Clean-gafualdnzupkfseuistvwtqbnpqd/Build/Intermediates.noindex/Supabase.build/Debug-iphoneos/Supabase.build/Objects-normal/arm64/Supabase-OutputFileMap.json

Copy /Users/ryankanfer/Library/Developer/Xcode/DerivedData/HOMEY_Clean-gafualdnzupkfseuistvwtqbnpqd/Build/Intermediates.noindex/GeneratedModuleMaps-iphoneos/Supabase.modulemap /Users/ryankanfer/Library/Developer/Xcode/DerivedData/HOMEY_Clean-gafualdnzupkfseuistvwtqbnpqd/Build/Intermediates.noindex/Supabase.build/Debug-iphoneos/Supabase.build/Supabase.modulemap (in target 'Supabase' from project 'Supabase')
    cd /Users/ryankanfer/Library/Developer/Xcode/DerivedData/HOMEY_Clean-gafualdnzupkfseuistvwtqbnpqd/SourcePackages/checkouts/supabase-swift
    builtin-copy -exclude .DS_Store -exclude CVS -exclude .svn -exclude .git -exclude .hg -resolve-src-symlinks /Users/ryankanfer/Library/Developer/Xcode/DerivedData/HOMEY_Clean-gafualdnzupkfseuistvwtqbnpqd/Build/Intermediates.noindex/Supabase.build/Debug-iphoneos/Supabase.build/Supabase.modulemap /Users/ryankanfer/Library/Developer/Xcode/DerivedData/HOMEY_Clean-gafualdnzupkfseuistvwtqbnpqd/Build/Intermediates.noindex/GeneratedModuleMaps-iphoneos

WriteAuxiliaryFile /Users/ryankanfer/Library/Developer/Xcode/DerivedData/HOMEY_Clean-gafualdnzupkfseuistvwtqbnpqd/Build/Intermediates.noindex/Supabase.build/Debug-iphoneos/Storage.build/Storage.DependencyStaticMetadataFileList (in target 'Storage' from project 'Supabase')
    cd /Users/ryankanfer/Library/Developer/Xcode/DerivedData/HOMEY_Clean-gafualdnzupkfseuistvwtqbnpqd/SourcePackages/checkouts/supabase-swift
    write-file /Users/ryankanfer/Library/Developer/Xcode/DerivedData/HOMEY_Clean-gafualdnzupkfseuistvwtqbnpqd/Build/Intermediates.noindex/Supabase.build/Debug-iphoneos/Storage.build/Storage.DependencyStaticMetadataFileList

WriteAuxiliaryFile /Users/ryankanfer/Library/Developer/Xcode/DerivedData/HOMEY_Clean-gafualdnzupkfseuistvwtqbnpqd/Build/Intermediates.noindex/Supabase.build/Debug-iphoneos/Storage.build/Storage.modulemap (in target 'Storage' from project 'Supabase')
    cd /Users/ryankanfer/Library/Developer/Xcode/DerivedData/HOMEY_Clean-gafualdnzupkfseuistvwtqbnpqd/SourcePackages/checkouts/supabase-swift
    write-file /Users/ryankanfer/Library/Developer/Xcode/DerivedData/HOMEY_Clean-gafualdnzupkfseuistvwtqbnpqd/Build/Intermediates.noindex/Supabase.build/Debug-iphoneos/Storage.build/Storage.modulemap

WriteAuxiliaryFile /Users/ryankanfer/Library/Developer/Xcode/DerivedData/HOMEY_Clean-gafualdnzupkfseuistvwtqbnpqd/Build/Intermediates.noindex/Supabase.build/Debug-iphoneos/Storage.build/Storage.DependencyMetadataFileList (in target 'Storage' from project 'Supabase')
    cd /Users/ryankanfer/Library/Developer/Xcode/DerivedData/HOMEY_Clean-gafualdnzupkfseuistvwtqbnpqd/SourcePackages/checkouts/supabase-swift
    write-file /Users/ryankanfer/Library/Developer/Xcode/DerivedData/HOMEY_Clean-gafualdnzupkfseuistvwtqbnpqd/Build/Intermediates.noindex/Supabase.build/Debug-iphoneos/Storage.build/Storage.DependencyMetadataFileList

WriteAuxiliaryFile /Users/ryankanfer/Library/Developer/Xcode/DerivedData/HOMEY_Clean-gafualdnzupkfseuistvwtqbnpqd/Build/Intermediates.noindex/Supabase.build/Debug-iphoneos/Storage.build/Objects-normal/arm64/Storage_const_extract_protocols.json (in target 'Storage' from project 'Supabase')
    cd /Users/ryankanfer/Library/Developer/Xcode/DerivedData/HOMEY_Clean-gafualdnzupkfseuistvwtqbnpqd/SourcePackages/checkouts/supabase-swift
    write-file /Users/ryankanfer/Library/Developer/Xcode/DerivedData/HOMEY_Clean-gafualdnzupkfseuistvwtqbnpqd/Build/Intermediates.noindex/Supabase.build/Debug-iphoneos/Storage.build/Objects-normal/arm64/Storage_const_extract_protocols.json

WriteAuxiliaryFile /Users/ryankanfer/Library/Developer/Xcode/DerivedData/HOMEY_Clean-gafualdnzupkfseuistvwtqbnpqd/Build/Intermediates.noindex/Supabase.build/Debug-iphoneos/Storage.build/Objects-normal/arm64/Storage.SwiftFileList (in target 'Storage' from project 'Supabase')
    cd /Users/ryankanfer/Library/Developer/Xcode/DerivedData/HOMEY_Clean-gafualdnzupkfseuistvwtqbnpqd/SourcePackages/checkouts/supabase-swift
    write-file /Users/ryankanfer/Library/Developer/Xcode/DerivedData/HOMEY_Clean-gafualdnzupkfseuistvwtqbnpqd/Build/Intermediates.noindex/Supabase.build/Debug-iphoneos/Storage.build/Objects-normal/arm64/Storage.SwiftFileList

WriteAuxiliaryFile /Users/ryankanfer/Library/Developer/Xcode/DerivedData/HOMEY_Clean-gafualdnzupkfseuistvwtqbnpqd/Build/Intermediates.noindex/Supabase.build/Debug-iphoneos/Storage.build/Objects-normal/arm64/Storage.SwiftConstValuesFileList (in target 'Storage' from project 'Supabase')
    cd /Users/ryankanfer/Library/Developer/Xcode/DerivedData/HOMEY_Clean-gafualdnzupkfseuistvwtqbnpqd/SourcePackages/checkouts/supabase-swift
    write-file /Users/ryankanfer/Library/Developer/Xcode/DerivedData/HOMEY_Clean-gafualdnzupkfseuistvwtqbnpqd/Build/Intermediates.noindex/Supabase.build/Debug-iphoneos/Storage.build/Objects-normal/arm64/Storage.SwiftConstValuesFileList

WriteAuxiliaryFile /Users/ryankanfer/Library/Developer/Xcode/DerivedData/HOMEY_Clean-gafualdnzupkfseuistvwtqbnpqd/Build/Intermediates.noindex/Supabase.build/Debug-iphoneos/Storage.build/Objects-normal/arm64/Storage.LinkFileList (in target 'Storage' from project 'Supabase')
    cd /Users/ryankanfer/Library/Developer/Xcode/DerivedData/HOMEY_Clean-gafualdnzupkfseuistvwtqbnpqd/SourcePackages/checkouts/supabase-swift
    write-file /Users/ryankanfer/Library/Developer/Xcode/DerivedData/HOMEY_Clean-gafualdnzupkfseuistvwtqbnpqd/Build/Intermediates.noindex/Supabase.build/Debug-iphoneos/Storage.build/Objects-normal/arm64/Storage.LinkFileList

WriteAuxiliaryFile /Users/ryankanfer/Library/Developer/Xcode/DerivedData/HOMEY_Clean-gafualdnzupkfseuistvwtqbnpqd/Build/Intermediates.noindex/Supabase.build/Debug-iphoneos/Storage.build/Objects-normal/arm64/Storage-OutputFileMap.json (in target 'Storage' from project 'Supabase')
    cd /Users/ryankanfer/Library/Developer/Xcode/DerivedData/HOMEY_Clean-gafualdnzupkfseuistvwtqbnpqd/SourcePackages/checkouts/supabase-swift
    write-file /Users/ryankanfer/Library/Developer/Xcode/DerivedData/HOMEY_Clean-gafualdnzupkfseuistvwtqbnpqd/Build/Intermediates.noindex/Supabase.build/Debug-iphoneos/Storage.build/Objects-normal/arm64/Storage-OutputFileMap.json

WriteAuxiliaryFile /Users/ryankanfer/Library/Developer/Xcode/DerivedData/HOMEY_Clean-gafualdnzupkfseuistvwtqbnpqd/Build/Intermediates.noindex/Supabase.build/Debug-iphoneos/Realtime.build/Realtime.modulemap (in target 'Realtime' from project 'Supabase')
    cd /Users/ryankanfer/Library/Developer/Xcode/DerivedData/HOMEY_Clean-gafualdnzupkfseuistvwtqbnpqd/SourcePackages/checkouts/supabase-swift
    write-file /Users/ryankanfer/Library/Developer/Xcode/DerivedData/HOMEY_Clean-gafualdnzupkfseuistvwtqbnpqd/Build/Intermediates.noindex/Supabase.build/Debug-iphoneos/Realtime.build/Realtime.modulemap

Copy /Users/ryankanfer/Library/Developer/Xcode/DerivedData/HOMEY_Clean-gafualdnzupkfseuistvwtqbnpqd/Build/Intermediates.noindex/GeneratedModuleMaps-iphoneos/Storage.modulemap /Users/ryankanfer/Library/Developer/Xcode/DerivedData/HOMEY_Clean-gafualdnzupkfseuistvwtqbnpqd/Build/Intermediates.noindex/Supabase.build/Debug-iphoneos/Storage.build/Storage.modulemap (in target 'Storage' from project 'Supabase')
    cd /Users/ryankanfer/Library/Developer/Xcode/DerivedData/HOMEY_Clean-gafualdnzupkfseuistvwtqbnpqd/SourcePackages/checkouts/supabase-swift
    builtin-copy -exclude .DS_Store -exclude CVS -exclude .svn -exclude .git -exclude .hg -resolve-src-symlinks /Users/ryankanfer/Library/Developer/Xcode/DerivedData/HOMEY_Clean-gafualdnzupkfseuistvwtqbnpqd/Build/Intermediates.noindex/Supabase.build/Debug-iphoneos/Storage.build/Storage.modulemap /Users/ryankanfer/Library/Developer/Xcode/DerivedData/HOMEY_Clean-gafualdnzupkfseuistvwtqbnpqd/Build/Intermediates.noindex/GeneratedModuleMaps-iphoneos

WriteAuxiliaryFile /Users/ryankanfer/Library/Developer/Xcode/DerivedData/HOMEY_Clean-gafualdnzupkfseuistvwtqbnpqd/Build/Intermediates.noindex/Supabase.build/Debug-iphoneos/Realtime.build/Realtime.DependencyStaticMetadataFileList (in target 'Realtime' from project 'Supabase')
    cd /Users/ryankanfer/Library/Developer/Xcode/DerivedData/HOMEY_Clean-gafualdnzupkfseuistvwtqbnpqd/SourcePackages/checkouts/supabase-swift
    write-file /Users/ryankanfer/Library/Developer/Xcode/DerivedData/HOMEY_Clean-gafualdnzupkfseuistvwtqbnpqd/Build/Intermediates.noindex/Supabase.build/Debug-iphoneos/Realtime.build/Realtime.DependencyStaticMetadataFileList

WriteAuxiliaryFile /Users/ryankanfer/Library/Developer/Xcode/DerivedData/HOMEY_Clean-gafualdnzupkfseuistvwtqbnpqd/Build/Intermediates.noindex/Supabase.build/Debug-iphoneos/Realtime.build/Realtime.DependencyMetadataFileList (in target 'Realtime' from project 'Supabase')
    cd /Users/ryankanfer/Library/Developer/Xcode/DerivedData/HOMEY_Clean-gafualdnzupkfseuistvwtqbnpqd/SourcePackages/checkouts/supabase-swift
    write-file /Users/ryankanfer/Library/Developer/Xcode/DerivedData/HOMEY_Clean-gafualdnzupkfseuistvwtqbnpqd/Build/Intermediates.noindex/Supabase.build/Debug-iphoneos/Realtime.build/Realtime.DependencyMetadataFileList

WriteAuxiliaryFile /Users/ryankanfer/Library/Developer/Xcode/DerivedData/HOMEY_Clean-gafualdnzupkfseuistvwtqbnpqd/Build/Intermediates.noindex/Supabase.build/Debug-iphoneos/Realtime.build/Objects-normal/arm64/Realtime.SwiftFileList (in target 'Realtime' from project 'Supabase')
    cd /Users/ryankanfer/Library/Developer/Xcode/DerivedData/HOMEY_Clean-gafualdnzupkfseuistvwtqbnpqd/SourcePackages/checkouts/supabase-swift
    write-file /Users/ryankanfer/Library/Developer/Xcode/DerivedData/HOMEY_Clean-gafualdnzupkfseuistvwtqbnpqd/Build/Intermediates.noindex/Supabase.build/Debug-iphoneos/Realtime.build/Objects-normal/arm64/Realtime.SwiftFileList

WriteAuxiliaryFile /Users/ryankanfer/Library/Developer/Xcode/DerivedData/HOMEY_Clean-gafualdnzupkfseuistvwtqbnpqd/Build/Intermediates.noindex/Supabase.build/Debug-iphoneos/Realtime.build/Objects-normal/arm64/Realtime_const_extract_protocols.json (in target 'Realtime' from project 'Supabase')
    cd /Users/ryankanfer/Library/Developer/Xcode/DerivedData/HOMEY_Clean-gafualdnzupkfseuistvwtqbnpqd/SourcePackages/checkouts/supabase-swift
    write-file /Users/ryankanfer/Library/Developer/Xcode/DerivedData/HOMEY_Clean-gafualdnzupkfseuistvwtqbnpqd/Build/Intermediates.noindex/Supabase.build/Debug-iphoneos/Realtime.build/Objects-normal/arm64/Realtime_const_extract_protocols.json

WriteAuxiliaryFile /Users/ryankanfer/Library/Developer/Xcode/DerivedData/HOMEY_Clean-gafualdnzupkfseuistvwtqbnpqd/Build/Intermediates.noindex/Supabase.build/Debug-iphoneos/Realtime.build/Objects-normal/arm64/Realtime.SwiftConstValuesFileList (in target 'Realtime' from project 'Supabase')
    cd /Users/ryankanfer/Library/Developer/Xcode/DerivedData/HOMEY_Clean-gafualdnzupkfseuistvwtqbnpqd/SourcePackages/checkouts/supabase-swift
    write-file /Users/ryankanfer/Library/Developer/Xcode/DerivedData/HOMEY_Clean-gafualdnzupkfseuistvwtqbnpqd/Build/Intermediates.noindex/Supabase.build/Debug-iphoneos/Realtime.build/Objects-normal/arm64/Realtime.SwiftConstValuesFileList

WriteAuxiliaryFile /Users/ryankanfer/Library/Developer/Xcode/DerivedData/HOMEY_Clean-gafualdnzupkfseuistvwtqbnpqd/Build/Intermediates.noindex/Supabase.build/Debug-iphoneos/Realtime.build/Objects-normal/arm64/Realtime.LinkFileList (in target 'Realtime' from project 'Supabase')
    cd /Users/ryankanfer/Library/Developer/Xcode/DerivedData/HOMEY_Clean-gafualdnzupkfseuistvwtqbnpqd/SourcePackages/checkouts/supabase-swift
    write-file /Users/ryankanfer/Library/Developer/Xcode/DerivedData/HOMEY_Clean-gafualdnzupkfseuistvwtqbnpqd/Build/Intermediates.noindex/Supabase.build/Debug-iphoneos/Realtime.build/Objects-normal/arm64/Realtime.LinkFileList

WriteAuxiliaryFile /Users/ryankanfer/Library/Developer/Xcode/DerivedData/HOMEY_Clean-gafualdnzupkfseuistvwtqbnpqd/Build/Intermediates.noindex/Supabase.build/Debug-iphoneos/Realtime.build/Objects-normal/arm64/Realtime-OutputFileMap.json (in target 'Realtime' from project 'Supabase')
    cd /Users/ryankanfer/Library/Developer/Xcode/DerivedData/HOMEY_Clean-gafualdnzupkfseuistvwtqbnpqd/SourcePackages/checkouts/supabase-swift
    write-file /Users/ryankanfer/Library/Developer/Xcode/DerivedData/HOMEY_Clean-gafualdnzupkfseuistvwtqbnpqd/Build/Intermediates.noindex/Supabase.build/Debug-iphoneos/Realtime.build/Objects-normal/arm64/Realtime-OutputFileMap.json

Copy /Users/ryankanfer/Library/Developer/Xcode/DerivedData/HOMEY_Clean-gafualdnzupkfseuistvwtqbnpqd/Build/Intermediates.noindex/GeneratedModuleMaps-iphoneos/Realtime.modulemap /Users/ryankanfer/Library/Developer/Xcode/DerivedData/HOMEY_Clean-gafualdnzupkfseuistvwtqbnpqd/Build/Intermediates.noindex/Supabase.build/Debug-iphoneos/Realtime.build/Realtime.modulemap (in target 'Realtime' from project 'Supabase')
    cd /Users/ryankanfer/Library/Developer/Xcode/DerivedData/HOMEY_Clean-gafualdnzupkfseuistvwtqbnpqd/SourcePackages/checkouts/supabase-swift
    builtin-copy -exclude .DS_Store -exclude CVS -exclude .svn -exclude .git -exclude .hg -resolve-src-symlinks /Users/ryankanfer/Library/Developer/Xcode/DerivedData/HOMEY_Clean-gafualdnzupkfseuistvwtqbnpqd/Build/Intermediates.noindex/Supabase.build/Debug-iphoneos/Realtime.build/Realtime.modulemap /Users/ryankanfer/Library/Developer/Xcode/DerivedData/HOMEY_Clean-gafualdnzupkfseuistvwtqbnpqd/Build/Intermediates.noindex/GeneratedModuleMaps-iphoneos

WriteAuxiliaryFile /Users/ryankanfer/Library/Developer/Xcode/DerivedData/HOMEY_Clean-gafualdnzupkfseuistvwtqbnpqd/Build/Intermediates.noindex/Supabase.build/Debug-iphoneos/PostgREST.build/PostgREST.modulemap (in target 'PostgREST' from project 'Supabase')
    cd /Users/ryankanfer/Library/Developer/Xcode/DerivedData/HOMEY_Clean-gafualdnzupkfseuistvwtqbnpqd/SourcePackages/checkouts/supabase-swift
    write-file /Users/ryankanfer/Library/Developer/Xcode/DerivedData/HOMEY_Clean-gafualdnzupkfseuistvwtqbnpqd/Build/Intermediates.noindex/Supabase.build/Debug-iphoneos/PostgREST.build/PostgREST.modulemap

WriteAuxiliaryFile /Users/ryankanfer/Library/Developer/Xcode/DerivedData/HOMEY_Clean-gafualdnzupkfseuistvwtqbnpqd/Build/Intermediates.noindex/Supabase.build/Debug-iphoneos/PostgREST.build/PostgREST.DependencyStaticMetadataFileList (in target 'PostgREST' from project 'Supabase')
    cd /Users/ryankanfer/Library/Developer/Xcode/DerivedData/HOMEY_Clean-gafualdnzupkfseuistvwtqbnpqd/SourcePackages/checkouts/supabase-swift
    write-file /Users/ryankanfer/Library/Developer/Xcode/DerivedData/HOMEY_Clean-gafualdnzupkfseuistvwtqbnpqd/Build/Intermediates.noindex/Supabase.build/Debug-iphoneos/PostgREST.build/PostgREST.DependencyStaticMetadataFileList

WriteAuxiliaryFile /Users/ryankanfer/Library/Developer/Xcode/DerivedData/HOMEY_Clean-gafualdnzupkfseuistvwtqbnpqd/Build/Intermediates.noindex/Supabase.build/Debug-iphoneos/PostgREST.build/PostgREST.DependencyMetadataFileList (in target 'PostgREST' from project 'Supabase')
    cd /Users/ryankanfer/Library/Developer/Xcode/DerivedData/HOMEY_Clean-gafualdnzupkfseuistvwtqbnpqd/SourcePackages/checkouts/supabase-swift
    write-file /Users/ryankanfer/Library/Developer/Xcode/DerivedData/HOMEY_Clean-gafualdnzupkfseuistvwtqbnpqd/Build/Intermediates.noindex/Supabase.build/Debug-iphoneos/PostgREST.build/PostgREST.DependencyMetadataFileList

WriteAuxiliaryFile /Users/ryankanfer/Library/Developer/Xcode/DerivedData/HOMEY_Clean-gafualdnzupkfseuistvwtqbnpqd/Build/Intermediates.noindex/Supabase.build/Debug-iphoneos/PostgREST.build/Objects-normal/arm64/PostgREST.SwiftConstValuesFileList (in target 'PostgREST' from project 'Supabase')
    cd /Users/ryankanfer/Library/Developer/Xcode/DerivedData/HOMEY_Clean-gafualdnzupkfseuistvwtqbnpqd/SourcePackages/checkouts/supabase-swift
    write-file /Users/ryankanfer/Library/Developer/Xcode/DerivedData/HOMEY_Clean-gafualdnzupkfseuistvwtqbnpqd/Build/Intermediates.noindex/Supabase.build/Debug-iphoneos/PostgREST.build/Objects-normal/arm64/PostgREST.SwiftConstValuesFileList

WriteAuxiliaryFile /Users/ryankanfer/Library/Developer/Xcode/DerivedData/HOMEY_Clean-gafualdnzupkfseuistvwtqbnpqd/Build/Intermediates.noindex/Supabase.build/Debug-iphoneos/PostgREST.build/Objects-normal/arm64/PostgREST.LinkFileList (in target 'PostgREST' from project 'Supabase')
    cd /Users/ryankanfer/Library/Developer/Xcode/DerivedData/HOMEY_Clean-gafualdnzupkfseuistvwtqbnpqd/SourcePackages/checkouts/supabase-swift
    write-file /Users/ryankanfer/Library/Developer/Xcode/DerivedData/HOMEY_Clean-gafualdnzupkfseuistvwtqbnpqd/Build/Intermediates.noindex/Supabase.build/Debug-iphoneos/PostgREST.build/Objects-normal/arm64/PostgREST.LinkFileList

WriteAuxiliaryFile /Users/ryankanfer/Library/Developer/Xcode/DerivedData/HOMEY_Clean-gafualdnzupkfseuistvwtqbnpqd/Build/Intermediates.noindex/Supabase.build/Debug-iphoneos/PostgREST.build/Objects-normal/arm64/PostgREST_const_extract_protocols.json (in target 'PostgREST' from project 'Supabase')
    cd /Users/ryankanfer/Library/Developer/Xcode/DerivedData/HOMEY_Clean-gafualdnzupkfseuistvwtqbnpqd/SourcePackages/checkouts/supabase-swift
    write-file /Users/ryankanfer/Library/Developer/Xcode/DerivedData/HOMEY_Clean-gafualdnzupkfseuistvwtqbnpqd/Build/Intermediates.noindex/Supabase.build/Debug-iphoneos/PostgREST.build/Objects-normal/arm64/PostgREST_const_extract_protocols.json

WriteAuxiliaryFile /Users/ryankanfer/Library/Developer/Xcode/DerivedData/HOMEY_Clean-gafualdnzupkfseuistvwtqbnpqd/Build/Intermediates.noindex/Supabase.build/Debug-iphoneos/PostgREST.build/Objects-normal/arm64/PostgREST.SwiftFileList (in target 'PostgREST' from project 'Supabase')
    cd /Users/ryankanfer/Library/Developer/Xcode/DerivedData/HOMEY_Clean-gafualdnzupkfseuistvwtqbnpqd/SourcePackages/checkouts/supabase-swift
    write-file /Users/ryankanfer/Library/Developer/Xcode/DerivedData/HOMEY_Clean-gafualdnzupkfseuistvwtqbnpqd/Build/Intermediates.noindex/Supabase.build/Debug-iphoneos/PostgREST.build/Objects-normal/arm64/PostgREST.SwiftFileList

WriteAuxiliaryFile /Users/ryankanfer/Library/Developer/Xcode/DerivedData/HOMEY_Clean-gafualdnzupkfseuistvwtqbnpqd/Build/Intermediates.noindex/Supabase.build/Debug-iphoneos/PostgREST.build/Objects-normal/arm64/PostgREST-OutputFileMap.json (in target 'PostgREST' from project 'Supabase')
    cd /Users/ryankanfer/Library/Developer/Xcode/DerivedData/HOMEY_Clean-gafualdnzupkfseuistvwtqbnpqd/SourcePackages/checkouts/supabase-swift
    write-file /Users/ryankanfer/Library/Developer/Xcode/DerivedData/HOMEY_Clean-gafualdnzupkfseuistvwtqbnpqd/Build/Intermediates.noindex/Supabase.build/Debug-iphoneos/PostgREST.build/Objects-normal/arm64/PostgREST-OutputFileMap.json

Copy /Users/ryankanfer/Library/Developer/Xcode/DerivedData/HOMEY_Clean-gafualdnzupkfseuistvwtqbnpqd/Build/Intermediates.noindex/GeneratedModuleMaps-iphoneos/PostgREST.modulemap /Users/ryankanfer/Library/Developer/Xcode/DerivedData/HOMEY_Clean-gafualdnzupkfseuistvwtqbnpqd/Build/Intermediates.noindex/Supabase.build/Debug-iphoneos/PostgREST.build/PostgREST.modulemap (in target 'PostgREST' from project 'Supabase')
    cd /Users/ryankanfer/Library/Developer/Xcode/DerivedData/HOMEY_Clean-gafualdnzupkfseuistvwtqbnpqd/SourcePackages/checkouts/supabase-swift
    builtin-copy -exclude .DS_Store -exclude CVS -exclude .svn -exclude .git -exclude .hg -resolve-src-symlinks /Users/ryankanfer/Library/Developer/Xcode/DerivedData/HOMEY_Clean-gafualdnzupkfseuistvwtqbnpqd/Build/Intermediates.noindex/Supabase.build/Debug-iphoneos/PostgREST.build/PostgREST.modulemap /Users/ryankanfer/Library/Developer/Xcode/DerivedData/HOMEY_Clean-gafualdnzupkfseuistvwtqbnpqd/Build/Intermediates.noindex/GeneratedModuleMaps-iphoneos

WriteAuxiliaryFile /Users/ryankanfer/Library/Developer/Xcode/DerivedData/HOMEY_Clean-gafualdnzupkfseuistvwtqbnpqd/Build/Intermediates.noindex/xctest-dynamic-overlay.build/Debug-iphoneos/IssueReportingPackageSupport.build/Objects-normal/arm64/IssueReportingPackageSupport_const_extract_protocols.json (in target 'IssueReportingPackageSupport' from project 'xctest-dynamic-overlay')
    cd /Users/ryankanfer/Library/Developer/Xcode/DerivedData/HOMEY_Clean-gafualdnzupkfseuistvwtqbnpqd/SourcePackages/checkouts/xctest-dynamic-overlay
    write-file /Users/ryankanfer/Library/Developer/Xcode/DerivedData/HOMEY_Clean-gafualdnzupkfseuistvwtqbnpqd/Build/Intermediates.noindex/xctest-dynamic-overlay.build/Debug-iphoneos/IssueReportingPackageSupport.build/Objects-normal/arm64/IssueReportingPackageSupport_const_extract_protocols.json

WriteAuxiliaryFile /Users/ryankanfer/Library/Developer/Xcode/DerivedData/HOMEY_Clean-gafualdnzupkfseuistvwtqbnpqd/Build/Intermediates.noindex/xctest-dynamic-overlay.build/Debug-iphoneos/IssueReportingPackageSupport.build/Objects-normal/arm64/IssueReportingPackageSupport.SwiftFileList (in target 'IssueReportingPackageSupport' from project 'xctest-dynamic-overlay')
    cd /Users/ryankanfer/Library/Developer/Xcode/DerivedData/HOMEY_Clean-gafualdnzupkfseuistvwtqbnpqd/SourcePackages/checkouts/xctest-dynamic-overlay
    write-file /Users/ryankanfer/Library/Developer/Xcode/DerivedData/HOMEY_Clean-gafualdnzupkfseuistvwtqbnpqd/Build/Intermediates.noindex/xctest-dynamic-overlay.build/Debug-iphoneos/IssueReportingPackageSupport.build/Objects-normal/arm64/IssueReportingPackageSupport.SwiftFileList

WriteAuxiliaryFile /Users/ryankanfer/Library/Developer/Xcode/DerivedData/HOMEY_Clean-gafualdnzupkfseuistvwtqbnpqd/Build/Intermediates.noindex/xctest-dynamic-overlay.build/Debug-iphoneos/IssueReportingPackageSupport.build/Objects-normal/arm64/IssueReportingPackageSupport.SwiftConstValuesFileList (in target 'IssueReportingPackageSupport' from project 'xctest-dynamic-overlay')
    cd /Users/ryankanfer/Library/Developer/Xcode/DerivedData/HOMEY_Clean-gafualdnzupkfseuistvwtqbnpqd/SourcePackages/checkouts/xctest-dynamic-overlay
    write-file /Users/ryankanfer/Library/Developer/Xcode/DerivedData/HOMEY_Clean-gafualdnzupkfseuistvwtqbnpqd/Build/Intermediates.noindex/xctest-dynamic-overlay.build/Debug-iphoneos/IssueReportingPackageSupport.build/Objects-normal/arm64/IssueReportingPackageSupport.SwiftConstValuesFileList

WriteAuxiliaryFile /Users/ryankanfer/Library/Developer/Xcode/DerivedData/HOMEY_Clean-gafualdnzupkfseuistvwtqbnpqd/Build/Intermediates.noindex/xctest-dynamic-overlay.build/Debug-iphoneos/IssueReportingPackageSupport.build/Objects-normal/arm64/IssueReportingPackageSupport.LinkFileList (in target 'IssueReportingPackageSupport' from project 'xctest-dynamic-overlay')
    cd /Users/ryankanfer/Library/Developer/Xcode/DerivedData/HOMEY_Clean-gafualdnzupkfseuistvwtqbnpqd/SourcePackages/checkouts/xctest-dynamic-overlay
    write-file /Users/ryankanfer/Library/Developer/Xcode/DerivedData/HOMEY_Clean-gafualdnzupkfseuistvwtqbnpqd/Build/Intermediates.noindex/xctest-dynamic-overlay.build/Debug-iphoneos/IssueReportingPackageSupport.build/Objects-normal/arm64/IssueReportingPackageSupport.LinkFileList

WriteAuxiliaryFile /Users/ryankanfer/Library/Developer/Xcode/DerivedData/HOMEY_Clean-gafualdnzupkfseuistvwtqbnpqd/Build/Intermediates.noindex/xctest-dynamic-overlay.build/Debug-iphoneos/IssueReportingPackageSupport.build/Objects-normal/arm64/IssueReportingPackageSupport-OutputFileMap.json (in target 'IssueReportingPackageSupport' from project 'xctest-dynamic-overlay')
    cd /Users/ryankanfer/Library/Developer/Xcode/DerivedData/HOMEY_Clean-gafualdnzupkfseuistvwtqbnpqd/SourcePackages/checkouts/xctest-dynamic-overlay
    write-file /Users/ryankanfer/Library/Developer/Xcode/DerivedData/HOMEY_Clean-gafualdnzupkfseuistvwtqbnpqd/Build/Intermediates.noindex/xctest-dynamic-overlay.build/Debug-iphoneos/IssueReportingPackageSupport.build/Objects-normal/arm64/IssueReportingPackageSupport-OutputFileMap.json

WriteAuxiliaryFile /Users/ryankanfer/Library/Developer/Xcode/DerivedData/HOMEY_Clean-gafualdnzupkfseuistvwtqbnpqd/Build/Intermediates.noindex/xctest-dynamic-overlay.build/Debug-iphoneos/IssueReportingPackageSupport.build/IssueReportingPackageSupport.modulemap (in target 'IssueReportingPackageSupport' from project 'xctest-dynamic-overlay')
    cd /Users/ryankanfer/Library/Developer/Xcode/DerivedData/HOMEY_Clean-gafualdnzupkfseuistvwtqbnpqd/SourcePackages/checkouts/xctest-dynamic-overlay
    write-file /Users/ryankanfer/Library/Developer/Xcode/DerivedData/HOMEY_Clean-gafualdnzupkfseuistvwtqbnpqd/Build/Intermediates.noindex/xctest-dynamic-overlay.build/Debug-iphoneos/IssueReportingPackageSupport.build/IssueReportingPackageSupport.modulemap

WriteAuxiliaryFile /Users/ryankanfer/Library/Developer/Xcode/DerivedData/HOMEY_Clean-gafualdnzupkfseuistvwtqbnpqd/Build/Intermediates.noindex/xctest-dynamic-overlay.build/Debug-iphoneos/IssueReportingPackageSupport.build/IssueReportingPackageSupport.DependencyStaticMetadataFileList (in target 'IssueReportingPackageSupport' from project 'xctest-dynamic-overlay')
    cd /Users/ryankanfer/Library/Developer/Xcode/DerivedData/HOMEY_Clean-gafualdnzupkfseuistvwtqbnpqd/SourcePackages/checkouts/xctest-dynamic-overlay
    write-file /Users/ryankanfer/Library/Developer/Xcode/DerivedData/HOMEY_Clean-gafualdnzupkfseuistvwtqbnpqd/Build/Intermediates.noindex/xctest-dynamic-overlay.build/Debug-iphoneos/IssueReportingPackageSupport.build/IssueReportingPackageSupport.DependencyStaticMetadataFileList

WriteAuxiliaryFile /Users/ryankanfer/Library/Developer/Xcode/DerivedData/HOMEY_Clean-gafualdnzupkfseuistvwtqbnpqd/Build/Intermediates.noindex/xctest-dynamic-overlay.build/Debug-iphoneos/IssueReportingPackageSupport.build/IssueReportingPackageSupport.DependencyMetadataFileList (in target 'IssueReportingPackageSupport' from project 'xctest-dynamic-overlay')
    cd /Users/ryankanfer/Library/Developer/Xcode/DerivedData/HOMEY_Clean-gafualdnzupkfseuistvwtqbnpqd/SourcePackages/checkouts/xctest-dynamic-overlay
    write-file /Users/ryankanfer/Library/Developer/Xcode/DerivedData/HOMEY_Clean-gafualdnzupkfseuistvwtqbnpqd/Build/Intermediates.noindex/xctest-dynamic-overlay.build/Debug-iphoneos/IssueReportingPackageSupport.build/IssueReportingPackageSupport.DependencyMetadataFileList

WriteAuxiliaryFile /Users/ryankanfer/Library/Developer/Xcode/DerivedData/HOMEY_Clean-gafualdnzupkfseuistvwtqbnpqd/Build/Intermediates.noindex/xctest-dynamic-overlay.build/Debug-iphoneos/IssueReporting.build/IssueReporting.DependencyStaticMetadataFileList (in target 'IssueReporting' from project 'xctest-dynamic-overlay')
    cd /Users/ryankanfer/Library/Developer/Xcode/DerivedData/HOMEY_Clean-gafualdnzupkfseuistvwtqbnpqd/SourcePackages/checkouts/xctest-dynamic-overlay
    write-file /Users/ryankanfer/Library/Developer/Xcode/DerivedData/HOMEY_Clean-gafualdnzupkfseuistvwtqbnpqd/Build/Intermediates.noindex/xctest-dynamic-overlay.build/Debug-iphoneos/IssueReporting.build/IssueReporting.DependencyStaticMetadataFileList

WriteAuxiliaryFile /Users/ryankanfer/Library/Developer/Xcode/DerivedData/HOMEY_Clean-gafualdnzupkfseuistvwtqbnpqd/Build/Intermediates.noindex/xctest-dynamic-overlay.build/Debug-iphoneos/IssueReporting.build/IssueReporting.DependencyMetadataFileList (in target 'IssueReporting' from project 'xctest-dynamic-overlay')
    cd /Users/ryankanfer/Library/Developer/Xcode/DerivedData/HOMEY_Clean-gafualdnzupkfseuistvwtqbnpqd/SourcePackages/checkouts/xctest-dynamic-overlay
    write-file /Users/ryankanfer/Library/Developer/Xcode/DerivedData/HOMEY_Clean-gafualdnzupkfseuistvwtqbnpqd/Build/Intermediates.noindex/xctest-dynamic-overlay.build/Debug-iphoneos/IssueReporting.build/IssueReporting.DependencyMetadataFileList

Copy /Users/ryankanfer/Library/Developer/Xcode/DerivedData/HOMEY_Clean-gafualdnzupkfseuistvwtqbnpqd/Build/Intermediates.noindex/GeneratedModuleMaps-iphoneos/IssueReporting.modulemap /Users/ryankanfer/Library/Developer/Xcode/DerivedData/HOMEY_Clean-gafualdnzupkfseuistvwtqbnpqd/Build/Intermediates.noindex/xctest-dynamic-overlay.build/Debug-iphoneos/IssueReporting.build/IssueReporting.modulemap (in target 'IssueReporting' from project 'xctest-dynamic-overlay')
    cd /Users/ryankanfer/Library/Developer/Xcode/DerivedData/HOMEY_Clean-gafualdnzupkfseuistvwtqbnpqd/SourcePackages/checkouts/xctest-dynamic-overlay
    builtin-copy -exclude .DS_Store -exclude CVS -exclude .svn -exclude .git -exclude .hg -resolve-src-symlinks /Users/ryankanfer/Library/Developer/Xcode/DerivedData/HOMEY_Clean-gafualdnzupkfseuistvwtqbnpqd/Build/Intermediates.noindex/xctest-dynamic-overlay.build/Debug-iphoneos/IssueReporting.build/IssueReporting.modulemap /Users/ryankanfer/Library/Developer/Xcode/DerivedData/HOMEY_Clean-gafualdnzupkfseuistvwtqbnpqd/Build/Intermediates.noindex/GeneratedModuleMaps-iphoneos

WriteAuxiliaryFile /Users/ryankanfer/Library/Developer/Xcode/DerivedData/HOMEY_Clean-gafualdnzupkfseuistvwtqbnpqd/Build/Intermediates.noindex/Supabase.build/Debug-iphoneos/Helpers.build/Objects-normal/arm64/Helpers_const_extract_protocols.json (in target 'Helpers' from project 'Supabase')
    cd /Users/ryankanfer/Library/Developer/Xcode/DerivedData/HOMEY_Clean-gafualdnzupkfseuistvwtqbnpqd/SourcePackages/checkouts/supabase-swift
    write-file /Users/ryankanfer/Library/Developer/Xcode/DerivedData/HOMEY_Clean-gafualdnzupkfseuistvwtqbnpqd/Build/Intermediates.noindex/Supabase.build/Debug-iphoneos/Helpers.build/Objects-normal/arm64/Helpers_const_extract_protocols.json

WriteAuxiliaryFile /Users/ryankanfer/Library/Developer/Xcode/DerivedData/HOMEY_Clean-gafualdnzupkfseuistvwtqbnpqd/Build/Intermediates.noindex/Supabase.build/Debug-iphoneos/Helpers.build/Objects-normal/arm64/Helpers.SwiftFileList (in target 'Helpers' from project 'Supabase')
    cd /Users/ryankanfer/Library/Developer/Xcode/DerivedData/HOMEY_Clean-gafualdnzupkfseuistvwtqbnpqd/SourcePackages/checkouts/supabase-swift
    write-file /Users/ryankanfer/Library/Developer/Xcode/DerivedData/HOMEY_Clean-gafualdnzupkfseuistvwtqbnpqd/Build/Intermediates.noindex/Supabase.build/Debug-iphoneos/Helpers.build/Objects-normal/arm64/Helpers.SwiftFileList

Copy /Users/ryankanfer/Library/Developer/Xcode/DerivedData/HOMEY_Clean-gafualdnzupkfseuistvwtqbnpqd/Build/Intermediates.noindex/GeneratedModuleMaps-iphoneos/IssueReportingPackageSupport.modulemap /Users/ryankanfer/Library/Developer/Xcode/DerivedData/HOMEY_Clean-gafualdnzupkfseuistvwtqbnpqd/Build/Intermediates.noindex/xctest-dynamic-overlay.build/Debug-iphoneos/IssueReportingPackageSupport.build/IssueReportingPackageSupport.modulemap (in target 'IssueReportingPackageSupport' from project 'xctest-dynamic-overlay')
    cd /Users/ryankanfer/Library/Developer/Xcode/DerivedData/HOMEY_Clean-gafualdnzupkfseuistvwtqbnpqd/SourcePackages/checkouts/xctest-dynamic-overlay
    builtin-copy -exclude .DS_Store -exclude CVS -exclude .svn -exclude .git -exclude .hg -resolve-src-symlinks /Users/ryankanfer/Library/Developer/Xcode/DerivedData/HOMEY_Clean-gafualdnzupkfseuistvwtqbnpqd/Build/Intermediates.noindex/xctest-dynamic-overlay.build/Debug-iphoneos/IssueReportingPackageSupport.build/IssueReportingPackageSupport.modulemap /Users/ryankanfer/Library/Developer/Xcode/DerivedData/HOMEY_Clean-gafualdnzupkfseuistvwtqbnpqd/Build/Intermediates.noindex/GeneratedModuleMaps-iphoneos

WriteAuxiliaryFile /Users/ryankanfer/Library/Developer/Xcode/DerivedData/HOMEY_Clean-gafualdnzupkfseuistvwtqbnpqd/Build/Intermediates.noindex/Supabase.build/Debug-iphoneos/Helpers.build/Objects-normal/arm64/Helpers.SwiftConstValuesFileList (in target 'Helpers' from project 'Supabase')
    cd /Users/ryankanfer/Library/Developer/Xcode/DerivedData/HOMEY_Clean-gafualdnzupkfseuistvwtqbnpqd/SourcePackages/checkouts/supabase-swift
    write-file /Users/ryankanfer/Library/Developer/Xcode/DerivedData/HOMEY_Clean-gafualdnzupkfseuistvwtqbnpqd/Build/Intermediates.noindex/Supabase.build/Debug-iphoneos/Helpers.build/Objects-normal/arm64/Helpers.SwiftConstValuesFileList

WriteAuxiliaryFile /Users/ryankanfer/Library/Developer/Xcode/DerivedData/HOMEY_Clean-gafualdnzupkfseuistvwtqbnpqd/Build/Intermediates.noindex/Supabase.build/Debug-iphoneos/Helpers.build/Objects-normal/arm64/Helpers.LinkFileList (in target 'Helpers' from project 'Supabase')
    cd /Users/ryankanfer/Library/Developer/Xcode/DerivedData/HOMEY_Clean-gafualdnzupkfseuistvwtqbnpqd/SourcePackages/checkouts/supabase-swift
    write-file /Users/ryankanfer/Library/Developer/Xcode/DerivedData/HOMEY_Clean-gafualdnzupkfseuistvwtqbnpqd/Build/Intermediates.noindex/Supabase.build/Debug-iphoneos/Helpers.build/Objects-normal/arm64/Helpers.LinkFileList

WriteAuxiliaryFile /Users/ryankanfer/Library/Developer/Xcode/DerivedData/HOMEY_Clean-gafualdnzupkfseuistvwtqbnpqd/Build/Intermediates.noindex/Supabase.build/Debug-iphoneos/Helpers.build/Objects-normal/arm64/Helpers-OutputFileMap.json (in target 'Helpers' from project 'Supabase')
    cd /Users/ryankanfer/Library/Developer/Xcode/DerivedData/HOMEY_Clean-gafualdnzupkfseuistvwtqbnpqd/SourcePackages/checkouts/supabase-swift
    write-file /Users/ryankanfer/Library/Developer/Xcode/DerivedData/HOMEY_Clean-gafualdnzupkfseuistvwtqbnpqd/Build/Intermediates.noindex/Supabase.build/Debug-iphoneos/Helpers.build/Objects-normal/arm64/Helpers-OutputFileMap.json

WriteAuxiliaryFile /Users/ryankanfer/Library/Developer/Xcode/DerivedData/HOMEY_Clean-gafualdnzupkfseuistvwtqbnpqd/Build/Intermediates.noindex/Supabase.build/Debug-iphoneos/Helpers.build/Helpers.modulemap (in target 'Helpers' from project 'Supabase')
    cd /Users/ryankanfer/Library/Developer/Xcode/DerivedData/HOMEY_Clean-gafualdnzupkfseuistvwtqbnpqd/SourcePackages/checkouts/supabase-swift
    write-file /Users/ryankanfer/Library/Developer/Xcode/DerivedData/HOMEY_Clean-gafualdnzupkfseuistvwtqbnpqd/Build/Intermediates.noindex/Supabase.build/Debug-iphoneos/Helpers.build/Helpers.modulemap

WriteAuxiliaryFile /Users/ryankanfer/Library/Developer/Xcode/DerivedData/HOMEY_Clean-gafualdnzupkfseuistvwtqbnpqd/Build/Intermediates.noindex/Supabase.build/Debug-iphoneos/Helpers.build/Helpers.DependencyStaticMetadataFileList (in target 'Helpers' from project 'Supabase')
    cd /Users/ryankanfer/Library/Developer/Xcode/DerivedData/HOMEY_Clean-gafualdnzupkfseuistvwtqbnpqd/SourcePackages/checkouts/supabase-swift
    write-file /Users/ryankanfer/Library/Developer/Xcode/DerivedData/HOMEY_Clean-gafualdnzupkfseuistvwtqbnpqd/Build/Intermediates.noindex/Supabase.build/Debug-iphoneos/Helpers.build/Helpers.DependencyStaticMetadataFileList

WriteAuxiliaryFile /Users/ryankanfer/Library/Developer/Xcode/DerivedData/HOMEY_Clean-gafualdnzupkfseuistvwtqbnpqd/Build/Intermediates.noindex/Supabase.build/Debug-iphoneos/Helpers.build/Helpers.DependencyMetadataFileList (in target 'Helpers' from project 'Supabase')
    cd /Users/ryankanfer/Library/Developer/Xcode/DerivedData/HOMEY_Clean-gafualdnzupkfseuistvwtqbnpqd/SourcePackages/checkouts/supabase-swift
    write-file /Users/ryankanfer/Library/Developer/Xcode/DerivedData/HOMEY_Clean-gafualdnzupkfseuistvwtqbnpqd/Build/Intermediates.noindex/Supabase.build/Debug-iphoneos/Helpers.build/Helpers.DependencyMetadataFileList

WriteAuxiliaryFile /Users/ryankanfer/Library/Developer/Xcode/DerivedData/HOMEY_Clean-gafualdnzupkfseuistvwtqbnpqd/Build/Intermediates.noindex/swift-http-types.build/Debug-iphoneos/HTTPTypes.build/Objects-normal/arm64/HTTPTypes_const_extract_protocols.json (in target 'HTTPTypes' from project 'swift-http-types')
    cd /Users/ryankanfer/Library/Developer/Xcode/DerivedData/HOMEY_Clean-gafualdnzupkfseuistvwtqbnpqd/SourcePackages/checkouts/swift-http-types
    write-file /Users/ryankanfer/Library/Developer/Xcode/DerivedData/HOMEY_Clean-gafualdnzupkfseuistvwtqbnpqd/Build/Intermediates.noindex/swift-http-types.build/Debug-iphoneos/HTTPTypes.build/Objects-normal/arm64/HTTPTypes_const_extract_protocols.json

WriteAuxiliaryFile /Users/ryankanfer/Library/Developer/Xcode/DerivedData/HOMEY_Clean-gafualdnzupkfseuistvwtqbnpqd/Build/Intermediates.noindex/swift-http-types.build/Debug-iphoneos/HTTPTypes.build/Objects-normal/arm64/HTTPTypes.SwiftFileList (in target 'HTTPTypes' from project 'swift-http-types')
    cd /Users/ryankanfer/Library/Developer/Xcode/DerivedData/HOMEY_Clean-gafualdnzupkfseuistvwtqbnpqd/SourcePackages/checkouts/swift-http-types
    write-file /Users/ryankanfer/Library/Developer/Xcode/DerivedData/HOMEY_Clean-gafualdnzupkfseuistvwtqbnpqd/Build/Intermediates.noindex/swift-http-types.build/Debug-iphoneos/HTTPTypes.build/Objects-normal/arm64/HTTPTypes.SwiftFileList

WriteAuxiliaryFile /Users/ryankanfer/Library/Developer/Xcode/DerivedData/HOMEY_Clean-gafualdnzupkfseuistvwtqbnpqd/Build/Intermediates.noindex/swift-http-types.build/Debug-iphoneos/HTTPTypes.build/Objects-normal/arm64/HTTPTypes.LinkFileList (in target 'HTTPTypes' from project 'swift-http-types')
    cd /Users/ryankanfer/Library/Developer/Xcode/DerivedData/HOMEY_Clean-gafualdnzupkfseuistvwtqbnpqd/SourcePackages/checkouts/swift-http-types
    write-file /Users/ryankanfer/Library/Developer/Xcode/DerivedData/HOMEY_Clean-gafualdnzupkfseuistvwtqbnpqd/Build/Intermediates.noindex/swift-http-types.build/Debug-iphoneos/HTTPTypes.build/Objects-normal/arm64/HTTPTypes.LinkFileList

WriteAuxiliaryFile /Users/ryankanfer/Library/Developer/Xcode/DerivedData/HOMEY_Clean-gafualdnzupkfseuistvwtqbnpqd/Build/Intermediates.noindex/swift-http-types.build/Debug-iphoneos/HTTPTypes.build/Objects-normal/arm64/HTTPTypes-OutputFileMap.json (in target 'HTTPTypes' from project 'swift-http-types')
    cd /Users/ryankanfer/Library/Developer/Xcode/DerivedData/HOMEY_Clean-gafualdnzupkfseuistvwtqbnpqd/SourcePackages/checkouts/swift-http-types
    write-file /Users/ryankanfer/Library/Developer/Xcode/DerivedData/HOMEY_Clean-gafualdnzupkfseuistvwtqbnpqd/Build/Intermediates.noindex/swift-http-types.build/Debug-iphoneos/HTTPTypes.build/Objects-normal/arm64/HTTPTypes-OutputFileMap.json

WriteAuxiliaryFile /Users/ryankanfer/Library/Developer/Xcode/DerivedData/HOMEY_Clean-gafualdnzupkfseuistvwtqbnpqd/Build/Intermediates.noindex/swift-http-types.build/Debug-iphoneos/HTTPTypes.build/Objects-normal/arm64/HTTPTypes.SwiftConstValuesFileList (in target 'HTTPTypes' from project 'swift-http-types')
    cd /Users/ryankanfer/Library/Developer/Xcode/DerivedData/HOMEY_Clean-gafualdnzupkfseuistvwtqbnpqd/SourcePackages/checkouts/swift-http-types
    write-file /Users/ryankanfer/Library/Developer/Xcode/DerivedData/HOMEY_Clean-gafualdnzupkfseuistvwtqbnpqd/Build/Intermediates.noindex/swift-http-types.build/Debug-iphoneos/HTTPTypes.build/Objects-normal/arm64/HTTPTypes.SwiftConstValuesFileList

WriteAuxiliaryFile /Users/ryankanfer/Library/Developer/Xcode/DerivedData/HOMEY_Clean-gafualdnzupkfseuistvwtqbnpqd/Build/Intermediates.noindex/swift-http-types.build/Debug-iphoneos/HTTPTypes.build/HTTPTypes.modulemap (in target 'HTTPTypes' from project 'swift-http-types')
    cd /Users/ryankanfer/Library/Developer/Xcode/DerivedData/HOMEY_Clean-gafualdnzupkfseuistvwtqbnpqd/SourcePackages/checkouts/swift-http-types
    write-file /Users/ryankanfer/Library/Developer/Xcode/DerivedData/HOMEY_Clean-gafualdnzupkfseuistvwtqbnpqd/Build/Intermediates.noindex/swift-http-types.build/Debug-iphoneos/HTTPTypes.build/HTTPTypes.modulemap

Copy /Users/ryankanfer/Library/Developer/Xcode/DerivedData/HOMEY_Clean-gafualdnzupkfseuistvwtqbnpqd/Build/Intermediates.noindex/GeneratedModuleMaps-iphoneos/Helpers.modulemap /Users/ryankanfer/Library/Developer/Xcode/DerivedData/HOMEY_Clean-gafualdnzupkfseuistvwtqbnpqd/Build/Intermediates.noindex/Supabase.build/Debug-iphoneos/Helpers.build/Helpers.modulemap (in target 'Helpers' from project 'Supabase')
    cd /Users/ryankanfer/Library/Developer/Xcode/DerivedData/HOMEY_Clean-gafualdnzupkfseuistvwtqbnpqd/SourcePackages/checkouts/supabase-swift
    builtin-copy -exclude .DS_Store -exclude CVS -exclude .svn -exclude .git -exclude .hg -resolve-src-symlinks /Users/ryankanfer/Library/Developer/Xcode/DerivedData/HOMEY_Clean-gafualdnzupkfseuistvwtqbnpqd/Build/Intermediates.noindex/Supabase.build/Debug-iphoneos/Helpers.build/Helpers.modulemap /Users/ryankanfer/Library/Developer/Xcode/DerivedData/HOMEY_Clean-gafualdnzupkfseuistvwtqbnpqd/Build/Intermediates.noindex/GeneratedModuleMaps-iphoneos

WriteAuxiliaryFile /Users/ryankanfer/Library/Developer/Xcode/DerivedData/HOMEY_Clean-gafualdnzupkfseuistvwtqbnpqd/Build/Intermediates.noindex/swift-http-types.build/Debug-iphoneos/HTTPTypes.build/HTTPTypes.DependencyStaticMetadataFileList (in target 'HTTPTypes' from project 'swift-http-types')
    cd /Users/ryankanfer/Library/Developer/Xcode/DerivedData/HOMEY_Clean-gafualdnzupkfseuistvwtqbnpqd/SourcePackages/checkouts/swift-http-types
    write-file /Users/ryankanfer/Library/Developer/Xcode/DerivedData/HOMEY_Clean-gafualdnzupkfseuistvwtqbnpqd/Build/Intermediates.noindex/swift-http-types.build/Debug-iphoneos/HTTPTypes.build/HTTPTypes.DependencyStaticMetadataFileList

WriteAuxiliaryFile /Users/ryankanfer/Library/Developer/Xcode/DerivedData/HOMEY_Clean-gafualdnzupkfseuistvwtqbnpqd/Build/Intermediates.noindex/swift-http-types.build/Debug-iphoneos/HTTPTypes.build/HTTPTypes.DependencyMetadataFileList (in target 'HTTPTypes' from project 'swift-http-types')
    cd /Users/ryankanfer/Library/Developer/Xcode/DerivedData/HOMEY_Clean-gafualdnzupkfseuistvwtqbnpqd/SourcePackages/checkouts/swift-http-types
    write-file /Users/ryankanfer/Library/Developer/Xcode/DerivedData/HOMEY_Clean-gafualdnzupkfseuistvwtqbnpqd/Build/Intermediates.noindex/swift-http-types.build/Debug-iphoneos/HTTPTypes.build/HTTPTypes.DependencyMetadataFileList

WriteAuxiliaryFile /Users/ryankanfer/Library/Developer/Xcode/DerivedData/HOMEY_Clean-gafualdnzupkfseuistvwtqbnpqd/Build/Intermediates.noindex/HOMEY\ Clean.build/Debug-iphoneos/HOMEY\ Clean.build/empty-HOMEY\ Clean.plist (in target 'HOMEY Clean' from project 'HOMEY Clean')
    cd /Users/ryankanfer/Documents/Developer/HOMEY\ Clean
    write-file /Users/ryankanfer/Library/Developer/Xcode/DerivedData/HOMEY_Clean-gafualdnzupkfseuistvwtqbnpqd/Build/Intermediates.noindex/HOMEY\ Clean.build/Debug-iphoneos/HOMEY\ Clean.build/empty-HOMEY\ Clean.plist

WriteAuxiliaryFile /Users/ryankanfer/Library/Developer/Xcode/DerivedData/HOMEY_Clean-gafualdnzupkfseuistvwtqbnpqd/Build/Intermediates.noindex/HOMEY\ Clean.build/Debug-iphoneos/HOMEY\ Clean.build/Script-794899212E57E87700A5C09B.sh (in target 'HOMEY Clean' from project 'HOMEY Clean')
    cd /Users/ryankanfer/Documents/Developer/HOMEY\ Clean
    write-file /Users/ryankanfer/Library/Developer/Xcode/DerivedData/HOMEY_Clean-gafualdnzupkfseuistvwtqbnpqd/Build/Intermediates.noindex/HOMEY\ Clean.build/Debug-iphoneos/HOMEY\ Clean.build/Script-794899212E57E87700A5C09B.sh

WriteAuxiliaryFile /Users/ryankanfer/Library/Developer/Xcode/DerivedData/HOMEY_Clean-gafualdnzupkfseuistvwtqbnpqd/Build/Intermediates.noindex/HOMEY\ Clean.build/Debug-iphoneos/HOMEY\ Clean.build/Objects-normal/arm64/HOMEY\ Clean.SwiftFileList (in target 'HOMEY Clean' from project 'HOMEY Clean')
    cd /Users/ryankanfer/Documents/Developer/HOMEY\ Clean
    write-file /Users/ryankanfer/Library/Developer/Xcode/DerivedData/HOMEY_Clean-gafualdnzupkfseuistvwtqbnpqd/Build/Intermediates.noindex/HOMEY\ Clean.build/Debug-iphoneos/HOMEY\ Clean.build/Objects-normal/arm64/HOMEY\ Clean.SwiftFileList

WriteAuxiliaryFile /Users/ryankanfer/Library/Developer/Xcode/DerivedData/HOMEY_Clean-gafualdnzupkfseuistvwtqbnpqd/Build/Intermediates.noindex/HOMEY\ Clean.build/Debug-iphoneos/HOMEY\ Clean.build/Objects-normal/arm64/HOMEY\ Clean_const_extract_protocols.json (in target 'HOMEY Clean' from project 'HOMEY Clean')
    cd /Users/ryankanfer/Documents/Developer/HOMEY\ Clean
    write-file /Users/ryankanfer/Library/Developer/Xcode/DerivedData/HOMEY_Clean-gafualdnzupkfseuistvwtqbnpqd/Build/Intermediates.noindex/HOMEY\ Clean.build/Debug-iphoneos/HOMEY\ Clean.build/Objects-normal/arm64/HOMEY\ Clean_const_extract_protocols.json

Copy /Users/ryankanfer/Library/Developer/Xcode/DerivedData/HOMEY_Clean-gafualdnzupkfseuistvwtqbnpqd/Build/Intermediates.noindex/GeneratedModuleMaps-iphoneos/HTTPTypes.modulemap /Users/ryankanfer/Library/Developer/Xcode/DerivedData/HOMEY_Clean-gafualdnzupkfseuistvwtqbnpqd/Build/Intermediates.noindex/swift-http-types.build/Debug-iphoneos/HTTPTypes.build/HTTPTypes.modulemap (in target 'HTTPTypes' from project 'swift-http-types')
    cd /Users/ryankanfer/Library/Developer/Xcode/DerivedData/HOMEY_Clean-gafualdnzupkfseuistvwtqbnpqd/SourcePackages/checkouts/swift-http-types
    builtin-copy -exclude .DS_Store -exclude CVS -exclude .svn -exclude .git -exclude .hg -resolve-src-symlinks /Users/ryankanfer/Library/Developer/Xcode/DerivedData/HOMEY_Clean-gafualdnzupkfseuistvwtqbnpqd/Build/Intermediates.noindex/swift-http-types.build/Debug-iphoneos/HTTPTypes.build/HTTPTypes.modulemap /Users/ryankanfer/Library/Developer/Xcode/DerivedData/HOMEY_Clean-gafualdnzupkfseuistvwtqbnpqd/Build/Intermediates.noindex/GeneratedModuleMaps-iphoneos

WriteAuxiliaryFile /Users/ryankanfer/Library/Developer/Xcode/DerivedData/HOMEY_Clean-gafualdnzupkfseuistvwtqbnpqd/Build/Intermediates.noindex/HOMEY\ Clean.build/Debug-iphoneos/HOMEY\ Clean.build/Objects-normal/arm64/HOMEY\ Clean.SwiftConstValuesFileList (in target 'HOMEY Clean' from project 'HOMEY Clean')
    cd /Users/ryankanfer/Documents/Developer/HOMEY\ Clean
    write-file /Users/ryankanfer/Library/Developer/Xcode/DerivedData/HOMEY_Clean-gafualdnzupkfseuistvwtqbnpqd/Build/Intermediates.noindex/HOMEY\ Clean.build/Debug-iphoneos/HOMEY\ Clean.build/Objects-normal/arm64/HOMEY\ Clean.SwiftConstValuesFileList

WriteAuxiliaryFile /Users/ryankanfer/Library/Developer/Xcode/DerivedData/HOMEY_Clean-gafualdnzupkfseuistvwtqbnpqd/Build/Intermediates.noindex/HOMEY\ Clean.build/Debug-iphoneos/HOMEY\ Clean.build/Objects-normal/arm64/HOMEY\ Clean.LinkFileList (in target 'HOMEY Clean' from project 'HOMEY Clean')
    cd /Users/ryankanfer/Documents/Developer/HOMEY\ Clean
    write-file /Users/ryankanfer/Library/Developer/Xcode/DerivedData/HOMEY_Clean-gafualdnzupkfseuistvwtqbnpqd/Build/Intermediates.noindex/HOMEY\ Clean.build/Debug-iphoneos/HOMEY\ Clean.build/Objects-normal/arm64/HOMEY\ Clean.LinkFileList

WriteAuxiliaryFile /Users/ryankanfer/Library/Developer/Xcode/DerivedData/HOMEY_Clean-gafualdnzupkfseuistvwtqbnpqd/Build/Intermediates.noindex/HOMEY\ Clean.build/Debug-iphoneos/HOMEY\ Clean.build/Objects-normal/arm64/HOMEY\ Clean-OutputFileMap.json (in target 'HOMEY Clean' from project 'HOMEY Clean')
    cd /Users/ryankanfer/Documents/Developer/HOMEY\ Clean
    write-file /Users/ryankanfer/Library/Developer/Xcode/DerivedData/HOMEY_Clean-gafualdnzupkfseuistvwtqbnpqd/Build/Intermediates.noindex/HOMEY\ Clean.build/Debug-iphoneos/HOMEY\ Clean.build/Objects-normal/arm64/HOMEY\ Clean-OutputFileMap.json

WriteAuxiliaryFile /Users/ryankanfer/Library/Developer/Xcode/DerivedData/HOMEY_Clean-gafualdnzupkfseuistvwtqbnpqd/Build/Intermediates.noindex/HOMEY\ Clean.build/Debug-iphoneos/HOMEY\ Clean.build/HOMEY\ Clean.hmap (in target 'HOMEY Clean' from project 'HOMEY Clean')
    cd /Users/ryankanfer/Documents/Developer/HOMEY\ Clean
    write-file /Users/ryankanfer/Library/Developer/Xcode/DerivedData/HOMEY_Clean-gafualdnzupkfseuistvwtqbnpqd/Build/Intermediates.noindex/HOMEY\ Clean.build/Debug-iphoneos/HOMEY\ Clean.build/HOMEY\ Clean.hmap

WriteAuxiliaryFile /Users/ryankanfer/Library/Developer/Xcode/DerivedData/HOMEY_Clean-gafualdnzupkfseuistvwtqbnpqd/Build/Intermediates.noindex/HOMEY\ Clean.build/Debug-iphoneos/HOMEY\ Clean.build/HOMEY\ Clean.DependencyStaticMetadataFileList (in target 'HOMEY Clean' from project 'HOMEY Clean')
    cd /Users/ryankanfer/Documents/Developer/HOMEY\ Clean
    write-file /Users/ryankanfer/Library/Developer/Xcode/DerivedData/HOMEY_Clean-gafualdnzupkfseuistvwtqbnpqd/Build/Intermediates.noindex/HOMEY\ Clean.build/Debug-iphoneos/HOMEY\ Clean.build/HOMEY\ Clean.DependencyStaticMetadataFileList

WriteAuxiliaryFile /Users/ryankanfer/Library/Developer/Xcode/DerivedData/HOMEY_Clean-gafualdnzupkfseuistvwtqbnpqd/Build/Intermediates.noindex/HOMEY\ Clean.build/Debug-iphoneos/HOMEY\ Clean.build/HOMEY\ Clean.DependencyMetadataFileList (in target 'HOMEY Clean' from project 'HOMEY Clean')
    cd /Users/ryankanfer/Documents/Developer/HOMEY\ Clean
    write-file /Users/ryankanfer/Library/Developer/Xcode/DerivedData/HOMEY_Clean-gafualdnzupkfseuistvwtqbnpqd/Build/Intermediates.noindex/HOMEY\ Clean.build/Debug-iphoneos/HOMEY\ Clean.build/HOMEY\ Clean.DependencyMetadataFileList

WriteAuxiliaryFile /Users/ryankanfer/Library/Developer/Xcode/DerivedData/HOMEY_Clean-gafualdnzupkfseuistvwtqbnpqd/Build/Intermediates.noindex/HOMEY\ Clean.build/Debug-iphoneos/HOMEY\ Clean.build/HOMEY\ Clean-project-headers.hmap (in target 'HOMEY Clean' from project 'HOMEY Clean')
    cd /Users/ryankanfer/Documents/Developer/HOMEY\ Clean
    write-file /Users/ryankanfer/Library/Developer/Xcode/DerivedData/HOMEY_Clean-gafualdnzupkfseuistvwtqbnpqd/Build/Intermediates.noindex/HOMEY\ Clean.build/Debug-iphoneos/HOMEY\ Clean.build/HOMEY\ Clean-project-headers.hmap

WriteAuxiliaryFile /Users/ryankanfer/Library/Developer/Xcode/DerivedData/HOMEY_Clean-gafualdnzupkfseuistvwtqbnpqd/Build/Intermediates.noindex/HOMEY\ Clean.build/Debug-iphoneos/HOMEY\ Clean.build/HOMEY\ Clean-own-target-headers.hmap (in target 'HOMEY Clean' from project 'HOMEY Clean')
    cd /Users/ryankanfer/Documents/Developer/HOMEY\ Clean
    write-file /Users/ryankanfer/Library/Developer/Xcode/DerivedData/HOMEY_Clean-gafualdnzupkfseuistvwtqbnpqd/Build/Intermediates.noindex/HOMEY\ Clean.build/Debug-iphoneos/HOMEY\ Clean.build/HOMEY\ Clean-own-target-headers.hmap

WriteAuxiliaryFile /Users/ryankanfer/Library/Developer/Xcode/DerivedData/HOMEY_Clean-gafualdnzupkfseuistvwtqbnpqd/Build/Intermediates.noindex/HOMEY\ Clean.build/Debug-iphoneos/HOMEY\ Clean.build/HOMEY\ Clean-generated-files.hmap (in target 'HOMEY Clean' from project 'HOMEY Clean')
    cd /Users/ryankanfer/Documents/Developer/HOMEY\ Clean
    write-file /Users/ryankanfer/Library/Developer/Xcode/DerivedData/HOMEY_Clean-gafualdnzupkfseuistvwtqbnpqd/Build/Intermediates.noindex/HOMEY\ Clean.build/Debug-iphoneos/HOMEY\ Clean.build/HOMEY\ Clean-generated-files.hmap

WriteAuxiliaryFile /Users/ryankanfer/Library/Developer/Xcode/DerivedData/HOMEY_Clean-gafualdnzupkfseuistvwtqbnpqd/Build/Intermediates.noindex/HOMEY\ Clean.build/Debug-iphoneos/HOMEY\ Clean.build/HOMEY\ Clean-all-target-headers.hmap (in target 'HOMEY Clean' from project 'HOMEY Clean')
    cd /Users/ryankanfer/Documents/Developer/HOMEY\ Clean
    write-file /Users/ryankanfer/Library/Developer/Xcode/DerivedData/HOMEY_Clean-gafualdnzupkfseuistvwtqbnpqd/Build/Intermediates.noindex/HOMEY\ Clean.build/Debug-iphoneos/HOMEY\ Clean.build/HOMEY\ Clean-all-target-headers.hmap

WriteAuxiliaryFile /Users/ryankanfer/Library/Developer/Xcode/DerivedData/HOMEY_Clean-gafualdnzupkfseuistvwtqbnpqd/Build/Intermediates.noindex/HOMEY\ Clean.build/Debug-iphoneos/HOMEY\ Clean.build/HOMEY\ Clean-all-non-framework-target-headers.hmap (in target 'HOMEY Clean' from project 'HOMEY Clean')
    cd /Users/ryankanfer/Documents/Developer/HOMEY\ Clean
    write-file /Users/ryankanfer/Library/Developer/Xcode/DerivedData/HOMEY_Clean-gafualdnzupkfseuistvwtqbnpqd/Build/Intermediates.noindex/HOMEY\ Clean.build/Debug-iphoneos/HOMEY\ Clean.build/HOMEY\ Clean-all-non-framework-target-headers.hmap

WriteAuxiliaryFile /Users/ryankanfer/Library/Developer/Xcode/DerivedData/HOMEY_Clean-gafualdnzupkfseuistvwtqbnpqd/Build/Intermediates.noindex/HOMEY\ Clean.build/Debug-iphoneos/HOMEY\ Clean.build/HOMEY\ Clean-DebugDylibPath-normal-arm64.txt (in target 'HOMEY Clean' from project 'HOMEY Clean')
    cd /Users/ryankanfer/Documents/Developer/HOMEY\ Clean
    write-file /Users/ryankanfer/Library/Developer/Xcode/DerivedData/HOMEY_Clean-gafualdnzupkfseuistvwtqbnpqd/Build/Intermediates.noindex/HOMEY\ Clean.build/Debug-iphoneos/HOMEY\ Clean.build/HOMEY\ Clean-DebugDylibPath-normal-arm64.txt

WriteAuxiliaryFile /Users/ryankanfer/Library/Developer/Xcode/DerivedData/HOMEY_Clean-gafualdnzupkfseuistvwtqbnpqd/Build/Intermediates.noindex/HOMEY\ Clean.build/Debug-iphoneos/HOMEY\ Clean.build/HOMEY\ Clean-DebugDylibInstallName-normal-arm64.txt (in target 'HOMEY Clean' from project 'HOMEY Clean')
    cd /Users/ryankanfer/Documents/Developer/HOMEY\ Clean
    write-file /Users/ryankanfer/Library/Developer/Xcode/DerivedData/HOMEY_Clean-gafualdnzupkfseuistvwtqbnpqd/Build/Intermediates.noindex/HOMEY\ Clean.build/Debug-iphoneos/HOMEY\ Clean.build/HOMEY\ Clean-DebugDylibInstallName-normal-arm64.txt

WriteAuxiliaryFile /Users/ryankanfer/Library/Developer/Xcode/DerivedData/HOMEY_Clean-gafualdnzupkfseuistvwtqbnpqd/Build/Intermediates.noindex/HOMEY\ Clean.build/Debug-iphoneos/HOMEY\ Clean.build/DerivedSources/Entitlements.plist (in target 'HOMEY Clean' from project 'HOMEY Clean')
    cd /Users/ryankanfer/Documents/Developer/HOMEY\ Clean
    write-file /Users/ryankanfer/Library/Developer/Xcode/DerivedData/HOMEY_Clean-gafualdnzupkfseuistvwtqbnpqd/Build/Intermediates.noindex/HOMEY\ Clean.build/Debug-iphoneos/HOMEY\ Clean.build/DerivedSources/Entitlements.plist

WriteAuxiliaryFile /Users/ryankanfer/Library/Developer/Xcode/DerivedData/HOMEY_Clean-gafualdnzupkfseuistvwtqbnpqd/Build/Intermediates.noindex/Supabase.build/Debug-iphoneos/Functions.build/Objects-normal/arm64/Functions.SwiftConstValuesFileList (in target 'Functions' from project 'Supabase')
    cd /Users/ryankanfer/Library/Developer/Xcode/DerivedData/HOMEY_Clean-gafualdnzupkfseuistvwtqbnpqd/SourcePackages/checkouts/supabase-swift
    write-file /Users/ryankanfer/Library/Developer/Xcode/DerivedData/HOMEY_Clean-gafualdnzupkfseuistvwtqbnpqd/Build/Intermediates.noindex/Supabase.build/Debug-iphoneos/Functions.build/Objects-normal/arm64/Functions.SwiftConstValuesFileList

WriteAuxiliaryFile /Users/ryankanfer/Library/Developer/Xcode/DerivedData/HOMEY_Clean-gafualdnzupkfseuistvwtqbnpqd/Build/Intermediates.noindex/Supabase.build/Debug-iphoneos/Functions.build/Objects-normal/arm64/Functions.SwiftFileList (in target 'Functions' from project 'Supabase')
    cd /Users/ryankanfer/Library/Developer/Xcode/DerivedData/HOMEY_Clean-gafualdnzupkfseuistvwtqbnpqd/SourcePackages/checkouts/supabase-swift
    write-file /Users/ryankanfer/Library/Developer/Xcode/DerivedData/HOMEY_Clean-gafualdnzupkfseuistvwtqbnpqd/Build/Intermediates.noindex/Supabase.build/Debug-iphoneos/Functions.build/Objects-normal/arm64/Functions.SwiftFileList

WriteAuxiliaryFile /Users/ryankanfer/Library/Developer/Xcode/DerivedData/HOMEY_Clean-gafualdnzupkfseuistvwtqbnpqd/Build/Intermediates.noindex/Supabase.build/Debug-iphoneos/Functions.build/Objects-normal/arm64/Functions_const_extract_protocols.json (in target 'Functions' from project 'Supabase')
    cd /Users/ryankanfer/Library/Developer/Xcode/DerivedData/HOMEY_Clean-gafualdnzupkfseuistvwtqbnpqd/SourcePackages/checkouts/supabase-swift
    write-file /Users/ryankanfer/Library/Developer/Xcode/DerivedData/HOMEY_Clean-gafualdnzupkfseuistvwtqbnpqd/Build/Intermediates.noindex/Supabase.build/Debug-iphoneos/Functions.build/Objects-normal/arm64/Functions_const_extract_protocols.json

WriteAuxiliaryFile /Users/ryankanfer/Library/Developer/Xcode/DerivedData/HOMEY_Clean-gafualdnzupkfseuistvwtqbnpqd/Build/Intermediates.noindex/Supabase.build/Debug-iphoneos/Functions.build/Objects-normal/arm64/Functions.LinkFileList (in target 'Functions' from project 'Supabase')
    cd /Users/ryankanfer/Library/Developer/Xcode/DerivedData/HOMEY_Clean-gafualdnzupkfseuistvwtqbnpqd/SourcePackages/checkouts/supabase-swift
    write-file /Users/ryankanfer/Library/Developer/Xcode/DerivedData/HOMEY_Clean-gafualdnzupkfseuistvwtqbnpqd/Build/Intermediates.noindex/Supabase.build/Debug-iphoneos/Functions.build/Objects-normal/arm64/Functions.LinkFileList

WriteAuxiliaryFile /Users/ryankanfer/Library/Developer/Xcode/DerivedData/HOMEY_Clean-gafualdnzupkfseuistvwtqbnpqd/Build/Intermediates.noindex/Supabase.build/Debug-iphoneos/Functions.build/Objects-normal/arm64/Functions-OutputFileMap.json (in target 'Functions' from project 'Supabase')
    cd /Users/ryankanfer/Library/Developer/Xcode/DerivedData/HOMEY_Clean-gafualdnzupkfseuistvwtqbnpqd/SourcePackages/checkouts/supabase-swift
    write-file /Users/ryankanfer/Library/Developer/Xcode/DerivedData/HOMEY_Clean-gafualdnzupkfseuistvwtqbnpqd/Build/Intermediates.noindex/Supabase.build/Debug-iphoneos/Functions.build/Objects-normal/arm64/Functions-OutputFileMap.json

WriteAuxiliaryFile /Users/ryankanfer/Library/Developer/Xcode/DerivedData/HOMEY_Clean-gafualdnzupkfseuistvwtqbnpqd/Build/Intermediates.noindex/Supabase.build/Debug-iphoneos/Functions.build/Functions.modulemap (in target 'Functions' from project 'Supabase')
    cd /Users/ryankanfer/Library/Developer/Xcode/DerivedData/HOMEY_Clean-gafualdnzupkfseuistvwtqbnpqd/SourcePackages/checkouts/supabase-swift
    write-file /Users/ryankanfer/Library/Developer/Xcode/DerivedData/HOMEY_Clean-gafualdnzupkfseuistvwtqbnpqd/Build/Intermediates.noindex/Supabase.build/Debug-iphoneos/Functions.build/Functions.modulemap

WriteAuxiliaryFile /Users/ryankanfer/Library/Developer/Xcode/DerivedData/HOMEY_Clean-gafualdnzupkfseuistvwtqbnpqd/Build/Intermediates.noindex/Supabase.build/Debug-iphoneos/Functions.build/Functions.DependencyStaticMetadataFileList (in target 'Functions' from project 'Supabase')
    cd /Users/ryankanfer/Library/Developer/Xcode/DerivedData/HOMEY_Clean-gafualdnzupkfseuistvwtqbnpqd/SourcePackages/checkouts/supabase-swift
    write-file /Users/ryankanfer/Library/Developer/Xcode/DerivedData/HOMEY_Clean-gafualdnzupkfseuistvwtqbnpqd/Build/Intermediates.noindex/Supabase.build/Debug-iphoneos/Functions.build/Functions.DependencyStaticMetadataFileList

WriteAuxiliaryFile /Users/ryankanfer/Library/Developer/Xcode/DerivedData/HOMEY_Clean-gafualdnzupkfseuistvwtqbnpqd/Build/Intermediates.noindex/Supabase.build/Debug-iphoneos/Functions.build/Functions.DependencyMetadataFileList (in target 'Functions' from project 'Supabase')
    cd /Users/ryankanfer/Library/Developer/Xcode/DerivedData/HOMEY_Clean-gafualdnzupkfseuistvwtqbnpqd/SourcePackages/checkouts/supabase-swift
    write-file /Users/ryankanfer/Library/Developer/Xcode/DerivedData/HOMEY_Clean-gafualdnzupkfseuistvwtqbnpqd/Build/Intermediates.noindex/Supabase.build/Debug-iphoneos/Functions.build/Functions.DependencyMetadataFileList

WriteAuxiliaryFile /Users/ryankanfer/Library/Developer/Xcode/DerivedData/HOMEY_Clean-gafualdnzupkfseuistvwtqbnpqd/Build/Intermediates.noindex/swift-crypto.build/Debug-iphoneos/Crypto.build/Objects-normal/arm64/Crypto.SwiftFileList (in target 'Crypto' from project 'swift-crypto')
    cd /Users/ryankanfer/Library/Developer/Xcode/DerivedData/HOMEY_Clean-gafualdnzupkfseuistvwtqbnpqd/SourcePackages/checkouts/swift-crypto
    write-file /Users/ryankanfer/Library/Developer/Xcode/DerivedData/HOMEY_Clean-gafualdnzupkfseuistvwtqbnpqd/Build/Intermediates.noindex/swift-crypto.build/Debug-iphoneos/Crypto.build/Objects-normal/arm64/Crypto.SwiftFileList

WriteAuxiliaryFile /Users/ryankanfer/Library/Developer/Xcode/DerivedData/HOMEY_Clean-gafualdnzupkfseuistvwtqbnpqd/Build/Intermediates.noindex/swift-crypto.build/Debug-iphoneos/Crypto.build/Objects-normal/arm64/Crypto_const_extract_protocols.json (in target 'Crypto' from project 'swift-crypto')
    cd /Users/ryankanfer/Library/Developer/Xcode/DerivedData/HOMEY_Clean-gafualdnzupkfseuistvwtqbnpqd/SourcePackages/checkouts/swift-crypto
    write-file /Users/ryankanfer/Library/Developer/Xcode/DerivedData/HOMEY_Clean-gafualdnzupkfseuistvwtqbnpqd/Build/Intermediates.noindex/swift-crypto.build/Debug-iphoneos/Crypto.build/Objects-normal/arm64/Crypto_const_extract_protocols.json

WriteAuxiliaryFile /Users/ryankanfer/Library/Developer/Xcode/DerivedData/HOMEY_Clean-gafualdnzupkfseuistvwtqbnpqd/Build/Intermediates.noindex/swift-crypto.build/Debug-iphoneos/Crypto.build/Objects-normal/arm64/Crypto.LinkFileList (in target 'Crypto' from project 'swift-crypto')
    cd /Users/ryankanfer/Library/Developer/Xcode/DerivedData/HOMEY_Clean-gafualdnzupkfseuistvwtqbnpqd/SourcePackages/checkouts/swift-crypto
    write-file /Users/ryankanfer/Library/Developer/Xcode/DerivedData/HOMEY_Clean-gafualdnzupkfseuistvwtqbnpqd/Build/Intermediates.noindex/swift-crypto.build/Debug-iphoneos/Crypto.build/Objects-normal/arm64/Crypto.LinkFileList

WriteAuxiliaryFile /Users/ryankanfer/Library/Developer/Xcode/DerivedData/HOMEY_Clean-gafualdnzupkfseuistvwtqbnpqd/Build/Intermediates.noindex/swift-crypto.build/Debug-iphoneos/Crypto.build/Objects-normal/arm64/Crypto.SwiftConstValuesFileList (in target 'Crypto' from project 'swift-crypto')
    cd /Users/ryankanfer/Library/Developer/Xcode/DerivedData/HOMEY_Clean-gafualdnzupkfseuistvwtqbnpqd/SourcePackages/checkouts/swift-crypto
    write-file /Users/ryankanfer/Library/Developer/Xcode/DerivedData/HOMEY_Clean-gafualdnzupkfseuistvwtqbnpqd/Build/Intermediates.noindex/swift-crypto.build/Debug-iphoneos/Crypto.build/Objects-normal/arm64/Crypto.SwiftConstValuesFileList

WriteAuxiliaryFile /Users/ryankanfer/Library/Developer/Xcode/DerivedData/HOMEY_Clean-gafualdnzupkfseuistvwtqbnpqd/Build/Intermediates.noindex/swift-crypto.build/Debug-iphoneos/Crypto.build/Objects-normal/arm64/Crypto-OutputFileMap.json (in target 'Crypto' from project 'swift-crypto')
    cd /Users/ryankanfer/Library/Developer/Xcode/DerivedData/HOMEY_Clean-gafualdnzupkfseuistvwtqbnpqd/SourcePackages/checkouts/swift-crypto
    write-file /Users/ryankanfer/Library/Developer/Xcode/DerivedData/HOMEY_Clean-gafualdnzupkfseuistvwtqbnpqd/Build/Intermediates.noindex/swift-crypto.build/Debug-iphoneos/Crypto.build/Objects-normal/arm64/Crypto-OutputFileMap.json

WriteAuxiliaryFile /Users/ryankanfer/Library/Developer/Xcode/DerivedData/HOMEY_Clean-gafualdnzupkfseuistvwtqbnpqd/Build/Intermediates.noindex/swift-crypto.build/Debug-iphoneos/Crypto.build/DerivedSources/resource_bundle_accessor.swift (in target 'Crypto' from project 'swift-crypto')
    cd /Users/ryankanfer/Library/Developer/Xcode/DerivedData/HOMEY_Clean-gafualdnzupkfseuistvwtqbnpqd/SourcePackages/checkouts/swift-crypto
    write-file /Users/ryankanfer/Library/Developer/Xcode/DerivedData/HOMEY_Clean-gafualdnzupkfseuistvwtqbnpqd/Build/Intermediates.noindex/swift-crypto.build/Debug-iphoneos/Crypto.build/DerivedSources/resource_bundle_accessor.swift

Copy /Users/ryankanfer/Library/Developer/Xcode/DerivedData/HOMEY_Clean-gafualdnzupkfseuistvwtqbnpqd/Build/Intermediates.noindex/GeneratedModuleMaps-iphoneos/Functions.modulemap /Users/ryankanfer/Library/Developer/Xcode/DerivedData/HOMEY_Clean-gafualdnzupkfseuistvwtqbnpqd/Build/Intermediates.noindex/Supabase.build/Debug-iphoneos/Functions.build/Functions.modulemap (in target 'Functions' from project 'Supabase')
    cd /Users/ryankanfer/Library/Developer/Xcode/DerivedData/HOMEY_Clean-gafualdnzupkfseuistvwtqbnpqd/SourcePackages/checkouts/supabase-swift
    builtin-copy -exclude .DS_Store -exclude CVS -exclude .svn -exclude .git -exclude .hg -resolve-src-symlinks /Users/ryankanfer/Library/Developer/Xcode/DerivedData/HOMEY_Clean-gafualdnzupkfseuistvwtqbnpqd/Build/Intermediates.noindex/Supabase.build/Debug-iphoneos/Functions.build/Functions.modulemap /Users/ryankanfer/Library/Developer/Xcode/DerivedData/HOMEY_Clean-gafualdnzupkfseuistvwtqbnpqd/Build/Intermediates.noindex/GeneratedModuleMaps-iphoneos

WriteAuxiliaryFile /Users/ryankanfer/Library/Developer/Xcode/DerivedData/HOMEY_Clean-gafualdnzupkfseuistvwtqbnpqd/Build/Intermediates.noindex/swift-crypto.build/Debug-iphoneos/Crypto.build/Crypto.modulemap (in target 'Crypto' from project 'swift-crypto')
    cd /Users/ryankanfer/Library/Developer/Xcode/DerivedData/HOMEY_Clean-gafualdnzupkfseuistvwtqbnpqd/SourcePackages/checkouts/swift-crypto
    write-file /Users/ryankanfer/Library/Developer/Xcode/DerivedData/HOMEY_Clean-gafualdnzupkfseuistvwtqbnpqd/Build/Intermediates.noindex/swift-crypto.build/Debug-iphoneos/Crypto.build/Crypto.modulemap

WriteAuxiliaryFile /Users/ryankanfer/Library/Developer/Xcode/DerivedData/HOMEY_Clean-gafualdnzupkfseuistvwtqbnpqd/Build/Intermediates.noindex/swift-crypto.build/Debug-iphoneos/Crypto.build/Crypto.DependencyStaticMetadataFileList (in target 'Crypto' from project 'swift-crypto')
    cd /Users/ryankanfer/Library/Developer/Xcode/DerivedData/HOMEY_Clean-gafualdnzupkfseuistvwtqbnpqd/SourcePackages/checkouts/swift-crypto
    write-file /Users/ryankanfer/Library/Developer/Xcode/DerivedData/HOMEY_Clean-gafualdnzupkfseuistvwtqbnpqd/Build/Intermediates.noindex/swift-crypto.build/Debug-iphoneos/Crypto.build/Crypto.DependencyStaticMetadataFileList

WriteAuxiliaryFile /Users/ryankanfer/Library/Developer/Xcode/DerivedData/HOMEY_Clean-gafualdnzupkfseuistvwtqbnpqd/Build/Intermediates.noindex/swift-crypto.build/Debug-iphoneos/Crypto.build/Crypto.DependencyMetadataFileList (in target 'Crypto' from project 'swift-crypto')
    cd /Users/ryankanfer/Library/Developer/Xcode/DerivedData/HOMEY_Clean-gafualdnzupkfseuistvwtqbnpqd/SourcePackages/checkouts/swift-crypto
    write-file /Users/ryankanfer/Library/Developer/Xcode/DerivedData/HOMEY_Clean-gafualdnzupkfseuistvwtqbnpqd/Build/Intermediates.noindex/swift-crypto.build/Debug-iphoneos/Crypto.build/Crypto.DependencyMetadataFileList

WriteAuxiliaryFile /Users/ryankanfer/Library/Developer/Xcode/DerivedData/HOMEY_Clean-gafualdnzupkfseuistvwtqbnpqd/Build/Intermediates.noindex/swift-concurrency-extras.build/Debug-iphoneos/ConcurrencyExtras.build/Objects-normal/arm64/ConcurrencyExtras.SwiftConstValuesFileList (in target 'ConcurrencyExtras' from project 'swift-concurrency-extras')
    cd /Users/ryankanfer/Library/Developer/Xcode/DerivedData/HOMEY_Clean-gafualdnzupkfseuistvwtqbnpqd/SourcePackages/checkouts/swift-concurrency-extras
    write-file /Users/ryankanfer/Library/Developer/Xcode/DerivedData/HOMEY_Clean-gafualdnzupkfseuistvwtqbnpqd/Build/Intermediates.noindex/swift-concurrency-extras.build/Debug-iphoneos/ConcurrencyExtras.build/Objects-normal/arm64/ConcurrencyExtras.SwiftConstValuesFileList

WriteAuxiliaryFile /Users/ryankanfer/Library/Developer/Xcode/DerivedData/HOMEY_Clean-gafualdnzupkfseuistvwtqbnpqd/Build/Intermediates.noindex/swift-concurrency-extras.build/Debug-iphoneos/ConcurrencyExtras.build/Objects-normal/arm64/ConcurrencyExtras.SwiftFileList (in target 'ConcurrencyExtras' from project 'swift-concurrency-extras')
    cd /Users/ryankanfer/Library/Developer/Xcode/DerivedData/HOMEY_Clean-gafualdnzupkfseuistvwtqbnpqd/SourcePackages/checkouts/swift-concurrency-extras
    write-file /Users/ryankanfer/Library/Developer/Xcode/DerivedData/HOMEY_Clean-gafualdnzupkfseuistvwtqbnpqd/Build/Intermediates.noindex/swift-concurrency-extras.build/Debug-iphoneos/ConcurrencyExtras.build/Objects-normal/arm64/ConcurrencyExtras.SwiftFileList

WriteAuxiliaryFile /Users/ryankanfer/Library/Developer/Xcode/DerivedData/HOMEY_Clean-gafualdnzupkfseuistvwtqbnpqd/Build/Intermediates.noindex/swift-concurrency-extras.build/Debug-iphoneos/ConcurrencyExtras.build/Objects-normal/arm64/ConcurrencyExtras_const_extract_protocols.json (in target 'ConcurrencyExtras' from project 'swift-concurrency-extras')
    cd /Users/ryankanfer/Library/Developer/Xcode/DerivedData/HOMEY_Clean-gafualdnzupkfseuistvwtqbnpqd/SourcePackages/checkouts/swift-concurrency-extras
    write-file /Users/ryankanfer/Library/Developer/Xcode/DerivedData/HOMEY_Clean-gafualdnzupkfseuistvwtqbnpqd/Build/Intermediates.noindex/swift-concurrency-extras.build/Debug-iphoneos/ConcurrencyExtras.build/Objects-normal/arm64/ConcurrencyExtras_const_extract_protocols.json

WriteAuxiliaryFile /Users/ryankanfer/Library/Developer/Xcode/DerivedData/HOMEY_Clean-gafualdnzupkfseuistvwtqbnpqd/Build/Intermediates.noindex/swift-concurrency-extras.build/Debug-iphoneos/ConcurrencyExtras.build/Objects-normal/arm64/ConcurrencyExtras.LinkFileList (in target 'ConcurrencyExtras' from project 'swift-concurrency-extras')
    cd /Users/ryankanfer/Library/Developer/Xcode/DerivedData/HOMEY_Clean-gafualdnzupkfseuistvwtqbnpqd/SourcePackages/checkouts/swift-concurrency-extras
    write-file /Users/ryankanfer/Library/Developer/Xcode/DerivedData/HOMEY_Clean-gafualdnzupkfseuistvwtqbnpqd/Build/Intermediates.noindex/swift-concurrency-extras.build/Debug-iphoneos/ConcurrencyExtras.build/Objects-normal/arm64/ConcurrencyExtras.LinkFileList

WriteAuxiliaryFile /Users/ryankanfer/Library/Developer/Xcode/DerivedData/HOMEY_Clean-gafualdnzupkfseuistvwtqbnpqd/Build/Intermediates.noindex/swift-concurrency-extras.build/Debug-iphoneos/ConcurrencyExtras.build/Objects-normal/arm64/ConcurrencyExtras-OutputFileMap.json (in target 'ConcurrencyExtras' from project 'swift-concurrency-extras')
    cd /Users/ryankanfer/Library/Developer/Xcode/DerivedData/HOMEY_Clean-gafualdnzupkfseuistvwtqbnpqd/SourcePackages/checkouts/swift-concurrency-extras
    write-file /Users/ryankanfer/Library/Developer/Xcode/DerivedData/HOMEY_Clean-gafualdnzupkfseuistvwtqbnpqd/Build/Intermediates.noindex/swift-concurrency-extras.build/Debug-iphoneos/ConcurrencyExtras.build/Objects-normal/arm64/ConcurrencyExtras-OutputFileMap.json

Copy /Users/ryankanfer/Library/Developer/Xcode/DerivedData/HOMEY_Clean-gafualdnzupkfseuistvwtqbnpqd/Build/Intermediates.noindex/GeneratedModuleMaps-iphoneos/Crypto.modulemap /Users/ryankanfer/Library/Developer/Xcode/DerivedData/HOMEY_Clean-gafualdnzupkfseuistvwtqbnpqd/Build/Intermediates.noindex/swift-crypto.build/Debug-iphoneos/Crypto.build/Crypto.modulemap (in target 'Crypto' from project 'swift-crypto')
    cd /Users/ryankanfer/Library/Developer/Xcode/DerivedData/HOMEY_Clean-gafualdnzupkfseuistvwtqbnpqd/SourcePackages/checkouts/swift-crypto
    builtin-copy -exclude .DS_Store -exclude CVS -exclude .svn -exclude .git -exclude .hg -resolve-src-symlinks /Users/ryankanfer/Library/Developer/Xcode/DerivedData/HOMEY_Clean-gafualdnzupkfseuistvwtqbnpqd/Build/Intermediates.noindex/swift-crypto.build/Debug-iphoneos/Crypto.build/Crypto.modulemap /Users/ryankanfer/Library/Developer/Xcode/DerivedData/HOMEY_Clean-gafualdnzupkfseuistvwtqbnpqd/Build/Intermediates.noindex/GeneratedModuleMaps-iphoneos

WriteAuxiliaryFile /Users/ryankanfer/Library/Developer/Xcode/DerivedData/HOMEY_Clean-gafualdnzupkfseuistvwtqbnpqd/Build/Intermediates.noindex/swift-concurrency-extras.build/Debug-iphoneos/ConcurrencyExtras.build/ConcurrencyExtras.modulemap (in target 'ConcurrencyExtras' from project 'swift-concurrency-extras')
    cd /Users/ryankanfer/Library/Developer/Xcode/DerivedData/HOMEY_Clean-gafualdnzupkfseuistvwtqbnpqd/SourcePackages/checkouts/swift-concurrency-extras
    write-file /Users/ryankanfer/Library/Developer/Xcode/DerivedData/HOMEY_Clean-gafualdnzupkfseuistvwtqbnpqd/Build/Intermediates.noindex/swift-concurrency-extras.build/Debug-iphoneos/ConcurrencyExtras.build/ConcurrencyExtras.modulemap

WriteAuxiliaryFile /Users/ryankanfer/Library/Developer/Xcode/DerivedData/HOMEY_Clean-gafualdnzupkfseuistvwtqbnpqd/Build/Intermediates.noindex/swift-concurrency-extras.build/Debug-iphoneos/ConcurrencyExtras.build/ConcurrencyExtras.DependencyStaticMetadataFileList (in target 'ConcurrencyExtras' from project 'swift-concurrency-extras')
    cd /Users/ryankanfer/Library/Developer/Xcode/DerivedData/HOMEY_Clean-gafualdnzupkfseuistvwtqbnpqd/SourcePackages/checkouts/swift-concurrency-extras
    write-file /Users/ryankanfer/Library/Developer/Xcode/DerivedData/HOMEY_Clean-gafualdnzupkfseuistvwtqbnpqd/Build/Intermediates.noindex/swift-concurrency-extras.build/Debug-iphoneos/ConcurrencyExtras.build/ConcurrencyExtras.DependencyStaticMetadataFileList

WriteAuxiliaryFile /Users/ryankanfer/Library/Developer/Xcode/DerivedData/HOMEY_Clean-gafualdnzupkfseuistvwtqbnpqd/Build/Intermediates.noindex/swift-concurrency-extras.build/Debug-iphoneos/ConcurrencyExtras.build/ConcurrencyExtras.DependencyMetadataFileList (in target 'ConcurrencyExtras' from project 'swift-concurrency-extras')
    cd /Users/ryankanfer/Library/Developer/Xcode/DerivedData/HOMEY_Clean-gafualdnzupkfseuistvwtqbnpqd/SourcePackages/checkouts/swift-concurrency-extras
    write-file /Users/ryankanfer/Library/Developer/Xcode/DerivedData/HOMEY_Clean-gafualdnzupkfseuistvwtqbnpqd/Build/Intermediates.noindex/swift-concurrency-extras.build/Debug-iphoneos/ConcurrencyExtras.build/ConcurrencyExtras.DependencyMetadataFileList

WriteAuxiliaryFile /Users/ryankanfer/Library/Developer/Xcode/DerivedData/HOMEY_Clean-gafualdnzupkfseuistvwtqbnpqd/Build/Intermediates.noindex/swift-clocks.build/Debug-iphoneos/Clocks.build/Objects-normal/arm64/Clocks.SwiftConstValuesFileList (in target 'Clocks' from project 'swift-clocks')
    cd /Users/ryankanfer/Library/Developer/Xcode/DerivedData/HOMEY_Clean-gafualdnzupkfseuistvwtqbnpqd/SourcePackages/checkouts/swift-clocks
    write-file /Users/ryankanfer/Library/Developer/Xcode/DerivedData/HOMEY_Clean-gafualdnzupkfseuistvwtqbnpqd/Build/Intermediates.noindex/swift-clocks.build/Debug-iphoneos/Clocks.build/Objects-normal/arm64/Clocks.SwiftConstValuesFileList

WriteAuxiliaryFile /Users/ryankanfer/Library/Developer/Xcode/DerivedData/HOMEY_Clean-gafualdnzupkfseuistvwtqbnpqd/Build/Intermediates.noindex/swift-clocks.build/Debug-iphoneos/Clocks.build/Objects-normal/arm64/Clocks.SwiftFileList (in target 'Clocks' from project 'swift-clocks')
    cd /Users/ryankanfer/Library/Developer/Xcode/DerivedData/HOMEY_Clean-gafualdnzupkfseuistvwtqbnpqd/SourcePackages/checkouts/swift-clocks
    write-file /Users/ryankanfer/Library/Developer/Xcode/DerivedData/HOMEY_Clean-gafualdnzupkfseuistvwtqbnpqd/Build/Intermediates.noindex/swift-clocks.build/Debug-iphoneos/Clocks.build/Objects-normal/arm64/Clocks.SwiftFileList

WriteAuxiliaryFile /Users/ryankanfer/Library/Developer/Xcode/DerivedData/HOMEY_Clean-gafualdnzupkfseuistvwtqbnpqd/Build/Intermediates.noindex/swift-clocks.build/Debug-iphoneos/Clocks.build/Objects-normal/arm64/Clocks_const_extract_protocols.json (in target 'Clocks' from project 'swift-clocks')
    cd /Users/ryankanfer/Library/Developer/Xcode/DerivedData/HOMEY_Clean-gafualdnzupkfseuistvwtqbnpqd/SourcePackages/checkouts/swift-clocks
    write-file /Users/ryankanfer/Library/Developer/Xcode/DerivedData/HOMEY_Clean-gafualdnzupkfseuistvwtqbnpqd/Build/Intermediates.noindex/swift-clocks.build/Debug-iphoneos/Clocks.build/Objects-normal/arm64/Clocks_const_extract_protocols.json

WriteAuxiliaryFile /Users/ryankanfer/Library/Developer/Xcode/DerivedData/HOMEY_Clean-gafualdnzupkfseuistvwtqbnpqd/Build/Intermediates.noindex/swift-clocks.build/Debug-iphoneos/Clocks.build/Objects-normal/arm64/Clocks.LinkFileList (in target 'Clocks' from project 'swift-clocks')
    cd /Users/ryankanfer/Library/Developer/Xcode/DerivedData/HOMEY_Clean-gafualdnzupkfseuistvwtqbnpqd/SourcePackages/checkouts/swift-clocks
    write-file /Users/ryankanfer/Library/Developer/Xcode/DerivedData/HOMEY_Clean-gafualdnzupkfseuistvwtqbnpqd/Build/Intermediates.noindex/swift-clocks.build/Debug-iphoneos/Clocks.build/Objects-normal/arm64/Clocks.LinkFileList

Copy /Users/ryankanfer/Library/Developer/Xcode/DerivedData/HOMEY_Clean-gafualdnzupkfseuistvwtqbnpqd/Build/Intermediates.noindex/GeneratedModuleMaps-iphoneos/ConcurrencyExtras.modulemap /Users/ryankanfer/Library/Developer/Xcode/DerivedData/HOMEY_Clean-gafualdnzupkfseuistvwtqbnpqd/Build/Intermediates.noindex/swift-concurrency-extras.build/Debug-iphoneos/ConcurrencyExtras.build/ConcurrencyExtras.modulemap (in target 'ConcurrencyExtras' from project 'swift-concurrency-extras')
    cd /Users/ryankanfer/Library/Developer/Xcode/DerivedData/HOMEY_Clean-gafualdnzupkfseuistvwtqbnpqd/SourcePackages/checkouts/swift-concurrency-extras
    builtin-copy -exclude .DS_Store -exclude CVS -exclude .svn -exclude .git -exclude .hg -resolve-src-symlinks /Users/ryankanfer/Library/Developer/Xcode/DerivedData/HOMEY_Clean-gafualdnzupkfseuistvwtqbnpqd/Build/Intermediates.noindex/swift-concurrency-extras.build/Debug-iphoneos/ConcurrencyExtras.build/ConcurrencyExtras.modulemap /Users/ryankanfer/Library/Developer/Xcode/DerivedData/HOMEY_Clean-gafualdnzupkfseuistvwtqbnpqd/Build/Intermediates.noindex/GeneratedModuleMaps-iphoneos

WriteAuxiliaryFile /Users/ryankanfer/Library/Developer/Xcode/DerivedData/HOMEY_Clean-gafualdnzupkfseuistvwtqbnpqd/Build/Intermediates.noindex/swift-clocks.build/Debug-iphoneos/Clocks.build/Objects-normal/arm64/Clocks-OutputFileMap.json (in target 'Clocks' from project 'swift-clocks')
    cd /Users/ryankanfer/Library/Developer/Xcode/DerivedData/HOMEY_Clean-gafualdnzupkfseuistvwtqbnpqd/SourcePackages/checkouts/swift-clocks
    write-file /Users/ryankanfer/Library/Developer/Xcode/DerivedData/HOMEY_Clean-gafualdnzupkfseuistvwtqbnpqd/Build/Intermediates.noindex/swift-clocks.build/Debug-iphoneos/Clocks.build/Objects-normal/arm64/Clocks-OutputFileMap.json

WriteAuxiliaryFile /Users/ryankanfer/Library/Developer/Xcode/DerivedData/HOMEY_Clean-gafualdnzupkfseuistvwtqbnpqd/Build/Intermediates.noindex/swift-clocks.build/Debug-iphoneos/Clocks.build/Clocks.modulemap (in target 'Clocks' from project 'swift-clocks')
    cd /Users/ryankanfer/Library/Developer/Xcode/DerivedData/HOMEY_Clean-gafualdnzupkfseuistvwtqbnpqd/SourcePackages/checkouts/swift-clocks
    write-file /Users/ryankanfer/Library/Developer/Xcode/DerivedData/HOMEY_Clean-gafualdnzupkfseuistvwtqbnpqd/Build/Intermediates.noindex/swift-clocks.build/Debug-iphoneos/Clocks.build/Clocks.modulemap

WriteAuxiliaryFile /Users/ryankanfer/Library/Developer/Xcode/DerivedData/HOMEY_Clean-gafualdnzupkfseuistvwtqbnpqd/Build/Intermediates.noindex/swift-clocks.build/Debug-iphoneos/Clocks.build/Clocks.DependencyStaticMetadataFileList (in target 'Clocks' from project 'swift-clocks')
    cd /Users/ryankanfer/Library/Developer/Xcode/DerivedData/HOMEY_Clean-gafualdnzupkfseuistvwtqbnpqd/SourcePackages/checkouts/swift-clocks
    write-file /Users/ryankanfer/Library/Developer/Xcode/DerivedData/HOMEY_Clean-gafualdnzupkfseuistvwtqbnpqd/Build/Intermediates.noindex/swift-clocks.build/Debug-iphoneos/Clocks.build/Clocks.DependencyStaticMetadataFileList

WriteAuxiliaryFile /Users/ryankanfer/Library/Developer/Xcode/DerivedData/HOMEY_Clean-gafualdnzupkfseuistvwtqbnpqd/Build/Intermediates.noindex/swift-clocks.build/Debug-iphoneos/Clocks.build/Clocks.DependencyMetadataFileList (in target 'Clocks' from project 'swift-clocks')
    cd /Users/ryankanfer/Library/Developer/Xcode/DerivedData/HOMEY_Clean-gafualdnzupkfseuistvwtqbnpqd/SourcePackages/checkouts/swift-clocks
    write-file /Users/ryankanfer/Library/Developer/Xcode/DerivedData/HOMEY_Clean-gafualdnzupkfseuistvwtqbnpqd/Build/Intermediates.noindex/swift-clocks.build/Debug-iphoneos/Clocks.build/Clocks.DependencyMetadataFileList

WriteAuxiliaryFile /Users/ryankanfer/Library/Developer/Xcode/DerivedData/HOMEY_Clean-gafualdnzupkfseuistvwtqbnpqd/Build/Intermediates.noindex/Supabase.build/Debug-iphoneos/Auth.build/Objects-normal/arm64/Auth.SwiftFileList (in target 'Auth' from project 'Supabase')
    cd /Users/ryankanfer/Library/Developer/Xcode/DerivedData/HOMEY_Clean-gafualdnzupkfseuistvwtqbnpqd/SourcePackages/checkouts/supabase-swift
    write-file /Users/ryankanfer/Library/Developer/Xcode/DerivedData/HOMEY_Clean-gafualdnzupkfseuistvwtqbnpqd/Build/Intermediates.noindex/Supabase.build/Debug-iphoneos/Auth.build/Objects-normal/arm64/Auth.SwiftFileList

WriteAuxiliaryFile /Users/ryankanfer/Library/Developer/Xcode/DerivedData/HOMEY_Clean-gafualdnzupkfseuistvwtqbnpqd/Build/Intermediates.noindex/Supabase.build/Debug-iphoneos/Auth.build/Objects-normal/arm64/Auth_const_extract_protocols.json (in target 'Auth' from project 'Supabase')
    cd /Users/ryankanfer/Library/Developer/Xcode/DerivedData/HOMEY_Clean-gafualdnzupkfseuistvwtqbnpqd/SourcePackages/checkouts/supabase-swift
    write-file /Users/ryankanfer/Library/Developer/Xcode/DerivedData/HOMEY_Clean-gafualdnzupkfseuistvwtqbnpqd/Build/Intermediates.noindex/Supabase.build/Debug-iphoneos/Auth.build/Objects-normal/arm64/Auth_const_extract_protocols.json

WriteAuxiliaryFile /Users/ryankanfer/Library/Developer/Xcode/DerivedData/HOMEY_Clean-gafualdnzupkfseuistvwtqbnpqd/Build/Intermediates.noindex/Supabase.build/Debug-iphoneos/Auth.build/Objects-normal/arm64/Auth.SwiftConstValuesFileList (in target 'Auth' from project 'Supabase')
    cd /Users/ryankanfer/Library/Developer/Xcode/DerivedData/HOMEY_Clean-gafualdnzupkfseuistvwtqbnpqd/SourcePackages/checkouts/supabase-swift
    write-file /Users/ryankanfer/Library/Developer/Xcode/DerivedData/HOMEY_Clean-gafualdnzupkfseuistvwtqbnpqd/Build/Intermediates.noindex/Supabase.build/Debug-iphoneos/Auth.build/Objects-normal/arm64/Auth.SwiftConstValuesFileList

WriteAuxiliaryFile /Users/ryankanfer/Library/Developer/Xcode/DerivedData/HOMEY_Clean-gafualdnzupkfseuistvwtqbnpqd/Build/Intermediates.noindex/Supabase.build/Debug-iphoneos/Auth.build/Objects-normal/arm64/Auth.LinkFileList (in target 'Auth' from project 'Supabase')
    cd /Users/ryankanfer/Library/Developer/Xcode/DerivedData/HOMEY_Clean-gafualdnzupkfseuistvwtqbnpqd/SourcePackages/checkouts/supabase-swift
    write-file /Users/ryankanfer/Library/Developer/Xcode/DerivedData/HOMEY_Clean-gafualdnzupkfseuistvwtqbnpqd/Build/Intermediates.noindex/Supabase.build/Debug-iphoneos/Auth.build/Objects-normal/arm64/Auth.LinkFileList

WriteAuxiliaryFile /Users/ryankanfer/Library/Developer/Xcode/DerivedData/HOMEY_Clean-gafualdnzupkfseuistvwtqbnpqd/Build/Intermediates.noindex/Supabase.build/Debug-iphoneos/Auth.build/Objects-normal/arm64/Auth-OutputFileMap.json (in target 'Auth' from project 'Supabase')
    cd /Users/ryankanfer/Library/Developer/Xcode/DerivedData/HOMEY_Clean-gafualdnzupkfseuistvwtqbnpqd/SourcePackages/checkouts/supabase-swift
    write-file /Users/ryankanfer/Library/Developer/Xcode/DerivedData/HOMEY_Clean-gafualdnzupkfseuistvwtqbnpqd/Build/Intermediates.noindex/Supabase.build/Debug-iphoneos/Auth.build/Objects-normal/arm64/Auth-OutputFileMap.json

Copy /Users/ryankanfer/Library/Developer/Xcode/DerivedData/HOMEY_Clean-gafualdnzupkfseuistvwtqbnpqd/Build/Intermediates.noindex/GeneratedModuleMaps-iphoneos/Clocks.modulemap /Users/ryankanfer/Library/Developer/Xcode/DerivedData/HOMEY_Clean-gafualdnzupkfseuistvwtqbnpqd/Build/Intermediates.noindex/swift-clocks.build/Debug-iphoneos/Clocks.build/Clocks.modulemap (in target 'Clocks' from project 'swift-clocks')
    cd /Users/ryankanfer/Library/Developer/Xcode/DerivedData/HOMEY_Clean-gafualdnzupkfseuistvwtqbnpqd/SourcePackages/checkouts/swift-clocks
    builtin-copy -exclude .DS_Store -exclude CVS -exclude .svn -exclude .git -exclude .hg -resolve-src-symlinks /Users/ryankanfer/Library/Developer/Xcode/DerivedData/HOMEY_Clean-gafualdnzupkfseuistvwtqbnpqd/Build/Intermediates.noindex/swift-clocks.build/Debug-iphoneos/Clocks.build/Clocks.modulemap /Users/ryankanfer/Library/Developer/Xcode/DerivedData/HOMEY_Clean-gafualdnzupkfseuistvwtqbnpqd/Build/Intermediates.noindex/GeneratedModuleMaps-iphoneos

WriteAuxiliaryFile /Users/ryankanfer/Library/Developer/Xcode/DerivedData/HOMEY_Clean-gafualdnzupkfseuistvwtqbnpqd/Build/Intermediates.noindex/Supabase.build/Debug-iphoneos/Auth.build/Auth.modulemap (in target 'Auth' from project 'Supabase')
    cd /Users/ryankanfer/Library/Developer/Xcode/DerivedData/HOMEY_Clean-gafualdnzupkfseuistvwtqbnpqd/SourcePackages/checkouts/supabase-swift
    write-file /Users/ryankanfer/Library/Developer/Xcode/DerivedData/HOMEY_Clean-gafualdnzupkfseuistvwtqbnpqd/Build/Intermediates.noindex/Supabase.build/Debug-iphoneos/Auth.build/Auth.modulemap

WriteAuxiliaryFile /Users/ryankanfer/Library/Developer/Xcode/DerivedData/HOMEY_Clean-gafualdnzupkfseuistvwtqbnpqd/Build/Intermediates.noindex/Supabase.build/Debug-iphoneos/Auth.build/Auth.DependencyStaticMetadataFileList (in target 'Auth' from project 'Supabase')
    cd /Users/ryankanfer/Library/Developer/Xcode/DerivedData/HOMEY_Clean-gafualdnzupkfseuistvwtqbnpqd/SourcePackages/checkouts/supabase-swift
    write-file /Users/ryankanfer/Library/Developer/Xcode/DerivedData/HOMEY_Clean-gafualdnzupkfseuistvwtqbnpqd/Build/Intermediates.noindex/Supabase.build/Debug-iphoneos/Auth.build/Auth.DependencyStaticMetadataFileList

WriteAuxiliaryFile /Users/ryankanfer/Library/Developer/Xcode/DerivedData/HOMEY_Clean-gafualdnzupkfseuistvwtqbnpqd/Build/Intermediates.noindex/Supabase.build/Debug-iphoneos/Auth.build/Auth.DependencyMetadataFileList (in target 'Auth' from project 'Supabase')
    cd /Users/ryankanfer/Library/Developer/Xcode/DerivedData/HOMEY_Clean-gafualdnzupkfseuistvwtqbnpqd/SourcePackages/checkouts/supabase-swift
    write-file /Users/ryankanfer/Library/Developer/Xcode/DerivedData/HOMEY_Clean-gafualdnzupkfseuistvwtqbnpqd/Build/Intermediates.noindex/Supabase.build/Debug-iphoneos/Auth.build/Auth.DependencyMetadataFileList

MkDir /Users/ryankanfer/Library/Developer/Xcode/DerivedData/HOMEY_Clean-gafualdnzupkfseuistvwtqbnpqd/Build/Products/Debug-iphoneos/swift-crypto_Crypto.bundle (in target 'swift-crypto_Crypto' from project 'swift-crypto')
    cd /Users/ryankanfer/Library/Developer/Xcode/DerivedData/HOMEY_Clean-gafualdnzupkfseuistvwtqbnpqd/SourcePackages/checkouts/swift-crypto
    /bin/mkdir -p /Users/ryankanfer/Library/Developer/Xcode/DerivedData/HOMEY_Clean-gafualdnzupkfseuistvwtqbnpqd/Build/Products/Debug-iphoneos/swift-crypto_Crypto.bundle

Copy /Users/ryankanfer/Library/Developer/Xcode/DerivedData/HOMEY_Clean-gafualdnzupkfseuistvwtqbnpqd/Build/Intermediates.noindex/GeneratedModuleMaps-iphoneos/Auth.modulemap /Users/ryankanfer/Library/Developer/Xcode/DerivedData/HOMEY_Clean-gafualdnzupkfseuistvwtqbnpqd/Build/Intermediates.noindex/Supabase.build/Debug-iphoneos/Auth.build/Auth.modulemap (in target 'Auth' from project 'Supabase')
    cd /Users/ryankanfer/Library/Developer/Xcode/DerivedData/HOMEY_Clean-gafualdnzupkfseuistvwtqbnpqd/SourcePackages/checkouts/supabase-swift
    builtin-copy -exclude .DS_Store -exclude CVS -exclude .svn -exclude .git -exclude .hg -resolve-src-symlinks /Users/ryankanfer/Library/Developer/Xcode/DerivedData/HOMEY_Clean-gafualdnzupkfseuistvwtqbnpqd/Build/Intermediates.noindex/Supabase.build/Debug-iphoneos/Auth.build/Auth.modulemap /Users/ryankanfer/Library/Developer/Xcode/DerivedData/HOMEY_Clean-gafualdnzupkfseuistvwtqbnpqd/Build/Intermediates.noindex/GeneratedModuleMaps-iphoneos

MkDir /Users/ryankanfer/Library/Developer/Xcode/DerivedData/HOMEY_Clean-gafualdnzupkfseuistvwtqbnpqd/Build/Products/Debug-iphoneos/HOMEY\ Clean.app (in target 'HOMEY Clean' from project 'HOMEY Clean')
    cd /Users/ryankanfer/Documents/Developer/HOMEY\ Clean
    /bin/mkdir -p /Users/ryankanfer/Library/Developer/Xcode/DerivedData/HOMEY_Clean-gafualdnzupkfseuistvwtqbnpqd/Build/Products/Debug-iphoneos/HOMEY\ Clean.app

ProcessInfoPlistFile /Users/ryankanfer/Library/Developer/Xcode/DerivedData/HOMEY_Clean-gafualdnzupkfseuistvwtqbnpqd/Build/Products/Debug-iphoneos/swift-crypto_Crypto.bundle/Info.plist /Users/ryankanfer/Library/Developer/Xcode/DerivedData/HOMEY_Clean-gafualdnzupkfseuistvwtqbnpqd/Build/Intermediates.noindex/swift-crypto.build/Debug-iphoneos/swift-crypto_Crypto.build/empty-swift-crypto_Crypto.plist (in target 'swift-crypto_Crypto' from project 'swift-crypto')
    cd /Users/ryankanfer/Library/Developer/Xcode/DerivedData/HOMEY_Clean-gafualdnzupkfseuistvwtqbnpqd/SourcePackages/checkouts/swift-crypto
    builtin-infoPlistUtility /Users/ryankanfer/Library/Developer/Xcode/DerivedData/HOMEY_Clean-gafualdnzupkfseuistvwtqbnpqd/Build/Intermediates.noindex/swift-crypto.build/Debug-iphoneos/swift-crypto_Crypto.build/empty-swift-crypto_Crypto.plist -producttype com.apple.product-type.bundle -expandbuildsettings -format binary -platform iphoneos -requiredArchitecture arm64 -o /Users/ryankanfer/Library/Developer/Xcode/DerivedData/HOMEY_Clean-gafualdnzupkfseuistvwtqbnpqd/Build/Products/Debug-iphoneos/swift-crypto_Crypto.bundle/Info.plist

CpResource /Users/ryankanfer/Library/Developer/Xcode/DerivedData/HOMEY_Clean-gafualdnzupkfseuistvwtqbnpqd/Build/Products/Debug-iphoneos/swift-crypto_Crypto.bundle/PrivacyInfo.xcprivacy /Users/ryankanfer/Library/Developer/Xcode/DerivedData/HOMEY_Clean-gafualdnzupkfseuistvwtqbnpqd/SourcePackages/checkouts/swift-crypto/Sources/Crypto/PrivacyInfo.xcprivacy (in target 'swift-crypto_Crypto' from project 'swift-crypto')
    cd /Users/ryankanfer/Library/Developer/Xcode/DerivedData/HOMEY_Clean-gafualdnzupkfseuistvwtqbnpqd/SourcePackages/checkouts/swift-crypto
    builtin-copy -exclude .DS_Store -exclude CVS -exclude .svn -exclude .git -exclude .hg -resolve-src-symlinks /Users/ryankanfer/Library/Developer/Xcode/DerivedData/HOMEY_Clean-gafualdnzupkfseuistvwtqbnpqd/SourcePackages/checkouts/swift-crypto/Sources/Crypto/PrivacyInfo.xcprivacy /Users/ryankanfer/Library/Developer/Xcode/DerivedData/HOMEY_Clean-gafualdnzupkfseuistvwtqbnpqd/Build/Products/Debug-iphoneos/swift-crypto_Crypto.bundle

RegisterExecutionPolicyException /Users/ryankanfer/Library/Developer/Xcode/DerivedData/HOMEY_Clean-gafualdnzupkfseuistvwtqbnpqd/Build/Products/Debug-iphoneos/swift-crypto_Crypto.bundle (in target 'swift-crypto_Crypto' from project 'swift-crypto')
    cd /Users/ryankanfer/Library/Developer/Xcode/DerivedData/HOMEY_Clean-gafualdnzupkfseuistvwtqbnpqd/SourcePackages/checkouts/swift-crypto
    builtin-RegisterExecutionPolicyException /Users/ryankanfer/Library/Developer/Xcode/DerivedData/HOMEY_Clean-gafualdnzupkfseuistvwtqbnpqd/Build/Products/Debug-iphoneos/swift-crypto_Crypto.bundle

Touch /Users/ryankanfer/Library/Developer/Xcode/DerivedData/HOMEY_Clean-gafualdnzupkfseuistvwtqbnpqd/Build/Products/Debug-iphoneos/swift-crypto_Crypto.bundle (in target 'swift-crypto_Crypto' from project 'swift-crypto')
    cd /Users/ryankanfer/Library/Developer/Xcode/DerivedData/HOMEY_Clean-gafualdnzupkfseuistvwtqbnpqd/SourcePackages/checkouts/swift-crypto
    /usr/bin/touch -c /Users/ryankanfer/Library/Developer/Xcode/DerivedData/HOMEY_Clean-gafualdnzupkfseuistvwtqbnpqd/Build/Products/Debug-iphoneos/swift-crypto_Crypto.bundle

SwiftDriver ConcurrencyExtras normal arm64 com.apple.xcode.tools.swift.compiler (in target 'ConcurrencyExtras' from project 'swift-concurrency-extras')
    cd /Users/ryankanfer/Documents/Developer/HOMEY\ Clean/HOMEY\ Clean.xcodeproj
    builtin-SwiftDriver -- /Applications/Xcode.app/Contents/Developer/Toolchains/XcodeDefault.xctoolchain/usr/bin/swiftc -module-name ConcurrencyExtras -Onone -enforce-exclusivity\=checked @/Users/ryankanfer/Library/Developer/Xcode/DerivedData/HOMEY_Clean-gafualdnzupkfseuistvwtqbnpqd/Build/Intermediates.noindex/swift-concurrency-extras.build/Debug-iphoneos/ConcurrencyExtras.build/Objects-normal/arm64/ConcurrencyExtras.SwiftFileList -DSWIFT_PACKAGE -DDEBUG -DSWIFT_MODULE_RESOURCE_BUNDLE_UNAVAILABLE -DXcode -plugin-path /Applications/Xcode.app/Contents/Developer/Toolchains/XcodeDefault.xctoolchain/usr/lib/swift/host/plugins/testing -enable-experimental-feature DebugDescriptionMacro -sdk /Applications/Xcode.app/Contents/Developer/Platforms/iPhoneOS.platform/Developer/SDKs/iPhoneOS26.0.sdk -target arm64-apple-ios13.0 -g -module-cache-path /Users/ryankanfer/Library/Developer/Xcode/DerivedData/ModuleCache.noindex -Xfrontend -serialize-debugging-options -profile-coverage-mapping -profile-generate -enable-testing -suppress-warnings -index-store-path /Users/ryankanfer/Library/Developer/Xcode/DerivedData/HOMEY_Clean-gafualdnzupkfseuistvwtqbnpqd/Index.noindex/DataStore -Xcc -D_LIBCPP_HARDENING_MODE\=_LIBCPP_HARDENING_MODE_DEBUG -swift-version 6 -I /Users/ryankanfer/Library/Developer/Xcode/DerivedData/HOMEY_Clean-gafualdnzupkfseuistvwtqbnpqd/Build/Products/Debug-iphoneos -Isystem /Applications/Xcode.app/Contents/Developer/Platforms/iPhoneOS.platform/Developer/usr/lib -F /Users/ryankanfer/Library/Developer/Xcode/DerivedData/HOMEY_Clean-gafualdnzupkfseuistvwtqbnpqd/Build/Products/Debug-iphoneos -F /Applications/Xcode.app/Contents/Developer/Platforms/iPhoneOS.platform/Developer/Library/Frameworks -F /Applications/Xcode.app/Contents/Developer/Platforms/iPhoneOS.platform/Developer/SDKs/iPhoneOS26.0.sdk/Developer/Library/Frameworks -c -j8 -enable-batch-mode -incremental -Xcc -ivfsstatcache -Xcc /Users/ryankanfer/Library/Developer/Xcode/DerivedData/SDKStatCaches.noindex/iphoneos26.0-23A339-81ce72e5b06c9602b9d30b56f2eed08a.sdkstatcache -output-file-map /Users/ryankanfer/Library/Developer/Xcode/DerivedData/HOMEY_Clean-gafualdnzupkfseuistvwtqbnpqd/Build/Intermediates.noindex/swift-concurrency-extras.build/Debug-iphoneos/ConcurrencyExtras.build/Objects-normal/arm64/ConcurrencyExtras-OutputFileMap.json -use-frontend-parseable-output -save-temps -no-color-diagnostics -explicit-module-build -module-cache-path /Users/ryankanfer/Library/Developer/Xcode/DerivedData/HOMEY_Clean-gafualdnzupkfseuistvwtqbnpqd/Build/Intermediates.noindex/SwiftExplicitPrecompiledModules -clang-scanner-module-cache-path /Users/ryankanfer/Library/Developer/Xcode/DerivedData/ModuleCache.noindex -sdk-module-cache-path /Users/ryankanfer/Library/Developer/Xcode/DerivedData/ModuleCache.noindex -serialize-diagnostics -emit-dependencies -emit-module -emit-module-path /Users/ryankanfer/Library/Developer/Xcode/DerivedData/HOMEY_Clean-gafualdnzupkfseuistvwtqbnpqd/Build/Intermediates.noindex/swift-concurrency-extras.build/Debug-iphoneos/ConcurrencyExtras.build/Objects-normal/arm64/ConcurrencyExtras.swiftmodule -user-module-version 1.3.1 -validate-clang-modules-once -clang-build-session-file /Users/ryankanfer/Library/Developer/Xcode/DerivedData/ModuleCache.noindex/Session.modulevalidation -package-name swift_concurrency_extras -Xcc -I/Users/ryankanfer/Library/Developer/Xcode/DerivedData/HOMEY_Clean-gafualdnzupkfseuistvwtqbnpqd/Build/Intermediates.noindex/swift-concurrency-extras.build/Debug-iphoneos/ConcurrencyExtras.build/swift-overrides.hmap -emit-const-values -Xfrontend -const-gather-protocols-file -Xfrontend /Users/ryankanfer/Library/Developer/Xcode/DerivedData/HOMEY_Clean-gafualdnzupkfseuistvwtqbnpqd/Build/Intermediates.noindex/swift-concurrency-extras.build/Debug-iphoneos/ConcurrencyExtras.build/Objects-normal/arm64/ConcurrencyExtras_const_extract_protocols.json -Xcc -I/Users/ryankanfer/Library/Developer/Xcode/DerivedData/HOMEY_Clean-gafualdnzupkfseuistvwtqbnpqd/Build/Products/Debug-iphoneos/include -Xcc -I/Users/ryankanfer/Library/Developer/Xcode/DerivedData/HOMEY_Clean-gafualdnzupkfseuistvwtqbnpqd/Build/Intermediates.noindex/swift-concurrency-extras.build/Debug-iphoneos/ConcurrencyExtras.build/DerivedSources-normal/arm64 -Xcc -I/Users/ryankanfer/Library/Developer/Xcode/DerivedData/HOMEY_Clean-gafualdnzupkfseuistvwtqbnpqd/Build/Intermediates.noindex/swift-concurrency-extras.build/Debug-iphoneos/ConcurrencyExtras.build/DerivedSources/arm64 -Xcc -I/Users/ryankanfer/Library/Developer/Xcode/DerivedData/HOMEY_Clean-gafualdnzupkfseuistvwtqbnpqd/Build/Intermediates.noindex/swift-concurrency-extras.build/Debug-iphoneos/ConcurrencyExtras.build/DerivedSources -Xcc -DSWIFT_PACKAGE -Xcc -DDEBUG\=1 -emit-objc-header -emit-objc-header-path /Users/ryankanfer/Library/Developer/Xcode/DerivedData/HOMEY_Clean-gafualdnzupkfseuistvwtqbnpqd/Build/Intermediates.noindex/swift-concurrency-extras.build/Debug-iphoneos/ConcurrencyExtras.build/Objects-normal/arm64/ConcurrencyExtras-Swift.h -working-directory /Users/ryankanfer/Documents/Developer/HOMEY\ Clean/HOMEY\ Clean.xcodeproj -experimental-emit-module-separately -disable-cmo

SwiftDriver IssueReportingPackageSupport normal arm64 com.apple.xcode.tools.swift.compiler (in target 'IssueReportingPackageSupport' from project 'xctest-dynamic-overlay')
    cd /Users/ryankanfer/Documents/Developer/HOMEY\ Clean/HOMEY\ Clean.xcodeproj
    builtin-SwiftDriver -- /Applications/Xcode.app/Contents/Developer/Toolchains/XcodeDefault.xctoolchain/usr/bin/swiftc -module-name IssueReportingPackageSupport -Onone -enforce-exclusivity\=checked @/Users/ryankanfer/Library/Developer/Xcode/DerivedData/HOMEY_Clean-gafualdnzupkfseuistvwtqbnpqd/Build/Intermediates.noindex/xctest-dynamic-overlay.build/Debug-iphoneos/IssueReportingPackageSupport.build/Objects-normal/arm64/IssueReportingPackageSupport.SwiftFileList -DSWIFT_PACKAGE -DDEBUG -DSWIFT_MODULE_RESOURCE_BUNDLE_UNAVAILABLE -DXcode -plugin-path /Applications/Xcode.app/Contents/Developer/Toolchains/XcodeDefault.xctoolchain/usr/lib/swift/host/plugins/testing -enable-experimental-feature DebugDescriptionMacro -sdk /Applications/Xcode.app/Contents/Developer/Platforms/iPhoneOS.platform/Developer/SDKs/iPhoneOS26.0.sdk -target arm64-apple-ios13.0 -g -module-cache-path /Users/ryankanfer/Library/Developer/Xcode/DerivedData/ModuleCache.noindex -Xfrontend -serialize-debugging-options -profile-coverage-mapping -profile-generate -enable-testing -suppress-warnings -index-store-path /Users/ryankanfer/Library/Developer/Xcode/DerivedData/HOMEY_Clean-gafualdnzupkfseuistvwtqbnpqd/Index.noindex/DataStore -Xcc -D_LIBCPP_HARDENING_MODE\=_LIBCPP_HARDENING_MODE_DEBUG -swift-version 6 -I /Users/ryankanfer/Library/Developer/Xcode/DerivedData/HOMEY_Clean-gafualdnzupkfseuistvwtqbnpqd/Build/Products/Debug-iphoneos -Isystem /Applications/Xcode.app/Contents/Developer/Platforms/iPhoneOS.platform/Developer/usr/lib -F /Users/ryankanfer/Library/Developer/Xcode/DerivedData/HOMEY_Clean-gafualdnzupkfseuistvwtqbnpqd/Build/Products/Debug-iphoneos -F /Applications/Xcode.app/Contents/Developer/Platforms/iPhoneOS.platform/Developer/Library/Frameworks -F /Applications/Xcode.app/Contents/Developer/Platforms/iPhoneOS.platform/Developer/SDKs/iPhoneOS26.0.sdk/Developer/Library/Frameworks -parse-as-library -c -j8 -enable-batch-mode -incremental -Xcc -ivfsstatcache -Xcc /Users/ryankanfer/Library/Developer/Xcode/DerivedData/SDKStatCaches.noindex/iphoneos26.0-23A339-81ce72e5b06c9602b9d30b56f2eed08a.sdkstatcache -output-file-map /Users/ryankanfer/Library/Developer/Xcode/DerivedData/HOMEY_Clean-gafualdnzupkfseuistvwtqbnpqd/Build/Intermediates.noindex/xctest-dynamic-overlay.build/Debug-iphoneos/IssueReportingPackageSupport.build/Objects-normal/arm64/IssueReportingPackageSupport-OutputFileMap.json -use-frontend-parseable-output -save-temps -no-color-diagnostics -explicit-module-build -module-cache-path /Users/ryankanfer/Library/Developer/Xcode/DerivedData/HOMEY_Clean-gafualdnzupkfseuistvwtqbnpqd/Build/Intermediates.noindex/SwiftExplicitPrecompiledModules -clang-scanner-module-cache-path /Users/ryankanfer/Library/Developer/Xcode/DerivedData/ModuleCache.noindex -sdk-module-cache-path /Users/ryankanfer/Library/Developer/Xcode/DerivedData/ModuleCache.noindex -serialize-diagnostics -emit-dependencies -emit-module -emit-module-path /Users/ryankanfer/Library/Developer/Xcode/DerivedData/HOMEY_Clean-gafualdnzupkfseuistvwtqbnpqd/Build/Intermediates.noindex/xctest-dynamic-overlay.build/Debug-iphoneos/IssueReportingPackageSupport.build/Objects-normal/arm64/IssueReportingPackageSupport.swiftmodule -user-module-version 1.6.1 -validate-clang-modules-once -clang-build-session-file /Users/ryankanfer/Library/Developer/Xcode/DerivedData/ModuleCache.noindex/Session.modulevalidation -package-name xctest_dynamic_overlay -Xcc -I/Users/ryankanfer/Library/Developer/Xcode/DerivedData/HOMEY_Clean-gafualdnzupkfseuistvwtqbnpqd/Build/Intermediates.noindex/xctest-dynamic-overlay.build/Debug-iphoneos/IssueReportingPackageSupport.build/swift-overrides.hmap -emit-const-values -Xfrontend -const-gather-protocols-file -Xfrontend /Users/ryankanfer/Library/Developer/Xcode/DerivedData/HOMEY_Clean-gafualdnzupkfseuistvwtqbnpqd/Build/Intermediates.noindex/xctest-dynamic-overlay.build/Debug-iphoneos/IssueReportingPackageSupport.build/Objects-normal/arm64/IssueReportingPackageSupport_const_extract_protocols.json -Xcc -I/Users/ryankanfer/Library/Developer/Xcode/DerivedData/HOMEY_Clean-gafualdnzupkfseuistvwtqbnpqd/Build/Products/Debug-iphoneos/include -Xcc -I/Users/ryankanfer/Library/Developer/Xcode/DerivedData/HOMEY_Clean-gafualdnzupkfseuistvwtqbnpqd/Build/Intermediates.noindex/xctest-dynamic-overlay.build/Debug-iphoneos/IssueReportingPackageSupport.build/DerivedSources-normal/arm64 -Xcc -I/Users/ryankanfer/Library/Developer/Xcode/DerivedData/HOMEY_Clean-gafualdnzupkfseuistvwtqbnpqd/Build/Intermediates.noindex/xctest-dynamic-overlay.build/Debug-iphoneos/IssueReportingPackageSupport.build/DerivedSources/arm64 -Xcc -I/Users/ryankanfer/Library/Developer/Xcode/DerivedData/HOMEY_Clean-gafualdnzupkfseuistvwtqbnpqd/Build/Intermediates.noindex/xctest-dynamic-overlay.build/Debug-iphoneos/IssueReportingPackageSupport.build/DerivedSources -Xcc -DSWIFT_PACKAGE -Xcc -DDEBUG\=1 -emit-objc-header -emit-objc-header-path /Users/ryankanfer/Library/Developer/Xcode/DerivedData/HOMEY_Clean-gafualdnzupkfseuistvwtqbnpqd/Build/Intermediates.noindex/xctest-dynamic-overlay.build/Debug-iphoneos/IssueReportingPackageSupport.build/Objects-normal/arm64/IssueReportingPackageSupport-Swift.h -working-directory /Users/ryankanfer/Documents/Developer/HOMEY\ Clean/HOMEY\ Clean.xcodeproj -experimental-emit-module-separately -disable-cmo

SwiftDriver Crypto normal arm64 com.apple.xcode.tools.swift.compiler (in target 'Crypto' from project 'swift-crypto')
    cd /Users/ryankanfer/Documents/Developer/HOMEY\ Clean/HOMEY\ Clean.xcodeproj
    builtin-SwiftDriver -- /Applications/Xcode.app/Contents/Developer/Toolchains/XcodeDefault.xctoolchain/usr/bin/swiftc -module-name Crypto -Onone -enforce-exclusivity\=checked @/Users/ryankanfer/Library/Developer/Xcode/DerivedData/HOMEY_Clean-gafualdnzupkfseuistvwtqbnpqd/Build/Intermediates.noindex/swift-crypto.build/Debug-iphoneos/Crypto.build/Objects-normal/arm64/Crypto.SwiftFileList -DSWIFT_PACKAGE -DDEBUG -DSWIFT_MODULE_RESOURCE_BUNDLE_AVAILABLE -DCRYPTO_IN_SWIFTPM -DXcode -enable-upcoming-feature MemberImportVisibility -plugin-path /Applications/Xcode.app/Contents/Developer/Toolchains/XcodeDefault.xctoolchain/usr/lib/swift/host/plugins/testing -enable-experimental-feature DebugDescriptionMacro -sdk /Applications/Xcode.app/Contents/Developer/Platforms/iPhoneOS.platform/Developer/SDKs/iPhoneOS26.0.sdk -target arm64-apple-ios12.0 -g -module-cache-path /Users/ryankanfer/Library/Developer/Xcode/DerivedData/ModuleCache.noindex -Xfrontend -serialize-debugging-options -profile-coverage-mapping -profile-generate -enable-testing -suppress-warnings -index-store-path /Users/ryankanfer/Library/Developer/Xcode/DerivedData/HOMEY_Clean-gafualdnzupkfseuistvwtqbnpqd/Index.noindex/DataStore -Xcc -D_LIBCPP_HARDENING_MODE\=_LIBCPP_HARDENING_MODE_DEBUG -swift-version 5 -I /Users/ryankanfer/Library/Developer/Xcode/DerivedData/HOMEY_Clean-gafualdnzupkfseuistvwtqbnpqd/Build/Products/Debug-iphoneos -Isystem /Applications/Xcode.app/Contents/Developer/Platforms/iPhoneOS.platform/Developer/usr/lib -F /Users/ryankanfer/Library/Developer/Xcode/DerivedData/HOMEY_Clean-gafualdnzupkfseuistvwtqbnpqd/Build/Products/Debug-iphoneos -F /Applications/Xcode.app/Contents/Developer/Platforms/iPhoneOS.platform/Developer/Library/Frameworks -F /Applications/Xcode.app/Contents/Developer/Platforms/iPhoneOS.platform/Developer/SDKs/iPhoneOS26.0.sdk/Developer/Library/Frameworks -c -j8 -enable-batch-mode -incremental -Xcc -ivfsstatcache -Xcc /Users/ryankanfer/Library/Developer/Xcode/DerivedData/SDKStatCaches.noindex/iphoneos26.0-23A339-81ce72e5b06c9602b9d30b56f2eed08a.sdkstatcache -output-file-map /Users/ryankanfer/Library/Developer/Xcode/DerivedData/HOMEY_Clean-gafualdnzupkfseuistvwtqbnpqd/Build/Intermediates.noindex/swift-crypto.build/Debug-iphoneos/Crypto.build/Objects-normal/arm64/Crypto-OutputFileMap.json -use-frontend-parseable-output -save-temps -no-color-diagnostics -explicit-module-build -module-cache-path /Users/ryankanfer/Library/Developer/Xcode/DerivedData/HOMEY_Clean-gafualdnzupkfseuistvwtqbnpqd/Build/Intermediates.noindex/SwiftExplicitPrecompiledModules -clang-scanner-module-cache-path /Users/ryankanfer/Library/Developer/Xcode/DerivedData/ModuleCache.noindex -sdk-module-cache-path /Users/ryankanfer/Library/Developer/Xcode/DerivedData/ModuleCache.noindex -serialize-diagnostics -emit-dependencies -emit-module -emit-module-path /Users/ryankanfer/Library/Developer/Xcode/DerivedData/HOMEY_Clean-gafualdnzupkfseuistvwtqbnpqd/Build/Intermediates.noindex/swift-crypto.build/Debug-iphoneos/Crypto.build/Objects-normal/arm64/Crypto.swiftmodule -validate-clang-modules-once -clang-build-session-file /Users/ryankanfer/Library/Developer/Xcode/DerivedData/ModuleCache.noindex/Session.modulevalidation -package-name swift_crypto -Xcc -I/Users/ryankanfer/Library/Developer/Xcode/DerivedData/HOMEY_Clean-gafualdnzupkfseuistvwtqbnpqd/Build/Intermediates.noindex/swift-crypto.build/Debug-iphoneos/Crypto.build/swift-overrides.hmap -emit-const-values -Xfrontend -const-gather-protocols-file -Xfrontend /Users/ryankanfer/Library/Developer/Xcode/DerivedData/HOMEY_Clean-gafualdnzupkfseuistvwtqbnpqd/Build/Intermediates.noindex/swift-crypto.build/Debug-iphoneos/Crypto.build/Objects-normal/arm64/Crypto_const_extract_protocols.json -Xcc -I/Users/ryankanfer/Library/Developer/Xcode/DerivedData/HOMEY_Clean-gafualdnzupkfseuistvwtqbnpqd/Build/Products/Debug-iphoneos/include -Xcc -I/Users/ryankanfer/Library/Developer/Xcode/DerivedData/HOMEY_Clean-gafualdnzupkfseuistvwtqbnpqd/Build/Intermediates.noindex/swift-crypto.build/Debug-iphoneos/Crypto.build/DerivedSources-normal/arm64 -Xcc -I/Users/ryankanfer/Library/Developer/Xcode/DerivedData/HOMEY_Clean-gafualdnzupkfseuistvwtqbnpqd/Build/Intermediates.noindex/swift-crypto.build/Debug-iphoneos/Crypto.build/DerivedSources/arm64 -Xcc -I/Users/ryankanfer/Library/Developer/Xcode/DerivedData/HOMEY_Clean-gafualdnzupkfseuistvwtqbnpqd/Build/Intermediates.noindex/swift-crypto.build/Debug-iphoneos/Crypto.build/DerivedSources -Xcc -DSWIFT_PACKAGE -Xcc -DDEBUG\=1 -emit-objc-header -emit-objc-header-path /Users/ryankanfer/Library/Developer/Xcode/DerivedData/HOMEY_Clean-gafualdnzupkfseuistvwtqbnpqd/Build/Intermediates.noindex/swift-crypto.build/Debug-iphoneos/Crypto.build/Objects-normal/arm64/Crypto-Swift.h -working-directory /Users/ryankanfer/Documents/Developer/HOMEY\ Clean/HOMEY\ Clean.xcodeproj -experimental-emit-module-separately -disable-cmo

SwiftDriver HTTPTypes normal arm64 com.apple.xcode.tools.swift.compiler (in target 'HTTPTypes' from project 'swift-http-types')
    cd /Users/ryankanfer/Documents/Developer/HOMEY\ Clean/HOMEY\ Clean.xcodeproj
    builtin-SwiftDriver -- /Applications/Xcode.app/Contents/Developer/Toolchains/XcodeDefault.xctoolchain/usr/bin/swiftc -module-name HTTPTypes -Onone -enforce-exclusivity\=checked @/Users/ryankanfer/Library/Developer/Xcode/DerivedData/HOMEY_Clean-gafualdnzupkfseuistvwtqbnpqd/Build/Intermediates.noindex/swift-http-types.build/Debug-iphoneos/HTTPTypes.build/Objects-normal/arm64/HTTPTypes.SwiftFileList -DSWIFT_PACKAGE -DDEBUG -DSWIFT_MODULE_RESOURCE_BUNDLE_UNAVAILABLE -DXcode -enable-experimental-feature StrictConcurrency\=complete -enable-upcoming-feature MemberImportVisibility -plugin-path /Applications/Xcode.app/Contents/Developer/Toolchains/XcodeDefault.xctoolchain/usr/lib/swift/host/plugins/testing -enable-experimental-feature DebugDescriptionMacro -sdk /Applications/Xcode.app/Contents/Developer/Platforms/iPhoneOS.platform/Developer/SDKs/iPhoneOS26.0.sdk -target arm64-apple-ios12.0 -g -module-cache-path /Users/ryankanfer/Library/Developer/Xcode/DerivedData/ModuleCache.noindex -Xfrontend -serialize-debugging-options -profile-coverage-mapping -profile-generate -enable-testing -suppress-warnings -index-store-path /Users/ryankanfer/Library/Developer/Xcode/DerivedData/HOMEY_Clean-gafualdnzupkfseuistvwtqbnpqd/Index.noindex/DataStore -Xcc -D_LIBCPP_HARDENING_MODE\=_LIBCPP_HARDENING_MODE_DEBUG -swift-version 5 -I /Users/ryankanfer/Library/Developer/Xcode/DerivedData/HOMEY_Clean-gafualdnzupkfseuistvwtqbnpqd/Build/Products/Debug-iphoneos -Isystem /Applications/Xcode.app/Contents/Developer/Platforms/iPhoneOS.platform/Developer/usr/lib -F /Users/ryankanfer/Library/Developer/Xcode/DerivedData/HOMEY_Clean-gafualdnzupkfseuistvwtqbnpqd/Build/Products/Debug-iphoneos -F /Applications/Xcode.app/Contents/Developer/Platforms/iPhoneOS.platform/Developer/Library/Frameworks -F /Applications/Xcode.app/Contents/Developer/Platforms/iPhoneOS.platform/Developer/SDKs/iPhoneOS26.0.sdk/Developer/Library/Frameworks -c -j8 -enable-batch-mode -incremental -Xcc -ivfsstatcache -Xcc /Users/ryankanfer/Library/Developer/Xcode/DerivedData/SDKStatCaches.noindex/iphoneos26.0-23A339-81ce72e5b06c9602b9d30b56f2eed08a.sdkstatcache -output-file-map /Users/ryankanfer/Library/Developer/Xcode/DerivedData/HOMEY_Clean-gafualdnzupkfseuistvwtqbnpqd/Build/Intermediates.noindex/swift-http-types.build/Debug-iphoneos/HTTPTypes.build/Objects-normal/arm64/HTTPTypes-OutputFileMap.json -use-frontend-parseable-output -save-temps -no-color-diagnostics -explicit-module-build -module-cache-path /Users/ryankanfer/Library/Developer/Xcode/DerivedData/HOMEY_Clean-gafualdnzupkfseuistvwtqbnpqd/Build/Intermediates.noindex/SwiftExplicitPrecompiledModules -clang-scanner-module-cache-path /Users/ryankanfer/Library/Developer/Xcode/DerivedData/ModuleCache.noindex -sdk-module-cache-path /Users/ryankanfer/Library/Developer/Xcode/DerivedData/ModuleCache.noindex -serialize-diagnostics -emit-dependencies -emit-module -emit-module-path /Users/ryankanfer/Library/Developer/Xcode/DerivedData/HOMEY_Clean-gafualdnzupkfseuistvwtqbnpqd/Build/Intermediates.noindex/swift-http-types.build/Debug-iphoneos/HTTPTypes.build/Objects-normal/arm64/HTTPTypes.swiftmodule -validate-clang-modules-once -clang-build-session-file /Users/ryankanfer/Library/Developer/Xcode/DerivedData/ModuleCache.noindex/Session.modulevalidation -package-name swift_http_types -Xcc -I/Users/ryankanfer/Library/Developer/Xcode/DerivedData/HOMEY_Clean-gafualdnzupkfseuistvwtqbnpqd/Build/Intermediates.noindex/swift-http-types.build/Debug-iphoneos/HTTPTypes.build/swift-overrides.hmap -emit-const-values -Xfrontend -const-gather-protocols-file -Xfrontend /Users/ryankanfer/Library/Developer/Xcode/DerivedData/HOMEY_Clean-gafualdnzupkfseuistvwtqbnpqd/Build/Intermediates.noindex/swift-http-types.build/Debug-iphoneos/HTTPTypes.build/Objects-normal/arm64/HTTPTypes_const_extract_protocols.json -Xcc -I/Users/ryankanfer/Library/Developer/Xcode/DerivedData/HOMEY_Clean-gafualdnzupkfseuistvwtqbnpqd/Build/Products/Debug-iphoneos/include -Xcc -I/Users/ryankanfer/Library/Developer/Xcode/DerivedData/HOMEY_Clean-gafualdnzupkfseuistvwtqbnpqd/Build/Intermediates.noindex/swift-http-types.build/Debug-iphoneos/HTTPTypes.build/DerivedSources-normal/arm64 -Xcc -I/Users/ryankanfer/Library/Developer/Xcode/DerivedData/HOMEY_Clean-gafualdnzupkfseuistvwtqbnpqd/Build/Intermediates.noindex/swift-http-types.build/Debug-iphoneos/HTTPTypes.build/DerivedSources/arm64 -Xcc -I/Users/ryankanfer/Library/Developer/Xcode/DerivedData/HOMEY_Clean-gafualdnzupkfseuistvwtqbnpqd/Build/Intermediates.noindex/swift-http-types.build/Debug-iphoneos/HTTPTypes.build/DerivedSources -Xcc -DSWIFT_PACKAGE -Xcc -DDEBUG\=1 -emit-objc-header -emit-objc-header-path /Users/ryankanfer/Library/Developer/Xcode/DerivedData/HOMEY_Clean-gafualdnzupkfseuistvwtqbnpqd/Build/Intermediates.noindex/swift-http-types.build/Debug-iphoneos/HTTPTypes.build/Objects-normal/arm64/HTTPTypes-Swift.h -working-directory /Users/ryankanfer/Documents/Developer/HOMEY\ Clean/HOMEY\ Clean.xcodeproj -experimental-emit-module-separately -disable-cmo

SwiftEmitModule normal arm64 Emitting\ module\ for\ IssueReportingPackageSupport (in target 'IssueReportingPackageSupport' from project 'xctest-dynamic-overlay')

SwiftCompile normal arm64 /Users/ryankanfer/Library/Developer/Xcode/DerivedData/HOMEY_Clean-gafualdnzupkfseuistvwtqbnpqd/SourcePackages/checkouts/xctest-dynamic-overlay/Sources/IssueReportingPackageSupport/_Test.swift (in target 'IssueReportingPackageSupport' from project 'xctest-dynamic-overlay')
    cd /Users/ryankanfer/Documents/Developer/HOMEY\ Clean/HOMEY\ Clean.xcodeproj
    

SwiftCompile normal arm64 Compiling\ _Test.swift /Users/ryankanfer/Library/Developer/Xcode/DerivedData/HOMEY_Clean-gafualdnzupkfseuistvwtqbnpqd/SourcePackages/checkouts/xctest-dynamic-overlay/Sources/IssueReportingPackageSupport/_Test.swift (in target 'IssueReportingPackageSupport' from project 'xctest-dynamic-overlay')
SwiftCompile normal arm64 /Users/ryankanfer/Library/Developer/Xcode/DerivedData/HOMEY_Clean-gafualdnzupkfseuistvwtqbnpqd/SourcePackages/checkouts/xctest-dynamic-overlay/Sources/IssueReportingPackageSupport/_Test.swift (in target 'IssueReportingPackageSupport' from project 'xctest-dynamic-overlay')
    cd /Users/ryankanfer/Documents/Developer/HOMEY\ Clean/HOMEY\ Clean.xcodeproj
    

SwiftEmitModule normal arm64 Emitting\ module\ for\ HTTPTypes (in target 'HTTPTypes' from project 'swift-http-types')
EmitSwiftModule normal arm64 (in target 'HTTPTypes' from project 'swift-http-types')
    cd /Users/ryankanfer/Documents/Developer/HOMEY\ Clean/HOMEY\ Clean.xcodeproj
    

SwiftCompile normal arm64 Compiling\ HTTPFields.swift /Users/ryankanfer/Library/Developer/Xcode/DerivedData/HOMEY_Clean-gafualdnzupkfseuistvwtqbnpqd/SourcePackages/checkouts/swift-http-types/Sources/HTTPTypes/HTTPFields.swift (in target 'HTTPTypes' from project 'swift-http-types')
SwiftCompile normal arm64 /Users/ryankanfer/Library/Developer/Xcode/DerivedData/HOMEY_Clean-gafualdnzupkfseuistvwtqbnpqd/SourcePackages/checkouts/swift-http-types/Sources/HTTPTypes/HTTPFields.swift (in target 'HTTPTypes' from project 'swift-http-types')
    cd /Users/ryankanfer/Documents/Developer/HOMEY\ Clean/HOMEY\ Clean.xcodeproj
    

SwiftCompile normal arm64 Compiling\ HTTPParsedFields.swift /Users/ryankanfer/Library/Developer/Xcode/DerivedData/HOMEY_Clean-gafualdnzupkfseuistvwtqbnpqd/SourcePackages/checkouts/swift-http-types/Sources/HTTPTypes/HTTPParsedFields.swift (in target 'HTTPTypes' from project 'swift-http-types')

SwiftCompile normal arm64 /Users/ryankanfer/Library/Developer/Xcode/DerivedData/HOMEY_Clean-gafualdnzupkfseuistvwtqbnpqd/SourcePackages/checkouts/swift-http-types/Sources/HTTPTypes/HTTPParsedFields.swift (in target 'HTTPTypes' from project 'swift-http-types')
    cd /Users/ryankanfer/Documents/Developer/HOMEY\ Clean/HOMEY\ Clean.xcodeproj
    

SwiftCompile normal arm64 Compiling\ HTTPResponse.swift /Users/ryankanfer/Library/Developer/Xcode/DerivedData/HOMEY_Clean-gafualdnzupkfseuistvwtqbnpqd/SourcePackages/checkouts/swift-http-types/Sources/HTTPTypes/HTTPResponse.swift (in target 'HTTPTypes' from project 'swift-http-types')

SwiftCompile normal arm64 /Users/ryankanfer/Library/Developer/Xcode/DerivedData/HOMEY_Clean-gafualdnzupkfseuistvwtqbnpqd/SourcePackages/checkouts/swift-http-types/Sources/HTTPTypes/HTTPResponse.swift (in target 'HTTPTypes' from project 'swift-http-types')
    cd /Users/ryankanfer/Documents/Developer/HOMEY\ Clean/HOMEY\ Clean.xcodeproj
    

SwiftCompile normal arm64 Compiling\ HTTPRequest.swift /Users/ryankanfer/Library/Developer/Xcode/DerivedData/HOMEY_Clean-gafualdnzupkfseuistvwtqbnpqd/SourcePackages/checkouts/swift-http-types/Sources/HTTPTypes/HTTPRequest.swift (in target 'HTTPTypes' from project 'swift-http-types')

SwiftCompile normal arm64 /Users/ryankanfer/Library/Developer/Xcode/DerivedData/HOMEY_Clean-gafualdnzupkfseuistvwtqbnpqd/SourcePackages/checkouts/swift-http-types/Sources/HTTPTypes/HTTPRequest.swift (in target 'HTTPTypes' from project 'swift-http-types')
    cd /Users/ryankanfer/Documents/Developer/HOMEY\ Clean/HOMEY\ Clean.xcodeproj
    

SwiftEmitModule normal arm64 Emitting\ module\ for\ ConcurrencyExtras (in target 'ConcurrencyExtras' from project 'swift-concurrency-extras')

EmitSwiftModule normal arm64 (in target 'ConcurrencyExtras' from project 'swift-concurrency-extras')
    cd /Users/ryankanfer/Documents/Developer/HOMEY\ Clean/HOMEY\ Clean.xcodeproj
    

SwiftDriverJobDiscovery normal arm64 Emitting module for IssueReportingPackageSupport (in target 'IssueReportingPackageSupport' from project 'xctest-dynamic-overlay')

SwiftDriver\ Compilation\ Requirements IssueReportingPackageSupport normal arm64 com.apple.xcode.tools.swift.compiler (in target 'IssueReportingPackageSupport' from project 'xctest-dynamic-overlay')
    cd /Users/ryankanfer/Documents/Developer/HOMEY\ Clean/HOMEY\ Clean.xcodeproj
    builtin-Swift-Compilation-Requirements -- /Applications/Xcode.app/Contents/Developer/Toolchains/XcodeDefault.xctoolchain/usr/bin/swiftc -module-name IssueReportingPackageSupport -Onone -enforce-exclusivity\=checked @/Users/ryankanfer/Library/Developer/Xcode/DerivedData/HOMEY_Clean-gafualdnzupkfseuistvwtqbnpqd/Build/Intermediates.noindex/xctest-dynamic-overlay.build/Debug-iphoneos/IssueReportingPackageSupport.build/Objects-normal/arm64/IssueReportingPackageSupport.SwiftFileList -DSWIFT_PACKAGE -DDEBUG -DSWIFT_MODULE_RESOURCE_BUNDLE_UNAVAILABLE -DXcode -plugin-path /Applications/Xcode.app/Contents/Developer/Toolchains/XcodeDefault.xctoolchain/usr/lib/swift/host/plugins/testing -enable-experimental-feature DebugDescriptionMacro -sdk /Applications/Xcode.app/Contents/Developer/Platforms/iPhoneOS.platform/Developer/SDKs/iPhoneOS26.0.sdk -target arm64-apple-ios13.0 -g -module-cache-path /Users/ryankanfer/Library/Developer/Xcode/DerivedData/ModuleCache.noindex -Xfrontend -serialize-debugging-options -profile-coverage-mapping -profile-generate -enable-testing -suppress-warnings -index-store-path /Users/ryankanfer/Library/Developer/Xcode/DerivedData/HOMEY_Clean-gafualdnzupkfseuistvwtqbnpqd/Index.noindex/DataStore -Xcc -D_LIBCPP_HARDENING_MODE\=_LIBCPP_HARDENING_MODE_DEBUG -swift-version 6 -I /Users/ryankanfer/Library/Developer/Xcode/DerivedData/HOMEY_Clean-gafualdnzupkfseuistvwtqbnpqd/Build/Products/Debug-iphoneos -Isystem /Applications/Xcode.app/Contents/Developer/Platforms/iPhoneOS.platform/Developer/usr/lib -F /Users/ryankanfer/Library/Developer/Xcode/DerivedData/HOMEY_Clean-gafualdnzupkfseuistvwtqbnpqd/Build/Products/Debug-iphoneos -F /Applications/Xcode.app/Contents/Developer/Platforms/iPhoneOS.platform/Developer/Library/Frameworks -F /Applications/Xcode.app/Contents/Developer/Platforms/iPhoneOS.platform/Developer/SDKs/iPhoneOS26.0.sdk/Developer/Library/Frameworks -parse-as-library -c -j8 -enable-batch-mode -incremental -Xcc -ivfsstatcache -Xcc /Users/ryankanfer/Library/Developer/Xcode/DerivedData/SDKStatCaches.noindex/iphoneos26.0-23A339-81ce72e5b06c9602b9d30b56f2eed08a.sdkstatcache -output-file-map /Users/ryankanfer/Library/Developer/Xcode/DerivedData/HOMEY_Clean-gafualdnzupkfseuistvwtqbnpqd/Build/Intermediates.noindex/xctest-dynamic-overlay.build/Debug-iphoneos/IssueReportingPackageSupport.build/Objects-normal/arm64/IssueReportingPackageSupport-OutputFileMap.json -use-frontend-parseable-output -save-temps -no-color-diagnostics -explicit-module-build -module-cache-path /Users/ryankanfer/Library/Developer/Xcode/DerivedData/HOMEY_Clean-gafualdnzupkfseuistvwtqbnpqd/Build/Intermediates.noindex/SwiftExplicitPrecompiledModules -clang-scanner-module-cache-path /Users/ryankanfer/Library/Developer/Xcode/DerivedData/ModuleCache.noindex -sdk-module-cache-path /Users/ryankanfer/Library/Developer/Xcode/DerivedData/ModuleCache.noindex -serialize-diagnostics -emit-dependencies -emit-module -emit-module-path /Users/ryankanfer/Library/Developer/Xcode/DerivedData/HOMEY_Clean-gafualdnzupkfseuistvwtqbnpqd/Build/Intermediates.noindex/xctest-dynamic-overlay.build/Debug-iphoneos/IssueReportingPackageSupport.build/Objects-normal/arm64/IssueReportingPackageSupport.swiftmodule -user-module-version 1.6.1 -validate-clang-modules-once -clang-build-session-file /Users/ryankanfer/Library/Developer/Xcode/DerivedData/ModuleCache.noindex/Session.modulevalidation -package-name xctest_dynamic_overlay -Xcc -I/Users/ryankanfer/Library/Developer/Xcode/DerivedData/HOMEY_Clean-gafualdnzupkfseuistvwtqbnpqd/Build/Intermediates.noindex/xctest-dynamic-overlay.build/Debug-iphoneos/IssueReportingPackageSupport.build/swift-overrides.hmap -emit-const-values -Xfrontend -const-gather-protocols-file -Xfrontend /Users/ryankanfer/Library/Developer/Xcode/DerivedData/HOMEY_Clean-gafualdnzupkfseuistvwtqbnpqd/Build/Intermediates.noindex/xctest-dynamic-overlay.build/Debug-iphoneos/IssueReportingPackageSupport.build/Objects-normal/arm64/IssueReportingPackageSupport_const_extract_protocols.json -Xcc -I/Users/ryankanfer/Library/Developer/Xcode/DerivedData/HOMEY_Clean-gafualdnzupkfseuistvwtqbnpqd/Build/Products/Debug-iphoneos/include -Xcc -I/Users/ryankanfer/Library/Developer/Xcode/DerivedData/HOMEY_Clean-gafualdnzupkfseuistvwtqbnpqd/Build/Intermediates.noindex/xctest-dynamic-overlay.build/Debug-iphoneos/IssueReportingPackageSupport.build/DerivedSources-normal/arm64 -Xcc -I/Users/ryankanfer/Library/Developer/Xcode/DerivedData/HOMEY_Clean-gafualdnzupkfseuistvwtqbnpqd/Build/Intermediates.noindex/xctest-dynamic-overlay.build/Debug-iphoneos/IssueReportingPackageSupport.build/DerivedSources/arm64 -Xcc -I/Users/ryankanfer/Library/Developer/Xcode/DerivedData/HOMEY_Clean-gafualdnzupkfseuistvwtqbnpqd/Build/Intermediates.noindex/xctest-dynamic-overlay.build/Debug-iphoneos/IssueReportingPackageSupport.build/DerivedSources -Xcc -DSWIFT_PACKAGE -Xcc -DDEBUG\=1 -emit-objc-header -emit-objc-header-path /Users/ryankanfer/Library/Developer/Xcode/DerivedData/HOMEY_Clean-gafualdnzupkfseuistvwtqbnpqd/Build/Intermediates.noindex/xctest-dynamic-overlay.build/Debug-iphoneos/IssueReportingPackageSupport.build/Objects-normal/arm64/IssueReportingPackageSupport-Swift.h -working-directory /Users/ryankanfer/Documents/Developer/HOMEY\ Clean/HOMEY\ Clean.xcodeproj -experimental-emit-module-separately -disable-cmo

SwiftEmitModule normal arm64 Emitting\ module\ for\ Crypto (in target 'Crypto' from project 'swift-crypto')

EmitSwiftModule normal arm64 (in target 'Crypto' from project 'swift-crypto')
    cd /Users/ryankanfer/Documents/Developer/HOMEY\ Clean/HOMEY\ Clean.xcodeproj
    

SwiftMergeGeneratedHeaders /Users/ryankanfer/Library/Developer/Xcode/DerivedData/HOMEY_Clean-gafualdnzupkfseuistvwtqbnpqd/Build/Intermediates.noindex/GeneratedModuleMaps-iphoneos/IssueReportingPackageSupport-Swift.h /Users/ryankanfer/Library/Developer/Xcode/DerivedData/HOMEY_Clean-gafualdnzupkfseuistvwtqbnpqd/Build/Intermediates.noindex/xctest-dynamic-overlay.build/Debug-iphoneos/IssueReportingPackageSupport.build/Objects-normal/arm64/IssueReportingPackageSupport-Swift.h (in target 'IssueReportingPackageSupport' from project 'xctest-dynamic-overlay')
    cd /Users/ryankanfer/Library/Developer/Xcode/DerivedData/HOMEY_Clean-gafualdnzupkfseuistvwtqbnpqd/SourcePackages/checkouts/xctest-dynamic-overlay
    builtin-swiftHeaderTool -arch arm64 /Users/ryankanfer/Library/Developer/Xcode/DerivedData/HOMEY_Clean-gafualdnzupkfseuistvwtqbnpqd/Build/Intermediates.noindex/xctest-dynamic-overlay.build/Debug-iphoneos/IssueReportingPackageSupport.build/Objects-normal/arm64/IssueReportingPackageSupport-Swift.h -o /Users/ryankanfer/Library/Developer/Xcode/DerivedData/HOMEY_Clean-gafualdnzupkfseuistvwtqbnpqd/Build/Intermediates.noindex/GeneratedModuleMaps-iphoneos/IssueReportingPackageSupport-Swift.h

SwiftDriverJobDiscovery normal arm64 Compiling _Test.swift (in target 'IssueReportingPackageSupport' from project 'xctest-dynamic-overlay')

Copy /Users/ryankanfer/Library/Developer/Xcode/DerivedData/HOMEY_Clean-gafualdnzupkfseuistvwtqbnpqd/Build/Products/Debug-iphoneos/IssueReportingPackageSupport.swiftmodule/arm64-apple-ios.swiftmodule /Users/ryankanfer/Library/Developer/Xcode/DerivedData/HOMEY_Clean-gafualdnzupkfseuistvwtqbnpqd/Build/Intermediates.noindex/xctest-dynamic-overlay.build/Debug-iphoneos/IssueReportingPackageSupport.build/Objects-normal/arm64/IssueReportingPackageSupport.swiftmodule (in target 'IssueReportingPackageSupport' from project 'xctest-dynamic-overlay')
    cd /Users/ryankanfer/Library/Developer/Xcode/DerivedData/HOMEY_Clean-gafualdnzupkfseuistvwtqbnpqd/SourcePackages/checkouts/xctest-dynamic-overlay
    builtin-copy -exclude .DS_Store -exclude CVS -exclude .svn -exclude .git -exclude .hg -resolve-src-symlinks -rename /Users/ryankanfer/Library/Developer/Xcode/DerivedData/HOMEY_Clean-gafualdnzupkfseuistvwtqbnpqd/Build/Intermediates.noindex/xctest-dynamic-overlay.build/Debug-iphoneos/IssueReportingPackageSupport.build/Objects-normal/arm64/IssueReportingPackageSupport.swiftmodule /Users/ryankanfer/Library/Developer/Xcode/DerivedData/HOMEY_Clean-gafualdnzupkfseuistvwtqbnpqd/Build/Products/Debug-iphoneos/IssueReportingPackageSupport.swiftmodule/arm64-apple-ios.swiftmodule

Copy /Users/ryankanfer/Library/Developer/Xcode/DerivedData/HOMEY_Clean-gafualdnzupkfseuistvwtqbnpqd/Build/Products/Debug-iphoneos/IssueReportingPackageSupport.swiftmodule/arm64-apple-ios.swiftdoc /Users/ryankanfer/Library/Developer/Xcode/DerivedData/HOMEY_Clean-gafualdnzupkfseuistvwtqbnpqd/Build/Intermediates.noindex/xctest-dynamic-overlay.build/Debug-iphoneos/IssueReportingPackageSupport.build/Objects-normal/arm64/IssueReportingPackageSupport.swiftdoc (in target 'IssueReportingPackageSupport' from project 'xctest-dynamic-overlay')
    cd /Users/ryankanfer/Library/Developer/Xcode/DerivedData/HOMEY_Clean-gafualdnzupkfseuistvwtqbnpqd/SourcePackages/checkouts/xctest-dynamic-overlay
    builtin-copy -exclude .DS_Store -exclude CVS -exclude .svn -exclude .git -exclude .hg -resolve-src-symlinks -rename /Users/ryankanfer/Library/Developer/Xcode/DerivedData/HOMEY_Clean-gafualdnzupkfseuistvwtqbnpqd/Build/Intermediates.noindex/xctest-dynamic-overlay.build/Debug-iphoneos/IssueReportingPackageSupport.build/Objects-normal/arm64/IssueReportingPackageSupport.swiftdoc /Users/ryankanfer/Library/Developer/Xcode/DerivedData/HOMEY_Clean-gafualdnzupkfseuistvwtqbnpqd/Build/Products/Debug-iphoneos/IssueReportingPackageSupport.swiftmodule/arm64-apple-ios.swiftdoc

Copy /Users/ryankanfer/Library/Developer/Xcode/DerivedData/HOMEY_Clean-gafualdnzupkfseuistvwtqbnpqd/Build/Products/Debug-iphoneos/IssueReportingPackageSupport.swiftmodule/arm64-apple-ios.abi.json /Users/ryankanfer/Library/Developer/Xcode/DerivedData/HOMEY_Clean-gafualdnzupkfseuistvwtqbnpqd/Build/Intermediates.noindex/xctest-dynamic-overlay.build/Debug-iphoneos/IssueReportingPackageSupport.build/Objects-normal/arm64/IssueReportingPackageSupport.abi.json (in target 'IssueReportingPackageSupport' from project 'xctest-dynamic-overlay')
    cd /Users/ryankanfer/Library/Developer/Xcode/DerivedData/HOMEY_Clean-gafualdnzupkfseuistvwtqbnpqd/SourcePackages/checkouts/xctest-dynamic-overlay
    builtin-copy -exclude .DS_Store -exclude CVS -exclude .svn -exclude .git -exclude .hg -resolve-src-symlinks -rename /Users/ryankanfer/Library/Developer/Xcode/DerivedData/HOMEY_Clean-gafualdnzupkfseuistvwtqbnpqd/Build/Intermediates.noindex/xctest-dynamic-overlay.build/Debug-iphoneos/IssueReportingPackageSupport.build/Objects-normal/arm64/IssueReportingPackageSupport.abi.json /Users/ryankanfer/Library/Developer/Xcode/DerivedData/HOMEY_Clean-gafualdnzupkfseuistvwtqbnpqd/Build/Products/Debug-iphoneos/IssueReportingPackageSupport.swiftmodule/arm64-apple-ios.abi.json

Copy /Users/ryankanfer/Library/Developer/Xcode/DerivedData/HOMEY_Clean-gafualdnzupkfseuistvwtqbnpqd/Build/Products/Debug-iphoneos/IssueReportingPackageSupport.swiftmodule/Project/arm64-apple-ios.swiftsourceinfo /Users/ryankanfer/Library/Developer/Xcode/DerivedData/HOMEY_Clean-gafualdnzupkfseuistvwtqbnpqd/Build/Intermediates.noindex/xctest-dynamic-overlay.build/Debug-iphoneos/IssueReportingPackageSupport.build/Objects-normal/arm64/IssueReportingPackageSupport.swiftsourceinfo (in target 'IssueReportingPackageSupport' from project 'xctest-dynamic-overlay')
    cd /Users/ryankanfer/Library/Developer/Xcode/DerivedData/HOMEY_Clean-gafualdnzupkfseuistvwtqbnpqd/SourcePackages/checkouts/xctest-dynamic-overlay
    builtin-copy -exclude .DS_Store -exclude CVS -exclude .svn -exclude .git -exclude .hg -resolve-src-symlinks -rename /Users/ryankanfer/Library/Developer/Xcode/DerivedData/HOMEY_Clean-gafualdnzupkfseuistvwtqbnpqd/Build/Intermediates.noindex/xctest-dynamic-overlay.build/Debug-iphoneos/IssueReportingPackageSupport.build/Objects-normal/arm64/IssueReportingPackageSupport.swiftsourceinfo /Users/ryankanfer/Library/Developer/Xcode/DerivedData/HOMEY_Clean-gafualdnzupkfseuistvwtqbnpqd/Build/Products/Debug-iphoneos/IssueReportingPackageSupport.swiftmodule/Project/arm64-apple-ios.swiftsourceinfo

SwiftDriver\ Compilation IssueReportingPackageSupport normal arm64 com.apple.xcode.tools.swift.compiler (in target 'IssueReportingPackageSupport' from project 'xctest-dynamic-overlay')
    cd /Users/ryankanfer/Documents/Developer/HOMEY\ Clean/HOMEY\ Clean.xcodeproj
    builtin-Swift-Compilation -- /Applications/Xcode.app/Contents/Developer/Toolchains/XcodeDefault.xctoolchain/usr/bin/swiftc -module-name IssueReportingPackageSupport -Onone -enforce-exclusivity\=checked @/Users/ryankanfer/Library/Developer/Xcode/DerivedData/HOMEY_Clean-gafualdnzupkfseuistvwtqbnpqd/Build/Intermediates.noindex/xctest-dynamic-overlay.build/Debug-iphoneos/IssueReportingPackageSupport.build/Objects-normal/arm64/IssueReportingPackageSupport.SwiftFileList -DSWIFT_PACKAGE -DDEBUG -DSWIFT_MODULE_RESOURCE_BUNDLE_UNAVAILABLE -DXcode -plugin-path /Applications/Xcode.app/Contents/Developer/Toolchains/XcodeDefault.xctoolchain/usr/lib/swift/host/plugins/testing -enable-experimental-feature DebugDescriptionMacro -sdk /Applications/Xcode.app/Contents/Developer/Platforms/iPhoneOS.platform/Developer/SDKs/iPhoneOS26.0.sdk -target arm64-apple-ios13.0 -g -module-cache-path /Users/ryankanfer/Library/Developer/Xcode/DerivedData/ModuleCache.noindex -Xfrontend -serialize-debugging-options -profile-coverage-mapping -profile-generate -enable-testing -suppress-warnings -index-store-path /Users/ryankanfer/Library/Developer/Xcode/DerivedData/HOMEY_Clean-gafualdnzupkfseuistvwtqbnpqd/Index.noindex/DataStore -Xcc -D_LIBCPP_HARDENING_MODE\=_LIBCPP_HARDENING_MODE_DEBUG -swift-version 6 -I /Users/ryankanfer/Library/Developer/Xcode/DerivedData/HOMEY_Clean-gafualdnzupkfseuistvwtqbnpqd/Build/Products/Debug-iphoneos -Isystem /Applications/Xcode.app/Contents/Developer/Platforms/iPhoneOS.platform/Developer/usr/lib -F /Users/ryankanfer/Library/Developer/Xcode/DerivedData/HOMEY_Clean-gafualdnzupkfseuistvwtqbnpqd/Build/Products/Debug-iphoneos -F /Applications/Xcode.app/Contents/Developer/Platforms/iPhoneOS.platform/Developer/Library/Frameworks -F /Applications/Xcode.app/Contents/Developer/Platforms/iPhoneOS.platform/Developer/SDKs/iPhoneOS26.0.sdk/Developer/Library/Frameworks -parse-as-library -c -j8 -enable-batch-mode -incremental -Xcc -ivfsstatcache -Xcc /Users/ryankanfer/Library/Developer/Xcode/DerivedData/SDKStatCaches.noindex/iphoneos26.0-23A339-81ce72e5b06c9602b9d30b56f2eed08a.sdkstatcache -output-file-map /Users/ryankanfer/Library/Developer/Xcode/DerivedData/HOMEY_Clean-gafualdnzupkfseuistvwtqbnpqd/Build/Intermediates.noindex/xctest-dynamic-overlay.build/Debug-iphoneos/IssueReportingPackageSupport.build/Objects-normal/arm64/IssueReportingPackageSupport-OutputFileMap.json -use-frontend-parseable-output -save-temps -no-color-diagnostics -explicit-module-build -module-cache-path /Users/ryankanfer/Library/Developer/Xcode/DerivedData/HOMEY_Clean-gafualdnzupkfseuistvwtqbnpqd/Build/Intermediates.noindex/SwiftExplicitPrecompiledModules -clang-scanner-module-cache-path /Users/ryankanfer/Library/Developer/Xcode/DerivedData/ModuleCache.noindex -sdk-module-cache-path /Users/ryankanfer/Library/Developer/Xcode/DerivedData/ModuleCache.noindex -serialize-diagnostics -emit-dependencies -emit-module -emit-module-path /Users/ryankanfer/Library/Developer/Xcode/DerivedData/HOMEY_Clean-gafualdnzupkfseuistvwtqbnpqd/Build/Intermediates.noindex/xctest-dynamic-overlay.build/Debug-iphoneos/IssueReportingPackageSupport.build/Objects-normal/arm64/IssueReportingPackageSupport.swiftmodule -user-module-version 1.6.1 -validate-clang-modules-once -clang-build-session-file /Users/ryankanfer/Library/Developer/Xcode/DerivedData/ModuleCache.noindex/Session.modulevalidation -package-name xctest_dynamic_overlay -Xcc -I/Users/ryankanfer/Library/Developer/Xcode/DerivedData/HOMEY_Clean-gafualdnzupkfseuistvwtqbnpqd/Build/Intermediates.noindex/xctest-dynamic-overlay.build/Debug-iphoneos/IssueReportingPackageSupport.build/swift-overrides.hmap -emit-const-values -Xfrontend -const-gather-protocols-file -Xfrontend /Users/ryankanfer/Library/Developer/Xcode/DerivedData/HOMEY_Clean-gafualdnzupkfseuistvwtqbnpqd/Build/Intermediates.noindex/xctest-dynamic-overlay.build/Debug-iphoneos/IssueReportingPackageSupport.build/Objects-normal/arm64/IssueReportingPackageSupport_const_extract_protocols.json -Xcc -I/Users/ryankanfer/Library/Developer/Xcode/DerivedData/HOMEY_Clean-gafualdnzupkfseuistvwtqbnpqd/Build/Products/Debug-iphoneos/include -Xcc -I/Users/ryankanfer/Library/Developer/Xcode/DerivedData/HOMEY_Clean-gafualdnzupkfseuistvwtqbnpqd/Build/Intermediates.noindex/xctest-dynamic-overlay.build/Debug-iphoneos/IssueReportingPackageSupport.build/DerivedSources-normal/arm64 -Xcc -I/Users/ryankanfer/Library/Developer/Xcode/DerivedData/HOMEY_Clean-gafualdnzupkfseuistvwtqbnpqd/Build/Intermediates.noindex/xctest-dynamic-overlay.build/Debug-iphoneos/IssueReportingPackageSupport.build/DerivedSources/arm64 -Xcc -I/Users/ryankanfer/Library/Developer/Xcode/DerivedData/HOMEY_Clean-gafualdnzupkfseuistvwtqbnpqd/Build/Intermediates.noindex/xctest-dynamic-overlay.build/Debug-iphoneos/IssueReportingPackageSupport.build/DerivedSources -Xcc -DSWIFT_PACKAGE -Xcc -DDEBUG\=1 -emit-objc-header -emit-objc-header-path /Users/ryankanfer/Library/Developer/Xcode/DerivedData/HOMEY_Clean-gafualdnzupkfseuistvwtqbnpqd/Build/Intermediates.noindex/xctest-dynamic-overlay.build/Debug-iphoneos/IssueReportingPackageSupport.build/Objects-normal/arm64/IssueReportingPackageSupport-Swift.h -working-directory /Users/ryankanfer/Documents/Developer/HOMEY\ Clean/HOMEY\ Clean.xcodeproj -experimental-emit-module-separately -disable-cmo

SwiftCompile normal arm64 Compiling\ HTTPField.swift /Users/ryankanfer/Library/Developer/Xcode/DerivedData/HOMEY_Clean-gafualdnzupkfseuistvwtqbnpqd/SourcePackages/checkouts/swift-http-types/Sources/HTTPTypes/HTTPField.swift (in target 'HTTPTypes' from project 'swift-http-types')

SwiftCompile normal arm64 /Users/ryankanfer/Library/Developer/Xcode/DerivedData/HOMEY_Clean-gafualdnzupkfseuistvwtqbnpqd/SourcePackages/checkouts/swift-http-types/Sources/HTTPTypes/HTTPField.swift (in target 'HTTPTypes' from project 'swift-http-types')
    cd /Users/ryankanfer/Documents/Developer/HOMEY\ Clean/HOMEY\ Clean.xcodeproj
    

SwiftDriverJobDiscovery normal arm64 Emitting module for HTTPTypes (in target 'HTTPTypes' from project 'swift-http-types')

SwiftCompile normal arm64 Compiling\ NIOLock.swift /Users/ryankanfer/Library/Developer/Xcode/DerivedData/HOMEY_Clean-gafualdnzupkfseuistvwtqbnpqd/SourcePackages/checkouts/swift-http-types/Sources/HTTPTypes/NIOLock.swift (in target 'HTTPTypes' from project 'swift-http-types')

SwiftCompile normal arm64 /Users/ryankanfer/Library/Developer/Xcode/DerivedData/HOMEY_Clean-gafualdnzupkfseuistvwtqbnpqd/SourcePackages/checkouts/swift-http-types/Sources/HTTPTypes/NIOLock.swift (in target 'HTTPTypes' from project 'swift-http-types')
    cd /Users/ryankanfer/Documents/Developer/HOMEY\ Clean/HOMEY\ Clean.xcodeproj
    

SwiftDriver\ Compilation\ Requirements HTTPTypes normal arm64 com.apple.xcode.tools.swift.compiler (in target 'HTTPTypes' from project 'swift-http-types')
    cd /Users/ryankanfer/Documents/Developer/HOMEY\ Clean/HOMEY\ Clean.xcodeproj
    builtin-Swift-Compilation-Requirements -- /Applications/Xcode.app/Contents/Developer/Toolchains/XcodeDefault.xctoolchain/usr/bin/swiftc -module-name HTTPTypes -Onone -enforce-exclusivity\=checked @/Users/ryankanfer/Library/Developer/Xcode/DerivedData/HOMEY_Clean-gafualdnzupkfseuistvwtqbnpqd/Build/Intermediates.noindex/swift-http-types.build/Debug-iphoneos/HTTPTypes.build/Objects-normal/arm64/HTTPTypes.SwiftFileList -DSWIFT_PACKAGE -DDEBUG -DSWIFT_MODULE_RESOURCE_BUNDLE_UNAVAILABLE -DXcode -enable-experimental-feature StrictConcurrency\=complete -enable-upcoming-feature MemberImportVisibility -plugin-path /Applications/Xcode.app/Contents/Developer/Toolchains/XcodeDefault.xctoolchain/usr/lib/swift/host/plugins/testing -enable-experimental-feature DebugDescriptionMacro -sdk /Applications/Xcode.app/Contents/Developer/Platforms/iPhoneOS.platform/Developer/SDKs/iPhoneOS26.0.sdk -target arm64-apple-ios12.0 -g -module-cache-path /Users/ryankanfer/Library/Developer/Xcode/DerivedData/ModuleCache.noindex -Xfrontend -serialize-debugging-options -profile-coverage-mapping -profile-generate -enable-testing -suppress-warnings -index-store-path /Users/ryankanfer/Library/Developer/Xcode/DerivedData/HOMEY_Clean-gafualdnzupkfseuistvwtqbnpqd/Index.noindex/DataStore -Xcc -D_LIBCPP_HARDENING_MODE\=_LIBCPP_HARDENING_MODE_DEBUG -swift-version 5 -I /Users/ryankanfer/Library/Developer/Xcode/DerivedData/HOMEY_Clean-gafualdnzupkfseuistvwtqbnpqd/Build/Products/Debug-iphoneos -Isystem /Applications/Xcode.app/Contents/Developer/Platforms/iPhoneOS.platform/Developer/usr/lib -F /Users/ryankanfer/Library/Developer/Xcode/DerivedData/HOMEY_Clean-gafualdnzupkfseuistvwtqbnpqd/Build/Products/Debug-iphoneos -F /Applications/Xcode.app/Contents/Developer/Platforms/iPhoneOS.platform/Developer/Library/Frameworks -F /Applications/Xcode.app/Contents/Developer/Platforms/iPhoneOS.platform/Developer/SDKs/iPhoneOS26.0.sdk/Developer/Library/Frameworks -c -j8 -enable-batch-mode -incremental -Xcc -ivfsstatcache -Xcc /Users/ryankanfer/Library/Developer/Xcode/DerivedData/SDKStatCaches.noindex/iphoneos26.0-23A339-81ce72e5b06c9602b9d30b56f2eed08a.sdkstatcache -output-file-map /Users/ryankanfer/Library/Developer/Xcode/DerivedData/HOMEY_Clean-gafualdnzupkfseuistvwtqbnpqd/Build/Intermediates.noindex/swift-http-types.build/Debug-iphoneos/HTTPTypes.build/Objects-normal/arm64/HTTPTypes-OutputFileMap.json -use-frontend-parseable-output -save-temps -no-color-diagnostics -explicit-module-build -module-cache-path /Users/ryankanfer/Library/Developer/Xcode/DerivedData/HOMEY_Clean-gafualdnzupkfseuistvwtqbnpqd/Build/Intermediates.noindex/SwiftExplicitPrecompiledModules -clang-scanner-module-cache-path /Users/ryankanfer/Library/Developer/Xcode/DerivedData/ModuleCache.noindex -sdk-module-cache-path /Users/ryankanfer/Library/Developer/Xcode/DerivedData/ModuleCache.noindex -serialize-diagnostics -emit-dependencies -emit-module -emit-module-path /Users/ryankanfer/Library/Developer/Xcode/DerivedData/HOMEY_Clean-gafualdnzupkfseuistvwtqbnpqd/Build/Intermediates.noindex/swift-http-types.build/Debug-iphoneos/HTTPTypes.build/Objects-normal/arm64/HTTPTypes.swiftmodule -validate-clang-modules-once -clang-build-session-file /Users/ryankanfer/Library/Developer/Xcode/DerivedData/ModuleCache.noindex/Session.modulevalidation -package-name swift_http_types -Xcc -I/Users/ryankanfer/Library/Developer/Xcode/DerivedData/HOMEY_Clean-gafualdnzupkfseuistvwtqbnpqd/Build/Intermediates.noindex/swift-http-types.build/Debug-iphoneos/HTTPTypes.build/swift-overrides.hmap -emit-const-values -Xfrontend -const-gather-protocols-file -Xfrontend /Users/ryankanfer/Library/Developer/Xcode/DerivedData/HOMEY_Clean-gafualdnzupkfseuistvwtqbnpqd/Build/Intermediates.noindex/swift-http-types.build/Debug-iphoneos/HTTPTypes.build/Objects-normal/arm64/HTTPTypes_const_extract_protocols.json -Xcc -I/Users/ryankanfer/Library/Developer/Xcode/DerivedData/HOMEY_Clean-gafualdnzupkfseuistvwtqbnpqd/Build/Products/Debug-iphoneos/include -Xcc -I/Users/ryankanfer/Library/Developer/Xcode/DerivedData/HOMEY_Clean-gafualdnzupkfseuistvwtqbnpqd/Build/Intermediates.noindex/swift-http-types.build/Debug-iphoneos/HTTPTypes.build/DerivedSources-normal/arm64 -Xcc -I/Users/ryankanfer/Library/Developer/Xcode/DerivedData/HOMEY_Clean-gafualdnzupkfseuistvwtqbnpqd/Build/Intermediates.noindex/swift-http-types.build/Debug-iphoneos/HTTPTypes.build/DerivedSources/arm64 -Xcc -I/Users/ryankanfer/Library/Developer/Xcode/DerivedData/HOMEY_Clean-gafualdnzupkfseuistvwtqbnpqd/Build/Intermediates.noindex/swift-http-types.build/Debug-iphoneos/HTTPTypes.build/DerivedSources -Xcc -DSWIFT_PACKAGE -Xcc -DDEBUG\=1 -emit-objc-header -emit-objc-header-path /Users/ryankanfer/Library/Developer/Xcode/DerivedData/HOMEY_Clean-gafualdnzupkfseuistvwtqbnpqd/Build/Intermediates.noindex/swift-http-types.build/Debug-iphoneos/HTTPTypes.build/Objects-normal/arm64/HTTPTypes-Swift.h -working-directory /Users/ryankanfer/Documents/Developer/HOMEY\ Clean/HOMEY\ Clean.xcodeproj -experimental-emit-module-separately -disable-cmo

SwiftDriverJobDiscovery normal arm64 Emitting module for ConcurrencyExtras (in target 'ConcurrencyExtras' from project 'swift-concurrency-extras')

SwiftDriver\ Compilation\ Requirements ConcurrencyExtras normal arm64 com.apple.xcode.tools.swift.compiler (in target 'ConcurrencyExtras' from project 'swift-concurrency-extras')
    cd /Users/ryankanfer/Documents/Developer/HOMEY\ Clean/HOMEY\ Clean.xcodeproj
    builtin-Swift-Compilation-Requirements -- /Applications/Xcode.app/Contents/Developer/Toolchains/XcodeDefault.xctoolchain/usr/bin/swiftc -module-name ConcurrencyExtras -Onone -enforce-exclusivity\=checked @/Users/ryankanfer/Library/Developer/Xcode/DerivedData/HOMEY_Clean-gafualdnzupkfseuistvwtqbnpqd/Build/Intermediates.noindex/swift-concurrency-extras.build/Debug-iphoneos/ConcurrencyExtras.build/Objects-normal/arm64/ConcurrencyExtras.SwiftFileList -DSWIFT_PACKAGE -DDEBUG -DSWIFT_MODULE_RESOURCE_BUNDLE_UNAVAILABLE -DXcode -plugin-path /Applications/Xcode.app/Contents/Developer/Toolchains/XcodeDefault.xctoolchain/usr/lib/swift/host/plugins/testing -enable-experimental-feature DebugDescriptionMacro -sdk /Applications/Xcode.app/Contents/Developer/Platforms/iPhoneOS.platform/Developer/SDKs/iPhoneOS26.0.sdk -target arm64-apple-ios13.0 -g -module-cache-path /Users/ryankanfer/Library/Developer/Xcode/DerivedData/ModuleCache.noindex -Xfrontend -serialize-debugging-options -profile-coverage-mapping -profile-generate -enable-testing -suppress-warnings -index-store-path /Users/ryankanfer/Library/Developer/Xcode/DerivedData/HOMEY_Clean-gafualdnzupkfseuistvwtqbnpqd/Index.noindex/DataStore -Xcc -D_LIBCPP_HARDENING_MODE\=_LIBCPP_HARDENING_MODE_DEBUG -swift-version 6 -I /Users/ryankanfer/Library/Developer/Xcode/DerivedData/HOMEY_Clean-gafualdnzupkfseuistvwtqbnpqd/Build/Products/Debug-iphoneos -Isystem /Applications/Xcode.app/Contents/Developer/Platforms/iPhoneOS.platform/Developer/usr/lib -F /Users/ryankanfer/Library/Developer/Xcode/DerivedData/HOMEY_Clean-gafualdnzupkfseuistvwtqbnpqd/Build/Products/Debug-iphoneos -F /Applications/Xcode.app/Contents/Developer/Platforms/iPhoneOS.platform/Developer/Library/Frameworks -F /Applications/Xcode.app/Contents/Developer/Platforms/iPhoneOS.platform/Developer/SDKs/iPhoneOS26.0.sdk/Developer/Library/Frameworks -c -j8 -enable-batch-mode -incremental -Xcc -ivfsstatcache -Xcc /Users/ryankanfer/Library/Developer/Xcode/DerivedData/SDKStatCaches.noindex/iphoneos26.0-23A339-81ce72e5b06c9602b9d30b56f2eed08a.sdkstatcache -output-file-map /Users/ryankanfer/Library/Developer/Xcode/DerivedData/HOMEY_Clean-gafualdnzupkfseuistvwtqbnpqd/Build/Intermediates.noindex/swift-concurrency-extras.build/Debug-iphoneos/ConcurrencyExtras.build/Objects-normal/arm64/ConcurrencyExtras-OutputFileMap.json -use-frontend-parseable-output -save-temps -no-color-diagnostics -explicit-module-build -module-cache-path /Users/ryankanfer/Library/Developer/Xcode/DerivedData/HOMEY_Clean-gafualdnzupkfseuistvwtqbnpqd/Build/Intermediates.noindex/SwiftExplicitPrecompiledModules -clang-scanner-module-cache-path /Users/ryankanfer/Library/Developer/Xcode/DerivedData/ModuleCache.noindex -sdk-module-cache-path /Users/ryankanfer/Library/Developer/Xcode/DerivedData/ModuleCache.noindex -serialize-diagnostics -emit-dependencies -emit-module -emit-module-path /Users/ryankanfer/Library/Developer/Xcode/DerivedData/HOMEY_Clean-gafualdnzupkfseuistvwtqbnpqd/Build/Intermediates.noindex/swift-concurrency-extras.build/Debug-iphoneos/ConcurrencyExtras.build/Objects-normal/arm64/ConcurrencyExtras.swiftmodule -user-module-version 1.3.1 -validate-clang-modules-once -clang-build-session-file /Users/ryankanfer/Library/Developer/Xcode/DerivedData/ModuleCache.noindex/Session.modulevalidation -package-name swift_concurrency_extras -Xcc -I/Users/ryankanfer/Library/Developer/Xcode/DerivedData/HOMEY_Clean-gafualdnzupkfseuistvwtqbnpqd/Build/Intermediates.noindex/swift-concurrency-extras.build/Debug-iphoneos/ConcurrencyExtras.build/swift-overrides.hmap -emit-const-values -Xfrontend -const-gather-protocols-file -Xfrontend /Users/ryankanfer/Library/Developer/Xcode/DerivedData/HOMEY_Clean-gafualdnzupkfseuistvwtqbnpqd/Build/Intermediates.noindex/swift-concurrency-extras.build/Debug-iphoneos/ConcurrencyExtras.build/Objects-normal/arm64/ConcurrencyExtras_const_extract_protocols.json -Xcc -I/Users/ryankanfer/Library/Developer/Xcode/DerivedData/HOMEY_Clean-gafualdnzupkfseuistvwtqbnpqd/Build/Products/Debug-iphoneos/include -Xcc -I/Users/ryankanfer/Library/Developer/Xcode/DerivedData/HOMEY_Clean-gafualdnzupkfseuistvwtqbnpqd/Build/Intermediates.noindex/swift-concurrency-extras.build/Debug-iphoneos/ConcurrencyExtras.build/DerivedSources-normal/arm64 -Xcc -I/Users/ryankanfer/Library/Developer/Xcode/DerivedData/HOMEY_Clean-gafualdnzupkfseuistvwtqbnpqd/Build/Intermediates.noindex/swift-concurrency-extras.build/Debug-iphoneos/ConcurrencyExtras.build/DerivedSources/arm64 -Xcc -I/Users/ryankanfer/Library/Developer/Xcode/DerivedData/HOMEY_Clean-gafualdnzupkfseuistvwtqbnpqd/Build/Intermediates.noindex/swift-concurrency-extras.build/Debug-iphoneos/ConcurrencyExtras.build/DerivedSources -Xcc -DSWIFT_PACKAGE -Xcc -DDEBUG\=1 -emit-objc-header -emit-objc-header-path /Users/ryankanfer/Library/Developer/Xcode/DerivedData/HOMEY_Clean-gafualdnzupkfseuistvwtqbnpqd/Build/Intermediates.noindex/swift-concurrency-extras.build/Debug-iphoneos/ConcurrencyExtras.build/Objects-normal/arm64/ConcurrencyExtras-Swift.h -working-directory /Users/ryankanfer/Documents/Developer/HOMEY\ Clean/HOMEY\ Clean.xcodeproj -experimental-emit-module-separately -disable-cmo

SwiftDriverJobDiscovery normal arm64 Compiling HTTPParsedFields.swift (in target 'HTTPTypes' from project 'swift-http-types')

SwiftCompile normal arm64 Compiling\ HTTPFieldName.swift /Users/ryankanfer/Library/Developer/Xcode/DerivedData/HOMEY_Clean-gafualdnzupkfseuistvwtqbnpqd/SourcePackages/checkouts/swift-http-types/Sources/HTTPTypes/HTTPFieldName.swift (in target 'HTTPTypes' from project 'swift-http-types')

SwiftCompile normal arm64 /Users/ryankanfer/Library/Developer/Xcode/DerivedData/HOMEY_Clean-gafualdnzupkfseuistvwtqbnpqd/SourcePackages/checkouts/swift-http-types/Sources/HTTPTypes/HTTPFieldName.swift (in target 'HTTPTypes' from project 'swift-http-types')
    cd /Users/ryankanfer/Documents/Developer/HOMEY\ Clean/HOMEY\ Clean.xcodeproj
    

SwiftMergeGeneratedHeaders /Users/ryankanfer/Library/Developer/Xcode/DerivedData/HOMEY_Clean-gafualdnzupkfseuistvwtqbnpqd/Build/Intermediates.noindex/GeneratedModuleMaps-iphoneos/HTTPTypes-Swift.h /Users/ryankanfer/Library/Developer/Xcode/DerivedData/HOMEY_Clean-gafualdnzupkfseuistvwtqbnpqd/Build/Intermediates.noindex/swift-http-types.build/Debug-iphoneos/HTTPTypes.build/Objects-normal/arm64/HTTPTypes-Swift.h (in target 'HTTPTypes' from project 'swift-http-types')
    cd /Users/ryankanfer/Library/Developer/Xcode/DerivedData/HOMEY_Clean-gafualdnzupkfseuistvwtqbnpqd/SourcePackages/checkouts/swift-http-types
    builtin-swiftHeaderTool -arch arm64 /Users/ryankanfer/Library/Developer/Xcode/DerivedData/HOMEY_Clean-gafualdnzupkfseuistvwtqbnpqd/Build/Intermediates.noindex/swift-http-types.build/Debug-iphoneos/HTTPTypes.build/Objects-normal/arm64/HTTPTypes-Swift.h -o /Users/ryankanfer/Library/Developer/Xcode/DerivedData/HOMEY_Clean-gafualdnzupkfseuistvwtqbnpqd/Build/Intermediates.noindex/GeneratedModuleMaps-iphoneos/HTTPTypes-Swift.h

Copy /Users/ryankanfer/Library/Developer/Xcode/DerivedData/HOMEY_Clean-gafualdnzupkfseuistvwtqbnpqd/Build/Products/Debug-iphoneos/HTTPTypes.swiftmodule/arm64-apple-ios.swiftmodule /Users/ryankanfer/Library/Developer/Xcode/DerivedData/HOMEY_Clean-gafualdnzupkfseuistvwtqbnpqd/Build/Intermediates.noindex/swift-http-types.build/Debug-iphoneos/HTTPTypes.build/Objects-normal/arm64/HTTPTypes.swiftmodule (in target 'HTTPTypes' from project 'swift-http-types')
    cd /Users/ryankanfer/Library/Developer/Xcode/DerivedData/HOMEY_Clean-gafualdnzupkfseuistvwtqbnpqd/SourcePackages/checkouts/swift-http-types
    builtin-copy -exclude .DS_Store -exclude CVS -exclude .svn -exclude .git -exclude .hg -resolve-src-symlinks -rename /Users/ryankanfer/Library/Developer/Xcode/DerivedData/HOMEY_Clean-gafualdnzupkfseuistvwtqbnpqd/Build/Intermediates.noindex/swift-http-types.build/Debug-iphoneos/HTTPTypes.build/Objects-normal/arm64/HTTPTypes.swiftmodule /Users/ryankanfer/Library/Developer/Xcode/DerivedData/HOMEY_Clean-gafualdnzupkfseuistvwtqbnpqd/Build/Products/Debug-iphoneos/HTTPTypes.swiftmodule/arm64-apple-ios.swiftmodule

Copy /Users/ryankanfer/Library/Developer/Xcode/DerivedData/HOMEY_Clean-gafualdnzupkfseuistvwtqbnpqd/Build/Products/Debug-iphoneos/HTTPTypes.swiftmodule/arm64-apple-ios.swiftdoc /Users/ryankanfer/Library/Developer/Xcode/DerivedData/HOMEY_Clean-gafualdnzupkfseuistvwtqbnpqd/Build/Intermediates.noindex/swift-http-types.build/Debug-iphoneos/HTTPTypes.build/Objects-normal/arm64/HTTPTypes.swiftdoc (in target 'HTTPTypes' from project 'swift-http-types')
    cd /Users/ryankanfer/Library/Developer/Xcode/DerivedData/HOMEY_Clean-gafualdnzupkfseuistvwtqbnpqd/SourcePackages/checkouts/swift-http-types
    builtin-copy -exclude .DS_Store -exclude CVS -exclude .svn -exclude .git -exclude .hg -resolve-src-symlinks -rename /Users/ryankanfer/Library/Developer/Xcode/DerivedData/HOMEY_Clean-gafualdnzupkfseuistvwtqbnpqd/Build/Intermediates.noindex/swift-http-types.build/Debug-iphoneos/HTTPTypes.build/Objects-normal/arm64/HTTPTypes.swiftdoc /Users/ryankanfer/Library/Developer/Xcode/DerivedData/HOMEY_Clean-gafualdnzupkfseuistvwtqbnpqd/Build/Products/Debug-iphoneos/HTTPTypes.swiftmodule/arm64-apple-ios.swiftdoc

Copy /Users/ryankanfer/Library/Developer/Xcode/DerivedData/HOMEY_Clean-gafualdnzupkfseuistvwtqbnpqd/Build/Products/Debug-iphoneos/HTTPTypes.swiftmodule/arm64-apple-ios.abi.json /Users/ryankanfer/Library/Developer/Xcode/DerivedData/HOMEY_Clean-gafualdnzupkfseuistvwtqbnpqd/Build/Intermediates.noindex/swift-http-types.build/Debug-iphoneos/HTTPTypes.build/Objects-normal/arm64/HTTPTypes.abi.json (in target 'HTTPTypes' from project 'swift-http-types')
    cd /Users/ryankanfer/Library/Developer/Xcode/DerivedData/HOMEY_Clean-gafualdnzupkfseuistvwtqbnpqd/SourcePackages/checkouts/swift-http-types
    builtin-copy -exclude .DS_Store -exclude CVS -exclude .svn -exclude .git -exclude .hg -resolve-src-symlinks -rename /Users/ryankanfer/Library/Developer/Xcode/DerivedData/HOMEY_Clean-gafualdnzupkfseuistvwtqbnpqd/Build/Intermediates.noindex/swift-http-types.build/Debug-iphoneos/HTTPTypes.build/Objects-normal/arm64/HTTPTypes.abi.json /Users/ryankanfer/Library/Developer/Xcode/DerivedData/HOMEY_Clean-gafualdnzupkfseuistvwtqbnpqd/Build/Products/Debug-iphoneos/HTTPTypes.swiftmodule/arm64-apple-ios.abi.json

Copy /Users/ryankanfer/Library/Developer/Xcode/DerivedData/HOMEY_Clean-gafualdnzupkfseuistvwtqbnpqd/Build/Products/Debug-iphoneos/HTTPTypes.swiftmodule/Project/arm64-apple-ios.swiftsourceinfo /Users/ryankanfer/Library/Developer/Xcode/DerivedData/HOMEY_Clean-gafualdnzupkfseuistvwtqbnpqd/Build/Intermediates.noindex/swift-http-types.build/Debug-iphoneos/HTTPTypes.build/Objects-normal/arm64/HTTPTypes.swiftsourceinfo (in target 'HTTPTypes' from project 'swift-http-types')
    cd /Users/ryankanfer/Library/Developer/Xcode/DerivedData/HOMEY_Clean-gafualdnzupkfseuistvwtqbnpqd/SourcePackages/checkouts/swift-http-types
    builtin-copy -exclude .DS_Store -exclude CVS -exclude .svn -exclude .git -exclude .hg -resolve-src-symlinks -rename /Users/ryankanfer/Library/Developer/Xcode/DerivedData/HOMEY_Clean-gafualdnzupkfseuistvwtqbnpqd/Build/Intermediates.noindex/swift-http-types.build/Debug-iphoneos/HTTPTypes.build/Objects-normal/arm64/HTTPTypes.swiftsourceinfo /Users/ryankanfer/Library/Developer/Xcode/DerivedData/HOMEY_Clean-gafualdnzupkfseuistvwtqbnpqd/Build/Products/Debug-iphoneos/HTTPTypes.swiftmodule/Project/arm64-apple-ios.swiftsourceinfo

SwiftMergeGeneratedHeaders /Users/ryankanfer/Library/Developer/Xcode/DerivedData/HOMEY_Clean-gafualdnzupkfseuistvwtqbnpqd/Build/Intermediates.noindex/GeneratedModuleMaps-iphoneos/ConcurrencyExtras-Swift.h /Users/ryankanfer/Library/Developer/Xcode/DerivedData/HOMEY_Clean-gafualdnzupkfseuistvwtqbnpqd/Build/Intermediates.noindex/swift-concurrency-extras.build/Debug-iphoneos/ConcurrencyExtras.build/Objects-normal/arm64/ConcurrencyExtras-Swift.h (in target 'ConcurrencyExtras' from project 'swift-concurrency-extras')
    cd /Users/ryankanfer/Library/Developer/Xcode/DerivedData/HOMEY_Clean-gafualdnzupkfseuistvwtqbnpqd/SourcePackages/checkouts/swift-concurrency-extras
    builtin-swiftHeaderTool -arch arm64 /Users/ryankanfer/Library/Developer/Xcode/DerivedData/HOMEY_Clean-gafualdnzupkfseuistvwtqbnpqd/Build/Intermediates.noindex/swift-concurrency-extras.build/Debug-iphoneos/ConcurrencyExtras.build/Objects-normal/arm64/ConcurrencyExtras-Swift.h -o /Users/ryankanfer/Library/Developer/Xcode/DerivedData/HOMEY_Clean-gafualdnzupkfseuistvwtqbnpqd/Build/Intermediates.noindex/GeneratedModuleMaps-iphoneos/ConcurrencyExtras-Swift.h

Copy /Users/ryankanfer/Library/Developer/Xcode/DerivedData/HOMEY_Clean-gafualdnzupkfseuistvwtqbnpqd/Build/Products/Debug-iphoneos/ConcurrencyExtras.swiftmodule/arm64-apple-ios.swiftmodule /Users/ryankanfer/Library/Developer/Xcode/DerivedData/HOMEY_Clean-gafualdnzupkfseuistvwtqbnpqd/Build/Intermediates.noindex/swift-concurrency-extras.build/Debug-iphoneos/ConcurrencyExtras.build/Objects-normal/arm64/ConcurrencyExtras.swiftmodule (in target 'ConcurrencyExtras' from project 'swift-concurrency-extras')
    cd /Users/ryankanfer/Library/Developer/Xcode/DerivedData/HOMEY_Clean-gafualdnzupkfseuistvwtqbnpqd/SourcePackages/checkouts/swift-concurrency-extras
    builtin-copy -exclude .DS_Store -exclude CVS -exclude .svn -exclude .git -exclude .hg -resolve-src-symlinks -rename /Users/ryankanfer/Library/Developer/Xcode/DerivedData/HOMEY_Clean-gafualdnzupkfseuistvwtqbnpqd/Build/Intermediates.noindex/swift-concurrency-extras.build/Debug-iphoneos/ConcurrencyExtras.build/Objects-normal/arm64/ConcurrencyExtras.swiftmodule /Users/ryankanfer/Library/Developer/Xcode/DerivedData/HOMEY_Clean-gafualdnzupkfseuistvwtqbnpqd/Build/Products/Debug-iphoneos/ConcurrencyExtras.swiftmodule/arm64-apple-ios.swiftmodule

Copy /Users/ryankanfer/Library/Developer/Xcode/DerivedData/HOMEY_Clean-gafualdnzupkfseuistvwtqbnpqd/Build/Products/Debug-iphoneos/ConcurrencyExtras.swiftmodule/arm64-apple-ios.swiftdoc /Users/ryankanfer/Library/Developer/Xcode/DerivedData/HOMEY_Clean-gafualdnzupkfseuistvwtqbnpqd/Build/Intermediates.noindex/swift-concurrency-extras.build/Debug-iphoneos/ConcurrencyExtras.build/Objects-normal/arm64/ConcurrencyExtras.swiftdoc (in target 'ConcurrencyExtras' from project 'swift-concurrency-extras')
    cd /Users/ryankanfer/Library/Developer/Xcode/DerivedData/HOMEY_Clean-gafualdnzupkfseuistvwtqbnpqd/SourcePackages/checkouts/swift-concurrency-extras
    builtin-copy -exclude .DS_Store -exclude CVS -exclude .svn -exclude .git -exclude .hg -resolve-src-symlinks -rename /Users/ryankanfer/Library/Developer/Xcode/DerivedData/HOMEY_Clean-gafualdnzupkfseuistvwtqbnpqd/Build/Intermediates.noindex/swift-concurrency-extras.build/Debug-iphoneos/ConcurrencyExtras.build/Objects-normal/arm64/ConcurrencyExtras.swiftdoc /Users/ryankanfer/Library/Developer/Xcode/DerivedData/HOMEY_Clean-gafualdnzupkfseuistvwtqbnpqd/Build/Products/Debug-iphoneos/ConcurrencyExtras.swiftmodule/arm64-apple-ios.swiftdoc

Copy /Users/ryankanfer/Library/Developer/Xcode/DerivedData/HOMEY_Clean-gafualdnzupkfseuistvwtqbnpqd/Build/Products/Debug-iphoneos/ConcurrencyExtras.swiftmodule/arm64-apple-ios.abi.json /Users/ryankanfer/Library/Developer/Xcode/DerivedData/HOMEY_Clean-gafualdnzupkfseuistvwtqbnpqd/Build/Intermediates.noindex/swift-concurrency-extras.build/Debug-iphoneos/ConcurrencyExtras.build/Objects-normal/arm64/ConcurrencyExtras.abi.json (in target 'ConcurrencyExtras' from project 'swift-concurrency-extras')
    cd /Users/ryankanfer/Library/Developer/Xcode/DerivedData/HOMEY_Clean-gafualdnzupkfseuistvwtqbnpqd/SourcePackages/checkouts/swift-concurrency-extras
    builtin-copy -exclude .DS_Store -exclude CVS -exclude .svn -exclude .git -exclude .hg -resolve-src-symlinks -rename /Users/ryankanfer/Library/Developer/Xcode/DerivedData/HOMEY_Clean-gafualdnzupkfseuistvwtqbnpqd/Build/Intermediates.noindex/swift-concurrency-extras.build/Debug-iphoneos/ConcurrencyExtras.build/Objects-normal/arm64/ConcurrencyExtras.abi.json /Users/ryankanfer/Library/Developer/Xcode/DerivedData/HOMEY_Clean-gafualdnzupkfseuistvwtqbnpqd/Build/Products/Debug-iphoneos/ConcurrencyExtras.swiftmodule/arm64-apple-ios.abi.json

Copy /Users/ryankanfer/Library/Developer/Xcode/DerivedData/HOMEY_Clean-gafualdnzupkfseuistvwtqbnpqd/Build/Products/Debug-iphoneos/ConcurrencyExtras.swiftmodule/Project/arm64-apple-ios.swiftsourceinfo /Users/ryankanfer/Library/Developer/Xcode/DerivedData/HOMEY_Clean-gafualdnzupkfseuistvwtqbnpqd/Build/Intermediates.noindex/swift-concurrency-extras.build/Debug-iphoneos/ConcurrencyExtras.build/Objects-normal/arm64/ConcurrencyExtras.swiftsourceinfo (in target 'ConcurrencyExtras' from project 'swift-concurrency-extras')
    cd /Users/ryankanfer/Library/Developer/Xcode/DerivedData/HOMEY_Clean-gafualdnzupkfseuistvwtqbnpqd/SourcePackages/checkouts/swift-concurrency-extras
    builtin-copy -exclude .DS_Store -exclude CVS -exclude .svn -exclude .git -exclude .hg -resolve-src-symlinks -rename /Users/ryankanfer/Library/Developer/Xcode/DerivedData/HOMEY_Clean-gafualdnzupkfseuistvwtqbnpqd/Build/Intermediates.noindex/swift-concurrency-extras.build/Debug-iphoneos/ConcurrencyExtras.build/Objects-normal/arm64/ConcurrencyExtras.swiftsourceinfo /Users/ryankanfer/Library/Developer/Xcode/DerivedData/HOMEY_Clean-gafualdnzupkfseuistvwtqbnpqd/Build/Products/Debug-iphoneos/ConcurrencyExtras.swiftmodule/Project/arm64-apple-ios.swiftsourceinfo

SwiftCompile normal arm64 Compiling\ ISOLatin1String.swift /Users/ryankanfer/Library/Developer/Xcode/DerivedData/HOMEY_Clean-gafualdnzupkfseuistvwtqbnpqd/SourcePackages/checkouts/swift-http-types/Sources/HTTPTypes/ISOLatin1String.swift (in target 'HTTPTypes' from project 'swift-http-types')

SwiftCompile normal arm64 /Users/ryankanfer/Library/Developer/Xcode/DerivedData/HOMEY_Clean-gafualdnzupkfseuistvwtqbnpqd/SourcePackages/checkouts/swift-http-types/Sources/HTTPTypes/ISOLatin1String.swift (in target 'HTTPTypes' from project 'swift-http-types')
    cd /Users/ryankanfer/Documents/Developer/HOMEY\ Clean/HOMEY\ Clean.xcodeproj
    

SwiftDriverJobDiscovery normal arm64 Emitting module for Crypto (in target 'Crypto' from project 'swift-crypto')

SwiftCompile normal arm64 Compiling\ HPKE-Errors.swift,\ HPKE.swift,\ HPKE-Context.swift,\ HPKE-KeySchedule.swift,\ HPKE-Modes.swift,\ Insecure.swift,\ Insecure_HashFunctions.swift,\ KEM.swift,\ ECDH_boring.swift,\ DH.swift /Users/ryankanfer/Library/Developer/Xcode/DerivedData/HOMEY_Clean-gafualdnzupkfseuistvwtqbnpqd/SourcePackages/checkouts/swift-crypto/Sources/Crypto/HPKE/HPKE-Errors.swift /Users/ryankanfer/Library/Developer/Xcode/DerivedData/HOMEY_Clean-gafualdnzupkfseuistvwtqbnpqd/SourcePackages/checkouts/swift-crypto/Sources/Crypto/HPKE/HPKE.swift /Users/ryankanfer/Library/Developer/Xcode/DerivedData/HOMEY_Clean-gafualdnzupkfseuistvwtqbnpqd/SourcePackages/checkouts/swift-crypto/Sources/Crypto/HPKE/Key\ Schedule/HPKE-Context.swift /Users/ryankanfer/Library/Developer/Xcode/DerivedData/HOMEY_Clean-gafualdnzupkfseuistvwtqbnpqd/SourcePackages/checkouts/swift-crypto/Sources/Crypto/HPKE/Key\ Schedule/HPKE-KeySchedule.swift /Users/ryankanfer/Library/Developer/Xcode/DerivedData/HOMEY_Clean-gafualdnzupkfseuistvwtqbnpqd/SourcePackages/checkouts/swift-crypto/Sources/Crypto/HPKE/Modes/HPKE-Modes.swift /Users/ryankanfer/Library/Developer/Xcode/DerivedData/HOMEY_Clean-gafualdnzupkfseuistvwtqbnpqd/SourcePackages/checkouts/swift-crypto/Sources/Crypto/Insecure/Insecure.swift /Users/ryankanfer/Library/Developer/Xcode/DerivedData/HOMEY_Clean-gafualdnzupkfseuistvwtqbnpqd/SourcePackages/checkouts/swift-crypto/Sources/Crypto/Insecure/Insecure_HashFunctions.swift /Users/ryankanfer/Library/Developer/Xcode/DerivedData/HOMEY_Clean-gafualdnzupkfseuistvwtqbnpqd/SourcePackages/checkouts/swift-crypto/Sources/Crypto/KEM/KEM.swift /Users/ryankanfer/Library/Developer/Xcode/DerivedData/HOMEY_Clean-gafualdnzupkfseuistvwtqbnpqd/SourcePackages/checkouts/swift-crypto/Sources/Crypto/Key\ Agreement/BoringSSL/ECDH_boring.swift /Users/ryankanfer/Library/Developer/Xcode/DerivedData/HOMEY_Clean-gafualdnzupkfseuistvwtqbnpqd/SourcePackages/checkouts/swift-crypto/Sources/Crypto/Key\ Agreement/DH.swift (in target 'Crypto' from project 'swift-crypto')

SwiftCompile normal arm64 /Users/ryankanfer/Library/Developer/Xcode/DerivedData/HOMEY_Clean-gafualdnzupkfseuistvwtqbnpqd/SourcePackages/checkouts/swift-crypto/Sources/Crypto/HPKE/HPKE-Errors.swift (in target 'Crypto' from project 'swift-crypto')
    cd /Users/ryankanfer/Documents/Developer/HOMEY\ Clean/HOMEY\ Clean.xcodeproj
    

SwiftCompile normal arm64 /Users/ryankanfer/Library/Developer/Xcode/DerivedData/HOMEY_Clean-gafualdnzupkfseuistvwtqbnpqd/SourcePackages/checkouts/swift-crypto/Sources/Crypto/HPKE/HPKE.swift (in target 'Crypto' from project 'swift-crypto')
    cd /Users/ryankanfer/Documents/Developer/HOMEY\ Clean/HOMEY\ Clean.xcodeproj
    

SwiftCompile normal arm64 /Users/ryankanfer/Library/Developer/Xcode/DerivedData/HOMEY_Clean-gafualdnzupkfseuistvwtqbnpqd/SourcePackages/checkouts/swift-crypto/Sources/Crypto/HPKE/Key\ Schedule/HPKE-Context.swift (in target 'Crypto' from project 'swift-crypto')
    cd /Users/ryankanfer/Documents/Developer/HOMEY\ Clean/HOMEY\ Clean.xcodeproj
    

SwiftCompile normal arm64 /Users/ryankanfer/Library/Developer/Xcode/DerivedData/HOMEY_Clean-gafualdnzupkfseuistvwtqbnpqd/SourcePackages/checkouts/swift-crypto/Sources/Crypto/HPKE/Key\ Schedule/HPKE-KeySchedule.swift (in target 'Crypto' from project 'swift-crypto')
    cd /Users/ryankanfer/Documents/Developer/HOMEY\ Clean/HOMEY\ Clean.xcodeproj
    

SwiftCompile normal arm64 /Users/ryankanfer/Library/Developer/Xcode/DerivedData/HOMEY_Clean-gafualdnzupkfseuistvwtqbnpqd/SourcePackages/checkouts/swift-crypto/Sources/Crypto/HPKE/Modes/HPKE-Modes.swift (in target 'Crypto' from project 'swift-crypto')
    cd /Users/ryankanfer/Documents/Developer/HOMEY\ Clean/HOMEY\ Clean.xcodeproj
    

SwiftCompile normal arm64 /Users/ryankanfer/Library/Developer/Xcode/DerivedData/HOMEY_Clean-gafualdnzupkfseuistvwtqbnpqd/SourcePackages/checkouts/swift-crypto/Sources/Crypto/Insecure/Insecure.swift (in target 'Crypto' from project 'swift-crypto')
    cd /Users/ryankanfer/Documents/Developer/HOMEY\ Clean/HOMEY\ Clean.xcodeproj
    

SwiftCompile normal arm64 /Users/ryankanfer/Library/Developer/Xcode/DerivedData/HOMEY_Clean-gafualdnzupkfseuistvwtqbnpqd/SourcePackages/checkouts/swift-crypto/Sources/Crypto/Insecure/Insecure_HashFunctions.swift (in target 'Crypto' from project 'swift-crypto')
    cd /Users/ryankanfer/Documents/Developer/HOMEY\ Clean/HOMEY\ Clean.xcodeproj
    

SwiftCompile normal arm64 /Users/ryankanfer/Library/Developer/Xcode/DerivedData/HOMEY_Clean-gafualdnzupkfseuistvwtqbnpqd/SourcePackages/checkouts/swift-crypto/Sources/Crypto/KEM/KEM.swift (in target 'Crypto' from project 'swift-crypto')
    cd /Users/ryankanfer/Documents/Developer/HOMEY\ Clean/HOMEY\ Clean.xcodeproj
    

SwiftCompile normal arm64 /Users/ryankanfer/Library/Developer/Xcode/DerivedData/HOMEY_Clean-gafualdnzupkfseuistvwtqbnpqd/SourcePackages/checkouts/swift-crypto/Sources/Crypto/Key\ Agreement/BoringSSL/ECDH_boring.swift (in target 'Crypto' from project 'swift-crypto')
    cd /Users/ryankanfer/Documents/Developer/HOMEY\ Clean/HOMEY\ Clean.xcodeproj
    

SwiftCompile normal arm64 /Users/ryankanfer/Library/Developer/Xcode/DerivedData/HOMEY_Clean-gafualdnzupkfseuistvwtqbnpqd/SourcePackages/checkouts/swift-crypto/Sources/Crypto/Key\ Agreement/DH.swift (in target 'Crypto' from project 'swift-crypto')
    cd /Users/ryankanfer/Documents/Developer/HOMEY\ Clean/HOMEY\ Clean.xcodeproj
    

SwiftDriver\ Compilation\ Requirements Crypto normal arm64 com.apple.xcode.tools.swift.compiler (in target 'Crypto' from project 'swift-crypto')
    cd /Users/ryankanfer/Documents/Developer/HOMEY\ Clean/HOMEY\ Clean.xcodeproj
    builtin-Swift-Compilation-Requirements -- /Applications/Xcode.app/Contents/Developer/Toolchains/XcodeDefault.xctoolchain/usr/bin/swiftc -module-name Crypto -Onone -enforce-exclusivity\=checked @/Users/ryankanfer/Library/Developer/Xcode/DerivedData/HOMEY_Clean-gafualdnzupkfseuistvwtqbnpqd/Build/Intermediates.noindex/swift-crypto.build/Debug-iphoneos/Crypto.build/Objects-normal/arm64/Crypto.SwiftFileList -DSWIFT_PACKAGE -DDEBUG -DSWIFT_MODULE_RESOURCE_BUNDLE_AVAILABLE -DCRYPTO_IN_SWIFTPM -DXcode -enable-upcoming-feature MemberImportVisibility -plugin-path /Applications/Xcode.app/Contents/Developer/Toolchains/XcodeDefault.xctoolchain/usr/lib/swift/host/plugins/testing -enable-experimental-feature DebugDescriptionMacro -sdk /Applications/Xcode.app/Contents/Developer/Platforms/iPhoneOS.platform/Developer/SDKs/iPhoneOS26.0.sdk -target arm64-apple-ios12.0 -g -module-cache-path /Users/ryankanfer/Library/Developer/Xcode/DerivedData/ModuleCache.noindex -Xfrontend -serialize-debugging-options -profile-coverage-mapping -profile-generate -enable-testing -suppress-warnings -index-store-path /Users/ryankanfer/Library/Developer/Xcode/DerivedData/HOMEY_Clean-gafualdnzupkfseuistvwtqbnpqd/Index.noindex/DataStore -Xcc -D_LIBCPP_HARDENING_MODE\=_LIBCPP_HARDENING_MODE_DEBUG -swift-version 5 -I /Users/ryankanfer/Library/Developer/Xcode/DerivedData/HOMEY_Clean-gafualdnzupkfseuistvwtqbnpqd/Build/Products/Debug-iphoneos -Isystem /Applications/Xcode.app/Contents/Developer/Platforms/iPhoneOS.platform/Developer/usr/lib -F /Users/ryankanfer/Library/Developer/Xcode/DerivedData/HOMEY_Clean-gafualdnzupkfseuistvwtqbnpqd/Build/Products/Debug-iphoneos -F /Applications/Xcode.app/Contents/Developer/Platforms/iPhoneOS.platform/Developer/Library/Frameworks -F /Applications/Xcode.app/Contents/Developer/Platforms/iPhoneOS.platform/Developer/SDKs/iPhoneOS26.0.sdk/Developer/Library/Frameworks -c -j8 -enable-batch-mode -incremental -Xcc -ivfsstatcache -Xcc /Users/ryankanfer/Library/Developer/Xcode/DerivedData/SDKStatCaches.noindex/iphoneos26.0-23A339-81ce72e5b06c9602b9d30b56f2eed08a.sdkstatcache -output-file-map /Users/ryankanfer/Library/Developer/Xcode/DerivedData/HOMEY_Clean-gafualdnzupkfseuistvwtqbnpqd/Build/Intermediates.noindex/swift-crypto.build/Debug-iphoneos/Crypto.build/Objects-normal/arm64/Crypto-OutputFileMap.json -use-frontend-parseable-output -save-temps -no-color-diagnostics -explicit-module-build -module-cache-path /Users/ryankanfer/Library/Developer/Xcode/DerivedData/HOMEY_Clean-gafualdnzupkfseuistvwtqbnpqd/Build/Intermediates.noindex/SwiftExplicitPrecompiledModules -clang-scanner-module-cache-path /Users/ryankanfer/Library/Developer/Xcode/DerivedData/ModuleCache.noindex -sdk-module-cache-path /Users/ryankanfer/Library/Developer/Xcode/DerivedData/ModuleCache.noindex -serialize-diagnostics -emit-dependencies -emit-module -emit-module-path /Users/ryankanfer/Library/Developer/Xcode/DerivedData/HOMEY_Clean-gafualdnzupkfseuistvwtqbnpqd/Build/Intermediates.noindex/swift-crypto.build/Debug-iphoneos/Crypto.build/Objects-normal/arm64/Crypto.swiftmodule -validate-clang-modules-once -clang-build-session-file /Users/ryankanfer/Library/Developer/Xcode/DerivedData/ModuleCache.noindex/Session.modulevalidation -package-name swift_crypto -Xcc -I/Users/ryankanfer/Library/Developer/Xcode/DerivedData/HOMEY_Clean-gafualdnzupkfseuistvwtqbnpqd/Build/Intermediates.noindex/swift-crypto.build/Debug-iphoneos/Crypto.build/swift-overrides.hmap -emit-const-values -Xfrontend -const-gather-protocols-file -Xfrontend /Users/ryankanfer/Library/Developer/Xcode/DerivedData/HOMEY_Clean-gafualdnzupkfseuistvwtqbnpqd/Build/Intermediates.noindex/swift-crypto.build/Debug-iphoneos/Crypto.build/Objects-normal/arm64/Crypto_const_extract_protocols.json -Xcc -I/Users/ryankanfer/Library/Developer/Xcode/DerivedData/HOMEY_Clean-gafualdnzupkfseuistvwtqbnpqd/Build/Products/Debug-iphoneos/include -Xcc -I/Users/ryankanfer/Library/Developer/Xcode/DerivedData/HOMEY_Clean-gafualdnzupkfseuistvwtqbnpqd/Build/Intermediates.noindex/swift-crypto.build/Debug-iphoneos/Crypto.build/DerivedSources-normal/arm64 -Xcc -I/Users/ryankanfer/Library/Developer/Xcode/DerivedData/HOMEY_Clean-gafualdnzupkfseuistvwtqbnpqd/Build/Intermediates.noindex/swift-crypto.build/Debug-iphoneos/Crypto.build/DerivedSources/arm64 -Xcc -I/Users/ryankanfer/Library/Developer/Xcode/DerivedData/HOMEY_Clean-gafualdnzupkfseuistvwtqbnpqd/Build/Intermediates.noindex/swift-crypto.build/Debug-iphoneos/Crypto.build/DerivedSources -Xcc -DSWIFT_PACKAGE -Xcc -DDEBUG\=1 -emit-objc-header -emit-objc-header-path /Users/ryankanfer/Library/Developer/Xcode/DerivedData/HOMEY_Clean-gafualdnzupkfseuistvwtqbnpqd/Build/Intermediates.noindex/swift-crypto.build/Debug-iphoneos/Crypto.build/Objects-normal/arm64/Crypto-Swift.h -working-directory /Users/ryankanfer/Documents/Developer/HOMEY\ Clean/HOMEY\ Clean.xcodeproj -experimental-emit-module-separately -disable-cmo

SwiftDriverJobDiscovery normal arm64 Compiling HTTPField.swift (in target 'HTTPTypes' from project 'swift-http-types')

SwiftCompile normal arm64 Compiling\ ASN1Identifier.swift,\ ASN1Integer.swift,\ ASN1Null.swift,\ ASN1OctetString.swift,\ ASN1Strings.swift,\ ArraySliceBigint.swift,\ GeneralizedTime.swift,\ ObjectIdentifier.swift,\ ECDSASignature.swift,\ PEMDocument.swift /Users/ryankanfer/Library/Developer/Xcode/DerivedData/HOMEY_Clean-gafualdnzupkfseuistvwtqbnpqd/SourcePackages/checkouts/swift-crypto/Sources/Crypto/ASN1/Basic\ ASN1\ Types/ASN1Identifier.swift /Users/ryankanfer/Library/Developer/Xcode/DerivedData/HOMEY_Clean-gafualdnzupkfseuistvwtqbnpqd/SourcePackages/checkouts/swift-crypto/Sources/Crypto/ASN1/Basic\ ASN1\ Types/ASN1Integer.swift /Users/ryankanfer/Library/Developer/Xcode/DerivedData/HOMEY_Clean-gafualdnzupkfseuistvwtqbnpqd/SourcePackages/checkouts/swift-crypto/Sources/Crypto/ASN1/Basic\ ASN1\ Types/ASN1Null.swift /Users/ryankanfer/Library/Developer/Xcode/DerivedData/HOMEY_Clean-gafualdnzupkfseuistvwtqbnpqd/SourcePackages/checkouts/swift-crypto/Sources/Crypto/ASN1/Basic\ ASN1\ Types/ASN1OctetString.swift /Users/ryankanfer/Library/Developer/Xcode/DerivedData/HOMEY_Clean-gafualdnzupkfseuistvwtqbnpqd/SourcePackages/checkouts/swift-crypto/Sources/Crypto/ASN1/Basic\ ASN1\ Types/ASN1Strings.swift /Users/ryankanfer/Library/Developer/Xcode/DerivedData/HOMEY_Clean-gafualdnzupkfseuistvwtqbnpqd/SourcePackages/checkouts/swift-crypto/Sources/Crypto/ASN1/Basic\ ASN1\ Types/ArraySliceBigint.swift /Users/ryankanfer/Library/Developer/Xcode/DerivedData/HOMEY_Clean-gafualdnzupkfseuistvwtqbnpqd/SourcePackages/checkouts/swift-crypto/Sources/Crypto/ASN1/Basic\ ASN1\ Types/GeneralizedTime.swift /Users/ryankanfer/Library/Developer/Xcode/DerivedData/HOMEY_Clean-gafualdnzupkfseuistvwtqbnpqd/SourcePackages/checkouts/swift-crypto/Sources/Crypto/ASN1/Basic\ ASN1\ Types/ObjectIdentifier.swift /Users/ryankanfer/Library/Developer/Xcode/DerivedData/HOMEY_Clean-gafualdnzupkfseuistvwtqbnpqd/SourcePackages/checkouts/swift-crypto/Sources/Crypto/ASN1/ECDSASignature.swift /Users/ryankanfer/Library/Developer/Xcode/DerivedData/HOMEY_Clean-gafualdnzupkfseuistvwtqbnpqd/SourcePackages/checkouts/swift-crypto/Sources/Crypto/ASN1/PEMDocument.swift (in target 'Crypto' from project 'swift-crypto')

SwiftCompile normal arm64 /Users/ryankanfer/Library/Developer/Xcode/DerivedData/HOMEY_Clean-gafualdnzupkfseuistvwtqbnpqd/SourcePackages/checkouts/swift-crypto/Sources/Crypto/ASN1/Basic\ ASN1\ Types/ASN1Identifier.swift (in target 'Crypto' from project 'swift-crypto')
    cd /Users/ryankanfer/Documents/Developer/HOMEY\ Clean/HOMEY\ Clean.xcodeproj
    

SwiftCompile normal arm64 /Users/ryankanfer/Library/Developer/Xcode/DerivedData/HOMEY_Clean-gafualdnzupkfseuistvwtqbnpqd/SourcePackages/checkouts/swift-crypto/Sources/Crypto/ASN1/Basic\ ASN1\ Types/ASN1Integer.swift (in target 'Crypto' from project 'swift-crypto')
    cd /Users/ryankanfer/Documents/Developer/HOMEY\ Clean/HOMEY\ Clean.xcodeproj
    

SwiftCompile normal arm64 /Users/ryankanfer/Library/Developer/Xcode/DerivedData/HOMEY_Clean-gafualdnzupkfseuistvwtqbnpqd/SourcePackages/checkouts/swift-crypto/Sources/Crypto/ASN1/Basic\ ASN1\ Types/ASN1Null.swift (in target 'Crypto' from project 'swift-crypto')
    cd /Users/ryankanfer/Documents/Developer/HOMEY\ Clean/HOMEY\ Clean.xcodeproj
    

SwiftCompile normal arm64 /Users/ryankanfer/Library/Developer/Xcode/DerivedData/HOMEY_Clean-gafualdnzupkfseuistvwtqbnpqd/SourcePackages/checkouts/swift-crypto/Sources/Crypto/ASN1/Basic\ ASN1\ Types/ASN1OctetString.swift (in target 'Crypto' from project 'swift-crypto')
    cd /Users/ryankanfer/Documents/Developer/HOMEY\ Clean/HOMEY\ Clean.xcodeproj
    

SwiftCompile normal arm64 /Users/ryankanfer/Library/Developer/Xcode/DerivedData/HOMEY_Clean-gafualdnzupkfseuistvwtqbnpqd/SourcePackages/checkouts/swift-crypto/Sources/Crypto/ASN1/Basic\ ASN1\ Types/ASN1Strings.swift (in target 'Crypto' from project 'swift-crypto')
    cd /Users/ryankanfer/Documents/Developer/HOMEY\ Clean/HOMEY\ Clean.xcodeproj
    

SwiftCompile normal arm64 /Users/ryankanfer/Library/Developer/Xcode/DerivedData/HOMEY_Clean-gafualdnzupkfseuistvwtqbnpqd/SourcePackages/checkouts/swift-crypto/Sources/Crypto/ASN1/Basic\ ASN1\ Types/ArraySliceBigint.swift (in target 'Crypto' from project 'swift-crypto')
    cd /Users/ryankanfer/Documents/Developer/HOMEY\ Clean/HOMEY\ Clean.xcodeproj
    

SwiftCompile normal arm64 /Users/ryankanfer/Library/Developer/Xcode/DerivedData/HOMEY_Clean-gafualdnzupkfseuistvwtqbnpqd/SourcePackages/checkouts/swift-crypto/Sources/Crypto/ASN1/Basic\ ASN1\ Types/GeneralizedTime.swift (in target 'Crypto' from project 'swift-crypto')
    cd /Users/ryankanfer/Documents/Developer/HOMEY\ Clean/HOMEY\ Clean.xcodeproj
    

SwiftCompile normal arm64 /Users/ryankanfer/Library/Developer/Xcode/DerivedData/HOMEY_Clean-gafualdnzupkfseuistvwtqbnpqd/SourcePackages/checkouts/swift-crypto/Sources/Crypto/ASN1/Basic\ ASN1\ Types/ObjectIdentifier.swift (in target 'Crypto' from project 'swift-crypto')
    cd /Users/ryankanfer/Documents/Developer/HOMEY\ Clean/HOMEY\ Clean.xcodeproj
    

SwiftCompile normal arm64 /Users/ryankanfer/Library/Developer/Xcode/DerivedData/HOMEY_Clean-gafualdnzupkfseuistvwtqbnpqd/SourcePackages/checkouts/swift-crypto/Sources/Crypto/ASN1/ECDSASignature.swift (in target 'Crypto' from project 'swift-crypto')
    cd /Users/ryankanfer/Documents/Developer/HOMEY\ Clean/HOMEY\ Clean.xcodeproj
    

SwiftCompile normal arm64 /Users/ryankanfer/Library/Developer/Xcode/DerivedData/HOMEY_Clean-gafualdnzupkfseuistvwtqbnpqd/SourcePackages/checkouts/swift-crypto/Sources/Crypto/ASN1/PEMDocument.swift (in target 'Crypto' from project 'swift-crypto')
    cd /Users/ryankanfer/Documents/Developer/HOMEY\ Clean/HOMEY\ Clean.xcodeproj
    

SwiftCompile normal arm64 Compiling\ ECDH.swift,\ HKDF.swift,\ AESWrap.swift,\ AESWrap_boring.swift,\ Ed25519_boring.swift,\ NISTCurvesKeys_boring.swift,\ X25519Keys_boring.swift,\ Curve25519.swift,\ Ed25519Keys.swift,\ NISTCurvesKeys.swift /Users/ryankanfer/Library/Developer/Xcode/DerivedData/HOMEY_Clean-gafualdnzupkfseuistvwtqbnpqd/SourcePackages/checkouts/swift-crypto/Sources/Crypto/Key\ Agreement/ECDH.swift /Users/ryankanfer/Library/Developer/Xcode/DerivedData/HOMEY_Clean-gafualdnzupkfseuistvwtqbnpqd/SourcePackages/checkouts/swift-crypto/Sources/Crypto/Key\ Derivation/HKDF.swift /Users/ryankanfer/Library/Developer/Xcode/DerivedData/HOMEY_Clean-gafualdnzupkfseuistvwtqbnpqd/SourcePackages/checkouts/swift-crypto/Sources/Crypto/Key\ Wrapping/AESWrap.swift /Users/ryankanfer/Library/Developer/Xcode/DerivedData/HOMEY_Clean-gafualdnzupkfseuistvwtqbnpqd/SourcePackages/checkouts/swift-crypto/Sources/Crypto/Key\ Wrapping/BoringSSL/AESWrap_boring.swift /Users/ryankanfer/Library/Developer/Xcode/DerivedData/HOMEY_Clean-gafualdnzupkfseuistvwtqbnpqd/SourcePackages/checkouts/swift-crypto/Sources/Crypto/Keys/EC/BoringSSL/Ed25519_boring.swift /Users/ryankanfer/Library/Developer/Xcode/DerivedData/HOMEY_Clean-gafualdnzupkfseuistvwtqbnpqd/SourcePackages/checkouts/swift-crypto/Sources/Crypto/Keys/EC/BoringSSL/NISTCurvesKeys_boring.swift /Users/ryankanfer/Library/Developer/Xcode/DerivedData/HOMEY_Clean-gafualdnzupkfseuistvwtqbnpqd/SourcePackages/checkouts/swift-crypto/Sources/Crypto/Keys/EC/BoringSSL/X25519Keys_boring.swift /Users/ryankanfer/Library/Developer/Xcode/DerivedData/HOMEY_Clean-gafualdnzupkfseuistvwtqbnpqd/SourcePackages/checkouts/swift-crypto/Sources/Crypto/Keys/EC/Curve25519.swift /Users/ryankanfer/Library/Developer/Xcode/DerivedData/HOMEY_Clean-gafualdnzupkfseuistvwtqbnpqd/SourcePackages/checkouts/swift-crypto/Sources/Crypto/Keys/EC/Ed25519Keys.swift /Users/ryankanfer/Library/Developer/Xcode/DerivedData/HOMEY_Clean-gafualdnzupkfseuistvwtqbnpqd/SourcePackages/checkouts/swift-crypto/Sources/Crypto/Keys/EC/NISTCurvesKeys.swift (in target 'Crypto' from project 'swift-crypto')

SwiftCompile normal arm64 /Users/ryankanfer/Library/Developer/Xcode/DerivedData/HOMEY_Clean-gafualdnzupkfseuistvwtqbnpqd/SourcePackages/checkouts/swift-crypto/Sources/Crypto/Key\ Agreement/ECDH.swift (in target 'Crypto' from project 'swift-crypto')
    cd /Users/ryankanfer/Documents/Developer/HOMEY\ Clean/HOMEY\ Clean.xcodeproj
    

SwiftCompile normal arm64 /Users/ryankanfer/Library/Developer/Xcode/DerivedData/HOMEY_Clean-gafualdnzupkfseuistvwtqbnpqd/SourcePackages/checkouts/swift-crypto/Sources/Crypto/Key\ Derivation/HKDF.swift (in target 'Crypto' from project 'swift-crypto')
    cd /Users/ryankanfer/Documents/Developer/HOMEY\ Clean/HOMEY\ Clean.xcodeproj
    

SwiftCompile normal arm64 /Users/ryankanfer/Library/Developer/Xcode/DerivedData/HOMEY_Clean-gafualdnzupkfseuistvwtqbnpqd/SourcePackages/checkouts/swift-crypto/Sources/Crypto/Key\ Wrapping/AESWrap.swift (in target 'Crypto' from project 'swift-crypto')
    cd /Users/ryankanfer/Documents/Developer/HOMEY\ Clean/HOMEY\ Clean.xcodeproj
    

SwiftCompile normal arm64 /Users/ryankanfer/Library/Developer/Xcode/DerivedData/HOMEY_Clean-gafualdnzupkfseuistvwtqbnpqd/SourcePackages/checkouts/swift-crypto/Sources/Crypto/Key\ Wrapping/BoringSSL/AESWrap_boring.swift (in target 'Crypto' from project 'swift-crypto')
    cd /Users/ryankanfer/Documents/Developer/HOMEY\ Clean/HOMEY\ Clean.xcodeproj
    

SwiftCompile normal arm64 /Users/ryankanfer/Library/Developer/Xcode/DerivedData/HOMEY_Clean-gafualdnzupkfseuistvwtqbnpqd/SourcePackages/checkouts/swift-crypto/Sources/Crypto/Keys/EC/BoringSSL/Ed25519_boring.swift (in target 'Crypto' from project 'swift-crypto')
    cd /Users/ryankanfer/Documents/Developer/HOMEY\ Clean/HOMEY\ Clean.xcodeproj
    

SwiftCompile normal arm64 /Users/ryankanfer/Library/Developer/Xcode/DerivedData/HOMEY_Clean-gafualdnzupkfseuistvwtqbnpqd/SourcePackages/checkouts/swift-crypto/Sources/Crypto/Keys/EC/BoringSSL/NISTCurvesKeys_boring.swift (in target 'Crypto' from project 'swift-crypto')
    cd /Users/ryankanfer/Documents/Developer/HOMEY\ Clean/HOMEY\ Clean.xcodeproj
    

SwiftCompile normal arm64 /Users/ryankanfer/Library/Developer/Xcode/DerivedData/HOMEY_Clean-gafualdnzupkfseuistvwtqbnpqd/SourcePackages/checkouts/swift-crypto/Sources/Crypto/Keys/EC/BoringSSL/X25519Keys_boring.swift (in target 'Crypto' from project 'swift-crypto')
    cd /Users/ryankanfer/Documents/Developer/HOMEY\ Clean/HOMEY\ Clean.xcodeproj
    

SwiftCompile normal arm64 /Users/ryankanfer/Library/Developer/Xcode/DerivedData/HOMEY_Clean-gafualdnzupkfseuistvwtqbnpqd/SourcePackages/checkouts/swift-crypto/Sources/Crypto/Keys/EC/Curve25519.swift (in target 'Crypto' from project 'swift-crypto')
    cd /Users/ryankanfer/Documents/Developer/HOMEY\ Clean/HOMEY\ Clean.xcodeproj
    

SwiftCompile normal arm64 /Users/ryankanfer/Library/Developer/Xcode/DerivedData/HOMEY_Clean-gafualdnzupkfseuistvwtqbnpqd/SourcePackages/checkouts/swift-crypto/Sources/Crypto/Keys/EC/Ed25519Keys.swift (in target 'Crypto' from project 'swift-crypto')
    cd /Users/ryankanfer/Documents/Developer/HOMEY\ Clean/HOMEY\ Clean.xcodeproj
    

SwiftCompile normal arm64 /Users/ryankanfer/Library/Developer/Xcode/DerivedData/HOMEY_Clean-gafualdnzupkfseuistvwtqbnpqd/SourcePackages/checkouts/swift-crypto/Sources/Crypto/Keys/EC/NISTCurvesKeys.swift (in target 'Crypto' from project 'swift-crypto')
    cd /Users/ryankanfer/Documents/Developer/HOMEY\ Clean/HOMEY\ Clean.xcodeproj
    

SwiftCompile normal arm64 Compiling\ HPKE-AEAD.swift,\ HPKE-Ciphersuite.swift,\ HPKE-KDF.swift,\ HPKE-KexKeyDerivation.swift,\ HPKE-LabeledExtract.swift,\ HPKE-Utils.swift,\ DHKEM.swift,\ HPKE-KEM-Curve25519.swift,\ HPKE-NIST-EC-KEMs.swift,\ HPKE-KEM.swift /Users/ryankanfer/Library/Developer/Xcode/DerivedData/HOMEY_Clean-gafualdnzupkfseuistvwtqbnpqd/SourcePackages/checkouts/swift-crypto/Sources/Crypto/HPKE/Ciphersuite/HPKE-AEAD.swift /Users/ryankanfer/Library/Developer/Xcode/DerivedData/HOMEY_Clean-gafualdnzupkfseuistvwtqbnpqd/SourcePackages/checkouts/swift-crypto/Sources/Crypto/HPKE/Ciphersuite/HPKE-Ciphersuite.swift /Users/ryankanfer/Library/Developer/Xcode/DerivedData/HOMEY_Clean-gafualdnzupkfseuistvwtqbnpqd/SourcePackages/checkouts/swift-crypto/Sources/Crypto/HPKE/Ciphersuite/HPKE-KDF.swift /Users/ryankanfer/Library/Developer/Xcode/DerivedData/HOMEY_Clean-gafualdnzupkfseuistvwtqbnpqd/SourcePackages/checkouts/swift-crypto/Sources/Crypto/HPKE/Ciphersuite/HPKE-KexKeyDerivation.swift /Users/ryankanfer/Library/Developer/Xcode/DerivedData/HOMEY_Clean-gafualdnzupkfseuistvwtqbnpqd/SourcePackages/checkouts/swift-crypto/Sources/Crypto/HPKE/Ciphersuite/HPKE-LabeledExtract.swift /Users/ryankanfer/Library/Developer/Xcode/DerivedData/HOMEY_Clean-gafualdnzupkfseuistvwtqbnpqd/SourcePackages/checkouts/swift-crypto/Sources/Crypto/HPKE/Ciphersuite/HPKE-Utils.swift /Users/ryankanfer/Library/Developer/Xcode/DerivedData/HOMEY_Clean-gafualdnzupkfseuistvwtqbnpqd/SourcePackages/checkouts/swift-crypto/Sources/Crypto/HPKE/Ciphersuite/KEM/Conformances/DHKEM.swift /Users/ryankanfer/Library/Developer/Xcode/DerivedData/HOMEY_Clean-gafualdnzupkfseuistvwtqbnpqd/SourcePackages/checkouts/swift-crypto/Sources/Crypto/HPKE/Ciphersuite/KEM/Conformances/HPKE-KEM-Curve25519.swift /Users/ryankanfer/Library/Developer/Xcode/DerivedData/HOMEY_Clean-gafualdnzupkfseuistvwtqbnpqd/SourcePackages/checkouts/swift-crypto/Sources/Crypto/HPKE/Ciphersuite/KEM/Conformances/HPKE-NIST-EC-KEMs.swift /Users/ryankanfer/Library/Developer/Xcode/DerivedData/HOMEY_Clean-gafualdnzupkfseuistvwtqbnpqd/SourcePackages/checkouts/swift-crypto/Sources/Crypto/HPKE/Ciphersuite/KEM/HPKE-KEM.swift (in target 'Crypto' from project 'swift-crypto')

SwiftCompile normal arm64 /Users/ryankanfer/Library/Developer/Xcode/DerivedData/HOMEY_Clean-gafualdnzupkfseuistvwtqbnpqd/SourcePackages/checkouts/swift-crypto/Sources/Crypto/HPKE/Ciphersuite/HPKE-AEAD.swift (in target 'Crypto' from project 'swift-crypto')
    cd /Users/ryankanfer/Documents/Developer/HOMEY\ Clean/HOMEY\ Clean.xcodeproj
    

SwiftCompile normal arm64 /Users/ryankanfer/Library/Developer/Xcode/DerivedData/HOMEY_Clean-gafualdnzupkfseuistvwtqbnpqd/SourcePackages/checkouts/swift-crypto/Sources/Crypto/HPKE/Ciphersuite/HPKE-Ciphersuite.swift (in target 'Crypto' from project 'swift-crypto')
    cd /Users/ryankanfer/Documents/Developer/HOMEY\ Clean/HOMEY\ Clean.xcodeproj
    

SwiftCompile normal arm64 /Users/ryankanfer/Library/Developer/Xcode/DerivedData/HOMEY_Clean-gafualdnzupkfseuistvwtqbnpqd/SourcePackages/checkouts/swift-crypto/Sources/Crypto/HPKE/Ciphersuite/HPKE-KDF.swift (in target 'Crypto' from project 'swift-crypto')
    cd /Users/ryankanfer/Documents/Developer/HOMEY\ Clean/HOMEY\ Clean.xcodeproj
    

SwiftCompile normal arm64 /Users/ryankanfer/Library/Developer/Xcode/DerivedData/HOMEY_Clean-gafualdnzupkfseuistvwtqbnpqd/SourcePackages/checkouts/swift-crypto/Sources/Crypto/HPKE/Ciphersuite/HPKE-KexKeyDerivation.swift (in target 'Crypto' from project 'swift-crypto')
    cd /Users/ryankanfer/Documents/Developer/HOMEY\ Clean/HOMEY\ Clean.xcodeproj
    

SwiftCompile normal arm64 /Users/ryankanfer/Library/Developer/Xcode/DerivedData/HOMEY_Clean-gafualdnzupkfseuistvwtqbnpqd/SourcePackages/checkouts/swift-crypto/Sources/Crypto/HPKE/Ciphersuite/HPKE-LabeledExtract.swift (in target 'Crypto' from project 'swift-crypto')
    cd /Users/ryankanfer/Documents/Developer/HOMEY\ Clean/HOMEY\ Clean.xcodeproj
    

SwiftCompile normal arm64 /Users/ryankanfer/Library/Developer/Xcode/DerivedData/HOMEY_Clean-gafualdnzupkfseuistvwtqbnpqd/SourcePackages/checkouts/swift-crypto/Sources/Crypto/HPKE/Ciphersuite/HPKE-Utils.swift (in target 'Crypto' from project 'swift-crypto')
    cd /Users/ryankanfer/Documents/Developer/HOMEY\ Clean/HOMEY\ Clean.xcodeproj
    

SwiftCompile normal arm64 /Users/ryankanfer/Library/Developer/Xcode/DerivedData/HOMEY_Clean-gafualdnzupkfseuistvwtqbnpqd/SourcePackages/checkouts/swift-crypto/Sources/Crypto/HPKE/Ciphersuite/KEM/Conformances/DHKEM.swift (in target 'Crypto' from project 'swift-crypto')
    cd /Users/ryankanfer/Documents/Developer/HOMEY\ Clean/HOMEY\ Clean.xcodeproj
    

SwiftCompile normal arm64 /Users/ryankanfer/Library/Developer/Xcode/DerivedData/HOMEY_Clean-gafualdnzupkfseuistvwtqbnpqd/SourcePackages/checkouts/swift-crypto/Sources/Crypto/HPKE/Ciphersuite/KEM/Conformances/HPKE-KEM-Curve25519.swift (in target 'Crypto' from project 'swift-crypto')
    cd /Users/ryankanfer/Documents/Developer/HOMEY\ Clean/HOMEY\ Clean.xcodeproj
    

SwiftCompile normal arm64 /Users/ryankanfer/Library/Developer/Xcode/DerivedData/HOMEY_Clean-gafualdnzupkfseuistvwtqbnpqd/SourcePackages/checkouts/swift-crypto/Sources/Crypto/HPKE/Ciphersuite/KEM/Conformances/HPKE-NIST-EC-KEMs.swift (in target 'Crypto' from project 'swift-crypto')
    cd /Users/ryankanfer/Documents/Developer/HOMEY\ Clean/HOMEY\ Clean.xcodeproj
    

SwiftCompile normal arm64 /Users/ryankanfer/Library/Developer/Xcode/DerivedData/HOMEY_Clean-gafualdnzupkfseuistvwtqbnpqd/SourcePackages/checkouts/swift-crypto/Sources/Crypto/HPKE/Ciphersuite/KEM/HPKE-KEM.swift (in target 'Crypto' from project 'swift-crypto')
    cd /Users/ryankanfer/Documents/Developer/HOMEY\ Clean/HOMEY\ Clean.xcodeproj
    

SwiftDriverJobDiscovery normal arm64 Compiling NIOLock.swift (in target 'HTTPTypes' from project 'swift-http-types')

SwiftDriverJobDiscovery normal arm64 Compiling HTTPRequest.swift (in target 'HTTPTypes' from project 'swift-http-types')

SwiftMergeGeneratedHeaders /Users/ryankanfer/Library/Developer/Xcode/DerivedData/HOMEY_Clean-gafualdnzupkfseuistvwtqbnpqd/Build/Intermediates.noindex/GeneratedModuleMaps-iphoneos/Crypto-Swift.h /Users/ryankanfer/Library/Developer/Xcode/DerivedData/HOMEY_Clean-gafualdnzupkfseuistvwtqbnpqd/Build/Intermediates.noindex/swift-crypto.build/Debug-iphoneos/Crypto.build/Objects-normal/arm64/Crypto-Swift.h (in target 'Crypto' from project 'swift-crypto')
    cd /Users/ryankanfer/Library/Developer/Xcode/DerivedData/HOMEY_Clean-gafualdnzupkfseuistvwtqbnpqd/SourcePackages/checkouts/swift-crypto
    builtin-swiftHeaderTool -arch arm64 /Users/ryankanfer/Library/Developer/Xcode/DerivedData/HOMEY_Clean-gafualdnzupkfseuistvwtqbnpqd/Build/Intermediates.noindex/swift-crypto.build/Debug-iphoneos/Crypto.build/Objects-normal/arm64/Crypto-Swift.h -o /Users/ryankanfer/Library/Developer/Xcode/DerivedData/HOMEY_Clean-gafualdnzupkfseuistvwtqbnpqd/Build/Intermediates.noindex/GeneratedModuleMaps-iphoneos/Crypto-Swift.h

SwiftDriverJobDiscovery normal arm64 Compiling HTTPFieldName.swift (in target 'HTTPTypes' from project 'swift-http-types')

Copy /Users/ryankanfer/Library/Developer/Xcode/DerivedData/HOMEY_Clean-gafualdnzupkfseuistvwtqbnpqd/Build/Products/Debug-iphoneos/Crypto.swiftmodule/arm64-apple-ios.swiftmodule /Users/ryankanfer/Library/Developer/Xcode/DerivedData/HOMEY_Clean-gafualdnzupkfseuistvwtqbnpqd/Build/Intermediates.noindex/swift-crypto.build/Debug-iphoneos/Crypto.build/Objects-normal/arm64/Crypto.swiftmodule (in target 'Crypto' from project 'swift-crypto')
    cd /Users/ryankanfer/Library/Developer/Xcode/DerivedData/HOMEY_Clean-gafualdnzupkfseuistvwtqbnpqd/SourcePackages/checkouts/swift-crypto
    builtin-copy -exclude .DS_Store -exclude CVS -exclude .svn -exclude .git -exclude .hg -resolve-src-symlinks -rename /Users/ryankanfer/Library/Developer/Xcode/DerivedData/HOMEY_Clean-gafualdnzupkfseuistvwtqbnpqd/Build/Intermediates.noindex/swift-crypto.build/Debug-iphoneos/Crypto.build/Objects-normal/arm64/Crypto.swiftmodule /Users/ryankanfer/Library/Developer/Xcode/DerivedData/HOMEY_Clean-gafualdnzupkfseuistvwtqbnpqd/Build/Products/Debug-iphoneos/Crypto.swiftmodule/arm64-apple-ios.swiftmodule

Copy /Users/ryankanfer/Library/Developer/Xcode/DerivedData/HOMEY_Clean-gafualdnzupkfseuistvwtqbnpqd/Build/Products/Debug-iphoneos/Crypto.swiftmodule/arm64-apple-ios.swiftdoc /Users/ryankanfer/Library/Developer/Xcode/DerivedData/HOMEY_Clean-gafualdnzupkfseuistvwtqbnpqd/Build/Intermediates.noindex/swift-crypto.build/Debug-iphoneos/Crypto.build/Objects-normal/arm64/Crypto.swiftdoc (in target 'Crypto' from project 'swift-crypto')
    cd /Users/ryankanfer/Library/Developer/Xcode/DerivedData/HOMEY_Clean-gafualdnzupkfseuistvwtqbnpqd/SourcePackages/checkouts/swift-crypto
    builtin-copy -exclude .DS_Store -exclude CVS -exclude .svn -exclude .git -exclude .hg -resolve-src-symlinks -rename /Users/ryankanfer/Library/Developer/Xcode/DerivedData/HOMEY_Clean-gafualdnzupkfseuistvwtqbnpqd/Build/Intermediates.noindex/swift-crypto.build/Debug-iphoneos/Crypto.build/Objects-normal/arm64/Crypto.swiftdoc /Users/ryankanfer/Library/Developer/Xcode/DerivedData/HOMEY_Clean-gafualdnzupkfseuistvwtqbnpqd/Build/Products/Debug-iphoneos/Crypto.swiftmodule/arm64-apple-ios.swiftdoc

Copy /Users/ryankanfer/Library/Developer/Xcode/DerivedData/HOMEY_Clean-gafualdnzupkfseuistvwtqbnpqd/Build/Products/Debug-iphoneos/Crypto.swiftmodule/arm64-apple-ios.abi.json /Users/ryankanfer/Library/Developer/Xcode/DerivedData/HOMEY_Clean-gafualdnzupkfseuistvwtqbnpqd/Build/Intermediates.noindex/swift-crypto.build/Debug-iphoneos/Crypto.build/Objects-normal/arm64/Crypto.abi.json (in target 'Crypto' from project 'swift-crypto')
    cd /Users/ryankanfer/Library/Developer/Xcode/DerivedData/HOMEY_Clean-gafualdnzupkfseuistvwtqbnpqd/SourcePackages/checkouts/swift-crypto
    builtin-copy -exclude .DS_Store -exclude CVS -exclude .svn -exclude .git -exclude .hg -resolve-src-symlinks -rename /Users/ryankanfer/Library/Developer/Xcode/DerivedData/HOMEY_Clean-gafualdnzupkfseuistvwtqbnpqd/Build/Intermediates.noindex/swift-crypto.build/Debug-iphoneos/Crypto.build/Objects-normal/arm64/Crypto.abi.json /Users/ryankanfer/Library/Developer/Xcode/DerivedData/HOMEY_Clean-gafualdnzupkfseuistvwtqbnpqd/Build/Products/Debug-iphoneos/Crypto.swiftmodule/arm64-apple-ios.abi.json

Copy /Users/ryankanfer/Library/Developer/Xcode/DerivedData/HOMEY_Clean-gafualdnzupkfseuistvwtqbnpqd/Build/Products/Debug-iphoneos/Crypto.swiftmodule/Project/arm64-apple-ios.swiftsourceinfo /Users/ryankanfer/Library/Developer/Xcode/DerivedData/HOMEY_Clean-gafualdnzupkfseuistvwtqbnpqd/Build/Intermediates.noindex/swift-crypto.build/Debug-iphoneos/Crypto.build/Objects-normal/arm64/Crypto.swiftsourceinfo (in target 'Crypto' from project 'swift-crypto')
    cd /Users/ryankanfer/Library/Developer/Xcode/DerivedData/HOMEY_Clean-gafualdnzupkfseuistvwtqbnpqd/SourcePackages/checkouts/swift-crypto
    builtin-copy -exclude .DS_Store -exclude CVS -exclude .svn -exclude .git -exclude .hg -resolve-src-symlinks -rename /Users/ryankanfer/Library/Developer/Xcode/DerivedData/HOMEY_Clean-gafualdnzupkfseuistvwtqbnpqd/Build/Intermediates.noindex/swift-crypto.build/Debug-iphoneos/Crypto.build/Objects-normal/arm64/Crypto.swiftsourceinfo /Users/ryankanfer/Library/Developer/Xcode/DerivedData/HOMEY_Clean-gafualdnzupkfseuistvwtqbnpqd/Build/Products/Debug-iphoneos/Crypto.swiftmodule/Project/arm64-apple-ios.swiftsourceinfo

SwiftCompile normal arm64 Compiling\ resource_bundle_accessor.swift,\ AES-GCM.swift,\ AES-GCM_boring.swift,\ ChaChaPoly_boring.swift,\ ChaChaPoly.swift,\ Cipher.swift,\ Nonces.swift,\ ASN1.swift,\ ASN1Any.swift,\ ASN1BitString.swift,\ ASN1Boolean.swift /Users/ryankanfer/Library/Developer/Xcode/DerivedData/HOMEY_Clean-gafualdnzupkfseuistvwtqbnpqd/Build/Intermediates.noindex/swift-crypto.build/Debug-iphoneos/Crypto.build/DerivedSources/resource_bundle_accessor.swift /Users/ryankanfer/Library/Developer/Xcode/DerivedData/HOMEY_Clean-gafualdnzupkfseuistvwtqbnpqd/SourcePackages/checkouts/swift-crypto/Sources/Crypto/AEADs/AES/GCM/AES-GCM.swift /Users/ryankanfer/Library/Developer/Xcode/DerivedData/HOMEY_Clean-gafualdnzupkfseuistvwtqbnpqd/SourcePackages/checkouts/swift-crypto/Sources/Crypto/AEADs/AES/GCM/BoringSSL/AES-GCM_boring.swift /Users/ryankanfer/Library/Developer/Xcode/DerivedData/HOMEY_Clean-gafualdnzupkfseuistvwtqbnpqd/SourcePackages/checkouts/swift-crypto/Sources/Crypto/AEADs/ChachaPoly/BoringSSL/ChaChaPoly_boring.swift /Users/ryankanfer/Library/Developer/Xcode/DerivedData/HOMEY_Clean-gafualdnzupkfseuistvwtqbnpqd/SourcePackages/checkouts/swift-crypto/Sources/Crypto/AEADs/ChachaPoly/ChaChaPoly.swift /Users/ryankanfer/Library/Developer/Xcode/DerivedData/HOMEY_Clean-gafualdnzupkfseuistvwtqbnpqd/SourcePackages/checkouts/swift-crypto/Sources/Crypto/AEADs/Cipher.swift /Users/ryankanfer/Library/Developer/Xcode/DerivedData/HOMEY_Clean-gafualdnzupkfseuistvwtqbnpqd/SourcePackages/checkouts/swift-crypto/Sources/Crypto/AEADs/Nonces.swift /Users/ryankanfer/Library/Developer/Xcode/DerivedData/HOMEY_Clean-gafualdnzupkfseuistvwtqbnpqd/SourcePackages/checkouts/swift-crypto/Sources/Crypto/ASN1/ASN1.swift /Users/ryankanfer/Library/Developer/Xcode/DerivedData/HOMEY_Clean-gafualdnzupkfseuistvwtqbnpqd/SourcePackages/checkouts/swift-crypto/Sources/Crypto/ASN1/Basic\ ASN1\ Types/ASN1Any.swift /Users/ryankanfer/Library/Developer/Xcode/DerivedData/HOMEY_Clean-gafualdnzupkfseuistvwtqbnpqd/SourcePackages/checkouts/swift-crypto/Sources/Crypto/ASN1/Basic\ ASN1\ Types/ASN1BitString.swift /Users/ryankanfer/Library/Developer/Xcode/DerivedData/HOMEY_Clean-gafualdnzupkfseuistvwtqbnpqd/SourcePackages/checkouts/swift-crypto/Sources/Crypto/ASN1/Basic\ ASN1\ Types/ASN1Boolean.swift (in target 'Crypto' from project 'swift-crypto')
SwiftCompile normal arm64 /Users/ryankanfer/Library/Developer/Xcode/DerivedData/HOMEY_Clean-gafualdnzupkfseuistvwtqbnpqd/Build/Intermediates.noindex/swift-crypto.build/Debug-iphoneos/Crypto.build/DerivedSources/resource_bundle_accessor.swift (in target 'Crypto' from project 'swift-crypto')
    cd /Users/ryankanfer/Documents/Developer/HOMEY\ Clean/HOMEY\ Clean.xcodeproj
    

SwiftCompile normal arm64 /Users/ryankanfer/Library/Developer/Xcode/DerivedData/HOMEY_Clean-gafualdnzupkfseuistvwtqbnpqd/SourcePackages/checkouts/swift-crypto/Sources/Crypto/AEADs/AES/GCM/AES-GCM.swift (in target 'Crypto' from project 'swift-crypto')
    cd /Users/ryankanfer/Documents/Developer/HOMEY\ Clean/HOMEY\ Clean.xcodeproj
    

SwiftCompile normal arm64 /Users/ryankanfer/Library/Developer/Xcode/DerivedData/HOMEY_Clean-gafualdnzupkfseuistvwtqbnpqd/SourcePackages/checkouts/swift-crypto/Sources/Crypto/AEADs/AES/GCM/BoringSSL/AES-GCM_boring.swift (in target 'Crypto' from project 'swift-crypto')
    cd /Users/ryankanfer/Documents/Developer/HOMEY\ Clean/HOMEY\ Clean.xcodeproj
    

SwiftCompile normal arm64 /Users/ryankanfer/Library/Developer/Xcode/DerivedData/HOMEY_Clean-gafualdnzupkfseuistvwtqbnpqd/SourcePackages/checkouts/swift-crypto/Sources/Crypto/AEADs/ChachaPoly/BoringSSL/ChaChaPoly_boring.swift (in target 'Crypto' from project 'swift-crypto')
    cd /Users/ryankanfer/Documents/Developer/HOMEY\ Clean/HOMEY\ Clean.xcodeproj
    

SwiftCompile normal arm64 /Users/ryankanfer/Library/Developer/Xcode/DerivedData/HOMEY_Clean-gafualdnzupkfseuistvwtqbnpqd/SourcePackages/checkouts/swift-crypto/Sources/Crypto/AEADs/ChachaPoly/ChaChaPoly.swift (in target 'Crypto' from project 'swift-crypto')
    cd /Users/ryankanfer/Documents/Developer/HOMEY\ Clean/HOMEY\ Clean.xcodeproj
    

SwiftCompile normal arm64 /Users/ryankanfer/Library/Developer/Xcode/DerivedData/HOMEY_Clean-gafualdnzupkfseuistvwtqbnpqd/SourcePackages/checkouts/swift-crypto/Sources/Crypto/AEADs/Cipher.swift (in target 'Crypto' from project 'swift-crypto')
    cd /Users/ryankanfer/Documents/Developer/HOMEY\ Clean/HOMEY\ Clean.xcodeproj
    

SwiftCompile normal arm64 /Users/ryankanfer/Library/Developer/Xcode/DerivedData/HOMEY_Clean-gafualdnzupkfseuistvwtqbnpqd/SourcePackages/checkouts/swift-crypto/Sources/Crypto/AEADs/Nonces.swift (in target 'Crypto' from project 'swift-crypto')
    cd /Users/ryankanfer/Documents/Developer/HOMEY\ Clean/HOMEY\ Clean.xcodeproj
    

SwiftCompile normal arm64 /Users/ryankanfer/Library/Developer/Xcode/DerivedData/HOMEY_Clean-gafualdnzupkfseuistvwtqbnpqd/SourcePackages/checkouts/swift-crypto/Sources/Crypto/ASN1/ASN1.swift (in target 'Crypto' from project 'swift-crypto')
    cd /Users/ryankanfer/Documents/Developer/HOMEY\ Clean/HOMEY\ Clean.xcodeproj
    

SwiftCompile normal arm64 /Users/ryankanfer/Library/Developer/Xcode/DerivedData/HOMEY_Clean-gafualdnzupkfseuistvwtqbnpqd/SourcePackages/checkouts/swift-crypto/Sources/Crypto/ASN1/Basic\ ASN1\ Types/ASN1Any.swift (in target 'Crypto' from project 'swift-crypto')
    cd /Users/ryankanfer/Documents/Developer/HOMEY\ Clean/HOMEY\ Clean.xcodeproj
    

SwiftCompile normal arm64 /Users/ryankanfer/Library/Developer/Xcode/DerivedData/HOMEY_Clean-gafualdnzupkfseuistvwtqbnpqd/SourcePackages/checkouts/swift-crypto/Sources/Crypto/ASN1/Basic\ ASN1\ Types/ASN1BitString.swift (in target 'Crypto' from project 'swift-crypto')
    cd /Users/ryankanfer/Documents/Developer/HOMEY\ Clean/HOMEY\ Clean.xcodeproj
    

SwiftCompile normal arm64 /Users/ryankanfer/Library/Developer/Xcode/DerivedData/HOMEY_Clean-gafualdnzupkfseuistvwtqbnpqd/SourcePackages/checkouts/swift-crypto/Sources/Crypto/ASN1/Basic\ ASN1\ Types/ASN1Boolean.swift (in target 'Crypto' from project 'swift-crypto')
    cd /Users/ryankanfer/Documents/Developer/HOMEY\ Clean/HOMEY\ Clean.xcodeproj
    

SwiftDriverJobDiscovery normal arm64 Compiling HPKE-Errors.swift, HPKE.swift, HPKE-Context.swift, HPKE-KeySchedule.swift, HPKE-Modes.swift, Insecure.swift, Insecure_HashFunctions.swift, KEM.swift, ECDH_boring.swift, DH.swift (in target 'Crypto' from project 'swift-crypto')

SwiftCompile normal arm64 Compiling\ X25519Keys.swift,\ SymmetricKeys.swift,\ HMAC.swift,\ MACFunctions.swift,\ MessageAuthenticationCode.swift,\ AES.swift,\ ECDSASignature_boring.swift,\ ECDSA_boring.swift,\ EdDSA_boring.swift,\ ECDSA.swift /Users/ryankanfer/Library/Developer/Xcode/DerivedData/HOMEY_Clean-gafualdnzupkfseuistvwtqbnpqd/SourcePackages/checkouts/swift-crypto/Sources/Crypto/Keys/EC/X25519Keys.swift /Users/ryankanfer/Library/Developer/Xcode/DerivedData/HOMEY_Clean-gafualdnzupkfseuistvwtqbnpqd/SourcePackages/checkouts/swift-crypto/Sources/Crypto/Keys/Symmetric/SymmetricKeys.swift /Users/ryankanfer/Library/Developer/Xcode/DerivedData/HOMEY_Clean-gafualdnzupkfseuistvwtqbnpqd/SourcePackages/checkouts/swift-crypto/Sources/Crypto/Message\ Authentication\ Codes/HMAC/HMAC.swift /Users/ryankanfer/Library/Developer/Xcode/DerivedData/HOMEY_Clean-gafualdnzupkfseuistvwtqbnpqd/SourcePackages/checkouts/swift-crypto/Sources/Crypto/Message\ Authentication\ Codes/MACFunctions.swift /Users/ryankanfer/Library/Developer/Xcode/DerivedData/HOMEY_Clean-gafualdnzupkfseuistvwtqbnpqd/SourcePackages/checkouts/swift-crypto/Sources/Crypto/Message\ Authentication\ Codes/MessageAuthenticationCode.swift /Users/ryankanfer/Library/Developer/Xcode/DerivedData/HOMEY_Clean-gafualdnzupkfseuistvwtqbnpqd/SourcePackages/checkouts/swift-crypto/Sources/Crypto/PRF/AES.swift /Users/ryankanfer/Library/Developer/Xcode/DerivedData/HOMEY_Clean-gafualdnzupkfseuistvwtqbnpqd/SourcePackages/checkouts/swift-crypto/Sources/Crypto/Signatures/BoringSSL/ECDSASignature_boring.swift /Users/ryankanfer/Library/Developer/Xcode/DerivedData/HOMEY_Clean-gafualdnzupkfseuistvwtqbnpqd/SourcePackages/checkouts/swift-crypto/Sources/Crypto/Signatures/BoringSSL/ECDSA_boring.swift /Users/ryankanfer/Library/Developer/Xcode/DerivedData/HOMEY_Clean-gafualdnzupkfseuistvwtqbnpqd/SourcePackages/checkouts/swift-crypto/Sources/Crypto/Signatures/BoringSSL/EdDSA_boring.swift /Users/ryankanfer/Library/Developer/Xcode/DerivedData/HOMEY_Clean-gafualdnzupkfseuistvwtqbnpqd/SourcePackages/checkouts/swift-crypto/Sources/Crypto/Signatures/ECDSA.swift (in target 'Crypto' from project 'swift-crypto')
SwiftCompile normal arm64 /Users/ryankanfer/Library/Developer/Xcode/DerivedData/HOMEY_Clean-gafualdnzupkfseuistvwtqbnpqd/SourcePackages/checkouts/swift-crypto/Sources/Crypto/Keys/EC/X25519Keys.swift (in target 'Crypto' from project 'swift-crypto')
    cd /Users/ryankanfer/Documents/Developer/HOMEY\ Clean/HOMEY\ Clean.xcodeproj
    

SwiftCompile normal arm64 /Users/ryankanfer/Library/Developer/Xcode/DerivedData/HOMEY_Clean-gafualdnzupkfseuistvwtqbnpqd/SourcePackages/checkouts/swift-crypto/Sources/Crypto/Keys/Symmetric/SymmetricKeys.swift (in target 'Crypto' from project 'swift-crypto')
    cd /Users/ryankanfer/Documents/Developer/HOMEY\ Clean/HOMEY\ Clean.xcodeproj
    

SwiftCompile normal arm64 /Users/ryankanfer/Library/Developer/Xcode/DerivedData/HOMEY_Clean-gafualdnzupkfseuistvwtqbnpqd/SourcePackages/checkouts/swift-crypto/Sources/Crypto/Message\ Authentication\ Codes/HMAC/HMAC.swift (in target 'Crypto' from project 'swift-crypto')
    cd /Users/ryankanfer/Documents/Developer/HOMEY\ Clean/HOMEY\ Clean.xcodeproj
    

SwiftCompile normal arm64 /Users/ryankanfer/Library/Developer/Xcode/DerivedData/HOMEY_Clean-gafualdnzupkfseuistvwtqbnpqd/SourcePackages/checkouts/swift-crypto/Sources/Crypto/Message\ Authentication\ Codes/MACFunctions.swift (in target 'Crypto' from project 'swift-crypto')
    cd /Users/ryankanfer/Documents/Developer/HOMEY\ Clean/HOMEY\ Clean.xcodeproj
    

SwiftCompile normal arm64 /Users/ryankanfer/Library/Developer/Xcode/DerivedData/HOMEY_Clean-gafualdnzupkfseuistvwtqbnpqd/SourcePackages/checkouts/swift-crypto/Sources/Crypto/Message\ Authentication\ Codes/MessageAuthenticationCode.swift (in target 'Crypto' from project 'swift-crypto')
    cd /Users/ryankanfer/Documents/Developer/HOMEY\ Clean/HOMEY\ Clean.xcodeproj
    

SwiftCompile normal arm64 /Users/ryankanfer/Library/Developer/Xcode/DerivedData/HOMEY_Clean-gafualdnzupkfseuistvwtqbnpqd/SourcePackages/checkouts/swift-crypto/Sources/Crypto/PRF/AES.swift (in target 'Crypto' from project 'swift-crypto')
    cd /Users/ryankanfer/Documents/Developer/HOMEY\ Clean/HOMEY\ Clean.xcodeproj
    

SwiftCompile normal arm64 /Users/ryankanfer/Library/Developer/Xcode/DerivedData/HOMEY_Clean-gafualdnzupkfseuistvwtqbnpqd/SourcePackages/checkouts/swift-crypto/Sources/Crypto/Signatures/BoringSSL/ECDSASignature_boring.swift (in target 'Crypto' from project 'swift-crypto')
    cd /Users/ryankanfer/Documents/Developer/HOMEY\ Clean/HOMEY\ Clean.xcodeproj
    

SwiftCompile normal arm64 /Users/ryankanfer/Library/Developer/Xcode/DerivedData/HOMEY_Clean-gafualdnzupkfseuistvwtqbnpqd/SourcePackages/checkouts/swift-crypto/Sources/Crypto/Signatures/BoringSSL/ECDSA_boring.swift (in target 'Crypto' from project 'swift-crypto')
    cd /Users/ryankanfer/Documents/Developer/HOMEY\ Clean/HOMEY\ Clean.xcodeproj
    

SwiftCompile normal arm64 /Users/ryankanfer/Library/Developer/Xcode/DerivedData/HOMEY_Clean-gafualdnzupkfseuistvwtqbnpqd/SourcePackages/checkouts/swift-crypto/Sources/Crypto/Signatures/BoringSSL/EdDSA_boring.swift (in target 'Crypto' from project 'swift-crypto')
    cd /Users/ryankanfer/Documents/Developer/HOMEY\ Clean/HOMEY\ Clean.xcodeproj
    

SwiftCompile normal arm64 /Users/ryankanfer/Library/Developer/Xcode/DerivedData/HOMEY_Clean-gafualdnzupkfseuistvwtqbnpqd/SourcePackages/checkouts/swift-crypto/Sources/Crypto/Signatures/ECDSA.swift (in target 'Crypto' from project 'swift-crypto')
    cd /Users/ryankanfer/Documents/Developer/HOMEY\ Clean/HOMEY\ Clean.xcodeproj
    

SwiftCompile normal arm64 Compiling\ Ed25519.swift,\ Signature.swift,\ CryptoKitErrors_boring.swift,\ RNG_boring.swift,\ SafeCompare_boring.swift,\ Zeroization_boring.swift,\ PrettyBytes.swift,\ SafeCompare.swift,\ SecureBytes.swift,\ Zeroization.swift /Users/ryankanfer/Library/Developer/Xcode/DerivedData/HOMEY_Clean-gafualdnzupkfseuistvwtqbnpqd/SourcePackages/checkouts/swift-crypto/Sources/Crypto/Signatures/Ed25519.swift /Users/ryankanfer/Library/Developer/Xcode/DerivedData/HOMEY_Clean-gafualdnzupkfseuistvwtqbnpqd/SourcePackages/checkouts/swift-crypto/Sources/Crypto/Signatures/Signature.swift /Users/ryankanfer/Library/Developer/Xcode/DerivedData/HOMEY_Clean-gafualdnzupkfseuistvwtqbnpqd/SourcePackages/checkouts/swift-crypto/Sources/Crypto/Util/BoringSSL/CryptoKitErrors_boring.swift /Users/ryankanfer/Library/Developer/Xcode/DerivedData/HOMEY_Clean-gafualdnzupkfseuistvwtqbnpqd/SourcePackages/checkouts/swift-crypto/Sources/Crypto/Util/BoringSSL/RNG_boring.swift /Users/ryankanfer/Library/Developer/Xcode/DerivedData/HOMEY_Clean-gafualdnzupkfseuistvwtqbnpqd/SourcePackages/checkouts/swift-crypto/Sources/Crypto/Util/BoringSSL/SafeCompare_boring.swift /Users/ryankanfer/Library/Developer/Xcode/DerivedData/HOMEY_Clean-gafualdnzupkfseuistvwtqbnpqd/SourcePackages/checkouts/swift-crypto/Sources/Crypto/Util/BoringSSL/Zeroization_boring.swift /Users/ryankanfer/Library/Developer/Xcode/DerivedData/HOMEY_Clean-gafualdnzupkfseuistvwtqbnpqd/SourcePackages/checkouts/swift-crypto/Sources/Crypto/Util/PrettyBytes.swift /Users/ryankanfer/Library/Developer/Xcode/DerivedData/HOMEY_Clean-gafualdnzupkfseuistvwtqbnpqd/SourcePackages/checkouts/swift-crypto/Sources/Crypto/Util/SafeCompare.swift /Users/ryankanfer/Library/Developer/Xcode/DerivedData/HOMEY_Clean-gafualdnzupkfseuistvwtqbnpqd/SourcePackages/checkouts/swift-crypto/Sources/Crypto/Util/SecureBytes.swift /Users/ryankanfer/Library/Developer/Xcode/DerivedData/HOMEY_Clean-gafualdnzupkfseuistvwtqbnpqd/SourcePackages/checkouts/swift-crypto/Sources/Crypto/Util/Zeroization.swift (in target 'Crypto' from project 'swift-crypto')
SwiftCompile normal arm64 /Users/ryankanfer/Library/Developer/Xcode/DerivedData/HOMEY_Clean-gafualdnzupkfseuistvwtqbnpqd/SourcePackages/checkouts/swift-crypto/Sources/Crypto/Signatures/Ed25519.swift (in target 'Crypto' from project 'swift-crypto')
    cd /Users/ryankanfer/Documents/Developer/HOMEY\ Clean/HOMEY\ Clean.xcodeproj
    

SwiftCompile normal arm64 /Users/ryankanfer/Library/Developer/Xcode/DerivedData/HOMEY_Clean-gafualdnzupkfseuistvwtqbnpqd/SourcePackages/checkouts/swift-crypto/Sources/Crypto/Signatures/Signature.swift (in target 'Crypto' from project 'swift-crypto')
    cd /Users/ryankanfer/Documents/Developer/HOMEY\ Clean/HOMEY\ Clean.xcodeproj
    

SwiftCompile normal arm64 /Users/ryankanfer/Library/Developer/Xcode/DerivedData/HOMEY_Clean-gafualdnzupkfseuistvwtqbnpqd/SourcePackages/checkouts/swift-crypto/Sources/Crypto/Util/BoringSSL/CryptoKitErrors_boring.swift (in target 'Crypto' from project 'swift-crypto')
    cd /Users/ryankanfer/Documents/Developer/HOMEY\ Clean/HOMEY\ Clean.xcodeproj
    

SwiftCompile normal arm64 /Users/ryankanfer/Library/Developer/Xcode/DerivedData/HOMEY_Clean-gafualdnzupkfseuistvwtqbnpqd/SourcePackages/checkouts/swift-crypto/Sources/Crypto/Util/BoringSSL/RNG_boring.swift (in target 'Crypto' from project 'swift-crypto')
    cd /Users/ryankanfer/Documents/Developer/HOMEY\ Clean/HOMEY\ Clean.xcodeproj
    

SwiftCompile normal arm64 /Users/ryankanfer/Library/Developer/Xcode/DerivedData/HOMEY_Clean-gafualdnzupkfseuistvwtqbnpqd/SourcePackages/checkouts/swift-crypto/Sources/Crypto/Util/BoringSSL/SafeCompare_boring.swift (in target 'Crypto' from project 'swift-crypto')
    cd /Users/ryankanfer/Documents/Developer/HOMEY\ Clean/HOMEY\ Clean.xcodeproj
    

SwiftCompile normal arm64 /Users/ryankanfer/Library/Developer/Xcode/DerivedData/HOMEY_Clean-gafualdnzupkfseuistvwtqbnpqd/SourcePackages/checkouts/swift-crypto/Sources/Crypto/Util/BoringSSL/Zeroization_boring.swift (in target 'Crypto' from project 'swift-crypto')
    cd /Users/ryankanfer/Documents/Developer/HOMEY\ Clean/HOMEY\ Clean.xcodeproj
    

SwiftCompile normal arm64 /Users/ryankanfer/Library/Developer/Xcode/DerivedData/HOMEY_Clean-gafualdnzupkfseuistvwtqbnpqd/SourcePackages/checkouts/swift-crypto/Sources/Crypto/Util/PrettyBytes.swift (in target 'Crypto' from project 'swift-crypto')
    cd /Users/ryankanfer/Documents/Developer/HOMEY\ Clean/HOMEY\ Clean.xcodeproj
    

SwiftCompile normal arm64 /Users/ryankanfer/Library/Developer/Xcode/DerivedData/HOMEY_Clean-gafualdnzupkfseuistvwtqbnpqd/SourcePackages/checkouts/swift-crypto/Sources/Crypto/Util/SafeCompare.swift (in target 'Crypto' from project 'swift-crypto')
    cd /Users/ryankanfer/Documents/Developer/HOMEY\ Clean/HOMEY\ Clean.xcodeproj
    

SwiftCompile normal arm64 /Users/ryankanfer/Library/Developer/Xcode/DerivedData/HOMEY_Clean-gafualdnzupkfseuistvwtqbnpqd/SourcePackages/checkouts/swift-crypto/Sources/Crypto/Util/SecureBytes.swift (in target 'Crypto' from project 'swift-crypto')
    cd /Users/ryankanfer/Documents/Developer/HOMEY\ Clean/HOMEY\ Clean.xcodeproj
    

SwiftCompile normal arm64 /Users/ryankanfer/Library/Developer/Xcode/DerivedData/HOMEY_Clean-gafualdnzupkfseuistvwtqbnpqd/SourcePackages/checkouts/swift-crypto/Sources/Crypto/Util/Zeroization.swift (in target 'Crypto' from project 'swift-crypto')
    cd /Users/ryankanfer/Documents/Developer/HOMEY\ Clean/HOMEY\ Clean.xcodeproj
    

SwiftDriverJobDiscovery normal arm64 Compiling ISOLatin1String.swift (in target 'HTTPTypes' from project 'swift-http-types')

SwiftCompile normal arm64 Compiling\ PKCS8PrivateKey.swift,\ SEC1PrivateKey.swift,\ SubjectPublicKeyInfo.swift,\ CryptoError_boring.swift,\ CryptoKitErrors.swift,\ Digest_boring.swift,\ Digest.swift,\ Digests.swift,\ HashFunctions.swift,\ HashFunctions_SHA2.swift /Users/ryankanfer/Library/Developer/Xcode/DerivedData/HOMEY_Clean-gafualdnzupkfseuistvwtqbnpqd/SourcePackages/checkouts/swift-crypto/Sources/Crypto/ASN1/PKCS8PrivateKey.swift /Users/ryankanfer/Library/Developer/Xcode/DerivedData/HOMEY_Clean-gafualdnzupkfseuistvwtqbnpqd/SourcePackages/checkouts/swift-crypto/Sources/Crypto/ASN1/SEC1PrivateKey.swift /Users/ryankanfer/Library/Developer/Xcode/DerivedData/HOMEY_Clean-gafualdnzupkfseuistvwtqbnpqd/SourcePackages/checkouts/swift-crypto/Sources/Crypto/ASN1/SubjectPublicKeyInfo.swift /Users/ryankanfer/Library/Developer/Xcode/DerivedData/HOMEY_Clean-gafualdnzupkfseuistvwtqbnpqd/SourcePackages/checkouts/swift-crypto/Sources/Crypto/CryptoError_boring.swift /Users/ryankanfer/Library/Developer/Xcode/DerivedData/HOMEY_Clean-gafualdnzupkfseuistvwtqbnpqd/SourcePackages/checkouts/swift-crypto/Sources/Crypto/CryptoKitErrors.swift /Users/ryankanfer/Library/Developer/Xcode/DerivedData/HOMEY_Clean-gafualdnzupkfseuistvwtqbnpqd/SourcePackages/checkouts/swift-crypto/Sources/Crypto/Digests/BoringSSL/Digest_boring.swift /Users/ryankanfer/Library/Developer/Xcode/DerivedData/HOMEY_Clean-gafualdnzupkfseuistvwtqbnpqd/SourcePackages/checkouts/swift-crypto/Sources/Crypto/Digests/Digest.swift /Users/ryankanfer/Library/Developer/Xcode/DerivedData/HOMEY_Clean-gafualdnzupkfseuistvwtqbnpqd/SourcePackages/checkouts/swift-crypto/Sources/Crypto/Digests/Digests.swift /Users/ryankanfer/Library/Developer/Xcode/DerivedData/HOMEY_Clean-gafualdnzupkfseuistvwtqbnpqd/SourcePackages/checkouts/swift-crypto/Sources/Crypto/Digests/HashFunctions.swift /Users/ryankanfer/Library/Developer/Xcode/DerivedData/HOMEY_Clean-gafualdnzupkfseuistvwtqbnpqd/SourcePackages/checkouts/swift-crypto/Sources/Crypto/Digests/HashFunctions_SHA2.swift (in target 'Crypto' from project 'swift-crypto')

SwiftCompile normal arm64 /Users/ryankanfer/Library/Developer/Xcode/DerivedData/HOMEY_Clean-gafualdnzupkfseuistvwtqbnpqd/SourcePackages/checkouts/swift-crypto/Sources/Crypto/ASN1/PKCS8PrivateKey.swift (in target 'Crypto' from project 'swift-crypto')
    cd /Users/ryankanfer/Documents/Developer/HOMEY\ Clean/HOMEY\ Clean.xcodeproj
    

SwiftCompile normal arm64 /Users/ryankanfer/Library/Developer/Xcode/DerivedData/HOMEY_Clean-gafualdnzupkfseuistvwtqbnpqd/SourcePackages/checkouts/swift-crypto/Sources/Crypto/ASN1/SEC1PrivateKey.swift (in target 'Crypto' from project 'swift-crypto')
    cd /Users/ryankanfer/Documents/Developer/HOMEY\ Clean/HOMEY\ Clean.xcodeproj
    

SwiftCompile normal arm64 /Users/ryankanfer/Library/Developer/Xcode/DerivedData/HOMEY_Clean-gafualdnzupkfseuistvwtqbnpqd/SourcePackages/checkouts/swift-crypto/Sources/Crypto/ASN1/SubjectPublicKeyInfo.swift (in target 'Crypto' from project 'swift-crypto')
    cd /Users/ryankanfer/Documents/Developer/HOMEY\ Clean/HOMEY\ Clean.xcodeproj
    

SwiftCompile normal arm64 /Users/ryankanfer/Library/Developer/Xcode/DerivedData/HOMEY_Clean-gafualdnzupkfseuistvwtqbnpqd/SourcePackages/checkouts/swift-crypto/Sources/Crypto/CryptoError_boring.swift (in target 'Crypto' from project 'swift-crypto')
    cd /Users/ryankanfer/Documents/Developer/HOMEY\ Clean/HOMEY\ Clean.xcodeproj
    

SwiftCompile normal arm64 /Users/ryankanfer/Library/Developer/Xcode/DerivedData/HOMEY_Clean-gafualdnzupkfseuistvwtqbnpqd/SourcePackages/checkouts/swift-crypto/Sources/Crypto/CryptoKitErrors.swift (in target 'Crypto' from project 'swift-crypto')
    cd /Users/ryankanfer/Documents/Developer/HOMEY\ Clean/HOMEY\ Clean.xcodeproj
    

SwiftCompile normal arm64 /Users/ryankanfer/Library/Developer/Xcode/DerivedData/HOMEY_Clean-gafualdnzupkfseuistvwtqbnpqd/SourcePackages/checkouts/swift-crypto/Sources/Crypto/Digests/BoringSSL/Digest_boring.swift (in target 'Crypto' from project 'swift-crypto')
    cd /Users/ryankanfer/Documents/Developer/HOMEY\ Clean/HOMEY\ Clean.xcodeproj
    

SwiftCompile normal arm64 /Users/ryankanfer/Library/Developer/Xcode/DerivedData/HOMEY_Clean-gafualdnzupkfseuistvwtqbnpqd/SourcePackages/checkouts/swift-crypto/Sources/Crypto/Digests/Digest.swift (in target 'Crypto' from project 'swift-crypto')
    cd /Users/ryankanfer/Documents/Developer/HOMEY\ Clean/HOMEY\ Clean.xcodeproj
    

SwiftCompile normal arm64 /Users/ryankanfer/Library/Developer/Xcode/DerivedData/HOMEY_Clean-gafualdnzupkfseuistvwtqbnpqd/SourcePackages/checkouts/swift-crypto/Sources/Crypto/Digests/Digests.swift (in target 'Crypto' from project 'swift-crypto')
    cd /Users/ryankanfer/Documents/Developer/HOMEY\ Clean/HOMEY\ Clean.xcodeproj
    

SwiftCompile normal arm64 /Users/ryankanfer/Library/Developer/Xcode/DerivedData/HOMEY_Clean-gafualdnzupkfseuistvwtqbnpqd/SourcePackages/checkouts/swift-crypto/Sources/Crypto/Digests/HashFunctions.swift (in target 'Crypto' from project 'swift-crypto')
    cd /Users/ryankanfer/Documents/Developer/HOMEY\ Clean/HOMEY\ Clean.xcodeproj
    

SwiftCompile normal arm64 /Users/ryankanfer/Library/Developer/Xcode/DerivedData/HOMEY_Clean-gafualdnzupkfseuistvwtqbnpqd/SourcePackages/checkouts/swift-crypto/Sources/Crypto/Digests/HashFunctions_SHA2.swift (in target 'Crypto' from project 'swift-crypto')
    cd /Users/ryankanfer/Documents/Developer/HOMEY\ Clean/HOMEY\ Clean.xcodeproj
    

SwiftDriverJobDiscovery normal arm64 Compiling HTTPResponse.swift (in target 'HTTPTypes' from project 'swift-http-types')

SwiftDriverJobDiscovery normal arm64 Compiling ECDH.swift, HKDF.swift, AESWrap.swift, AESWrap_boring.swift, Ed25519_boring.swift, NISTCurvesKeys_boring.swift, X25519Keys_boring.swift, Curve25519.swift, Ed25519Keys.swift, NISTCurvesKeys.swift (in target 'Crypto' from project 'swift-crypto')

SwiftCompile normal arm64 Compiling\ MainSerialExecutor.swift /Users/ryankanfer/Library/Developer/Xcode/DerivedData/HOMEY_Clean-gafualdnzupkfseuistvwtqbnpqd/SourcePackages/checkouts/swift-concurrency-extras/Sources/ConcurrencyExtras/MainSerialExecutor.swift (in target 'ConcurrencyExtras' from project 'swift-concurrency-extras')

SwiftCompile normal arm64 /Users/ryankanfer/Library/Developer/Xcode/DerivedData/HOMEY_Clean-gafualdnzupkfseuistvwtqbnpqd/SourcePackages/checkouts/swift-concurrency-extras/Sources/ConcurrencyExtras/MainSerialExecutor.swift (in target 'ConcurrencyExtras' from project 'swift-concurrency-extras')
    cd /Users/ryankanfer/Documents/Developer/HOMEY\ Clean/HOMEY\ Clean.xcodeproj
    

SwiftCompile normal arm64 Compiling\ AsyncStream.swift,\ AsyncThrowingStream.swift /Users/ryankanfer/Library/Developer/Xcode/DerivedData/HOMEY_Clean-gafualdnzupkfseuistvwtqbnpqd/SourcePackages/checkouts/swift-concurrency-extras/Sources/ConcurrencyExtras/AsyncStream.swift /Users/ryankanfer/Library/Developer/Xcode/DerivedData/HOMEY_Clean-gafualdnzupkfseuistvwtqbnpqd/SourcePackages/checkouts/swift-concurrency-extras/Sources/ConcurrencyExtras/AsyncThrowingStream.swift (in target 'ConcurrencyExtras' from project 'swift-concurrency-extras')

SwiftCompile normal arm64 /Users/ryankanfer/Library/Developer/Xcode/DerivedData/HOMEY_Clean-gafualdnzupkfseuistvwtqbnpqd/SourcePackages/checkouts/swift-concurrency-extras/Sources/ConcurrencyExtras/AsyncStream.swift (in target 'ConcurrencyExtras' from project 'swift-concurrency-extras')
    cd /Users/ryankanfer/Documents/Developer/HOMEY\ Clean/HOMEY\ Clean.xcodeproj
    

SwiftCompile normal arm64 /Users/ryankanfer/Library/Developer/Xcode/DerivedData/HOMEY_Clean-gafualdnzupkfseuistvwtqbnpqd/SourcePackages/checkouts/swift-concurrency-extras/Sources/ConcurrencyExtras/AsyncThrowingStream.swift (in target 'ConcurrencyExtras' from project 'swift-concurrency-extras')
    cd /Users/ryankanfer/Documents/Developer/HOMEY\ Clean/HOMEY\ Clean.xcodeproj
    

SwiftDriverJobDiscovery normal arm64 Compiling ASN1Identifier.swift, ASN1Integer.swift, ASN1Null.swift, ASN1OctetString.swift, ASN1Strings.swift, ArraySliceBigint.swift, GeneralizedTime.swift, ObjectIdentifier.swift, ECDSASignature.swift, PEMDocument.swift (in target 'Crypto' from project 'swift-crypto')

SwiftDriverJobDiscovery normal arm64 Compiling HPKE-AEAD.swift, HPKE-Ciphersuite.swift, HPKE-KDF.swift, HPKE-KexKeyDerivation.swift, HPKE-LabeledExtract.swift, HPKE-Utils.swift, DHKEM.swift, HPKE-KEM-Curve25519.swift, HPKE-NIST-EC-KEMs.swift, HPKE-KEM.swift (in target 'Crypto' from project 'swift-crypto')

SwiftCompile normal arm64 Compiling\ Locking.swift,\ UncheckedBox.swift /Users/ryankanfer/Library/Developer/Xcode/DerivedData/HOMEY_Clean-gafualdnzupkfseuistvwtqbnpqd/SourcePackages/checkouts/swift-concurrency-extras/Sources/ConcurrencyExtras/Internal/Locking.swift /Users/ryankanfer/Library/Developer/Xcode/DerivedData/HOMEY_Clean-gafualdnzupkfseuistvwtqbnpqd/SourcePackages/checkouts/swift-concurrency-extras/Sources/ConcurrencyExtras/Internal/UncheckedBox.swift (in target 'ConcurrencyExtras' from project 'swift-concurrency-extras')

SwiftCompile normal arm64 /Users/ryankanfer/Library/Developer/Xcode/DerivedData/HOMEY_Clean-gafualdnzupkfseuistvwtqbnpqd/SourcePackages/checkouts/swift-concurrency-extras/Sources/ConcurrencyExtras/Internal/Locking.swift (in target 'ConcurrencyExtras' from project 'swift-concurrency-extras')
    cd /Users/ryankanfer/Documents/Developer/HOMEY\ Clean/HOMEY\ Clean.xcodeproj
    

SwiftCompile normal arm64 /Users/ryankanfer/Library/Developer/Xcode/DerivedData/HOMEY_Clean-gafualdnzupkfseuistvwtqbnpqd/SourcePackages/checkouts/swift-concurrency-extras/Sources/ConcurrencyExtras/Internal/UncheckedBox.swift (in target 'ConcurrencyExtras' from project 'swift-concurrency-extras')
    cd /Users/ryankanfer/Documents/Developer/HOMEY\ Clean/HOMEY\ Clean.xcodeproj
    

SwiftDriverJobDiscovery normal arm64 Compiling HTTPFields.swift (in target 'HTTPTypes' from project 'swift-http-types')

SwiftCompile normal arm64 Compiling\ UncheckedSendable.swift /Users/ryankanfer/Library/Developer/Xcode/DerivedData/HOMEY_Clean-gafualdnzupkfseuistvwtqbnpqd/SourcePackages/checkouts/swift-concurrency-extras/Sources/ConcurrencyExtras/UncheckedSendable.swift (in target 'ConcurrencyExtras' from project 'swift-concurrency-extras')

SwiftCompile normal arm64 /Users/ryankanfer/Library/Developer/Xcode/DerivedData/HOMEY_Clean-gafualdnzupkfseuistvwtqbnpqd/SourcePackages/checkouts/swift-concurrency-extras/Sources/ConcurrencyExtras/UncheckedSendable.swift (in target 'ConcurrencyExtras' from project 'swift-concurrency-extras')
    cd /Users/ryankanfer/Documents/Developer/HOMEY\ Clean/HOMEY\ Clean.xcodeproj
    

SwiftDriver\ Compilation HTTPTypes normal arm64 com.apple.xcode.tools.swift.compiler (in target 'HTTPTypes' from project 'swift-http-types')
    cd /Users/ryankanfer/Documents/Developer/HOMEY\ Clean/HOMEY\ Clean.xcodeproj
    builtin-Swift-Compilation -- /Applications/Xcode.app/Contents/Developer/Toolchains/XcodeDefault.xctoolchain/usr/bin/swiftc -module-name HTTPTypes -Onone -enforce-exclusivity\=checked @/Users/ryankanfer/Library/Developer/Xcode/DerivedData/HOMEY_Clean-gafualdnzupkfseuistvwtqbnpqd/Build/Intermediates.noindex/swift-http-types.build/Debug-iphoneos/HTTPTypes.build/Objects-normal/arm64/HTTPTypes.SwiftFileList -DSWIFT_PACKAGE -DDEBUG -DSWIFT_MODULE_RESOURCE_BUNDLE_UNAVAILABLE -DXcode -enable-experimental-feature StrictConcurrency\=complete -enable-upcoming-feature MemberImportVisibility -plugin-path /Applications/Xcode.app/Contents/Developer/Toolchains/XcodeDefault.xctoolchain/usr/lib/swift/host/plugins/testing -enable-experimental-feature DebugDescriptionMacro -sdk /Applications/Xcode.app/Contents/Developer/Platforms/iPhoneOS.platform/Developer/SDKs/iPhoneOS26.0.sdk -target arm64-apple-ios12.0 -g -module-cache-path /Users/ryankanfer/Library/Developer/Xcode/DerivedData/ModuleCache.noindex -Xfrontend -serialize-debugging-options -profile-coverage-mapping -profile-generate -enable-testing -suppress-warnings -index-store-path /Users/ryankanfer/Library/Developer/Xcode/DerivedData/HOMEY_Clean-gafualdnzupkfseuistvwtqbnpqd/Index.noindex/DataStore -Xcc -D_LIBCPP_HARDENING_MODE\=_LIBCPP_HARDENING_MODE_DEBUG -swift-version 5 -I /Users/ryankanfer/Library/Developer/Xcode/DerivedData/HOMEY_Clean-gafualdnzupkfseuistvwtqbnpqd/Build/Products/Debug-iphoneos -Isystem /Applications/Xcode.app/Contents/Developer/Platforms/iPhoneOS.platform/Developer/usr/lib -F /Users/ryankanfer/Library/Developer/Xcode/DerivedData/HOMEY_Clean-gafualdnzupkfseuistvwtqbnpqd/Build/Products/Debug-iphoneos -F /Applications/Xcode.app/Contents/Developer/Platforms/iPhoneOS.platform/Developer/Library/Frameworks -F /Applications/Xcode.app/Contents/Developer/Platforms/iPhoneOS.platform/Developer/SDKs/iPhoneOS26.0.sdk/Developer/Library/Frameworks -c -j8 -enable-batch-mode -incremental -Xcc -ivfsstatcache -Xcc /Users/ryankanfer/Library/Developer/Xcode/DerivedData/SDKStatCaches.noindex/iphoneos26.0-23A339-81ce72e5b06c9602b9d30b56f2eed08a.sdkstatcache -output-file-map /Users/ryankanfer/Library/Developer/Xcode/DerivedData/HOMEY_Clean-gafualdnzupkfseuistvwtqbnpqd/Build/Intermediates.noindex/swift-http-types.build/Debug-iphoneos/HTTPTypes.build/Objects-normal/arm64/HTTPTypes-OutputFileMap.json -use-frontend-parseable-output -save-temps -no-color-diagnostics -explicit-module-build -module-cache-path /Users/ryankanfer/Library/Developer/Xcode/DerivedData/HOMEY_Clean-gafualdnzupkfseuistvwtqbnpqd/Build/Intermediates.noindex/SwiftExplicitPrecompiledModules -clang-scanner-module-cache-path /Users/ryankanfer/Library/Developer/Xcode/DerivedData/ModuleCache.noindex -sdk-module-cache-path /Users/ryankanfer/Library/Developer/Xcode/DerivedData/ModuleCache.noindex -serialize-diagnostics -emit-dependencies -emit-module -emit-module-path /Users/ryankanfer/Library/Developer/Xcode/DerivedData/HOMEY_Clean-gafualdnzupkfseuistvwtqbnpqd/Build/Intermediates.noindex/swift-http-types.build/Debug-iphoneos/HTTPTypes.build/Objects-normal/arm64/HTTPTypes.swiftmodule -validate-clang-modules-once -clang-build-session-file /Users/ryankanfer/Library/Developer/Xcode/DerivedData/ModuleCache.noindex/Session.modulevalidation -package-name swift_http_types -Xcc -I/Users/ryankanfer/Library/Developer/Xcode/DerivedData/HOMEY_Clean-gafualdnzupkfseuistvwtqbnpqd/Build/Intermediates.noindex/swift-http-types.build/Debug-iphoneos/HTTPTypes.build/swift-overrides.hmap -emit-const-values -Xfrontend -const-gather-protocols-file -Xfrontend /Users/ryankanfer/Library/Developer/Xcode/DerivedData/HOMEY_Clean-gafualdnzupkfseuistvwtqbnpqd/Build/Intermediates.noindex/swift-http-types.build/Debug-iphoneos/HTTPTypes.build/Objects-normal/arm64/HTTPTypes_const_extract_protocols.json -Xcc -I/Users/ryankanfer/Library/Developer/Xcode/DerivedData/HOMEY_Clean-gafualdnzupkfseuistvwtqbnpqd/Build/Products/Debug-iphoneos/include -Xcc -I/Users/ryankanfer/Library/Developer/Xcode/DerivedData/HOMEY_Clean-gafualdnzupkfseuistvwtqbnpqd/Build/Intermediates.noindex/swift-http-types.build/Debug-iphoneos/HTTPTypes.build/DerivedSources-normal/arm64 -Xcc -I/Users/ryankanfer/Library/Developer/Xcode/DerivedData/HOMEY_Clean-gafualdnzupkfseuistvwtqbnpqd/Build/Intermediates.noindex/swift-http-types.build/Debug-iphoneos/HTTPTypes.build/DerivedSources/arm64 -Xcc -I/Users/ryankanfer/Library/Developer/Xcode/DerivedData/HOMEY_Clean-gafualdnzupkfseuistvwtqbnpqd/Build/Intermediates.noindex/swift-http-types.build/Debug-iphoneos/HTTPTypes.build/DerivedSources -Xcc -DSWIFT_PACKAGE -Xcc -DDEBUG\=1 -emit-objc-header -emit-objc-header-path /Users/ryankanfer/Library/Developer/Xcode/DerivedData/HOMEY_Clean-gafualdnzupkfseuistvwtqbnpqd/Build/Intermediates.noindex/swift-http-types.build/Debug-iphoneos/HTTPTypes.build/Objects-normal/arm64/HTTPTypes-Swift.h -working-directory /Users/ryankanfer/Documents/Developer/HOMEY\ Clean/HOMEY\ Clean.xcodeproj -experimental-emit-module-separately -disable-cmo

SwiftDriverJobDiscovery normal arm64 Compiling resource_bundle_accessor.swift, AES-GCM.swift, AES-GCM_boring.swift, ChaChaPoly_boring.swift, ChaChaPoly.swift, Cipher.swift, Nonces.swift, ASN1.swift, ASN1Any.swift, ASN1BitString.swift, ASN1Boolean.swift (in target 'Crypto' from project 'swift-crypto')

SwiftCompile normal arm64 Compiling\ Result.swift /Users/ryankanfer/Library/Developer/Xcode/DerivedData/HOMEY_Clean-gafualdnzupkfseuistvwtqbnpqd/SourcePackages/checkouts/swift-concurrency-extras/Sources/ConcurrencyExtras/Result.swift (in target 'ConcurrencyExtras' from project 'swift-concurrency-extras')

SwiftCompile normal arm64 /Users/ryankanfer/Library/Developer/Xcode/DerivedData/HOMEY_Clean-gafualdnzupkfseuistvwtqbnpqd/SourcePackages/checkouts/swift-concurrency-extras/Sources/ConcurrencyExtras/Result.swift (in target 'ConcurrencyExtras' from project 'swift-concurrency-extras')
    cd /Users/ryankanfer/Documents/Developer/HOMEY\ Clean/HOMEY\ Clean.xcodeproj
    

SwiftCompile normal arm64 Compiling\ LockIsolated.swift /Users/ryankanfer/Library/Developer/Xcode/DerivedData/HOMEY_Clean-gafualdnzupkfseuistvwtqbnpqd/SourcePackages/checkouts/swift-concurrency-extras/Sources/ConcurrencyExtras/LockIsolated.swift (in target 'ConcurrencyExtras' from project 'swift-concurrency-extras')

SwiftCompile normal arm64 /Users/ryankanfer/Library/Developer/Xcode/DerivedData/HOMEY_Clean-gafualdnzupkfseuistvwtqbnpqd/SourcePackages/checkouts/swift-concurrency-extras/Sources/ConcurrencyExtras/LockIsolated.swift (in target 'ConcurrencyExtras' from project 'swift-concurrency-extras')
    cd /Users/ryankanfer/Documents/Developer/HOMEY\ Clean/HOMEY\ Clean.xcodeproj
    

SwiftDriverJobDiscovery normal arm64 Compiling X25519Keys.swift, SymmetricKeys.swift, HMAC.swift, MACFunctions.swift, MessageAuthenticationCode.swift, AES.swift, ECDSASignature_boring.swift, ECDSA_boring.swift, EdDSA_boring.swift, ECDSA.swift (in target 'Crypto' from project 'swift-crypto')

SwiftCompile normal arm64 Compiling\ ActorIsolated.swift,\ AnyHashableSendable.swift /Users/ryankanfer/Library/Developer/Xcode/DerivedData/HOMEY_Clean-gafualdnzupkfseuistvwtqbnpqd/SourcePackages/checkouts/swift-concurrency-extras/Sources/ConcurrencyExtras/ActorIsolated.swift /Users/ryankanfer/Library/Developer/Xcode/DerivedData/HOMEY_Clean-gafualdnzupkfseuistvwtqbnpqd/SourcePackages/checkouts/swift-concurrency-extras/Sources/ConcurrencyExtras/AnyHashableSendable.swift (in target 'ConcurrencyExtras' from project 'swift-concurrency-extras')

SwiftCompile normal arm64 /Users/ryankanfer/Library/Developer/Xcode/DerivedData/HOMEY_Clean-gafualdnzupkfseuistvwtqbnpqd/SourcePackages/checkouts/swift-concurrency-extras/Sources/ConcurrencyExtras/ActorIsolated.swift (in target 'ConcurrencyExtras' from project 'swift-concurrency-extras')
    cd /Users/ryankanfer/Documents/Developer/HOMEY\ Clean/HOMEY\ Clean.xcodeproj
    

SwiftCompile normal arm64 /Users/ryankanfer/Library/Developer/Xcode/DerivedData/HOMEY_Clean-gafualdnzupkfseuistvwtqbnpqd/SourcePackages/checkouts/swift-concurrency-extras/Sources/ConcurrencyExtras/AnyHashableSendable.swift (in target 'ConcurrencyExtras' from project 'swift-concurrency-extras')
    cd /Users/ryankanfer/Documents/Developer/HOMEY\ Clean/HOMEY\ Clean.xcodeproj
    

SwiftDriverJobDiscovery normal arm64 Compiling MainSerialExecutor.swift (in target 'ConcurrencyExtras' from project 'swift-concurrency-extras')

SwiftCompile normal arm64 Compiling\ Task.swift /Users/ryankanfer/Library/Developer/Xcode/DerivedData/HOMEY_Clean-gafualdnzupkfseuistvwtqbnpqd/SourcePackages/checkouts/swift-concurrency-extras/Sources/ConcurrencyExtras/Task.swift (in target 'ConcurrencyExtras' from project 'swift-concurrency-extras')

SwiftCompile normal arm64 /Users/ryankanfer/Library/Developer/Xcode/DerivedData/HOMEY_Clean-gafualdnzupkfseuistvwtqbnpqd/SourcePackages/checkouts/swift-concurrency-extras/Sources/ConcurrencyExtras/Task.swift (in target 'ConcurrencyExtras' from project 'swift-concurrency-extras')
    cd /Users/ryankanfer/Documents/Developer/HOMEY\ Clean/HOMEY\ Clean.xcodeproj
    

SwiftDriverJobDiscovery normal arm64 Compiling PKCS8PrivateKey.swift, SEC1PrivateKey.swift, SubjectPublicKeyInfo.swift, CryptoError_boring.swift, CryptoKitErrors.swift, Digest_boring.swift, Digest.swift, Digests.swift, HashFunctions.swift, HashFunctions_SHA2.swift (in target 'Crypto' from project 'swift-crypto')

SwiftDriverJobDiscovery normal arm64 Compiling Locking.swift, UncheckedBox.swift (in target 'ConcurrencyExtras' from project 'swift-concurrency-extras')

Ld /Users/ryankanfer/Library/Developer/Xcode/DerivedData/HOMEY_Clean-gafualdnzupkfseuistvwtqbnpqd/Build/Products/Debug-iphoneos/IssueReportingPackageSupport.o normal (in target 'IssueReportingPackageSupport' from project 'xctest-dynamic-overlay')
    cd /Users/ryankanfer/Library/Developer/Xcode/DerivedData/HOMEY_Clean-gafualdnzupkfseuistvwtqbnpqd/SourcePackages/checkouts/xctest-dynamic-overlay
    /Applications/Xcode.app/Contents/Developer/Toolchains/XcodeDefault.xctoolchain/usr/bin/clang -Xlinker -reproducible -target arm64-apple-ios13.0 -r -isysroot /Applications/Xcode.app/Contents/Developer/Platforms/iPhoneOS.platform/Developer/SDKs/iPhoneOS26.0.sdk -O0 -w -L/Users/ryankanfer/Library/Developer/Xcode/DerivedData/HOMEY_Clean-gafualdnzupkfseuistvwtqbnpqd/Build/Intermediates.noindex/EagerLinkingTBDs/Debug-iphoneos -L/Users/ryankanfer/Library/Developer/Xcode/DerivedData/HOMEY_Clean-gafualdnzupkfseuistvwtqbnpqd/Build/Products/Debug-iphoneos -L/Applications/Xcode.app/Contents/Developer/Platforms/iPhoneOS.platform/Developer/usr/lib -F/Users/ryankanfer/Library/Developer/Xcode/DerivedData/HOMEY_Clean-gafualdnzupkfseuistvwtqbnpqd/Build/Intermediates.noindex/EagerLinkingTBDs/Debug-iphoneos -F/Users/ryankanfer/Library/Developer/Xcode/DerivedData/HOMEY_Clean-gafualdnzupkfseuistvwtqbnpqd/Build/Products/Debug-iphoneos -iframework /Applications/Xcode.app/Contents/Developer/Platforms/iPhoneOS.platform/Developer/Library/Frameworks -iframework /Applications/Xcode.app/Contents/Developer/Platforms/iPhoneOS.platform/Developer/SDKs/iPhoneOS26.0.sdk/Developer/Library/Frameworks -filelist /Users/ryankanfer/Library/Developer/Xcode/DerivedData/HOMEY_Clean-gafualdnzupkfseuistvwtqbnpqd/Build/Intermediates.noindex/xctest-dynamic-overlay.build/Debug-iphoneos/IssueReportingPackageSupport.build/Objects-normal/arm64/IssueReportingPackageSupport.LinkFileList -nostdlib -Xlinker -object_path_lto -Xlinker /Users/ryankanfer/Library/Developer/Xcode/DerivedData/HOMEY_Clean-gafualdnzupkfseuistvwtqbnpqd/Build/Intermediates.noindex/xctest-dynamic-overlay.build/Debug-iphoneos/IssueReportingPackageSupport.build/Objects-normal/arm64/IssueReportingPackageSupport_lto.o -rdynamic -Xlinker -no_deduplicate -Xlinker -debug_variant -Xlinker -dependency_info -Xlinker /Users/ryankanfer/Library/Developer/Xcode/DerivedData/HOMEY_Clean-gafualdnzupkfseuistvwtqbnpqd/Build/Intermediates.noindex/xctest-dynamic-overlay.build/Debug-iphoneos/IssueReportingPackageSupport.build/Objects-normal/arm64/IssueReportingPackageSupport_dependency_info.dat -fobjc-link-runtime -L/Applications/Xcode.app/Contents/Developer/Toolchains/XcodeDefault.xctoolchain/usr/lib/swift/iphoneos -L/usr/lib/swift -Xlinker -add_ast_path -Xlinker /Users/ryankanfer/Library/Developer/Xcode/DerivedData/HOMEY_Clean-gafualdnzupkfseuistvwtqbnpqd/Build/Intermediates.noindex/xctest-dynamic-overlay.build/Debug-iphoneos/IssueReportingPackageSupport.build/Objects-normal/arm64/IssueReportingPackageSupport.swiftmodule @/Users/ryankanfer/Library/Developer/Xcode/DerivedData/HOMEY_Clean-gafualdnzupkfseuistvwtqbnpqd/Build/Intermediates.noindex/xctest-dynamic-overlay.build/Debug-iphoneos/IssueReportingPackageSupport.build/Objects-normal/arm64/IssueReportingPackageSupport-linker-args.resp -o /Users/ryankanfer/Library/Developer/Xcode/DerivedData/HOMEY_Clean-gafualdnzupkfseuistvwtqbnpqd/Build/Products/Debug-iphoneos/IssueReportingPackageSupport.o

SwiftDriverJobDiscovery normal arm64 Compiling Result.swift (in target 'ConcurrencyExtras' from project 'swift-concurrency-extras')

Ld /Users/ryankanfer/Library/Developer/Xcode/DerivedData/HOMEY_Clean-gafualdnzupkfseuistvwtqbnpqd/Build/Products/Debug-iphoneos/HTTPTypes.o normal (in target 'HTTPTypes' from project 'swift-http-types')
    cd /Users/ryankanfer/Library/Developer/Xcode/DerivedData/HOMEY_Clean-gafualdnzupkfseuistvwtqbnpqd/SourcePackages/checkouts/swift-http-types
    /Applications/Xcode.app/Contents/Developer/Toolchains/XcodeDefault.xctoolchain/usr/bin/clang -Xlinker -reproducible -target arm64-apple-ios12.0 -r -isysroot /Applications/Xcode.app/Contents/Developer/Platforms/iPhoneOS.platform/Developer/SDKs/iPhoneOS26.0.sdk -O0 -w -L/Users/ryankanfer/Library/Developer/Xcode/DerivedData/HOMEY_Clean-gafualdnzupkfseuistvwtqbnpqd/Build/Intermediates.noindex/EagerLinkingTBDs/Debug-iphoneos -L/Users/ryankanfer/Library/Developer/Xcode/DerivedData/HOMEY_Clean-gafualdnzupkfseuistvwtqbnpqd/Build/Products/Debug-iphoneos -L/Applications/Xcode.app/Contents/Developer/Platforms/iPhoneOS.platform/Developer/usr/lib -F/Users/ryankanfer/Library/Developer/Xcode/DerivedData/HOMEY_Clean-gafualdnzupkfseuistvwtqbnpqd/Build/Intermediates.noindex/EagerLinkingTBDs/Debug-iphoneos -F/Users/ryankanfer/Library/Developer/Xcode/DerivedData/HOMEY_Clean-gafualdnzupkfseuistvwtqbnpqd/Build/Products/Debug-iphoneos -iframework /Applications/Xcode.app/Contents/Developer/Platforms/iPhoneOS.platform/Developer/Library/Frameworks -iframework /Applications/Xcode.app/Contents/Developer/Platforms/iPhoneOS.platform/Developer/SDKs/iPhoneOS26.0.sdk/Developer/Library/Frameworks -filelist /Users/ryankanfer/Library/Developer/Xcode/DerivedData/HOMEY_Clean-gafualdnzupkfseuistvwtqbnpqd/Build/Intermediates.noindex/swift-http-types.build/Debug-iphoneos/HTTPTypes.build/Objects-normal/arm64/HTTPTypes.LinkFileList -nostdlib -Xlinker -object_path_lto -Xlinker /Users/ryankanfer/Library/Developer/Xcode/DerivedData/HOMEY_Clean-gafualdnzupkfseuistvwtqbnpqd/Build/Intermediates.noindex/swift-http-types.build/Debug-iphoneos/HTTPTypes.build/Objects-normal/arm64/HTTPTypes_lto.o -rdynamic -Xlinker -no_deduplicate -Xlinker -debug_variant -Xlinker -dependency_info -Xlinker /Users/ryankanfer/Library/Developer/Xcode/DerivedData/HOMEY_Clean-gafualdnzupkfseuistvwtqbnpqd/Build/Intermediates.noindex/swift-http-types.build/Debug-iphoneos/HTTPTypes.build/Objects-normal/arm64/HTTPTypes_dependency_info.dat -fobjc-link-runtime -L/Applications/Xcode.app/Contents/Developer/Toolchains/XcodeDefault.xctoolchain/usr/lib/swift/iphoneos -L/usr/lib/swift -Xlinker -add_ast_path -Xlinker /Users/ryankanfer/Library/Developer/Xcode/DerivedData/HOMEY_Clean-gafualdnzupkfseuistvwtqbnpqd/Build/Intermediates.noindex/swift-http-types.build/Debug-iphoneos/HTTPTypes.build/Objects-normal/arm64/HTTPTypes.swiftmodule @/Users/ryankanfer/Library/Developer/Xcode/DerivedData/HOMEY_Clean-gafualdnzupkfseuistvwtqbnpqd/Build/Intermediates.noindex/swift-http-types.build/Debug-iphoneos/HTTPTypes.build/Objects-normal/arm64/HTTPTypes-linker-args.resp -o /Users/ryankanfer/Library/Developer/Xcode/DerivedData/HOMEY_Clean-gafualdnzupkfseuistvwtqbnpqd/Build/Products/Debug-iphoneos/HTTPTypes.o

ExtractAppIntentsMetadata (in target 'IssueReportingPackageSupport' from project 'xctest-dynamic-overlay')
    cd /Users/ryankanfer/Library/Developer/Xcode/DerivedData/HOMEY_Clean-gafualdnzupkfseuistvwtqbnpqd/SourcePackages/checkouts/xctest-dynamic-overlay
    /Applications/Xcode.app/Contents/Developer/Toolchains/XcodeDefault.xctoolchain/usr/bin/appintentsmetadataprocessor --toolchain-dir /Applications/Xcode.app/Contents/Developer/Toolchains/XcodeDefault.xctoolchain --module-name IssueReportingPackageSupport --sdk-root /Applications/Xcode.app/Contents/Developer/Platforms/iPhoneOS.platform/Developer/SDKs/iPhoneOS26.0.sdk --xcode-version 17A324 --platform-family iOS --deployment-target 13.0 --bundle-identifier xctest-dynamic-overlay.IssueReportingPackageSupport --output /Users/ryankanfer/Library/Developer/Xcode/DerivedData/HOMEY_Clean-gafualdnzupkfseuistvwtqbnpqd/Build/Products/Debug-iphoneos/IssueReportingPackageSupport.appintents --target-triple arm64-apple-ios13.0 --binary-file /Users/ryankanfer/Library/Developer/Xcode/DerivedData/HOMEY_Clean-gafualdnzupkfseuistvwtqbnpqd/Build/Products/Debug-iphoneos/IssueReportingPackageSupport.o --dependency-file /Users/ryankanfer/Library/Developer/Xcode/DerivedData/HOMEY_Clean-gafualdnzupkfseuistvwtqbnpqd/Build/Intermediates.noindex/xctest-dynamic-overlay.build/Debug-iphoneos/IssueReportingPackageSupport.build/Objects-normal/arm64/IssueReportingPackageSupport_dependency_info.dat --stringsdata-file /Users/ryankanfer/Library/Developer/Xcode/DerivedData/HOMEY_Clean-gafualdnzupkfseuistvwtqbnpqd/Build/Intermediates.noindex/xctest-dynamic-overlay.build/Debug-iphoneos/IssueReportingPackageSupport.build/Objects-normal/arm64/ExtractedAppShortcutsMetadata.stringsdata --source-file-list /Users/ryankanfer/Library/Developer/Xcode/DerivedData/HOMEY_Clean-gafualdnzupkfseuistvwtqbnpqd/Build/Intermediates.noindex/xctest-dynamic-overlay.build/Debug-iphoneos/IssueReportingPackageSupport.build/Objects-normal/arm64/IssueReportingPackageSupport.SwiftFileList --metadata-file-list /Users/ryankanfer/Library/Developer/Xcode/DerivedData/HOMEY_Clean-gafualdnzupkfseuistvwtqbnpqd/Build/Intermediates.noindex/xctest-dynamic-overlay.build/Debug-iphoneos/IssueReportingPackageSupport.build/IssueReportingPackageSupport.DependencyMetadataFileList --static-metadata-file-list /Users/ryankanfer/Library/Developer/Xcode/DerivedData/HOMEY_Clean-gafualdnzupkfseuistvwtqbnpqd/Build/Intermediates.noindex/xctest-dynamic-overlay.build/Debug-iphoneos/IssueReportingPackageSupport.build/IssueReportingPackageSupport.DependencyStaticMetadataFileList --swift-const-vals-list /Users/ryankanfer/Library/Developer/Xcode/DerivedData/HOMEY_Clean-gafualdnzupkfseuistvwtqbnpqd/Build/Intermediates.noindex/xctest-dynamic-overlay.build/Debug-iphoneos/IssueReportingPackageSupport.build/Objects-normal/arm64/IssueReportingPackageSupport.SwiftConstValuesFileList --force --compile-time-extraction --deployment-aware-processing --validate-assistant-intents --no-app-shortcuts-localization
2025-09-22 23:16:11.047 appintentsmetadataprocessor[46461:12246376] Starting appintentsmetadataprocessor export
2025-09-22 23:16:11.204 appintentsmetadataprocessor[46461:12246376] Extracted no relevant App Intents symbols, skipping writing output

SwiftDriverJobDiscovery normal arm64 Compiling LockIsolated.swift (in target 'ConcurrencyExtras' from project 'swift-concurrency-extras')

SwiftDriverJobDiscovery normal arm64 Compiling AsyncStream.swift, AsyncThrowingStream.swift (in target 'ConcurrencyExtras' from project 'swift-concurrency-extras')

SwiftDriverJobDiscovery normal arm64 Compiling UncheckedSendable.swift (in target 'ConcurrencyExtras' from project 'swift-concurrency-extras')

SwiftDriver IssueReporting normal arm64 com.apple.xcode.tools.swift.compiler (in target 'IssueReporting' from project 'xctest-dynamic-overlay')
    cd /Users/ryankanfer/Documents/Developer/HOMEY\ Clean/HOMEY\ Clean.xcodeproj
    builtin-SwiftDriver -- /Applications/Xcode.app/Contents/Developer/Toolchains/XcodeDefault.xctoolchain/usr/bin/swiftc -module-name IssueReporting -Onone -enforce-exclusivity\=checked @/Users/ryankanfer/Library/Developer/Xcode/DerivedData/HOMEY_Clean-gafualdnzupkfseuistvwtqbnpqd/Build/Intermediates.noindex/xctest-dynamic-overlay.build/Debug-iphoneos/IssueReporting.build/Objects-normal/arm64/IssueReporting.SwiftFileList -DSWIFT_PACKAGE -DDEBUG -DSWIFT_MODULE_RESOURCE_BUNDLE_UNAVAILABLE -DXcode -plugin-path /Applications/Xcode.app/Contents/Developer/Toolchains/XcodeDefault.xctoolchain/usr/lib/swift/host/plugins/testing -enable-experimental-feature DebugDescriptionMacro -sdk /Applications/Xcode.app/Contents/Developer/Platforms/iPhoneOS.platform/Developer/SDKs/iPhoneOS26.0.sdk -target arm64-apple-ios13.0 -g -module-cache-path /Users/ryankanfer/Library/Developer/Xcode/DerivedData/ModuleCache.noindex -Xfrontend -serialize-debugging-options -profile-coverage-mapping -profile-generate -enable-testing -suppress-warnings -index-store-path /Users/ryankanfer/Library/Developer/Xcode/DerivedData/HOMEY_Clean-gafualdnzupkfseuistvwtqbnpqd/Index.noindex/DataStore -Xcc -D_LIBCPP_HARDENING_MODE\=_LIBCPP_HARDENING_MODE_DEBUG -swift-version 6 -I /Users/ryankanfer/Library/Developer/Xcode/DerivedData/HOMEY_Clean-gafualdnzupkfseuistvwtqbnpqd/Build/Products/Debug-iphoneos -Isystem /Applications/Xcode.app/Contents/Developer/Platforms/iPhoneOS.platform/Developer/usr/lib -F /Users/ryankanfer/Library/Developer/Xcode/DerivedData/HOMEY_Clean-gafualdnzupkfseuistvwtqbnpqd/Build/Products/Debug-iphoneos/PackageFrameworks -F /Users/ryankanfer/Library/Developer/Xcode/DerivedData/HOMEY_Clean-gafualdnzupkfseuistvwtqbnpqd/Build/Products/Debug-iphoneos -F /Applications/Xcode.app/Contents/Developer/Platforms/iPhoneOS.platform/Developer/Library/Frameworks -F /Applications/Xcode.app/Contents/Developer/Platforms/iPhoneOS.platform/Developer/SDKs/iPhoneOS26.0.sdk/Developer/Library/Frameworks -c -j8 -enable-batch-mode -incremental -Xcc -ivfsstatcache -Xcc /Users/ryankanfer/Library/Developer/Xcode/DerivedData/SDKStatCaches.noindex/iphoneos26.0-23A339-81ce72e5b06c9602b9d30b56f2eed08a.sdkstatcache -output-file-map /Users/ryankanfer/Library/Developer/Xcode/DerivedData/HOMEY_Clean-gafualdnzupkfseuistvwtqbnpqd/Build/Intermediates.noindex/xctest-dynamic-overlay.build/Debug-iphoneos/IssueReporting.build/Objects-normal/arm64/IssueReporting-OutputFileMap.json -use-frontend-parseable-output -save-temps -no-color-diagnostics -explicit-module-build -module-cache-path /Users/ryankanfer/Library/Developer/Xcode/DerivedData/HOMEY_Clean-gafualdnzupkfseuistvwtqbnpqd/Build/Intermediates.noindex/SwiftExplicitPrecompiledModules -clang-scanner-module-cache-path /Users/ryankanfer/Library/Developer/Xcode/DerivedData/ModuleCache.noindex -sdk-module-cache-path /Users/ryankanfer/Library/Developer/Xcode/DerivedData/ModuleCache.noindex -serialize-diagnostics -emit-dependencies -emit-module -emit-module-path /Users/ryankanfer/Library/Developer/Xcode/DerivedData/HOMEY_Clean-gafualdnzupkfseuistvwtqbnpqd/Build/Intermediates.noindex/xctest-dynamic-overlay.build/Debug-iphoneos/IssueReporting.build/Objects-normal/arm64/IssueReporting.swiftmodule -user-module-version 1.6.1 -validate-clang-modules-once -clang-build-session-file /Users/ryankanfer/Library/Developer/Xcode/DerivedData/ModuleCache.noindex/Session.modulevalidation -package-name xctest_dynamic_overlay -Xcc -I/Users/ryankanfer/Library/Developer/Xcode/DerivedData/HOMEY_Clean-gafualdnzupkfseuistvwtqbnpqd/Build/Intermediates.noindex/xctest-dynamic-overlay.build/Debug-iphoneos/IssueReporting.build/swift-overrides.hmap -emit-const-values -Xfrontend -const-gather-protocols-file -Xfrontend /Users/ryankanfer/Library/Developer/Xcode/DerivedData/HOMEY_Clean-gafualdnzupkfseuistvwtqbnpqd/Build/Intermediates.noindex/xctest-dynamic-overlay.build/Debug-iphoneos/IssueReporting.build/Objects-normal/arm64/IssueReporting_const_extract_protocols.json -Xcc -I/Users/ryankanfer/Library/Developer/Xcode/DerivedData/HOMEY_Clean-gafualdnzupkfseuistvwtqbnpqd/Build/Products/Debug-iphoneos/include -Xcc -I/Users/ryankanfer/Library/Developer/Xcode/DerivedData/HOMEY_Clean-gafualdnzupkfseuistvwtqbnpqd/Build/Intermediates.noindex/xctest-dynamic-overlay.build/Debug-iphoneos/IssueReporting.build/DerivedSources-normal/arm64 -Xcc -I/Users/ryankanfer/Library/Developer/Xcode/DerivedData/HOMEY_Clean-gafualdnzupkfseuistvwtqbnpqd/Build/Intermediates.noindex/xctest-dynamic-overlay.build/Debug-iphoneos/IssueReporting.build/DerivedSources/arm64 -Xcc -I/Users/ryankanfer/Library/Developer/Xcode/DerivedData/HOMEY_Clean-gafualdnzupkfseuistvwtqbnpqd/Build/Intermediates.noindex/xctest-dynamic-overlay.build/Debug-iphoneos/IssueReporting.build/DerivedSources -Xcc -DSWIFT_PACKAGE -Xcc -DDEBUG\=1 -emit-objc-header -emit-objc-header-path /Users/ryankanfer/Library/Developer/Xcode/DerivedData/HOMEY_Clean-gafualdnzupkfseuistvwtqbnpqd/Build/Intermediates.noindex/xctest-dynamic-overlay.build/Debug-iphoneos/IssueReporting.build/Objects-normal/arm64/IssueReporting-Swift.h -working-directory /Users/ryankanfer/Documents/Developer/HOMEY\ Clean/HOMEY\ Clean.xcodeproj -experimental-emit-module-separately -disable-cmo

ExtractAppIntentsMetadata (in target 'HTTPTypes' from project 'swift-http-types')
    cd /Users/ryankanfer/Library/Developer/Xcode/DerivedData/HOMEY_Clean-gafualdnzupkfseuistvwtqbnpqd/SourcePackages/checkouts/swift-http-types
    /Applications/Xcode.app/Contents/Developer/Toolchains/XcodeDefault.xctoolchain/usr/bin/appintentsmetadataprocessor --toolchain-dir /Applications/Xcode.app/Contents/Developer/Toolchains/XcodeDefault.xctoolchain --module-name HTTPTypes --sdk-root /Applications/Xcode.app/Contents/Developer/Platforms/iPhoneOS.platform/Developer/SDKs/iPhoneOS26.0.sdk --xcode-version 17A324 --platform-family iOS --deployment-target 12.0 --bundle-identifier swift-http-types.HTTPTypes --output /Users/ryankanfer/Library/Developer/Xcode/DerivedData/HOMEY_Clean-gafualdnzupkfseuistvwtqbnpqd/Build/Products/Debug-iphoneos/HTTPTypes.appintents --target-triple arm64-apple-ios12.0 --binary-file /Users/ryankanfer/Library/Developer/Xcode/DerivedData/HOMEY_Clean-gafualdnzupkfseuistvwtqbnpqd/Build/Products/Debug-iphoneos/HTTPTypes.o --dependency-file /Users/ryankanfer/Library/Developer/Xcode/DerivedData/HOMEY_Clean-gafualdnzupkfseuistvwtqbnpqd/Build/Intermediates.noindex/swift-http-types.build/Debug-iphoneos/HTTPTypes.build/Objects-normal/arm64/HTTPTypes_dependency_info.dat --stringsdata-file /Users/ryankanfer/Library/Developer/Xcode/DerivedData/HOMEY_Clean-gafualdnzupkfseuistvwtqbnpqd/Build/Intermediates.noindex/swift-http-types.build/Debug-iphoneos/HTTPTypes.build/Objects-normal/arm64/ExtractedAppShortcutsMetadata.stringsdata --source-file-list /Users/ryankanfer/Library/Developer/Xcode/DerivedData/HOMEY_Clean-gafualdnzupkfseuistvwtqbnpqd/Build/Intermediates.noindex/swift-http-types.build/Debug-iphoneos/HTTPTypes.build/Objects-normal/arm64/HTTPTypes.SwiftFileList --metadata-file-list /Users/ryankanfer/Library/Developer/Xcode/DerivedData/HOMEY_Clean-gafualdnzupkfseuistvwtqbnpqd/Build/Intermediates.noindex/swift-http-types.build/Debug-iphoneos/HTTPTypes.build/HTTPTypes.DependencyMetadataFileList --static-metadata-file-list /Users/ryankanfer/Library/Developer/Xcode/DerivedData/HOMEY_Clean-gafualdnzupkfseuistvwtqbnpqd/Build/Intermediates.noindex/swift-http-types.build/Debug-iphoneos/HTTPTypes.build/HTTPTypes.DependencyStaticMetadataFileList --swift-const-vals-list /Users/ryankanfer/Library/Developer/Xcode/DerivedData/HOMEY_Clean-gafualdnzupkfseuistvwtqbnpqd/Build/Intermediates.noindex/swift-http-types.build/Debug-iphoneos/HTTPTypes.build/Objects-normal/arm64/HTTPTypes.SwiftConstValuesFileList --force --compile-time-extraction --deployment-aware-processing --validate-assistant-intents --no-app-shortcuts-localization
2025-09-22 23:16:11.050 appintentsmetadataprocessor[46462:12246387] Starting appintentsmetadataprocessor export
2025-09-22 23:16:11.212 appintentsmetadataprocessor[46462:12246387] Extracted no relevant App Intents symbols, skipping writing output

SwiftDriverJobDiscovery normal arm64 Compiling ActorIsolated.swift, AnyHashableSendable.swift (in target 'ConcurrencyExtras' from project 'swift-concurrency-extras')

SwiftDriverJobDiscovery normal arm64 Compiling Task.swift (in target 'ConcurrencyExtras' from project 'swift-concurrency-extras')

SwiftDriver\ Compilation ConcurrencyExtras normal arm64 com.apple.xcode.tools.swift.compiler (in target 'ConcurrencyExtras' from project 'swift-concurrency-extras')
    cd /Users/ryankanfer/Documents/Developer/HOMEY\ Clean/HOMEY\ Clean.xcodeproj
    builtin-Swift-Compilation -- /Applications/Xcode.app/Contents/Developer/Toolchains/XcodeDefault.xctoolchain/usr/bin/swiftc -module-name ConcurrencyExtras -Onone -enforce-exclusivity\=checked @/Users/ryankanfer/Library/Developer/Xcode/DerivedData/HOMEY_Clean-gafualdnzupkfseuistvwtqbnpqd/Build/Intermediates.noindex/swift-concurrency-extras.build/Debug-iphoneos/ConcurrencyExtras.build/Objects-normal/arm64/ConcurrencyExtras.SwiftFileList -DSWIFT_PACKAGE -DDEBUG -DSWIFT_MODULE_RESOURCE_BUNDLE_UNAVAILABLE -DXcode -plugin-path /Applications/Xcode.app/Contents/Developer/Toolchains/XcodeDefault.xctoolchain/usr/lib/swift/host/plugins/testing -enable-experimental-feature DebugDescriptionMacro -sdk /Applications/Xcode.app/Contents/Developer/Platforms/iPhoneOS.platform/Developer/SDKs/iPhoneOS26.0.sdk -target arm64-apple-ios13.0 -g -module-cache-path /Users/ryankanfer/Library/Developer/Xcode/DerivedData/ModuleCache.noindex -Xfrontend -serialize-debugging-options -profile-coverage-mapping -profile-generate -enable-testing -suppress-warnings -index-store-path /Users/ryankanfer/Library/Developer/Xcode/DerivedData/HOMEY_Clean-gafualdnzupkfseuistvwtqbnpqd/Index.noindex/DataStore -Xcc -D_LIBCPP_HARDENING_MODE\=_LIBCPP_HARDENING_MODE_DEBUG -swift-version 6 -I /Users/ryankanfer/Library/Developer/Xcode/DerivedData/HOMEY_Clean-gafualdnzupkfseuistvwtqbnpqd/Build/Products/Debug-iphoneos -Isystem /Applications/Xcode.app/Contents/Developer/Platforms/iPhoneOS.platform/Developer/usr/lib -F /Users/ryankanfer/Library/Developer/Xcode/DerivedData/HOMEY_Clean-gafualdnzupkfseuistvwtqbnpqd/Build/Products/Debug-iphoneos -F /Applications/Xcode.app/Contents/Developer/Platforms/iPhoneOS.platform/Developer/Library/Frameworks -F /Applications/Xcode.app/Contents/Developer/Platforms/iPhoneOS.platform/Developer/SDKs/iPhoneOS26.0.sdk/Developer/Library/Frameworks -c -j8 -enable-batch-mode -incremental -Xcc -ivfsstatcache -Xcc /Users/ryankanfer/Library/Developer/Xcode/DerivedData/SDKStatCaches.noindex/iphoneos26.0-23A339-81ce72e5b06c9602b9d30b56f2eed08a.sdkstatcache -output-file-map /Users/ryankanfer/Library/Developer/Xcode/DerivedData/HOMEY_Clean-gafualdnzupkfseuistvwtqbnpqd/Build/Intermediates.noindex/swift-concurrency-extras.build/Debug-iphoneos/ConcurrencyExtras.build/Objects-normal/arm64/ConcurrencyExtras-OutputFileMap.json -use-frontend-parseable-output -save-temps -no-color-diagnostics -explicit-module-build -module-cache-path /Users/ryankanfer/Library/Developer/Xcode/DerivedData/HOMEY_Clean-gafualdnzupkfseuistvwtqbnpqd/Build/Intermediates.noindex/SwiftExplicitPrecompiledModules -clang-scanner-module-cache-path /Users/ryankanfer/Library/Developer/Xcode/DerivedData/ModuleCache.noindex -sdk-module-cache-path /Users/ryankanfer/Library/Developer/Xcode/DerivedData/ModuleCache.noindex -serialize-diagnostics -emit-dependencies -emit-module -emit-module-path /Users/ryankanfer/Library/Developer/Xcode/DerivedData/HOMEY_Clean-gafualdnzupkfseuistvwtqbnpqd/Build/Intermediates.noindex/swift-concurrency-extras.build/Debug-iphoneos/ConcurrencyExtras.build/Objects-normal/arm64/ConcurrencyExtras.swiftmodule -user-module-version 1.3.1 -validate-clang-modules-once -clang-build-session-file /Users/ryankanfer/Library/Developer/Xcode/DerivedData/ModuleCache.noindex/Session.modulevalidation -package-name swift_concurrency_extras -Xcc -I/Users/ryankanfer/Library/Developer/Xcode/DerivedData/HOMEY_Clean-gafualdnzupkfseuistvwtqbnpqd/Build/Intermediates.noindex/swift-concurrency-extras.build/Debug-iphoneos/ConcurrencyExtras.build/swift-overrides.hmap -emit-const-values -Xfrontend -const-gather-protocols-file -Xfrontend /Users/ryankanfer/Library/Developer/Xcode/DerivedData/HOMEY_Clean-gafualdnzupkfseuistvwtqbnpqd/Build/Intermediates.noindex/swift-concurrency-extras.build/Debug-iphoneos/ConcurrencyExtras.build/Objects-normal/arm64/ConcurrencyExtras_const_extract_protocols.json -Xcc -I/Users/ryankanfer/Library/Developer/Xcode/DerivedData/HOMEY_Clean-gafualdnzupkfseuistvwtqbnpqd/Build/Products/Debug-iphoneos/include -Xcc -I/Users/ryankanfer/Library/Developer/Xcode/DerivedData/HOMEY_Clean-gafualdnzupkfseuistvwtqbnpqd/Build/Intermediates.noindex/swift-concurrency-extras.build/Debug-iphoneos/ConcurrencyExtras.build/DerivedSources-normal/arm64 -Xcc -I/Users/ryankanfer/Library/Developer/Xcode/DerivedData/HOMEY_Clean-gafualdnzupkfseuistvwtqbnpqd/Build/Intermediates.noindex/swift-concurrency-extras.build/Debug-iphoneos/ConcurrencyExtras.build/DerivedSources/arm64 -Xcc -I/Users/ryankanfer/Library/Developer/Xcode/DerivedData/HOMEY_Clean-gafualdnzupkfseuistvwtqbnpqd/Build/Intermediates.noindex/swift-concurrency-extras.build/Debug-iphoneos/ConcurrencyExtras.build/DerivedSources -Xcc -DSWIFT_PACKAGE -Xcc -DDEBUG\=1 -emit-objc-header -emit-objc-header-path /Users/ryankanfer/Library/Developer/Xcode/DerivedData/HOMEY_Clean-gafualdnzupkfseuistvwtqbnpqd/Build/Intermediates.noindex/swift-concurrency-extras.build/Debug-iphoneos/ConcurrencyExtras.build/Objects-normal/arm64/ConcurrencyExtras-Swift.h -working-directory /Users/ryankanfer/Documents/Developer/HOMEY\ Clean/HOMEY\ Clean.xcodeproj -experimental-emit-module-separately -disable-cmo

Ld /Users/ryankanfer/Library/Developer/Xcode/DerivedData/HOMEY_Clean-gafualdnzupkfseuistvwtqbnpqd/Build/Products/Debug-iphoneos/ConcurrencyExtras.o normal (in target 'ConcurrencyExtras' from project 'swift-concurrency-extras')
    cd /Users/ryankanfer/Library/Developer/Xcode/DerivedData/HOMEY_Clean-gafualdnzupkfseuistvwtqbnpqd/SourcePackages/checkouts/swift-concurrency-extras
    /Applications/Xcode.app/Contents/Developer/Toolchains/XcodeDefault.xctoolchain/usr/bin/clang -Xlinker -reproducible -target arm64-apple-ios13.0 -r -isysroot /Applications/Xcode.app/Contents/Developer/Platforms/iPhoneOS.platform/Developer/SDKs/iPhoneOS26.0.sdk -O0 -w -L/Users/ryankanfer/Library/Developer/Xcode/DerivedData/HOMEY_Clean-gafualdnzupkfseuistvwtqbnpqd/Build/Intermediates.noindex/EagerLinkingTBDs/Debug-iphoneos -L/Users/ryankanfer/Library/Developer/Xcode/DerivedData/HOMEY_Clean-gafualdnzupkfseuistvwtqbnpqd/Build/Products/Debug-iphoneos -L/Applications/Xcode.app/Contents/Developer/Platforms/iPhoneOS.platform/Developer/usr/lib -F/Users/ryankanfer/Library/Developer/Xcode/DerivedData/HOMEY_Clean-gafualdnzupkfseuistvwtqbnpqd/Build/Intermediates.noindex/EagerLinkingTBDs/Debug-iphoneos -F/Users/ryankanfer/Library/Developer/Xcode/DerivedData/HOMEY_Clean-gafualdnzupkfseuistvwtqbnpqd/Build/Products/Debug-iphoneos -iframework /Applications/Xcode.app/Contents/Developer/Platforms/iPhoneOS.platform/Developer/Library/Frameworks -iframework /Applications/Xcode.app/Contents/Developer/Platforms/iPhoneOS.platform/Developer/SDKs/iPhoneOS26.0.sdk/Developer/Library/Frameworks -filelist /Users/ryankanfer/Library/Developer/Xcode/DerivedData/HOMEY_Clean-gafualdnzupkfseuistvwtqbnpqd/Build/Intermediates.noindex/swift-concurrency-extras.build/Debug-iphoneos/ConcurrencyExtras.build/Objects-normal/arm64/ConcurrencyExtras.LinkFileList -nostdlib -Xlinker -object_path_lto -Xlinker /Users/ryankanfer/Library/Developer/Xcode/DerivedData/HOMEY_Clean-gafualdnzupkfseuistvwtqbnpqd/Build/Intermediates.noindex/swift-concurrency-extras.build/Debug-iphoneos/ConcurrencyExtras.build/Objects-normal/arm64/ConcurrencyExtras_lto.o -rdynamic -Xlinker -no_deduplicate -Xlinker -debug_variant -Xlinker -dependency_info -Xlinker /Users/ryankanfer/Library/Developer/Xcode/DerivedData/HOMEY_Clean-gafualdnzupkfseuistvwtqbnpqd/Build/Intermediates.noindex/swift-concurrency-extras.build/Debug-iphoneos/ConcurrencyExtras.build/Objects-normal/arm64/ConcurrencyExtras_dependency_info.dat -fobjc-link-runtime -L/Applications/Xcode.app/Contents/Developer/Toolchains/XcodeDefault.xctoolchain/usr/lib/swift/iphoneos -L/usr/lib/swift -Xlinker -add_ast_path -Xlinker /Users/ryankanfer/Library/Developer/Xcode/DerivedData/HOMEY_Clean-gafualdnzupkfseuistvwtqbnpqd/Build/Intermediates.noindex/swift-concurrency-extras.build/Debug-iphoneos/ConcurrencyExtras.build/Objects-normal/arm64/ConcurrencyExtras.swiftmodule @/Users/ryankanfer/Library/Developer/Xcode/DerivedData/HOMEY_Clean-gafualdnzupkfseuistvwtqbnpqd/Build/Intermediates.noindex/swift-concurrency-extras.build/Debug-iphoneos/ConcurrencyExtras.build/Objects-normal/arm64/ConcurrencyExtras-linker-args.resp -o /Users/ryankanfer/Library/Developer/Xcode/DerivedData/HOMEY_Clean-gafualdnzupkfseuistvwtqbnpqd/Build/Products/Debug-iphoneos/ConcurrencyExtras.o

ExtractAppIntentsMetadata (in target 'ConcurrencyExtras' from project 'swift-concurrency-extras')
    cd /Users/ryankanfer/Library/Developer/Xcode/DerivedData/HOMEY_Clean-gafualdnzupkfseuistvwtqbnpqd/SourcePackages/checkouts/swift-concurrency-extras
    /Applications/Xcode.app/Contents/Developer/Toolchains/XcodeDefault.xctoolchain/usr/bin/appintentsmetadataprocessor --toolchain-dir /Applications/Xcode.app/Contents/Developer/Toolchains/XcodeDefault.xctoolchain --module-name ConcurrencyExtras --sdk-root /Applications/Xcode.app/Contents/Developer/Platforms/iPhoneOS.platform/Developer/SDKs/iPhoneOS26.0.sdk --xcode-version 17A324 --platform-family iOS --deployment-target 13.0 --bundle-identifier swift-concurrency-extras.ConcurrencyExtras --output /Users/ryankanfer/Library/Developer/Xcode/DerivedData/HOMEY_Clean-gafualdnzupkfseuistvwtqbnpqd/Build/Products/Debug-iphoneos/ConcurrencyExtras.appintents --target-triple arm64-apple-ios13.0 --binary-file /Users/ryankanfer/Library/Developer/Xcode/DerivedData/HOMEY_Clean-gafualdnzupkfseuistvwtqbnpqd/Build/Products/Debug-iphoneos/ConcurrencyExtras.o --dependency-file /Users/ryankanfer/Library/Developer/Xcode/DerivedData/HOMEY_Clean-gafualdnzupkfseuistvwtqbnpqd/Build/Intermediates.noindex/swift-concurrency-extras.build/Debug-iphoneos/ConcurrencyExtras.build/Objects-normal/arm64/ConcurrencyExtras_dependency_info.dat --stringsdata-file /Users/ryankanfer/Library/Developer/Xcode/DerivedData/HOMEY_Clean-gafualdnzupkfseuistvwtqbnpqd/Build/Intermediates.noindex/swift-concurrency-extras.build/Debug-iphoneos/ConcurrencyExtras.build/Objects-normal/arm64/ExtractedAppShortcutsMetadata.stringsdata --source-file-list /Users/ryankanfer/Library/Developer/Xcode/DerivedData/HOMEY_Clean-gafualdnzupkfseuistvwtqbnpqd/Build/Intermediates.noindex/swift-concurrency-extras.build/Debug-iphoneos/ConcurrencyExtras.build/Objects-normal/arm64/ConcurrencyExtras.SwiftFileList --metadata-file-list /Users/ryankanfer/Library/Developer/Xcode/DerivedData/HOMEY_Clean-gafualdnzupkfseuistvwtqbnpqd/Build/Intermediates.noindex/swift-concurrency-extras.build/Debug-iphoneos/ConcurrencyExtras.build/ConcurrencyExtras.DependencyMetadataFileList --static-metadata-file-list /Users/ryankanfer/Library/Developer/Xcode/DerivedData/HOMEY_Clean-gafualdnzupkfseuistvwtqbnpqd/Build/Intermediates.noindex/swift-concurrency-extras.build/Debug-iphoneos/ConcurrencyExtras.build/ConcurrencyExtras.DependencyStaticMetadataFileList --swift-const-vals-list /Users/ryankanfer/Library/Developer/Xcode/DerivedData/HOMEY_Clean-gafualdnzupkfseuistvwtqbnpqd/Build/Intermediates.noindex/swift-concurrency-extras.build/Debug-iphoneos/ConcurrencyExtras.build/Objects-normal/arm64/ConcurrencyExtras.SwiftConstValuesFileList --force --compile-time-extraction --deployment-aware-processing --validate-assistant-intents --no-app-shortcuts-localization
2025-09-22 23:16:11.131 appintentsmetadataprocessor[46465:12246417] Starting appintentsmetadataprocessor export
2025-09-22 23:16:11.287 appintentsmetadataprocessor[46465:12246417] Extracted no relevant App Intents symbols, skipping writing output

SwiftDriverJobDiscovery normal arm64 Compiling Ed25519.swift, Signature.swift, CryptoKitErrors_boring.swift, RNG_boring.swift, SafeCompare_boring.swift, Zeroization_boring.swift, PrettyBytes.swift, SafeCompare.swift, SecureBytes.swift, Zeroization.swift (in target 'Crypto' from project 'swift-crypto')

SwiftDriver\ Compilation Crypto normal arm64 com.apple.xcode.tools.swift.compiler (in target 'Crypto' from project 'swift-crypto')
    cd /Users/ryankanfer/Documents/Developer/HOMEY\ Clean/HOMEY\ Clean.xcodeproj
    builtin-Swift-Compilation -- /Applications/Xcode.app/Contents/Developer/Toolchains/XcodeDefault.xctoolchain/usr/bin/swiftc -module-name Crypto -Onone -enforce-exclusivity\=checked @/Users/ryankanfer/Library/Developer/Xcode/DerivedData/HOMEY_Clean-gafualdnzupkfseuistvwtqbnpqd/Build/Intermediates.noindex/swift-crypto.build/Debug-iphoneos/Crypto.build/Objects-normal/arm64/Crypto.SwiftFileList -DSWIFT_PACKAGE -DDEBUG -DSWIFT_MODULE_RESOURCE_BUNDLE_AVAILABLE -DCRYPTO_IN_SWIFTPM -DXcode -enable-upcoming-feature MemberImportVisibility -plugin-path /Applications/Xcode.app/Contents/Developer/Toolchains/XcodeDefault.xctoolchain/usr/lib/swift/host/plugins/testing -enable-experimental-feature DebugDescriptionMacro -sdk /Applications/Xcode.app/Contents/Developer/Platforms/iPhoneOS.platform/Developer/SDKs/iPhoneOS26.0.sdk -target arm64-apple-ios12.0 -g -module-cache-path /Users/ryankanfer/Library/Developer/Xcode/DerivedData/ModuleCache.noindex -Xfrontend -serialize-debugging-options -profile-coverage-mapping -profile-generate -enable-testing -suppress-warnings -index-store-path /Users/ryankanfer/Library/Developer/Xcode/DerivedData/HOMEY_Clean-gafualdnzupkfseuistvwtqbnpqd/Index.noindex/DataStore -Xcc -D_LIBCPP_HARDENING_MODE\=_LIBCPP_HARDENING_MODE_DEBUG -swift-version 5 -I /Users/ryankanfer/Library/Developer/Xcode/DerivedData/HOMEY_Clean-gafualdnzupkfseuistvwtqbnpqd/Build/Products/Debug-iphoneos -Isystem /Applications/Xcode.app/Contents/Developer/Platforms/iPhoneOS.platform/Developer/usr/lib -F /Users/ryankanfer/Library/Developer/Xcode/DerivedData/HOMEY_Clean-gafualdnzupkfseuistvwtqbnpqd/Build/Products/Debug-iphoneos -F /Applications/Xcode.app/Contents/Developer/Platforms/iPhoneOS.platform/Developer/Library/Frameworks -F /Applications/Xcode.app/Contents/Developer/Platforms/iPhoneOS.platform/Developer/SDKs/iPhoneOS26.0.sdk/Developer/Library/Frameworks -c -j8 -enable-batch-mode -incremental -Xcc -ivfsstatcache -Xcc /Users/ryankanfer/Library/Developer/Xcode/DerivedData/SDKStatCaches.noindex/iphoneos26.0-23A339-81ce72e5b06c9602b9d30b56f2eed08a.sdkstatcache -output-file-map /Users/ryankanfer/Library/Developer/Xcode/DerivedData/HOMEY_Clean-gafualdnzupkfseuistvwtqbnpqd/Build/Intermediates.noindex/swift-crypto.build/Debug-iphoneos/Crypto.build/Objects-normal/arm64/Crypto-OutputFileMap.json -use-frontend-parseable-output -save-temps -no-color-diagnostics -explicit-module-build -module-cache-path /Users/ryankanfer/Library/Developer/Xcode/DerivedData/HOMEY_Clean-gafualdnzupkfseuistvwtqbnpqd/Build/Intermediates.noindex/SwiftExplicitPrecompiledModules -clang-scanner-module-cache-path /Users/ryankanfer/Library/Developer/Xcode/DerivedData/ModuleCache.noindex -sdk-module-cache-path /Users/ryankanfer/Library/Developer/Xcode/DerivedData/ModuleCache.noindex -serialize-diagnostics -emit-dependencies -emit-module -emit-module-path /Users/ryankanfer/Library/Developer/Xcode/DerivedData/HOMEY_Clean-gafualdnzupkfseuistvwtqbnpqd/Build/Intermediates.noindex/swift-crypto.build/Debug-iphoneos/Crypto.build/Objects-normal/arm64/Crypto.swiftmodule -validate-clang-modules-once -clang-build-session-file /Users/ryankanfer/Library/Developer/Xcode/DerivedData/ModuleCache.noindex/Session.modulevalidation -package-name swift_crypto -Xcc -I/Users/ryankanfer/Library/Developer/Xcode/DerivedData/HOMEY_Clean-gafualdnzupkfseuistvwtqbnpqd/Build/Intermediates.noindex/swift-crypto.build/Debug-iphoneos/Crypto.build/swift-overrides.hmap -emit-const-values -Xfrontend -const-gather-protocols-file -Xfrontend /Users/ryankanfer/Library/Developer/Xcode/DerivedData/HOMEY_Clean-gafualdnzupkfseuistvwtqbnpqd/Build/Intermediates.noindex/swift-crypto.build/Debug-iphoneos/Crypto.build/Objects-normal/arm64/Crypto_const_extract_protocols.json -Xcc -I/Users/ryankanfer/Library/Developer/Xcode/DerivedData/HOMEY_Clean-gafualdnzupkfseuistvwtqbnpqd/Build/Products/Debug-iphoneos/include -Xcc -I/Users/ryankanfer/Library/Developer/Xcode/DerivedData/HOMEY_Clean-gafualdnzupkfseuistvwtqbnpqd/Build/Intermediates.noindex/swift-crypto.build/Debug-iphoneos/Crypto.build/DerivedSources-normal/arm64 -Xcc -I/Users/ryankanfer/Library/Developer/Xcode/DerivedData/HOMEY_Clean-gafualdnzupkfseuistvwtqbnpqd/Build/Intermediates.noindex/swift-crypto.build/Debug-iphoneos/Crypto.build/DerivedSources/arm64 -Xcc -I/Users/ryankanfer/Library/Developer/Xcode/DerivedData/HOMEY_Clean-gafualdnzupkfseuistvwtqbnpqd/Build/Intermediates.noindex/swift-crypto.build/Debug-iphoneos/Crypto.build/DerivedSources -Xcc -DSWIFT_PACKAGE -Xcc -DDEBUG\=1 -emit-objc-header -emit-objc-header-path /Users/ryankanfer/Library/Developer/Xcode/DerivedData/HOMEY_Clean-gafualdnzupkfseuistvwtqbnpqd/Build/Intermediates.noindex/swift-crypto.build/Debug-iphoneos/Crypto.build/Objects-normal/arm64/Crypto-Swift.h -working-directory /Users/ryankanfer/Documents/Developer/HOMEY\ Clean/HOMEY\ Clean.xcodeproj -experimental-emit-module-separately -disable-cmo

SwiftEmitModule normal arm64 Emitting\ module\ for\ IssueReporting (in target 'IssueReporting' from project 'xctest-dynamic-overlay')
EmitSwiftModule normal arm64 (in target 'IssueReporting' from project 'xctest-dynamic-overlay')
    cd /Users/ryankanfer/Documents/Developer/HOMEY\ Clean/HOMEY\ Clean.xcodeproj
    

Ld /Users/ryankanfer/Library/Developer/Xcode/DerivedData/HOMEY_Clean-gafualdnzupkfseuistvwtqbnpqd/Build/Products/Debug-iphoneos/Crypto.o normal (in target 'Crypto' from project 'swift-crypto')
    cd /Users/ryankanfer/Library/Developer/Xcode/DerivedData/HOMEY_Clean-gafualdnzupkfseuistvwtqbnpqd/SourcePackages/checkouts/swift-crypto
    /Applications/Xcode.app/Contents/Developer/Toolchains/XcodeDefault.xctoolchain/usr/bin/clang -Xlinker -reproducible -target arm64-apple-ios12.0 -r -isysroot /Applications/Xcode.app/Contents/Developer/Platforms/iPhoneOS.platform/Developer/SDKs/iPhoneOS26.0.sdk -O0 -w -L/Users/ryankanfer/Library/Developer/Xcode/DerivedData/HOMEY_Clean-gafualdnzupkfseuistvwtqbnpqd/Build/Intermediates.noindex/EagerLinkingTBDs/Debug-iphoneos -L/Users/ryankanfer/Library/Developer/Xcode/DerivedData/HOMEY_Clean-gafualdnzupkfseuistvwtqbnpqd/Build/Products/Debug-iphoneos -L/Applications/Xcode.app/Contents/Developer/Platforms/iPhoneOS.platform/Developer/usr/lib -F/Users/ryankanfer/Library/Developer/Xcode/DerivedData/HOMEY_Clean-gafualdnzupkfseuistvwtqbnpqd/Build/Intermediates.noindex/EagerLinkingTBDs/Debug-iphoneos -F/Users/ryankanfer/Library/Developer/Xcode/DerivedData/HOMEY_Clean-gafualdnzupkfseuistvwtqbnpqd/Build/Products/Debug-iphoneos -iframework /Applications/Xcode.app/Contents/Developer/Platforms/iPhoneOS.platform/Developer/Library/Frameworks -iframework /Applications/Xcode.app/Contents/Developer/Platforms/iPhoneOS.platform/Developer/SDKs/iPhoneOS26.0.sdk/Developer/Library/Frameworks -filelist /Users/ryankanfer/Library/Developer/Xcode/DerivedData/HOMEY_Clean-gafualdnzupkfseuistvwtqbnpqd/Build/Intermediates.noindex/swift-crypto.build/Debug-iphoneos/Crypto.build/Objects-normal/arm64/Crypto.LinkFileList -nostdlib -Xlinker -object_path_lto -Xlinker /Users/ryankanfer/Library/Developer/Xcode/DerivedData/HOMEY_Clean-gafualdnzupkfseuistvwtqbnpqd/Build/Intermediates.noindex/swift-crypto.build/Debug-iphoneos/Crypto.build/Objects-normal/arm64/Crypto_lto.o -rdynamic -Xlinker -no_deduplicate -Xlinker -debug_variant -Xlinker -dependency_info -Xlinker /Users/ryankanfer/Library/Developer/Xcode/DerivedData/HOMEY_Clean-gafualdnzupkfseuistvwtqbnpqd/Build/Intermediates.noindex/swift-crypto.build/Debug-iphoneos/Crypto.build/Objects-normal/arm64/Crypto_dependency_info.dat -fobjc-link-runtime -L/Applications/Xcode.app/Contents/Developer/Toolchains/XcodeDefault.xctoolchain/usr/lib/swift/iphoneos -L/usr/lib/swift -Xlinker -add_ast_path -Xlinker /Users/ryankanfer/Library/Developer/Xcode/DerivedData/HOMEY_Clean-gafualdnzupkfseuistvwtqbnpqd/Build/Intermediates.noindex/swift-crypto.build/Debug-iphoneos/Crypto.build/Objects-normal/arm64/Crypto.swiftmodule @/Users/ryankanfer/Library/Developer/Xcode/DerivedData/HOMEY_Clean-gafualdnzupkfseuistvwtqbnpqd/Build/Intermediates.noindex/swift-crypto.build/Debug-iphoneos/Crypto.build/Objects-normal/arm64/Crypto-linker-args.resp -o /Users/ryankanfer/Library/Developer/Xcode/DerivedData/HOMEY_Clean-gafualdnzupkfseuistvwtqbnpqd/Build/Products/Debug-iphoneos/Crypto.o

SwiftCompile normal arm64 Compiling\ SwiftTesting.swift,\ UncheckedSendable.swift,\ Warn.swift /Users/ryankanfer/Library/Developer/Xcode/DerivedData/HOMEY_Clean-gafualdnzupkfseuistvwtqbnpqd/SourcePackages/checkouts/xctest-dynamic-overlay/Sources/IssueReporting/Internal/SwiftTesting.swift /Users/ryankanfer/Library/Developer/Xcode/DerivedData/HOMEY_Clean-gafualdnzupkfseuistvwtqbnpqd/SourcePackages/checkouts/xctest-dynamic-overlay/Sources/IssueReporting/Internal/UncheckedSendable.swift /Users/ryankanfer/Library/Developer/Xcode/DerivedData/HOMEY_Clean-gafualdnzupkfseuistvwtqbnpqd/SourcePackages/checkouts/xctest-dynamic-overlay/Sources/IssueReporting/Internal/Warn.swift (in target 'IssueReporting' from project 'xctest-dynamic-overlay')

SwiftCompile normal arm64 /Users/ryankanfer/Library/Developer/Xcode/DerivedData/HOMEY_Clean-gafualdnzupkfseuistvwtqbnpqd/SourcePackages/checkouts/xctest-dynamic-overlay/Sources/IssueReporting/Internal/SwiftTesting.swift (in target 'IssueReporting' from project 'xctest-dynamic-overlay')
    cd /Users/ryankanfer/Documents/Developer/HOMEY\ Clean/HOMEY\ Clean.xcodeproj
    

SwiftCompile normal arm64 /Users/ryankanfer/Library/Developer/Xcode/DerivedData/HOMEY_Clean-gafualdnzupkfseuistvwtqbnpqd/SourcePackages/checkouts/xctest-dynamic-overlay/Sources/IssueReporting/Internal/UncheckedSendable.swift (in target 'IssueReporting' from project 'xctest-dynamic-overlay')
    cd /Users/ryankanfer/Documents/Developer/HOMEY\ Clean/HOMEY\ Clean.xcodeproj
    

SwiftCompile normal arm64 /Users/ryankanfer/Library/Developer/Xcode/DerivedData/HOMEY_Clean-gafualdnzupkfseuistvwtqbnpqd/SourcePackages/checkouts/xctest-dynamic-overlay/Sources/IssueReporting/Internal/Warn.swift (in target 'IssueReporting' from project 'xctest-dynamic-overlay')
    cd /Users/ryankanfer/Documents/Developer/HOMEY\ Clean/HOMEY\ Clean.xcodeproj
    

SwiftCompile normal arm64 Compiling\ BreakpointReporter.swift,\ FatalErrorReporter.swift /Users/ryankanfer/Library/Developer/Xcode/DerivedData/HOMEY_Clean-gafualdnzupkfseuistvwtqbnpqd/SourcePackages/checkouts/xctest-dynamic-overlay/Sources/IssueReporting/IssueReporters/BreakpointReporter.swift /Users/ryankanfer/Library/Developer/Xcode/DerivedData/HOMEY_Clean-gafualdnzupkfseuistvwtqbnpqd/SourcePackages/checkouts/xctest-dynamic-overlay/Sources/IssueReporting/IssueReporters/FatalErrorReporter.swift (in target 'IssueReporting' from project 'xctest-dynamic-overlay')

SwiftCompile normal arm64 /Users/ryankanfer/Library/Developer/Xcode/DerivedData/HOMEY_Clean-gafualdnzupkfseuistvwtqbnpqd/SourcePackages/checkouts/xctest-dynamic-overlay/Sources/IssueReporting/IssueReporters/BreakpointReporter.swift (in target 'IssueReporting' from project 'xctest-dynamic-overlay')
    cd /Users/ryankanfer/Documents/Developer/HOMEY\ Clean/HOMEY\ Clean.xcodeproj
    

SwiftCompile normal arm64 /Users/ryankanfer/Library/Developer/Xcode/DerivedData/HOMEY_Clean-gafualdnzupkfseuistvwtqbnpqd/SourcePackages/checkouts/xctest-dynamic-overlay/Sources/IssueReporting/IssueReporters/FatalErrorReporter.swift (in target 'IssueReporting' from project 'xctest-dynamic-overlay')
    cd /Users/ryankanfer/Documents/Developer/HOMEY\ Clean/HOMEY\ Clean.xcodeproj
    

SwiftCompile normal arm64 Compiling\ TestContext.swift,\ Unimplemented.swift /Users/ryankanfer/Library/Developer/Xcode/DerivedData/HOMEY_Clean-gafualdnzupkfseuistvwtqbnpqd/SourcePackages/checkouts/xctest-dynamic-overlay/Sources/IssueReporting/TestContext.swift /Users/ryankanfer/Library/Developer/Xcode/DerivedData/HOMEY_Clean-gafualdnzupkfseuistvwtqbnpqd/SourcePackages/checkouts/xctest-dynamic-overlay/Sources/IssueReporting/Unimplemented.swift (in target 'IssueReporting' from project 'xctest-dynamic-overlay')

SwiftCompile normal arm64 /Users/ryankanfer/Library/Developer/Xcode/DerivedData/HOMEY_Clean-gafualdnzupkfseuistvwtqbnpqd/SourcePackages/checkouts/xctest-dynamic-overlay/Sources/IssueReporting/TestContext.swift (in target 'IssueReporting' from project 'xctest-dynamic-overlay')
    cd /Users/ryankanfer/Documents/Developer/HOMEY\ Clean/HOMEY\ Clean.xcodeproj
    

SwiftCompile normal arm64 /Users/ryankanfer/Library/Developer/Xcode/DerivedData/HOMEY_Clean-gafualdnzupkfseuistvwtqbnpqd/SourcePackages/checkouts/xctest-dynamic-overlay/Sources/IssueReporting/Unimplemented.swift (in target 'IssueReporting' from project 'xctest-dynamic-overlay')
    cd /Users/ryankanfer/Documents/Developer/HOMEY\ Clean/HOMEY\ Clean.xcodeproj
    

SwiftCompile normal arm64 Compiling\ ErrorReporting.swift,\ AppHostWarning.swift,\ Deprecations.swift /Users/ryankanfer/Library/Developer/Xcode/DerivedData/HOMEY_Clean-gafualdnzupkfseuistvwtqbnpqd/SourcePackages/checkouts/xctest-dynamic-overlay/Sources/IssueReporting/ErrorReporting.swift /Users/ryankanfer/Library/Developer/Xcode/DerivedData/HOMEY_Clean-gafualdnzupkfseuistvwtqbnpqd/SourcePackages/checkouts/xctest-dynamic-overlay/Sources/IssueReporting/Internal/AppHostWarning.swift /Users/ryankanfer/Library/Developer/Xcode/DerivedData/HOMEY_Clean-gafualdnzupkfseuistvwtqbnpqd/SourcePackages/checkouts/xctest-dynamic-overlay/Sources/IssueReporting/Internal/Deprecations.swift (in target 'IssueReporting' from project 'xctest-dynamic-overlay')

SwiftCompile normal arm64 /Users/ryankanfer/Library/Developer/Xcode/DerivedData/HOMEY_Clean-gafualdnzupkfseuistvwtqbnpqd/SourcePackages/checkouts/xctest-dynamic-overlay/Sources/IssueReporting/ErrorReporting.swift (in target 'IssueReporting' from project 'xctest-dynamic-overlay')
    cd /Users/ryankanfer/Documents/Developer/HOMEY\ Clean/HOMEY\ Clean.xcodeproj
    

SwiftCompile normal arm64 /Users/ryankanfer/Library/Developer/Xcode/DerivedData/HOMEY_Clean-gafualdnzupkfseuistvwtqbnpqd/SourcePackages/checkouts/xctest-dynamic-overlay/Sources/IssueReporting/Internal/AppHostWarning.swift (in target 'IssueReporting' from project 'xctest-dynamic-overlay')
    cd /Users/ryankanfer/Documents/Developer/HOMEY\ Clean/HOMEY\ Clean.xcodeproj
    

SwiftCompile normal arm64 /Users/ryankanfer/Library/Developer/Xcode/DerivedData/HOMEY_Clean-gafualdnzupkfseuistvwtqbnpqd/SourcePackages/checkouts/xctest-dynamic-overlay/Sources/IssueReporting/Internal/Deprecations.swift (in target 'IssueReporting' from project 'xctest-dynamic-overlay')
    cd /Users/ryankanfer/Documents/Developer/HOMEY\ Clean/HOMEY\ Clean.xcodeproj
    

SwiftCompile normal arm64 Compiling\ RuntimeWarningReporter.swift,\ ReportIssue.swift /Users/ryankanfer/Library/Developer/Xcode/DerivedData/HOMEY_Clean-gafualdnzupkfseuistvwtqbnpqd/SourcePackages/checkouts/xctest-dynamic-overlay/Sources/IssueReporting/IssueReporters/RuntimeWarningReporter.swift /Users/ryankanfer/Library/Developer/Xcode/DerivedData/HOMEY_Clean-gafualdnzupkfseuistvwtqbnpqd/SourcePackages/checkouts/xctest-dynamic-overlay/Sources/IssueReporting/ReportIssue.swift (in target 'IssueReporting' from project 'xctest-dynamic-overlay')

SwiftCompile normal arm64 /Users/ryankanfer/Library/Developer/Xcode/DerivedData/HOMEY_Clean-gafualdnzupkfseuistvwtqbnpqd/SourcePackages/checkouts/xctest-dynamic-overlay/Sources/IssueReporting/IssueReporters/RuntimeWarningReporter.swift (in target 'IssueReporting' from project 'xctest-dynamic-overlay')
    cd /Users/ryankanfer/Documents/Developer/HOMEY\ Clean/HOMEY\ Clean.xcodeproj
    

SwiftCompile normal arm64 /Users/ryankanfer/Library/Developer/Xcode/DerivedData/HOMEY_Clean-gafualdnzupkfseuistvwtqbnpqd/SourcePackages/checkouts/xctest-dynamic-overlay/Sources/IssueReporting/ReportIssue.swift (in target 'IssueReporting' from project 'xctest-dynamic-overlay')
    cd /Users/ryankanfer/Documents/Developer/HOMEY\ Clean/HOMEY\ Clean.xcodeproj
    

SwiftCompile normal arm64 Compiling\ WithExpectedIssue.swift,\ WithIssueContext.swift /Users/ryankanfer/Library/Developer/Xcode/DerivedData/HOMEY_Clean-gafualdnzupkfseuistvwtqbnpqd/SourcePackages/checkouts/xctest-dynamic-overlay/Sources/IssueReporting/WithExpectedIssue.swift /Users/ryankanfer/Library/Developer/Xcode/DerivedData/HOMEY_Clean-gafualdnzupkfseuistvwtqbnpqd/SourcePackages/checkouts/xctest-dynamic-overlay/Sources/IssueReporting/WithIssueContext.swift (in target 'IssueReporting' from project 'xctest-dynamic-overlay')

SwiftCompile normal arm64 /Users/ryankanfer/Library/Developer/Xcode/DerivedData/HOMEY_Clean-gafualdnzupkfseuistvwtqbnpqd/SourcePackages/checkouts/xctest-dynamic-overlay/Sources/IssueReporting/WithExpectedIssue.swift (in target 'IssueReporting' from project 'xctest-dynamic-overlay')
    cd /Users/ryankanfer/Documents/Developer/HOMEY\ Clean/HOMEY\ Clean.xcodeproj
    

SwiftCompile normal arm64 /Users/ryankanfer/Library/Developer/Xcode/DerivedData/HOMEY_Clean-gafualdnzupkfseuistvwtqbnpqd/SourcePackages/checkouts/xctest-dynamic-overlay/Sources/IssueReporting/WithIssueContext.swift (in target 'IssueReporting' from project 'xctest-dynamic-overlay')
    cd /Users/ryankanfer/Documents/Developer/HOMEY\ Clean/HOMEY\ Clean.xcodeproj
    

SwiftCompile normal arm64 Compiling\ XCTest.swift,\ IsTesting.swift,\ IssueReporter.swift /Users/ryankanfer/Library/Developer/Xcode/DerivedData/HOMEY_Clean-gafualdnzupkfseuistvwtqbnpqd/SourcePackages/checkouts/xctest-dynamic-overlay/Sources/IssueReporting/Internal/XCTest.swift /Users/ryankanfer/Library/Developer/Xcode/DerivedData/HOMEY_Clean-gafualdnzupkfseuistvwtqbnpqd/SourcePackages/checkouts/xctest-dynamic-overlay/Sources/IssueReporting/IsTesting.swift /Users/ryankanfer/Library/Developer/Xcode/DerivedData/HOMEY_Clean-gafualdnzupkfseuistvwtqbnpqd/SourcePackages/checkouts/xctest-dynamic-overlay/Sources/IssueReporting/IssueReporter.swift (in target 'IssueReporting' from project 'xctest-dynamic-overlay')

SwiftCompile normal arm64 /Users/ryankanfer/Library/Developer/Xcode/DerivedData/HOMEY_Clean-gafualdnzupkfseuistvwtqbnpqd/SourcePackages/checkouts/xctest-dynamic-overlay/Sources/IssueReporting/Internal/XCTest.swift (in target 'IssueReporting' from project 'xctest-dynamic-overlay')
    cd /Users/ryankanfer/Documents/Developer/HOMEY\ Clean/HOMEY\ Clean.xcodeproj
    

SwiftCompile normal arm64 /Users/ryankanfer/Library/Developer/Xcode/DerivedData/HOMEY_Clean-gafualdnzupkfseuistvwtqbnpqd/SourcePackages/checkouts/xctest-dynamic-overlay/Sources/IssueReporting/IsTesting.swift (in target 'IssueReporting' from project 'xctest-dynamic-overlay')
    cd /Users/ryankanfer/Documents/Developer/HOMEY\ Clean/HOMEY\ Clean.xcodeproj
    

SwiftCompile normal arm64 /Users/ryankanfer/Library/Developer/Xcode/DerivedData/HOMEY_Clean-gafualdnzupkfseuistvwtqbnpqd/SourcePackages/checkouts/xctest-dynamic-overlay/Sources/IssueReporting/IssueReporter.swift (in target 'IssueReporting' from project 'xctest-dynamic-overlay')
    cd /Users/ryankanfer/Documents/Developer/HOMEY\ Clean/HOMEY\ Clean.xcodeproj
    

SwiftCompile normal arm64 Compiling\ FailureObserver.swift,\ LockIsolated.swift,\ Rethrows.swift /Users/ryankanfer/Library/Developer/Xcode/DerivedData/HOMEY_Clean-gafualdnzupkfseuistvwtqbnpqd/SourcePackages/checkouts/xctest-dynamic-overlay/Sources/IssueReporting/Internal/FailureObserver.swift /Users/ryankanfer/Library/Developer/Xcode/DerivedData/HOMEY_Clean-gafualdnzupkfseuistvwtqbnpqd/SourcePackages/checkouts/xctest-dynamic-overlay/Sources/IssueReporting/Internal/LockIsolated.swift /Users/ryankanfer/Library/Developer/Xcode/DerivedData/HOMEY_Clean-gafualdnzupkfseuistvwtqbnpqd/SourcePackages/checkouts/xctest-dynamic-overlay/Sources/IssueReporting/Internal/Rethrows.swift (in target 'IssueReporting' from project 'xctest-dynamic-overlay')

SwiftCompile normal arm64 /Users/ryankanfer/Library/Developer/Xcode/DerivedData/HOMEY_Clean-gafualdnzupkfseuistvwtqbnpqd/SourcePackages/checkouts/xctest-dynamic-overlay/Sources/IssueReporting/Internal/FailureObserver.swift (in target 'IssueReporting' from project 'xctest-dynamic-overlay')
    cd /Users/ryankanfer/Documents/Developer/HOMEY\ Clean/HOMEY\ Clean.xcodeproj
    

SwiftCompile normal arm64 /Users/ryankanfer/Library/Developer/Xcode/DerivedData/HOMEY_Clean-gafualdnzupkfseuistvwtqbnpqd/SourcePackages/checkouts/xctest-dynamic-overlay/Sources/IssueReporting/Internal/LockIsolated.swift (in target 'IssueReporting' from project 'xctest-dynamic-overlay')
    cd /Users/ryankanfer/Documents/Developer/HOMEY\ Clean/HOMEY\ Clean.xcodeproj
    

SwiftCompile normal arm64 /Users/ryankanfer/Library/Developer/Xcode/DerivedData/HOMEY_Clean-gafualdnzupkfseuistvwtqbnpqd/SourcePackages/checkouts/xctest-dynamic-overlay/Sources/IssueReporting/Internal/Rethrows.swift (in target 'IssueReporting' from project 'xctest-dynamic-overlay')
    cd /Users/ryankanfer/Documents/Developer/HOMEY\ Clean/HOMEY\ Clean.xcodeproj
    

SwiftDriverJobDiscovery normal arm64 Compiling BreakpointReporter.swift, FatalErrorReporter.swift (in target 'IssueReporting' from project 'xctest-dynamic-overlay')

SwiftDriverJobDiscovery normal arm64 Compiling TestContext.swift, Unimplemented.swift (in target 'IssueReporting' from project 'xctest-dynamic-overlay')

ExtractAppIntentsMetadata (in target 'Crypto' from project 'swift-crypto')
    cd /Users/ryankanfer/Library/Developer/Xcode/DerivedData/HOMEY_Clean-gafualdnzupkfseuistvwtqbnpqd/SourcePackages/checkouts/swift-crypto
    /Applications/Xcode.app/Contents/Developer/Toolchains/XcodeDefault.xctoolchain/usr/bin/appintentsmetadataprocessor --toolchain-dir /Applications/Xcode.app/Contents/Developer/Toolchains/XcodeDefault.xctoolchain --module-name Crypto --sdk-root /Applications/Xcode.app/Contents/Developer/Platforms/iPhoneOS.platform/Developer/SDKs/iPhoneOS26.0.sdk --xcode-version 17A324 --platform-family iOS --deployment-target 12.0 --bundle-identifier swift-crypto.Crypto --output /Users/ryankanfer/Library/Developer/Xcode/DerivedData/HOMEY_Clean-gafualdnzupkfseuistvwtqbnpqd/Build/Products/Debug-iphoneos/Crypto.appintents --target-triple arm64-apple-ios12.0 --binary-file /Users/ryankanfer/Library/Developer/Xcode/DerivedData/HOMEY_Clean-gafualdnzupkfseuistvwtqbnpqd/Build/Products/Debug-iphoneos/Crypto.o --dependency-file /Users/ryankanfer/Library/Developer/Xcode/DerivedData/HOMEY_Clean-gafualdnzupkfseuistvwtqbnpqd/Build/Intermediates.noindex/swift-crypto.build/Debug-iphoneos/Crypto.build/Objects-normal/arm64/Crypto_dependency_info.dat --stringsdata-file /Users/ryankanfer/Library/Developer/Xcode/DerivedData/HOMEY_Clean-gafualdnzupkfseuistvwtqbnpqd/Build/Intermediates.noindex/swift-crypto.build/Debug-iphoneos/Crypto.build/Objects-normal/arm64/ExtractedAppShortcutsMetadata.stringsdata --source-file-list /Users/ryankanfer/Library/Developer/Xcode/DerivedData/HOMEY_Clean-gafualdnzupkfseuistvwtqbnpqd/Build/Intermediates.noindex/swift-crypto.build/Debug-iphoneos/Crypto.build/Objects-normal/arm64/Crypto.SwiftFileList --metadata-file-list /Users/ryankanfer/Library/Developer/Xcode/DerivedData/HOMEY_Clean-gafualdnzupkfseuistvwtqbnpqd/Build/Intermediates.noindex/swift-crypto.build/Debug-iphoneos/Crypto.build/Crypto.DependencyMetadataFileList --static-metadata-file-list /Users/ryankanfer/Library/Developer/Xcode/DerivedData/HOMEY_Clean-gafualdnzupkfseuistvwtqbnpqd/Build/Intermediates.noindex/swift-crypto.build/Debug-iphoneos/Crypto.build/Crypto.DependencyStaticMetadataFileList --swift-const-vals-list /Users/ryankanfer/Library/Developer/Xcode/DerivedData/HOMEY_Clean-gafualdnzupkfseuistvwtqbnpqd/Build/Intermediates.noindex/swift-crypto.build/Debug-iphoneos/Crypto.build/Objects-normal/arm64/Crypto.SwiftConstValuesFileList --force --compile-time-extraction --deployment-aware-processing --validate-assistant-intents --no-app-shortcuts-localization
2025-09-22 23:16:11.432 appintentsmetadataprocessor[46480:12246465] Starting appintentsmetadataprocessor export
2025-09-22 23:16:11.588 appintentsmetadataprocessor[46480:12246465] Extracted no relevant App Intents symbols, skipping writing output

SwiftDriverJobDiscovery normal arm64 Compiling ErrorReporting.swift, AppHostWarning.swift, Deprecations.swift (in target 'IssueReporting' from project 'xctest-dynamic-overlay')

RegisterExecutionPolicyException /Users/ryankanfer/Library/Developer/Xcode/DerivedData/HOMEY_Clean-gafualdnzupkfseuistvwtqbnpqd/Build/Products/Debug-iphoneos/IssueReportingPackageSupport.o (in target 'IssueReportingPackageSupport' from project 'xctest-dynamic-overlay')
    cd /Users/ryankanfer/Library/Developer/Xcode/DerivedData/HOMEY_Clean-gafualdnzupkfseuistvwtqbnpqd/SourcePackages/checkouts/xctest-dynamic-overlay
    builtin-RegisterExecutionPolicyException /Users/ryankanfer/Library/Developer/Xcode/DerivedData/HOMEY_Clean-gafualdnzupkfseuistvwtqbnpqd/Build/Products/Debug-iphoneos/IssueReportingPackageSupport.o

RegisterExecutionPolicyException /Users/ryankanfer/Library/Developer/Xcode/DerivedData/HOMEY_Clean-gafualdnzupkfseuistvwtqbnpqd/Build/Products/Debug-iphoneos/HTTPTypes.o (in target 'HTTPTypes' from project 'swift-http-types')
    cd /Users/ryankanfer/Library/Developer/Xcode/DerivedData/HOMEY_Clean-gafualdnzupkfseuistvwtqbnpqd/SourcePackages/checkouts/swift-http-types
    builtin-RegisterExecutionPolicyException /Users/ryankanfer/Library/Developer/Xcode/DerivedData/HOMEY_Clean-gafualdnzupkfseuistvwtqbnpqd/Build/Products/Debug-iphoneos/HTTPTypes.o

RegisterExecutionPolicyException /Users/ryankanfer/Library/Developer/Xcode/DerivedData/HOMEY_Clean-gafualdnzupkfseuistvwtqbnpqd/Build/Products/Debug-iphoneos/ConcurrencyExtras.o (in target 'ConcurrencyExtras' from project 'swift-concurrency-extras')
    cd /Users/ryankanfer/Library/Developer/Xcode/DerivedData/HOMEY_Clean-gafualdnzupkfseuistvwtqbnpqd/SourcePackages/checkouts/swift-concurrency-extras
    builtin-RegisterExecutionPolicyException /Users/ryankanfer/Library/Developer/Xcode/DerivedData/HOMEY_Clean-gafualdnzupkfseuistvwtqbnpqd/Build/Products/Debug-iphoneos/ConcurrencyExtras.o

SwiftDriverJobDiscovery normal arm64 Compiling FailureObserver.swift, LockIsolated.swift, Rethrows.swift (in target 'IssueReporting' from project 'xctest-dynamic-overlay')

RegisterExecutionPolicyException /Users/ryankanfer/Library/Developer/Xcode/DerivedData/HOMEY_Clean-gafualdnzupkfseuistvwtqbnpqd/Build/Products/Debug-iphoneos/Crypto.o (in target 'Crypto' from project 'swift-crypto')
    cd /Users/ryankanfer/Library/Developer/Xcode/DerivedData/HOMEY_Clean-gafualdnzupkfseuistvwtqbnpqd/SourcePackages/checkouts/swift-crypto
    builtin-RegisterExecutionPolicyException /Users/ryankanfer/Library/Developer/Xcode/DerivedData/HOMEY_Clean-gafualdnzupkfseuistvwtqbnpqd/Build/Products/Debug-iphoneos/Crypto.o

SwiftDriverJobDiscovery normal arm64 Compiling WithExpectedIssue.swift, WithIssueContext.swift (in target 'IssueReporting' from project 'xctest-dynamic-overlay')

SwiftDriverJobDiscovery normal arm64 Compiling XCTest.swift, IsTesting.swift, IssueReporter.swift (in target 'IssueReporting' from project 'xctest-dynamic-overlay')

SwiftDriverJobDiscovery normal arm64 Compiling SwiftTesting.swift, UncheckedSendable.swift, Warn.swift (in target 'IssueReporting' from project 'xctest-dynamic-overlay')

SwiftDriverJobDiscovery normal arm64 Compiling RuntimeWarningReporter.swift, ReportIssue.swift (in target 'IssueReporting' from project 'xctest-dynamic-overlay')

SwiftDriverJobDiscovery normal arm64 Emitting module for IssueReporting (in target 'IssueReporting' from project 'xctest-dynamic-overlay')

SwiftDriver\ Compilation\ Requirements IssueReporting normal arm64 com.apple.xcode.tools.swift.compiler (in target 'IssueReporting' from project 'xctest-dynamic-overlay')
    cd /Users/ryankanfer/Documents/Developer/HOMEY\ Clean/HOMEY\ Clean.xcodeproj
    builtin-Swift-Compilation-Requirements -- /Applications/Xcode.app/Contents/Developer/Toolchains/XcodeDefault.xctoolchain/usr/bin/swiftc -module-name IssueReporting -Onone -enforce-exclusivity\=checked @/Users/ryankanfer/Library/Developer/Xcode/DerivedData/HOMEY_Clean-gafualdnzupkfseuistvwtqbnpqd/Build/Intermediates.noindex/xctest-dynamic-overlay.build/Debug-iphoneos/IssueReporting.build/Objects-normal/arm64/IssueReporting.SwiftFileList -DSWIFT_PACKAGE -DDEBUG -DSWIFT_MODULE_RESOURCE_BUNDLE_UNAVAILABLE -DXcode -plugin-path /Applications/Xcode.app/Contents/Developer/Toolchains/XcodeDefault.xctoolchain/usr/lib/swift/host/plugins/testing -enable-experimental-feature DebugDescriptionMacro -sdk /Applications/Xcode.app/Contents/Developer/Platforms/iPhoneOS.platform/Developer/SDKs/iPhoneOS26.0.sdk -target arm64-apple-ios13.0 -g -module-cache-path /Users/ryankanfer/Library/Developer/Xcode/DerivedData/ModuleCache.noindex -Xfrontend -serialize-debugging-options -profile-coverage-mapping -profile-generate -enable-testing -suppress-warnings -index-store-path /Users/ryankanfer/Library/Developer/Xcode/DerivedData/HOMEY_Clean-gafualdnzupkfseuistvwtqbnpqd/Index.noindex/DataStore -Xcc -D_LIBCPP_HARDENING_MODE\=_LIBCPP_HARDENING_MODE_DEBUG -swift-version 6 -I /Users/ryankanfer/Library/Developer/Xcode/DerivedData/HOMEY_Clean-gafualdnzupkfseuistvwtqbnpqd/Build/Products/Debug-iphoneos -Isystem /Applications/Xcode.app/Contents/Developer/Platforms/iPhoneOS.platform/Developer/usr/lib -F /Users/ryankanfer/Library/Developer/Xcode/DerivedData/HOMEY_Clean-gafualdnzupkfseuistvwtqbnpqd/Build/Products/Debug-iphoneos/PackageFrameworks -F /Users/ryankanfer/Library/Developer/Xcode/DerivedData/HOMEY_Clean-gafualdnzupkfseuistvwtqbnpqd/Build/Products/Debug-iphoneos -F /Applications/Xcode.app/Contents/Developer/Platforms/iPhoneOS.platform/Developer/Library/Frameworks -F /Applications/Xcode.app/Contents/Developer/Platforms/iPhoneOS.platform/Developer/SDKs/iPhoneOS26.0.sdk/Developer/Library/Frameworks -c -j8 -enable-batch-mode -incremental -Xcc -ivfsstatcache -Xcc /Users/ryankanfer/Library/Developer/Xcode/DerivedData/SDKStatCaches.noindex/iphoneos26.0-23A339-81ce72e5b06c9602b9d30b56f2eed08a.sdkstatcache -output-file-map /Users/ryankanfer/Library/Developer/Xcode/DerivedData/HOMEY_Clean-gafualdnzupkfseuistvwtqbnpqd/Build/Intermediates.noindex/xctest-dynamic-overlay.build/Debug-iphoneos/IssueReporting.build/Objects-normal/arm64/IssueReporting-OutputFileMap.json -use-frontend-parseable-output -save-temps -no-color-diagnostics -explicit-module-build -module-cache-path /Users/ryankanfer/Library/Developer/Xcode/DerivedData/HOMEY_Clean-gafualdnzupkfseuistvwtqbnpqd/Build/Intermediates.noindex/SwiftExplicitPrecompiledModules -clang-scanner-module-cache-path /Users/ryankanfer/Library/Developer/Xcode/DerivedData/ModuleCache.noindex -sdk-module-cache-path /Users/ryankanfer/Library/Developer/Xcode/DerivedData/ModuleCache.noindex -serialize-diagnostics -emit-dependencies -emit-module -emit-module-path /Users/ryankanfer/Library/Developer/Xcode/DerivedData/HOMEY_Clean-gafualdnzupkfseuistvwtqbnpqd/Build/Intermediates.noindex/xctest-dynamic-overlay.build/Debug-iphoneos/IssueReporting.build/Objects-normal/arm64/IssueReporting.swiftmodule -user-module-version 1.6.1 -validate-clang-modules-once -clang-build-session-file /Users/ryankanfer/Library/Developer/Xcode/DerivedData/ModuleCache.noindex/Session.modulevalidation -package-name xctest_dynamic_overlay -Xcc -I/Users/ryankanfer/Library/Developer/Xcode/DerivedData/HOMEY_Clean-gafualdnzupkfseuistvwtqbnpqd/Build/Intermediates.noindex/xctest-dynamic-overlay.build/Debug-iphoneos/IssueReporting.build/swift-overrides.hmap -emit-const-values -Xfrontend -const-gather-protocols-file -Xfrontend /Users/ryankanfer/Library/Developer/Xcode/DerivedData/HOMEY_Clean-gafualdnzupkfseuistvwtqbnpqd/Build/Intermediates.noindex/xctest-dynamic-overlay.build/Debug-iphoneos/IssueReporting.build/Objects-normal/arm64/IssueReporting_const_extract_protocols.json -Xcc -I/Users/ryankanfer/Library/Developer/Xcode/DerivedData/HOMEY_Clean-gafualdnzupkfseuistvwtqbnpqd/Build/Products/Debug-iphoneos/include -Xcc -I/Users/ryankanfer/Library/Developer/Xcode/DerivedData/HOMEY_Clean-gafualdnzupkfseuistvwtqbnpqd/Build/Intermediates.noindex/xctest-dynamic-overlay.build/Debug-iphoneos/IssueReporting.build/DerivedSources-normal/arm64 -Xcc -I/Users/ryankanfer/Library/Developer/Xcode/DerivedData/HOMEY_Clean-gafualdnzupkfseuistvwtqbnpqd/Build/Intermediates.noindex/xctest-dynamic-overlay.build/Debug-iphoneos/IssueReporting.build/DerivedSources/arm64 -Xcc -I/Users/ryankanfer/Library/Developer/Xcode/DerivedData/HOMEY_Clean-gafualdnzupkfseuistvwtqbnpqd/Build/Intermediates.noindex/xctest-dynamic-overlay.build/Debug-iphoneos/IssueReporting.build/DerivedSources -Xcc -DSWIFT_PACKAGE -Xcc -DDEBUG\=1 -emit-objc-header -emit-objc-header-path /Users/ryankanfer/Library/Developer/Xcode/DerivedData/HOMEY_Clean-gafualdnzupkfseuistvwtqbnpqd/Build/Intermediates.noindex/xctest-dynamic-overlay.build/Debug-iphoneos/IssueReporting.build/Objects-normal/arm64/IssueReporting-Swift.h -working-directory /Users/ryankanfer/Documents/Developer/HOMEY\ Clean/HOMEY\ Clean.xcodeproj -experimental-emit-module-separately -disable-cmo

SwiftDriver\ Compilation IssueReporting normal arm64 com.apple.xcode.tools.swift.compiler (in target 'IssueReporting' from project 'xctest-dynamic-overlay')
    cd /Users/ryankanfer/Documents/Developer/HOMEY\ Clean/HOMEY\ Clean.xcodeproj
    builtin-Swift-Compilation -- /Applications/Xcode.app/Contents/Developer/Toolchains/XcodeDefault.xctoolchain/usr/bin/swiftc -module-name IssueReporting -Onone -enforce-exclusivity\=checked @/Users/ryankanfer/Library/Developer/Xcode/DerivedData/HOMEY_Clean-gafualdnzupkfseuistvwtqbnpqd/Build/Intermediates.noindex/xctest-dynamic-overlay.build/Debug-iphoneos/IssueReporting.build/Objects-normal/arm64/IssueReporting.SwiftFileList -DSWIFT_PACKAGE -DDEBUG -DSWIFT_MODULE_RESOURCE_BUNDLE_UNAVAILABLE -DXcode -plugin-path /Applications/Xcode.app/Contents/Developer/Toolchains/XcodeDefault.xctoolchain/usr/lib/swift/host/plugins/testing -enable-experimental-feature DebugDescriptionMacro -sdk /Applications/Xcode.app/Contents/Developer/Platforms/iPhoneOS.platform/Developer/SDKs/iPhoneOS26.0.sdk -target arm64-apple-ios13.0 -g -module-cache-path /Users/ryankanfer/Library/Developer/Xcode/DerivedData/ModuleCache.noindex -Xfrontend -serialize-debugging-options -profile-coverage-mapping -profile-generate -enable-testing -suppress-warnings -index-store-path /Users/ryankanfer/Library/Developer/Xcode/DerivedData/HOMEY_Clean-gafualdnzupkfseuistvwtqbnpqd/Index.noindex/DataStore -Xcc -D_LIBCPP_HARDENING_MODE\=_LIBCPP_HARDENING_MODE_DEBUG -swift-version 6 -I /Users/ryankanfer/Library/Developer/Xcode/DerivedData/HOMEY_Clean-gafualdnzupkfseuistvwtqbnpqd/Build/Products/Debug-iphoneos -Isystem /Applications/Xcode.app/Contents/Developer/Platforms/iPhoneOS.platform/Developer/usr/lib -F /Users/ryankanfer/Library/Developer/Xcode/DerivedData/HOMEY_Clean-gafualdnzupkfseuistvwtqbnpqd/Build/Products/Debug-iphoneos/PackageFrameworks -F /Users/ryankanfer/Library/Developer/Xcode/DerivedData/HOMEY_Clean-gafualdnzupkfseuistvwtqbnpqd/Build/Products/Debug-iphoneos -F /Applications/Xcode.app/Contents/Developer/Platforms/iPhoneOS.platform/Developer/Library/Frameworks -F /Applications/Xcode.app/Contents/Developer/Platforms/iPhoneOS.platform/Developer/SDKs/iPhoneOS26.0.sdk/Developer/Library/Frameworks -c -j8 -enable-batch-mode -incremental -Xcc -ivfsstatcache -Xcc /Users/ryankanfer/Library/Developer/Xcode/DerivedData/SDKStatCaches.noindex/iphoneos26.0-23A339-81ce72e5b06c9602b9d30b56f2eed08a.sdkstatcache -output-file-map /Users/ryankanfer/Library/Developer/Xcode/DerivedData/HOMEY_Clean-gafualdnzupkfseuistvwtqbnpqd/Build/Intermediates.noindex/xctest-dynamic-overlay.build/Debug-iphoneos/IssueReporting.build/Objects-normal/arm64/IssueReporting-OutputFileMap.json -use-frontend-parseable-output -save-temps -no-color-diagnostics -explicit-module-build -module-cache-path /Users/ryankanfer/Library/Developer/Xcode/DerivedData/HOMEY_Clean-gafualdnzupkfseuistvwtqbnpqd/Build/Intermediates.noindex/SwiftExplicitPrecompiledModules -clang-scanner-module-cache-path /Users/ryankanfer/Library/Developer/Xcode/DerivedData/ModuleCache.noindex -sdk-module-cache-path /Users/ryankanfer/Library/Developer/Xcode/DerivedData/ModuleCache.noindex -serialize-diagnostics -emit-dependencies -emit-module -emit-module-path /Users/ryankanfer/Library/Developer/Xcode/DerivedData/HOMEY_Clean-gafualdnzupkfseuistvwtqbnpqd/Build/Intermediates.noindex/xctest-dynamic-overlay.build/Debug-iphoneos/IssueReporting.build/Objects-normal/arm64/IssueReporting.swiftmodule -user-module-version 1.6.1 -validate-clang-modules-once -clang-build-session-file /Users/ryankanfer/Library/Developer/Xcode/DerivedData/ModuleCache.noindex/Session.modulevalidation -package-name xctest_dynamic_overlay -Xcc -I/Users/ryankanfer/Library/Developer/Xcode/DerivedData/HOMEY_Clean-gafualdnzupkfseuistvwtqbnpqd/Build/Intermediates.noindex/xctest-dynamic-overlay.build/Debug-iphoneos/IssueReporting.build/swift-overrides.hmap -emit-const-values -Xfrontend -const-gather-protocols-file -Xfrontend /Users/ryankanfer/Library/Developer/Xcode/DerivedData/HOMEY_Clean-gafualdnzupkfseuistvwtqbnpqd/Build/Intermediates.noindex/xctest-dynamic-overlay.build/Debug-iphoneos/IssueReporting.build/Objects-normal/arm64/IssueReporting_const_extract_protocols.json -Xcc -I/Users/ryankanfer/Library/Developer/Xcode/DerivedData/HOMEY_Clean-gafualdnzupkfseuistvwtqbnpqd/Build/Products/Debug-iphoneos/include -Xcc -I/Users/ryankanfer/Library/Developer/Xcode/DerivedData/HOMEY_Clean-gafualdnzupkfseuistvwtqbnpqd/Build/Intermediates.noindex/xctest-dynamic-overlay.build/Debug-iphoneos/IssueReporting.build/DerivedSources-normal/arm64 -Xcc -I/Users/ryankanfer/Library/Developer/Xcode/DerivedData/HOMEY_Clean-gafualdnzupkfseuistvwtqbnpqd/Build/Intermediates.noindex/xctest-dynamic-overlay.build/Debug-iphoneos/IssueReporting.build/DerivedSources/arm64 -Xcc -I/Users/ryankanfer/Library/Developer/Xcode/DerivedData/HOMEY_Clean-gafualdnzupkfseuistvwtqbnpqd/Build/Intermediates.noindex/xctest-dynamic-overlay.build/Debug-iphoneos/IssueReporting.build/DerivedSources -Xcc -DSWIFT_PACKAGE -Xcc -DDEBUG\=1 -emit-objc-header -emit-objc-header-path /Users/ryankanfer/Library/Developer/Xcode/DerivedData/HOMEY_Clean-gafualdnzupkfseuistvwtqbnpqd/Build/Intermediates.noindex/xctest-dynamic-overlay.build/Debug-iphoneos/IssueReporting.build/Objects-normal/arm64/IssueReporting-Swift.h -working-directory /Users/ryankanfer/Documents/Developer/HOMEY\ Clean/HOMEY\ Clean.xcodeproj -experimental-emit-module-separately -disable-cmo

SwiftMergeGeneratedHeaders /Users/ryankanfer/Library/Developer/Xcode/DerivedData/HOMEY_Clean-gafualdnzupkfseuistvwtqbnpqd/Build/Intermediates.noindex/GeneratedModuleMaps-iphoneos/IssueReporting-Swift.h /Users/ryankanfer/Library/Developer/Xcode/DerivedData/HOMEY_Clean-gafualdnzupkfseuistvwtqbnpqd/Build/Intermediates.noindex/xctest-dynamic-overlay.build/Debug-iphoneos/IssueReporting.build/Objects-normal/arm64/IssueReporting-Swift.h (in target 'IssueReporting' from project 'xctest-dynamic-overlay')
    cd /Users/ryankanfer/Library/Developer/Xcode/DerivedData/HOMEY_Clean-gafualdnzupkfseuistvwtqbnpqd/SourcePackages/checkouts/xctest-dynamic-overlay
    builtin-swiftHeaderTool -arch arm64 /Users/ryankanfer/Library/Developer/Xcode/DerivedData/HOMEY_Clean-gafualdnzupkfseuistvwtqbnpqd/Build/Intermediates.noindex/xctest-dynamic-overlay.build/Debug-iphoneos/IssueReporting.build/Objects-normal/arm64/IssueReporting-Swift.h -o /Users/ryankanfer/Library/Developer/Xcode/DerivedData/HOMEY_Clean-gafualdnzupkfseuistvwtqbnpqd/Build/Intermediates.noindex/GeneratedModuleMaps-iphoneos/IssueReporting-Swift.h

Copy /Users/ryankanfer/Library/Developer/Xcode/DerivedData/HOMEY_Clean-gafualdnzupkfseuistvwtqbnpqd/Build/Products/Debug-iphoneos/IssueReporting.swiftmodule/arm64-apple-ios.abi.json /Users/ryankanfer/Library/Developer/Xcode/DerivedData/HOMEY_Clean-gafualdnzupkfseuistvwtqbnpqd/Build/Intermediates.noindex/xctest-dynamic-overlay.build/Debug-iphoneos/IssueReporting.build/Objects-normal/arm64/IssueReporting.abi.json (in target 'IssueReporting' from project 'xctest-dynamic-overlay')
    cd /Users/ryankanfer/Library/Developer/Xcode/DerivedData/HOMEY_Clean-gafualdnzupkfseuistvwtqbnpqd/SourcePackages/checkouts/xctest-dynamic-overlay
    builtin-copy -exclude .DS_Store -exclude CVS -exclude .svn -exclude .git -exclude .hg -resolve-src-symlinks -rename /Users/ryankanfer/Library/Developer/Xcode/DerivedData/HOMEY_Clean-gafualdnzupkfseuistvwtqbnpqd/Build/Intermediates.noindex/xctest-dynamic-overlay.build/Debug-iphoneos/IssueReporting.build/Objects-normal/arm64/IssueReporting.abi.json /Users/ryankanfer/Library/Developer/Xcode/DerivedData/HOMEY_Clean-gafualdnzupkfseuistvwtqbnpqd/Build/Products/Debug-iphoneos/IssueReporting.swiftmodule/arm64-apple-ios.abi.json

Copy /Users/ryankanfer/Library/Developer/Xcode/DerivedData/HOMEY_Clean-gafualdnzupkfseuistvwtqbnpqd/Build/Products/Debug-iphoneos/IssueReporting.swiftmodule/arm64-apple-ios.swiftdoc /Users/ryankanfer/Library/Developer/Xcode/DerivedData/HOMEY_Clean-gafualdnzupkfseuistvwtqbnpqd/Build/Intermediates.noindex/xctest-dynamic-overlay.build/Debug-iphoneos/IssueReporting.build/Objects-normal/arm64/IssueReporting.swiftdoc (in target 'IssueReporting' from project 'xctest-dynamic-overlay')
    cd /Users/ryankanfer/Library/Developer/Xcode/DerivedData/HOMEY_Clean-gafualdnzupkfseuistvwtqbnpqd/SourcePackages/checkouts/xctest-dynamic-overlay
    builtin-copy -exclude .DS_Store -exclude CVS -exclude .svn -exclude .git -exclude .hg -resolve-src-symlinks -rename /Users/ryankanfer/Library/Developer/Xcode/DerivedData/HOMEY_Clean-gafualdnzupkfseuistvwtqbnpqd/Build/Intermediates.noindex/xctest-dynamic-overlay.build/Debug-iphoneos/IssueReporting.build/Objects-normal/arm64/IssueReporting.swiftdoc /Users/ryankanfer/Library/Developer/Xcode/DerivedData/HOMEY_Clean-gafualdnzupkfseuistvwtqbnpqd/Build/Products/Debug-iphoneos/IssueReporting.swiftmodule/arm64-apple-ios.swiftdoc

Copy /Users/ryankanfer/Library/Developer/Xcode/DerivedData/HOMEY_Clean-gafualdnzupkfseuistvwtqbnpqd/Build/Products/Debug-iphoneos/IssueReporting.swiftmodule/Project/arm64-apple-ios.swiftsourceinfo /Users/ryankanfer/Library/Developer/Xcode/DerivedData/HOMEY_Clean-gafualdnzupkfseuistvwtqbnpqd/Build/Intermediates.noindex/xctest-dynamic-overlay.build/Debug-iphoneos/IssueReporting.build/Objects-normal/arm64/IssueReporting.swiftsourceinfo (in target 'IssueReporting' from project 'xctest-dynamic-overlay')
    cd /Users/ryankanfer/Library/Developer/Xcode/DerivedData/HOMEY_Clean-gafualdnzupkfseuistvwtqbnpqd/SourcePackages/checkouts/xctest-dynamic-overlay
    builtin-copy -exclude .DS_Store -exclude CVS -exclude .svn -exclude .git -exclude .hg -resolve-src-symlinks -rename /Users/ryankanfer/Library/Developer/Xcode/DerivedData/HOMEY_Clean-gafualdnzupkfseuistvwtqbnpqd/Build/Intermediates.noindex/xctest-dynamic-overlay.build/Debug-iphoneos/IssueReporting.build/Objects-normal/arm64/IssueReporting.swiftsourceinfo /Users/ryankanfer/Library/Developer/Xcode/DerivedData/HOMEY_Clean-gafualdnzupkfseuistvwtqbnpqd/Build/Products/Debug-iphoneos/IssueReporting.swiftmodule/Project/arm64-apple-ios.swiftsourceinfo

Copy /Users/ryankanfer/Library/Developer/Xcode/DerivedData/HOMEY_Clean-gafualdnzupkfseuistvwtqbnpqd/Build/Products/Debug-iphoneos/IssueReporting.swiftmodule/arm64-apple-ios.swiftmodule /Users/ryankanfer/Library/Developer/Xcode/DerivedData/HOMEY_Clean-gafualdnzupkfseuistvwtqbnpqd/Build/Intermediates.noindex/xctest-dynamic-overlay.build/Debug-iphoneos/IssueReporting.build/Objects-normal/arm64/IssueReporting.swiftmodule (in target 'IssueReporting' from project 'xctest-dynamic-overlay')
    cd /Users/ryankanfer/Library/Developer/Xcode/DerivedData/HOMEY_Clean-gafualdnzupkfseuistvwtqbnpqd/SourcePackages/checkouts/xctest-dynamic-overlay
    builtin-copy -exclude .DS_Store -exclude CVS -exclude .svn -exclude .git -exclude .hg -resolve-src-symlinks -rename /Users/ryankanfer/Library/Developer/Xcode/DerivedData/HOMEY_Clean-gafualdnzupkfseuistvwtqbnpqd/Build/Intermediates.noindex/xctest-dynamic-overlay.build/Debug-iphoneos/IssueReporting.build/Objects-normal/arm64/IssueReporting.swiftmodule /Users/ryankanfer/Library/Developer/Xcode/DerivedData/HOMEY_Clean-gafualdnzupkfseuistvwtqbnpqd/Build/Products/Debug-iphoneos/IssueReporting.swiftmodule/arm64-apple-ios.swiftmodule

Ld /Users/ryankanfer/Library/Developer/Xcode/DerivedData/HOMEY_Clean-gafualdnzupkfseuistvwtqbnpqd/Build/Products/Debug-iphoneos/IssueReporting.o normal (in target 'IssueReporting' from project 'xctest-dynamic-overlay')
    cd /Users/ryankanfer/Library/Developer/Xcode/DerivedData/HOMEY_Clean-gafualdnzupkfseuistvwtqbnpqd/SourcePackages/checkouts/xctest-dynamic-overlay
    /Applications/Xcode.app/Contents/Developer/Toolchains/XcodeDefault.xctoolchain/usr/bin/clang -Xlinker -reproducible -target arm64-apple-ios13.0 -r -isysroot /Applications/Xcode.app/Contents/Developer/Platforms/iPhoneOS.platform/Developer/SDKs/iPhoneOS26.0.sdk -O0 -w -L/Users/ryankanfer/Library/Developer/Xcode/DerivedData/HOMEY_Clean-gafualdnzupkfseuistvwtqbnpqd/Build/Intermediates.noindex/EagerLinkingTBDs/Debug-iphoneos -L/Users/ryankanfer/Library/Developer/Xcode/DerivedData/HOMEY_Clean-gafualdnzupkfseuistvwtqbnpqd/Build/Products/Debug-iphoneos -L/Applications/Xcode.app/Contents/Developer/Platforms/iPhoneOS.platform/Developer/usr/lib -F/Users/ryankanfer/Library/Developer/Xcode/DerivedData/HOMEY_Clean-gafualdnzupkfseuistvwtqbnpqd/Build/Intermediates.noindex/EagerLinkingTBDs/Debug-iphoneos -F/Users/ryankanfer/Library/Developer/Xcode/DerivedData/HOMEY_Clean-gafualdnzupkfseuistvwtqbnpqd/Build/Products/Debug-iphoneos/PackageFrameworks -F/Users/ryankanfer/Library/Developer/Xcode/DerivedData/HOMEY_Clean-gafualdnzupkfseuistvwtqbnpqd/Build/Products/Debug-iphoneos -iframework /Applications/Xcode.app/Contents/Developer/Platforms/iPhoneOS.platform/Developer/Library/Frameworks -iframework /Applications/Xcode.app/Contents/Developer/Platforms/iPhoneOS.platform/Developer/SDKs/iPhoneOS26.0.sdk/Developer/Library/Frameworks -filelist /Users/ryankanfer/Library/Developer/Xcode/DerivedData/HOMEY_Clean-gafualdnzupkfseuistvwtqbnpqd/Build/Intermediates.noindex/xctest-dynamic-overlay.build/Debug-iphoneos/IssueReporting.build/Objects-normal/arm64/IssueReporting.LinkFileList -nostdlib -Xlinker -object_path_lto -Xlinker /Users/ryankanfer/Library/Developer/Xcode/DerivedData/HOMEY_Clean-gafualdnzupkfseuistvwtqbnpqd/Build/Intermediates.noindex/xctest-dynamic-overlay.build/Debug-iphoneos/IssueReporting.build/Objects-normal/arm64/IssueReporting_lto.o -rdynamic -Xlinker -no_deduplicate -Xlinker -debug_variant -Xlinker -dependency_info -Xlinker /Users/ryankanfer/Library/Developer/Xcode/DerivedData/HOMEY_Clean-gafualdnzupkfseuistvwtqbnpqd/Build/Intermediates.noindex/xctest-dynamic-overlay.build/Debug-iphoneos/IssueReporting.build/Objects-normal/arm64/IssueReporting_dependency_info.dat -fobjc-link-runtime -L/Applications/Xcode.app/Contents/Developer/Toolchains/XcodeDefault.xctoolchain/usr/lib/swift/iphoneos -L/usr/lib/swift -Xlinker -add_ast_path -Xlinker /Users/ryankanfer/Library/Developer/Xcode/DerivedData/HOMEY_Clean-gafualdnzupkfseuistvwtqbnpqd/Build/Intermediates.noindex/xctest-dynamic-overlay.build/Debug-iphoneos/IssueReporting.build/Objects-normal/arm64/IssueReporting.swiftmodule @/Users/ryankanfer/Library/Developer/Xcode/DerivedData/HOMEY_Clean-gafualdnzupkfseuistvwtqbnpqd/Build/Intermediates.noindex/xctest-dynamic-overlay.build/Debug-iphoneos/IssueReporting.build/Objects-normal/arm64/IssueReporting-linker-args.resp -o /Users/ryankanfer/Library/Developer/Xcode/DerivedData/HOMEY_Clean-gafualdnzupkfseuistvwtqbnpqd/Build/Products/Debug-iphoneos/IssueReporting.o

SwiftDriver XCTestDynamicOverlay normal arm64 com.apple.xcode.tools.swift.compiler (in target 'XCTestDynamicOverlay' from project 'xctest-dynamic-overlay')
    cd /Users/ryankanfer/Documents/Developer/HOMEY\ Clean/HOMEY\ Clean.xcodeproj
    builtin-SwiftDriver -- /Applications/Xcode.app/Contents/Developer/Toolchains/XcodeDefault.xctoolchain/usr/bin/swiftc -module-name XCTestDynamicOverlay -Onone -enforce-exclusivity\=checked @/Users/ryankanfer/Library/Developer/Xcode/DerivedData/HOMEY_Clean-gafualdnzupkfseuistvwtqbnpqd/Build/Intermediates.noindex/xctest-dynamic-overlay.build/Debug-iphoneos/XCTestDynamicOverlay.build/Objects-normal/arm64/XCTestDynamicOverlay.SwiftFileList -DSWIFT_PACKAGE -DDEBUG -DSWIFT_MODULE_RESOURCE_BUNDLE_UNAVAILABLE -DXcode -plugin-path /Applications/Xcode.app/Contents/Developer/Toolchains/XcodeDefault.xctoolchain/usr/lib/swift/host/plugins/testing -enable-experimental-feature DebugDescriptionMacro -sdk /Applications/Xcode.app/Contents/Developer/Platforms/iPhoneOS.platform/Developer/SDKs/iPhoneOS26.0.sdk -target arm64-apple-ios13.0 -g -module-cache-path /Users/ryankanfer/Library/Developer/Xcode/DerivedData/ModuleCache.noindex -Xfrontend -serialize-debugging-options -profile-coverage-mapping -profile-generate -enable-testing -suppress-warnings -index-store-path /Users/ryankanfer/Library/Developer/Xcode/DerivedData/HOMEY_Clean-gafualdnzupkfseuistvwtqbnpqd/Index.noindex/DataStore -Xcc -D_LIBCPP_HARDENING_MODE\=_LIBCPP_HARDENING_MODE_DEBUG -swift-version 6 -I /Users/ryankanfer/Library/Developer/Xcode/DerivedData/HOMEY_Clean-gafualdnzupkfseuistvwtqbnpqd/Build/Products/Debug-iphoneos -Isystem /Applications/Xcode.app/Contents/Developer/Platforms/iPhoneOS.platform/Developer/usr/lib -F /Users/ryankanfer/Library/Developer/Xcode/DerivedData/HOMEY_Clean-gafualdnzupkfseuistvwtqbnpqd/Build/Products/Debug-iphoneos/PackageFrameworks -F /Users/ryankanfer/Library/Developer/Xcode/DerivedData/HOMEY_Clean-gafualdnzupkfseuistvwtqbnpqd/Build/Products/Debug-iphoneos/PackageFrameworks -F /Users/ryankanfer/Library/Developer/Xcode/DerivedData/HOMEY_Clean-gafualdnzupkfseuistvwtqbnpqd/Build/Products/Debug-iphoneos -F /Applications/Xcode.app/Contents/Developer/Platforms/iPhoneOS.platform/Developer/Library/Frameworks -F /Applications/Xcode.app/Contents/Developer/Platforms/iPhoneOS.platform/Developer/SDKs/iPhoneOS26.0.sdk/Developer/Library/Frameworks -c -j8 -enable-batch-mode -incremental -Xcc -ivfsstatcache -Xcc /Users/ryankanfer/Library/Developer/Xcode/DerivedData/SDKStatCaches.noindex/iphoneos26.0-23A339-81ce72e5b06c9602b9d30b56f2eed08a.sdkstatcache -output-file-map /Users/ryankanfer/Library/Developer/Xcode/DerivedData/HOMEY_Clean-gafualdnzupkfseuistvwtqbnpqd/Build/Intermediates.noindex/xctest-dynamic-overlay.build/Debug-iphoneos/XCTestDynamicOverlay.build/Objects-normal/arm64/XCTestDynamicOverlay-OutputFileMap.json -use-frontend-parseable-output -save-temps -no-color-diagnostics -explicit-module-build -module-cache-path /Users/ryankanfer/Library/Developer/Xcode/DerivedData/HOMEY_Clean-gafualdnzupkfseuistvwtqbnpqd/Build/Intermediates.noindex/SwiftExplicitPrecompiledModules -clang-scanner-module-cache-path /Users/ryankanfer/Library/Developer/Xcode/DerivedData/ModuleCache.noindex -sdk-module-cache-path /Users/ryankanfer/Library/Developer/Xcode/DerivedData/ModuleCache.noindex -serialize-diagnostics -emit-dependencies -emit-module -emit-module-path /Users/ryankanfer/Library/Developer/Xcode/DerivedData/HOMEY_Clean-gafualdnzupkfseuistvwtqbnpqd/Build/Intermediates.noindex/xctest-dynamic-overlay.build/Debug-iphoneos/XCTestDynamicOverlay.build/Objects-normal/arm64/XCTestDynamicOverlay.swiftmodule -user-module-version 1.6.1 -validate-clang-modules-once -clang-build-session-file /Users/ryankanfer/Library/Developer/Xcode/DerivedData/ModuleCache.noindex/Session.modulevalidation -package-name xctest_dynamic_overlay -Xcc -I/Users/ryankanfer/Library/Developer/Xcode/DerivedData/HOMEY_Clean-gafualdnzupkfseuistvwtqbnpqd/Build/Intermediates.noindex/xctest-dynamic-overlay.build/Debug-iphoneos/XCTestDynamicOverlay.build/swift-overrides.hmap -emit-const-values -Xfrontend -const-gather-protocols-file -Xfrontend /Users/ryankanfer/Library/Developer/Xcode/DerivedData/HOMEY_Clean-gafualdnzupkfseuistvwtqbnpqd/Build/Intermediates.noindex/xctest-dynamic-overlay.build/Debug-iphoneos/XCTestDynamicOverlay.build/Objects-normal/arm64/XCTestDynamicOverlay_const_extract_protocols.json -Xcc -I/Users/ryankanfer/Library/Developer/Xcode/DerivedData/HOMEY_Clean-gafualdnzupkfseuistvwtqbnpqd/Build/Products/Debug-iphoneos/include -Xcc -I/Users/ryankanfer/Library/Developer/Xcode/DerivedData/HOMEY_Clean-gafualdnzupkfseuistvwtqbnpqd/Build/Intermediates.noindex/xctest-dynamic-overlay.build/Debug-iphoneos/XCTestDynamicOverlay.build/DerivedSources-normal/arm64 -Xcc -I/Users/ryankanfer/Library/Developer/Xcode/DerivedData/HOMEY_Clean-gafualdnzupkfseuistvwtqbnpqd/Build/Intermediates.noindex/xctest-dynamic-overlay.build/Debug-iphoneos/XCTestDynamicOverlay.build/DerivedSources/arm64 -Xcc -I/Users/ryankanfer/Library/Developer/Xcode/DerivedData/HOMEY_Clean-gafualdnzupkfseuistvwtqbnpqd/Build/Intermediates.noindex/xctest-dynamic-overlay.build/Debug-iphoneos/XCTestDynamicOverlay.build/DerivedSources -Xcc -DSWIFT_PACKAGE -Xcc -DDEBUG\=1 -emit-objc-header -emit-objc-header-path /Users/ryankanfer/Library/Developer/Xcode/DerivedData/HOMEY_Clean-gafualdnzupkfseuistvwtqbnpqd/Build/Intermediates.noindex/xctest-dynamic-overlay.build/Debug-iphoneos/XCTestDynamicOverlay.build/Objects-normal/arm64/XCTestDynamicOverlay-Swift.h -working-directory /Users/ryankanfer/Documents/Developer/HOMEY\ Clean/HOMEY\ Clean.xcodeproj -experimental-emit-module-separately -disable-cmo

SwiftDriver Clocks normal arm64 com.apple.xcode.tools.swift.compiler (in target 'Clocks' from project 'swift-clocks')
    cd /Users/ryankanfer/Documents/Developer/HOMEY\ Clean/HOMEY\ Clean.xcodeproj
    builtin-SwiftDriver -- /Applications/Xcode.app/Contents/Developer/Toolchains/XcodeDefault.xctoolchain/usr/bin/swiftc -module-name Clocks -Onone -enforce-exclusivity\=checked @/Users/ryankanfer/Library/Developer/Xcode/DerivedData/HOMEY_Clean-gafualdnzupkfseuistvwtqbnpqd/Build/Intermediates.noindex/swift-clocks.build/Debug-iphoneos/Clocks.build/Objects-normal/arm64/Clocks.SwiftFileList -DSWIFT_PACKAGE -DDEBUG -DSWIFT_MODULE_RESOURCE_BUNDLE_UNAVAILABLE -DXcode -plugin-path /Applications/Xcode.app/Contents/Developer/Toolchains/XcodeDefault.xctoolchain/usr/lib/swift/host/plugins/testing -enable-experimental-feature DebugDescriptionMacro -sdk /Applications/Xcode.app/Contents/Developer/Platforms/iPhoneOS.platform/Developer/SDKs/iPhoneOS26.0.sdk -target arm64-apple-ios13.0 -g -module-cache-path /Users/ryankanfer/Library/Developer/Xcode/DerivedData/ModuleCache.noindex -Xfrontend -serialize-debugging-options -profile-coverage-mapping -profile-generate -enable-testing -suppress-warnings -index-store-path /Users/ryankanfer/Library/Developer/Xcode/DerivedData/HOMEY_Clean-gafualdnzupkfseuistvwtqbnpqd/Index.noindex/DataStore -Xcc -D_LIBCPP_HARDENING_MODE\=_LIBCPP_HARDENING_MODE_DEBUG -swift-version 6 -I /Users/ryankanfer/Library/Developer/Xcode/DerivedData/HOMEY_Clean-gafualdnzupkfseuistvwtqbnpqd/Build/Products/Debug-iphoneos -Isystem /Applications/Xcode.app/Contents/Developer/Platforms/iPhoneOS.platform/Developer/usr/lib -F /Users/ryankanfer/Library/Developer/Xcode/DerivedData/HOMEY_Clean-gafualdnzupkfseuistvwtqbnpqd/Build/Products/Debug-iphoneos/PackageFrameworks -F /Users/ryankanfer/Library/Developer/Xcode/DerivedData/HOMEY_Clean-gafualdnzupkfseuistvwtqbnpqd/Build/Products/Debug-iphoneos/PackageFrameworks -F /Users/ryankanfer/Library/Developer/Xcode/DerivedData/HOMEY_Clean-gafualdnzupkfseuistvwtqbnpqd/Build/Products/Debug-iphoneos/PackageFrameworks -F /Users/ryankanfer/Library/Developer/Xcode/DerivedData/HOMEY_Clean-gafualdnzupkfseuistvwtqbnpqd/Build/Products/Debug-iphoneos -F /Applications/Xcode.app/Contents/Developer/Platforms/iPhoneOS.platform/Developer/Library/Frameworks -F /Applications/Xcode.app/Contents/Developer/Platforms/iPhoneOS.platform/Developer/SDKs/iPhoneOS26.0.sdk/Developer/Library/Frameworks -c -j8 -enable-batch-mode -incremental -Xcc -ivfsstatcache -Xcc /Users/ryankanfer/Library/Developer/Xcode/DerivedData/SDKStatCaches.noindex/iphoneos26.0-23A339-81ce72e5b06c9602b9d30b56f2eed08a.sdkstatcache -output-file-map /Users/ryankanfer/Library/Developer/Xcode/DerivedData/HOMEY_Clean-gafualdnzupkfseuistvwtqbnpqd/Build/Intermediates.noindex/swift-clocks.build/Debug-iphoneos/Clocks.build/Objects-normal/arm64/Clocks-OutputFileMap.json -use-frontend-parseable-output -save-temps -no-color-diagnostics -explicit-module-build -module-cache-path /Users/ryankanfer/Library/Developer/Xcode/DerivedData/HOMEY_Clean-gafualdnzupkfseuistvwtqbnpqd/Build/Intermediates.noindex/SwiftExplicitPrecompiledModules -clang-scanner-module-cache-path /Users/ryankanfer/Library/Developer/Xcode/DerivedData/ModuleCache.noindex -sdk-module-cache-path /Users/ryankanfer/Library/Developer/Xcode/DerivedData/ModuleCache.noindex -serialize-diagnostics -emit-dependencies -emit-module -emit-module-path /Users/ryankanfer/Library/Developer/Xcode/DerivedData/HOMEY_Clean-gafualdnzupkfseuistvwtqbnpqd/Build/Intermediates.noindex/swift-clocks.build/Debug-iphoneos/Clocks.build/Objects-normal/arm64/Clocks.swiftmodule -user-module-version 1.0.6 -validate-clang-modules-once -clang-build-session-file /Users/ryankanfer/Library/Developer/Xcode/DerivedData/ModuleCache.noindex/Session.modulevalidation -package-name swift_clocks -Xcc -I/Users/ryankanfer/Library/Developer/Xcode/DerivedData/HOMEY_Clean-gafualdnzupkfseuistvwtqbnpqd/Build/Intermediates.noindex/swift-clocks.build/Debug-iphoneos/Clocks.build/swift-overrides.hmap -emit-const-values -Xfrontend -const-gather-protocols-file -Xfrontend /Users/ryankanfer/Library/Developer/Xcode/DerivedData/HOMEY_Clean-gafualdnzupkfseuistvwtqbnpqd/Build/Intermediates.noindex/swift-clocks.build/Debug-iphoneos/Clocks.build/Objects-normal/arm64/Clocks_const_extract_protocols.json -Xcc -I/Users/ryankanfer/Library/Developer/Xcode/DerivedData/HOMEY_Clean-gafualdnzupkfseuistvwtqbnpqd/Build/Products/Debug-iphoneos/include -Xcc -I/Users/ryankanfer/Library/Developer/Xcode/DerivedData/HOMEY_Clean-gafualdnzupkfseuistvwtqbnpqd/Build/Intermediates.noindex/swift-clocks.build/Debug-iphoneos/Clocks.build/DerivedSources-normal/arm64 -Xcc -I/Users/ryankanfer/Library/Developer/Xcode/DerivedData/HOMEY_Clean-gafualdnzupkfseuistvwtqbnpqd/Build/Intermediates.noindex/swift-clocks.build/Debug-iphoneos/Clocks.build/DerivedSources/arm64 -Xcc -I/Users/ryankanfer/Library/Developer/Xcode/DerivedData/HOMEY_Clean-gafualdnzupkfseuistvwtqbnpqd/Build/Intermediates.noindex/swift-clocks.build/Debug-iphoneos/Clocks.build/DerivedSources -Xcc -DSWIFT_PACKAGE -Xcc -DDEBUG\=1 -emit-objc-header -emit-objc-header-path /Users/ryankanfer/Library/Developer/Xcode/DerivedData/HOMEY_Clean-gafualdnzupkfseuistvwtqbnpqd/Build/Intermediates.noindex/swift-clocks.build/Debug-iphoneos/Clocks.build/Objects-normal/arm64/Clocks-Swift.h -working-directory /Users/ryankanfer/Documents/Developer/HOMEY\ Clean/HOMEY\ Clean.xcodeproj -experimental-emit-module-separately -disable-cmo

ExtractAppIntentsMetadata (in target 'IssueReporting' from project 'xctest-dynamic-overlay')
    cd /Users/ryankanfer/Library/Developer/Xcode/DerivedData/HOMEY_Clean-gafualdnzupkfseuistvwtqbnpqd/SourcePackages/checkouts/xctest-dynamic-overlay
    /Applications/Xcode.app/Contents/Developer/Toolchains/XcodeDefault.xctoolchain/usr/bin/appintentsmetadataprocessor --toolchain-dir /Applications/Xcode.app/Contents/Developer/Toolchains/XcodeDefault.xctoolchain --module-name IssueReporting --sdk-root /Applications/Xcode.app/Contents/Developer/Platforms/iPhoneOS.platform/Developer/SDKs/iPhoneOS26.0.sdk --xcode-version 17A324 --platform-family iOS --deployment-target 13.0 --bundle-identifier xctest-dynamic-overlay.IssueReporting --output /Users/ryankanfer/Library/Developer/Xcode/DerivedData/HOMEY_Clean-gafualdnzupkfseuistvwtqbnpqd/Build/Products/Debug-iphoneos/IssueReporting.appintents --target-triple arm64-apple-ios13.0 --binary-file /Users/ryankanfer/Library/Developer/Xcode/DerivedData/HOMEY_Clean-gafualdnzupkfseuistvwtqbnpqd/Build/Products/Debug-iphoneos/IssueReporting.o --dependency-file /Users/ryankanfer/Library/Developer/Xcode/DerivedData/HOMEY_Clean-gafualdnzupkfseuistvwtqbnpqd/Build/Intermediates.noindex/xctest-dynamic-overlay.build/Debug-iphoneos/IssueReporting.build/Objects-normal/arm64/IssueReporting_dependency_info.dat --stringsdata-file /Users/ryankanfer/Library/Developer/Xcode/DerivedData/HOMEY_Clean-gafualdnzupkfseuistvwtqbnpqd/Build/Intermediates.noindex/xctest-dynamic-overlay.build/Debug-iphoneos/IssueReporting.build/Objects-normal/arm64/ExtractedAppShortcutsMetadata.stringsdata --source-file-list /Users/ryankanfer/Library/Developer/Xcode/DerivedData/HOMEY_Clean-gafualdnzupkfseuistvwtqbnpqd/Build/Intermediates.noindex/xctest-dynamic-overlay.build/Debug-iphoneos/IssueReporting.build/Objects-normal/arm64/IssueReporting.SwiftFileList --metadata-file-list /Users/ryankanfer/Library/Developer/Xcode/DerivedData/HOMEY_Clean-gafualdnzupkfseuistvwtqbnpqd/Build/Intermediates.noindex/xctest-dynamic-overlay.build/Debug-iphoneos/IssueReporting.build/IssueReporting.DependencyMetadataFileList --static-metadata-file-list /Users/ryankanfer/Library/Developer/Xcode/DerivedData/HOMEY_Clean-gafualdnzupkfseuistvwtqbnpqd/Build/Intermediates.noindex/xctest-dynamic-overlay.build/Debug-iphoneos/IssueReporting.build/IssueReporting.DependencyStaticMetadataFileList --swift-const-vals-list /Users/ryankanfer/Library/Developer/Xcode/DerivedData/HOMEY_Clean-gafualdnzupkfseuistvwtqbnpqd/Build/Intermediates.noindex/xctest-dynamic-overlay.build/Debug-iphoneos/IssueReporting.build/Objects-normal/arm64/IssueReporting.SwiftConstValuesFileList --force --compile-time-extraction --deployment-aware-processing --validate-assistant-intents --no-app-shortcuts-localization
2025-09-22 23:16:11.733 appintentsmetadataprocessor[46487:12246516] Starting appintentsmetadataprocessor export
2025-09-22 23:16:11.907 appintentsmetadataprocessor[46487:12246516] Extracted no relevant App Intents symbols, skipping writing output

SwiftEmitModule normal arm64 Emitting\ module\ for\ XCTestDynamicOverlay (in target 'XCTestDynamicOverlay' from project 'xctest-dynamic-overlay')
EmitSwiftModule normal arm64 (in target 'XCTestDynamicOverlay' from project 'xctest-dynamic-overlay')
    cd /Users/ryankanfer/Documents/Developer/HOMEY\ Clean/HOMEY\ Clean.xcodeproj
    

SwiftCompile normal arm64 Compiling\ Exports.swift /Users/ryankanfer/Library/Developer/Xcode/DerivedData/HOMEY_Clean-gafualdnzupkfseuistvwtqbnpqd/SourcePackages/checkouts/xctest-dynamic-overlay/Sources/XCTestDynamicOverlay/Internal/Exports.swift (in target 'XCTestDynamicOverlay' from project 'xctest-dynamic-overlay')

SwiftCompile normal arm64 /Users/ryankanfer/Library/Developer/Xcode/DerivedData/HOMEY_Clean-gafualdnzupkfseuistvwtqbnpqd/SourcePackages/checkouts/xctest-dynamic-overlay/Sources/XCTestDynamicOverlay/Internal/Exports.swift (in target 'XCTestDynamicOverlay' from project 'xctest-dynamic-overlay')
    cd /Users/ryankanfer/Documents/Developer/HOMEY\ Clean/HOMEY\ Clean.xcodeproj
    

SwiftCompile normal arm64 Compiling\ Deprecations.swift /Users/ryankanfer/Library/Developer/Xcode/DerivedData/HOMEY_Clean-gafualdnzupkfseuistvwtqbnpqd/SourcePackages/checkouts/xctest-dynamic-overlay/Sources/XCTestDynamicOverlay/Internal/Deprecations.swift (in target 'XCTestDynamicOverlay' from project 'xctest-dynamic-overlay')
SwiftCompile normal arm64 /Users/ryankanfer/Library/Developer/Xcode/DerivedData/HOMEY_Clean-gafualdnzupkfseuistvwtqbnpqd/SourcePackages/checkouts/xctest-dynamic-overlay/Sources/XCTestDynamicOverlay/Internal/Deprecations.swift (in target 'XCTestDynamicOverlay' from project 'xctest-dynamic-overlay')
    cd /Users/ryankanfer/Documents/Developer/HOMEY\ Clean/HOMEY\ Clean.xcodeproj
    

RegisterExecutionPolicyException /Users/ryankanfer/Library/Developer/Xcode/DerivedData/HOMEY_Clean-gafualdnzupkfseuistvwtqbnpqd/Build/Products/Debug-iphoneos/IssueReporting.o (in target 'IssueReporting' from project 'xctest-dynamic-overlay')
    cd /Users/ryankanfer/Library/Developer/Xcode/DerivedData/HOMEY_Clean-gafualdnzupkfseuistvwtqbnpqd/SourcePackages/checkouts/xctest-dynamic-overlay
    builtin-RegisterExecutionPolicyException /Users/ryankanfer/Library/Developer/Xcode/DerivedData/HOMEY_Clean-gafualdnzupkfseuistvwtqbnpqd/Build/Products/Debug-iphoneos/IssueReporting.o

SwiftDriverJobDiscovery normal arm64 Compiling Exports.swift (in target 'XCTestDynamicOverlay' from project 'xctest-dynamic-overlay')

SwiftEmitModule normal arm64 Emitting\ module\ for\ Clocks (in target 'Clocks' from project 'swift-clocks')

EmitSwiftModule normal arm64 (in target 'Clocks' from project 'swift-clocks')
    cd /Users/ryankanfer/Documents/Developer/HOMEY\ Clean/HOMEY\ Clean.xcodeproj
    

SwiftCompile normal arm64 Compiling\ Lock.swift /Users/ryankanfer/Library/Developer/Xcode/DerivedData/HOMEY_Clean-gafualdnzupkfseuistvwtqbnpqd/SourcePackages/checkouts/swift-clocks/Sources/Clocks/Internal/Lock.swift (in target 'Clocks' from project 'swift-clocks')

SwiftCompile normal arm64 /Users/ryankanfer/Library/Developer/Xcode/DerivedData/HOMEY_Clean-gafualdnzupkfseuistvwtqbnpqd/SourcePackages/checkouts/swift-clocks/Sources/Clocks/Internal/Lock.swift (in target 'Clocks' from project 'swift-clocks')
    cd /Users/ryankanfer/Documents/Developer/HOMEY\ Clean/HOMEY\ Clean.xcodeproj
    

SwiftCompile normal arm64 Compiling\ Timer.swift /Users/ryankanfer/Library/Developer/Xcode/DerivedData/HOMEY_Clean-gafualdnzupkfseuistvwtqbnpqd/SourcePackages/checkouts/swift-clocks/Sources/Clocks/Timer.swift (in target 'Clocks' from project 'swift-clocks')

SwiftCompile normal arm64 /Users/ryankanfer/Library/Developer/Xcode/DerivedData/HOMEY_Clean-gafualdnzupkfseuistvwtqbnpqd/SourcePackages/checkouts/swift-clocks/Sources/Clocks/Timer.swift (in target 'Clocks' from project 'swift-clocks')
    cd /Users/ryankanfer/Documents/Developer/HOMEY\ Clean/HOMEY\ Clean.xcodeproj
    

SwiftCompile normal arm64 Compiling\ ImmediateClock.swift /Users/ryankanfer/Library/Developer/Xcode/DerivedData/HOMEY_Clean-gafualdnzupkfseuistvwtqbnpqd/SourcePackages/checkouts/swift-clocks/Sources/Clocks/ImmediateClock.swift (in target 'Clocks' from project 'swift-clocks')

SwiftCompile normal arm64 /Users/ryankanfer/Library/Developer/Xcode/DerivedData/HOMEY_Clean-gafualdnzupkfseuistvwtqbnpqd/SourcePackages/checkouts/swift-clocks/Sources/Clocks/ImmediateClock.swift (in target 'Clocks' from project 'swift-clocks')
    cd /Users/ryankanfer/Documents/Developer/HOMEY\ Clean/HOMEY\ Clean.xcodeproj
    

SwiftCompile normal arm64 Compiling\ _AsyncTimerSequence.swift /Users/ryankanfer/Library/Developer/Xcode/DerivedData/HOMEY_Clean-gafualdnzupkfseuistvwtqbnpqd/SourcePackages/checkouts/swift-clocks/Sources/Clocks/Internal/_AsyncTimerSequence.swift (in target 'Clocks' from project 'swift-clocks')

SwiftCompile normal arm64 /Users/ryankanfer/Library/Developer/Xcode/DerivedData/HOMEY_Clean-gafualdnzupkfseuistvwtqbnpqd/SourcePackages/checkouts/swift-clocks/Sources/Clocks/Internal/_AsyncTimerSequence.swift (in target 'Clocks' from project 'swift-clocks')
    cd /Users/ryankanfer/Documents/Developer/HOMEY\ Clean/HOMEY\ Clean.xcodeproj
    

SwiftCompile normal arm64 Compiling\ AnyClock.swift /Users/ryankanfer/Library/Developer/Xcode/DerivedData/HOMEY_Clean-gafualdnzupkfseuistvwtqbnpqd/SourcePackages/checkouts/swift-clocks/Sources/Clocks/AnyClock.swift (in target 'Clocks' from project 'swift-clocks')

SwiftCompile normal arm64 /Users/ryankanfer/Library/Developer/Xcode/DerivedData/HOMEY_Clean-gafualdnzupkfseuistvwtqbnpqd/SourcePackages/checkouts/swift-clocks/Sources/Clocks/AnyClock.swift (in target 'Clocks' from project 'swift-clocks')
    cd /Users/ryankanfer/Documents/Developer/HOMEY\ Clean/HOMEY\ Clean.xcodeproj
    

SwiftCompile normal arm64 Compiling\ SwiftUI.swift /Users/ryankanfer/Library/Developer/Xcode/DerivedData/HOMEY_Clean-gafualdnzupkfseuistvwtqbnpqd/SourcePackages/checkouts/swift-clocks/Sources/Clocks/SwiftUI.swift (in target 'Clocks' from project 'swift-clocks')

SwiftCompile normal arm64 /Users/ryankanfer/Library/Developer/Xcode/DerivedData/HOMEY_Clean-gafualdnzupkfseuistvwtqbnpqd/SourcePackages/checkouts/swift-clocks/Sources/Clocks/SwiftUI.swift (in target 'Clocks' from project 'swift-clocks')
    cd /Users/ryankanfer/Documents/Developer/HOMEY\ Clean/HOMEY\ Clean.xcodeproj
    

SwiftDriverJobDiscovery normal arm64 Emitting module for XCTestDynamicOverlay (in target 'XCTestDynamicOverlay' from project 'xctest-dynamic-overlay')

SwiftDriver\ Compilation\ Requirements XCTestDynamicOverlay normal arm64 com.apple.xcode.tools.swift.compiler (in target 'XCTestDynamicOverlay' from project 'xctest-dynamic-overlay')
    cd /Users/ryankanfer/Documents/Developer/HOMEY\ Clean/HOMEY\ Clean.xcodeproj
    builtin-Swift-Compilation-Requirements -- /Applications/Xcode.app/Contents/Developer/Toolchains/XcodeDefault.xctoolchain/usr/bin/swiftc -module-name XCTestDynamicOverlay -Onone -enforce-exclusivity\=checked @/Users/ryankanfer/Library/Developer/Xcode/DerivedData/HOMEY_Clean-gafualdnzupkfseuistvwtqbnpqd/Build/Intermediates.noindex/xctest-dynamic-overlay.build/Debug-iphoneos/XCTestDynamicOverlay.build/Objects-normal/arm64/XCTestDynamicOverlay.SwiftFileList -DSWIFT_PACKAGE -DDEBUG -DSWIFT_MODULE_RESOURCE_BUNDLE_UNAVAILABLE -DXcode -plugin-path /Applications/Xcode.app/Contents/Developer/Toolchains/XcodeDefault.xctoolchain/usr/lib/swift/host/plugins/testing -enable-experimental-feature DebugDescriptionMacro -sdk /Applications/Xcode.app/Contents/Developer/Platforms/iPhoneOS.platform/Developer/SDKs/iPhoneOS26.0.sdk -target arm64-apple-ios13.0 -g -module-cache-path /Users/ryankanfer/Library/Developer/Xcode/DerivedData/ModuleCache.noindex -Xfrontend -serialize-debugging-options -profile-coverage-mapping -profile-generate -enable-testing -suppress-warnings -index-store-path /Users/ryankanfer/Library/Developer/Xcode/DerivedData/HOMEY_Clean-gafualdnzupkfseuistvwtqbnpqd/Index.noindex/DataStore -Xcc -D_LIBCPP_HARDENING_MODE\=_LIBCPP_HARDENING_MODE_DEBUG -swift-version 6 -I /Users/ryankanfer/Library/Developer/Xcode/DerivedData/HOMEY_Clean-gafualdnzupkfseuistvwtqbnpqd/Build/Products/Debug-iphoneos -Isystem /Applications/Xcode.app/Contents/Developer/Platforms/iPhoneOS.platform/Developer/usr/lib -F /Users/ryankanfer/Library/Developer/Xcode/DerivedData/HOMEY_Clean-gafualdnzupkfseuistvwtqbnpqd/Build/Products/Debug-iphoneos/PackageFrameworks -F /Users/ryankanfer/Library/Developer/Xcode/DerivedData/HOMEY_Clean-gafualdnzupkfseuistvwtqbnpqd/Build/Products/Debug-iphoneos/PackageFrameworks -F /Users/ryankanfer/Library/Developer/Xcode/DerivedData/HOMEY_Clean-gafualdnzupkfseuistvwtqbnpqd/Build/Products/Debug-iphoneos -F /Applications/Xcode.app/Contents/Developer/Platforms/iPhoneOS.platform/Developer/Library/Frameworks -F /Applications/Xcode.app/Contents/Developer/Platforms/iPhoneOS.platform/Developer/SDKs/iPhoneOS26.0.sdk/Developer/Library/Frameworks -c -j8 -enable-batch-mode -incremental -Xcc -ivfsstatcache -Xcc /Users/ryankanfer/Library/Developer/Xcode/DerivedData/SDKStatCaches.noindex/iphoneos26.0-23A339-81ce72e5b06c9602b9d30b56f2eed08a.sdkstatcache -output-file-map /Users/ryankanfer/Library/Developer/Xcode/DerivedData/HOMEY_Clean-gafualdnzupkfseuistvwtqbnpqd/Build/Intermediates.noindex/xctest-dynamic-overlay.build/Debug-iphoneos/XCTestDynamicOverlay.build/Objects-normal/arm64/XCTestDynamicOverlay-OutputFileMap.json -use-frontend-parseable-output -save-temps -no-color-diagnostics -explicit-module-build -module-cache-path /Users/ryankanfer/Library/Developer/Xcode/DerivedData/HOMEY_Clean-gafualdnzupkfseuistvwtqbnpqd/Build/Intermediates.noindex/SwiftExplicitPrecompiledModules -clang-scanner-module-cache-path /Users/ryankanfer/Library/Developer/Xcode/DerivedData/ModuleCache.noindex -sdk-module-cache-path /Users/ryankanfer/Library/Developer/Xcode/DerivedData/ModuleCache.noindex -serialize-diagnostics -emit-dependencies -emit-module -emit-module-path /Users/ryankanfer/Library/Developer/Xcode/DerivedData/HOMEY_Clean-gafualdnzupkfseuistvwtqbnpqd/Build/Intermediates.noindex/xctest-dynamic-overlay.build/Debug-iphoneos/XCTestDynamicOverlay.build/Objects-normal/arm64/XCTestDynamicOverlay.swiftmodule -user-module-version 1.6.1 -validate-clang-modules-once -clang-build-session-file /Users/ryankanfer/Library/Developer/Xcode/DerivedData/ModuleCache.noindex/Session.modulevalidation -package-name xctest_dynamic_overlay -Xcc -I/Users/ryankanfer/Library/Developer/Xcode/DerivedData/HOMEY_Clean-gafualdnzupkfseuistvwtqbnpqd/Build/Intermediates.noindex/xctest-dynamic-overlay.build/Debug-iphoneos/XCTestDynamicOverlay.build/swift-overrides.hmap -emit-const-values -Xfrontend -const-gather-protocols-file -Xfrontend /Users/ryankanfer/Library/Developer/Xcode/DerivedData/HOMEY_Clean-gafualdnzupkfseuistvwtqbnpqd/Build/Intermediates.noindex/xctest-dynamic-overlay.build/Debug-iphoneos/XCTestDynamicOverlay.build/Objects-normal/arm64/XCTestDynamicOverlay_const_extract_protocols.json -Xcc -I/Users/ryankanfer/Library/Developer/Xcode/DerivedData/HOMEY_Clean-gafualdnzupkfseuistvwtqbnpqd/Build/Products/Debug-iphoneos/include -Xcc -I/Users/ryankanfer/Library/Developer/Xcode/DerivedData/HOMEY_Clean-gafualdnzupkfseuistvwtqbnpqd/Build/Intermediates.noindex/xctest-dynamic-overlay.build/Debug-iphoneos/XCTestDynamicOverlay.build/DerivedSources-normal/arm64 -Xcc -I/Users/ryankanfer/Library/Developer/Xcode/DerivedData/HOMEY_Clean-gafualdnzupkfseuistvwtqbnpqd/Build/Intermediates.noindex/xctest-dynamic-overlay.build/Debug-iphoneos/XCTestDynamicOverlay.build/DerivedSources/arm64 -Xcc -I/Users/ryankanfer/Library/Developer/Xcode/DerivedData/HOMEY_Clean-gafualdnzupkfseuistvwtqbnpqd/Build/Intermediates.noindex/xctest-dynamic-overlay.build/Debug-iphoneos/XCTestDynamicOverlay.build/DerivedSources -Xcc -DSWIFT_PACKAGE -Xcc -DDEBUG\=1 -emit-objc-header -emit-objc-header-path /Users/ryankanfer/Library/Developer/Xcode/DerivedData/HOMEY_Clean-gafualdnzupkfseuistvwtqbnpqd/Build/Intermediates.noindex/xctest-dynamic-overlay.build/Debug-iphoneos/XCTestDynamicOverlay.build/Objects-normal/arm64/XCTestDynamicOverlay-Swift.h -working-directory /Users/ryankanfer/Documents/Developer/HOMEY\ Clean/HOMEY\ Clean.xcodeproj -experimental-emit-module-separately -disable-cmo

SwiftDriverJobDiscovery normal arm64 Compiling Timer.swift (in target 'Clocks' from project 'swift-clocks')

SwiftCompile normal arm64 Compiling\ TestClock.swift /Users/ryankanfer/Library/Developer/Xcode/DerivedData/HOMEY_Clean-gafualdnzupkfseuistvwtqbnpqd/SourcePackages/checkouts/swift-clocks/Sources/Clocks/TestClock.swift (in target 'Clocks' from project 'swift-clocks')
SwiftCompile normal arm64 /Users/ryankanfer/Library/Developer/Xcode/DerivedData/HOMEY_Clean-gafualdnzupkfseuistvwtqbnpqd/SourcePackages/checkouts/swift-clocks/Sources/Clocks/TestClock.swift (in target 'Clocks' from project 'swift-clocks')
    cd /Users/ryankanfer/Documents/Developer/HOMEY\ Clean/HOMEY\ Clean.xcodeproj
    

SwiftCompile normal arm64 Compiling\ UnimplementedClock.swift /Users/ryankanfer/Library/Developer/Xcode/DerivedData/HOMEY_Clean-gafualdnzupkfseuistvwtqbnpqd/SourcePackages/checkouts/swift-clocks/Sources/Clocks/UnimplementedClock.swift (in target 'Clocks' from project 'swift-clocks')

SwiftCompile normal arm64 /Users/ryankanfer/Library/Developer/Xcode/DerivedData/HOMEY_Clean-gafualdnzupkfseuistvwtqbnpqd/SourcePackages/checkouts/swift-clocks/Sources/Clocks/UnimplementedClock.swift (in target 'Clocks' from project 'swift-clocks')
    cd /Users/ryankanfer/Documents/Developer/HOMEY\ Clean/HOMEY\ Clean.xcodeproj
    

SwiftDriverJobDiscovery normal arm64 Compiling SwiftUI.swift (in target 'Clocks' from project 'swift-clocks')

SwiftDriverJobDiscovery normal arm64 Compiling Lock.swift (in target 'Clocks' from project 'swift-clocks')

SwiftMergeGeneratedHeaders /Users/ryankanfer/Library/Developer/Xcode/DerivedData/HOMEY_Clean-gafualdnzupkfseuistvwtqbnpqd/Build/Intermediates.noindex/GeneratedModuleMaps-iphoneos/XCTestDynamicOverlay-Swift.h /Users/ryankanfer/Library/Developer/Xcode/DerivedData/HOMEY_Clean-gafualdnzupkfseuistvwtqbnpqd/Build/Intermediates.noindex/xctest-dynamic-overlay.build/Debug-iphoneos/XCTestDynamicOverlay.build/Objects-normal/arm64/XCTestDynamicOverlay-Swift.h (in target 'XCTestDynamicOverlay' from project 'xctest-dynamic-overlay')
    cd /Users/ryankanfer/Library/Developer/Xcode/DerivedData/HOMEY_Clean-gafualdnzupkfseuistvwtqbnpqd/SourcePackages/checkouts/xctest-dynamic-overlay
    builtin-swiftHeaderTool -arch arm64 /Users/ryankanfer/Library/Developer/Xcode/DerivedData/HOMEY_Clean-gafualdnzupkfseuistvwtqbnpqd/Build/Intermediates.noindex/xctest-dynamic-overlay.build/Debug-iphoneos/XCTestDynamicOverlay.build/Objects-normal/arm64/XCTestDynamicOverlay-Swift.h -o /Users/ryankanfer/Library/Developer/Xcode/DerivedData/HOMEY_Clean-gafualdnzupkfseuistvwtqbnpqd/Build/Intermediates.noindex/GeneratedModuleMaps-iphoneos/XCTestDynamicOverlay-Swift.h

Copy /Users/ryankanfer/Library/Developer/Xcode/DerivedData/HOMEY_Clean-gafualdnzupkfseuistvwtqbnpqd/Build/Products/Debug-iphoneos/XCTestDynamicOverlay.swiftmodule/arm64-apple-ios.swiftmodule /Users/ryankanfer/Library/Developer/Xcode/DerivedData/HOMEY_Clean-gafualdnzupkfseuistvwtqbnpqd/Build/Intermediates.noindex/xctest-dynamic-overlay.build/Debug-iphoneos/XCTestDynamicOverlay.build/Objects-normal/arm64/XCTestDynamicOverlay.swiftmodule (in target 'XCTestDynamicOverlay' from project 'xctest-dynamic-overlay')
    cd /Users/ryankanfer/Library/Developer/Xcode/DerivedData/HOMEY_Clean-gafualdnzupkfseuistvwtqbnpqd/SourcePackages/checkouts/xctest-dynamic-overlay
    builtin-copy -exclude .DS_Store -exclude CVS -exclude .svn -exclude .git -exclude .hg -resolve-src-symlinks -rename /Users/ryankanfer/Library/Developer/Xcode/DerivedData/HOMEY_Clean-gafualdnzupkfseuistvwtqbnpqd/Build/Intermediates.noindex/xctest-dynamic-overlay.build/Debug-iphoneos/XCTestDynamicOverlay.build/Objects-normal/arm64/XCTestDynamicOverlay.swiftmodule /Users/ryankanfer/Library/Developer/Xcode/DerivedData/HOMEY_Clean-gafualdnzupkfseuistvwtqbnpqd/Build/Products/Debug-iphoneos/XCTestDynamicOverlay.swiftmodule/arm64-apple-ios.swiftmodule

Copy /Users/ryankanfer/Library/Developer/Xcode/DerivedData/HOMEY_Clean-gafualdnzupkfseuistvwtqbnpqd/Build/Products/Debug-iphoneos/XCTestDynamicOverlay.swiftmodule/arm64-apple-ios.swiftdoc /Users/ryankanfer/Library/Developer/Xcode/DerivedData/HOMEY_Clean-gafualdnzupkfseuistvwtqbnpqd/Build/Intermediates.noindex/xctest-dynamic-overlay.build/Debug-iphoneos/XCTestDynamicOverlay.build/Objects-normal/arm64/XCTestDynamicOverlay.swiftdoc (in target 'XCTestDynamicOverlay' from project 'xctest-dynamic-overlay')
    cd /Users/ryankanfer/Library/Developer/Xcode/DerivedData/HOMEY_Clean-gafualdnzupkfseuistvwtqbnpqd/SourcePackages/checkouts/xctest-dynamic-overlay
    builtin-copy -exclude .DS_Store -exclude CVS -exclude .svn -exclude .git -exclude .hg -resolve-src-symlinks -rename /Users/ryankanfer/Library/Developer/Xcode/DerivedData/HOMEY_Clean-gafualdnzupkfseuistvwtqbnpqd/Build/Intermediates.noindex/xctest-dynamic-overlay.build/Debug-iphoneos/XCTestDynamicOverlay.build/Objects-normal/arm64/XCTestDynamicOverlay.swiftdoc /Users/ryankanfer/Library/Developer/Xcode/DerivedData/HOMEY_Clean-gafualdnzupkfseuistvwtqbnpqd/Build/Products/Debug-iphoneos/XCTestDynamicOverlay.swiftmodule/arm64-apple-ios.swiftdoc

Copy /Users/ryankanfer/Library/Developer/Xcode/DerivedData/HOMEY_Clean-gafualdnzupkfseuistvwtqbnpqd/Build/Products/Debug-iphoneos/XCTestDynamicOverlay.swiftmodule/arm64-apple-ios.abi.json /Users/ryankanfer/Library/Developer/Xcode/DerivedData/HOMEY_Clean-gafualdnzupkfseuistvwtqbnpqd/Build/Intermediates.noindex/xctest-dynamic-overlay.build/Debug-iphoneos/XCTestDynamicOverlay.build/Objects-normal/arm64/XCTestDynamicOverlay.abi.json (in target 'XCTestDynamicOverlay' from project 'xctest-dynamic-overlay')
    cd /Users/ryankanfer/Library/Developer/Xcode/DerivedData/HOMEY_Clean-gafualdnzupkfseuistvwtqbnpqd/SourcePackages/checkouts/xctest-dynamic-overlay
    builtin-copy -exclude .DS_Store -exclude CVS -exclude .svn -exclude .git -exclude .hg -resolve-src-symlinks -rename /Users/ryankanfer/Library/Developer/Xcode/DerivedData/HOMEY_Clean-gafualdnzupkfseuistvwtqbnpqd/Build/Intermediates.noindex/xctest-dynamic-overlay.build/Debug-iphoneos/XCTestDynamicOverlay.build/Objects-normal/arm64/XCTestDynamicOverlay.abi.json /Users/ryankanfer/Library/Developer/Xcode/DerivedData/HOMEY_Clean-gafualdnzupkfseuistvwtqbnpqd/Build/Products/Debug-iphoneos/XCTestDynamicOverlay.swiftmodule/arm64-apple-ios.abi.json

Copy /Users/ryankanfer/Library/Developer/Xcode/DerivedData/HOMEY_Clean-gafualdnzupkfseuistvwtqbnpqd/Build/Products/Debug-iphoneos/XCTestDynamicOverlay.swiftmodule/Project/arm64-apple-ios.swiftsourceinfo /Users/ryankanfer/Library/Developer/Xcode/DerivedData/HOMEY_Clean-gafualdnzupkfseuistvwtqbnpqd/Build/Intermediates.noindex/xctest-dynamic-overlay.build/Debug-iphoneos/XCTestDynamicOverlay.build/Objects-normal/arm64/XCTestDynamicOverlay.swiftsourceinfo (in target 'XCTestDynamicOverlay' from project 'xctest-dynamic-overlay')
    cd /Users/ryankanfer/Library/Developer/Xcode/DerivedData/HOMEY_Clean-gafualdnzupkfseuistvwtqbnpqd/SourcePackages/checkouts/xctest-dynamic-overlay
    builtin-copy -exclude .DS_Store -exclude CVS -exclude .svn -exclude .git -exclude .hg -resolve-src-symlinks -rename /Users/ryankanfer/Library/Developer/Xcode/DerivedData/HOMEY_Clean-gafualdnzupkfseuistvwtqbnpqd/Build/Intermediates.noindex/xctest-dynamic-overlay.build/Debug-iphoneos/XCTestDynamicOverlay.build/Objects-normal/arm64/XCTestDynamicOverlay.swiftsourceinfo /Users/ryankanfer/Library/Developer/Xcode/DerivedData/HOMEY_Clean-gafualdnzupkfseuistvwtqbnpqd/Build/Products/Debug-iphoneos/XCTestDynamicOverlay.swiftmodule/Project/arm64-apple-ios.swiftsourceinfo

SwiftDriverJobDiscovery normal arm64 Compiling AnyClock.swift (in target 'Clocks' from project 'swift-clocks')

SwiftDriverJobDiscovery normal arm64 Emitting module for Clocks (in target 'Clocks' from project 'swift-clocks')

SwiftDriver\ Compilation\ Requirements Clocks normal arm64 com.apple.xcode.tools.swift.compiler (in target 'Clocks' from project 'swift-clocks')
    cd /Users/ryankanfer/Documents/Developer/HOMEY\ Clean/HOMEY\ Clean.xcodeproj
    builtin-Swift-Compilation-Requirements -- /Applications/Xcode.app/Contents/Developer/Toolchains/XcodeDefault.xctoolchain/usr/bin/swiftc -module-name Clocks -Onone -enforce-exclusivity\=checked @/Users/ryankanfer/Library/Developer/Xcode/DerivedData/HOMEY_Clean-gafualdnzupkfseuistvwtqbnpqd/Build/Intermediates.noindex/swift-clocks.build/Debug-iphoneos/Clocks.build/Objects-normal/arm64/Clocks.SwiftFileList -DSWIFT_PACKAGE -DDEBUG -DSWIFT_MODULE_RESOURCE_BUNDLE_UNAVAILABLE -DXcode -plugin-path /Applications/Xcode.app/Contents/Developer/Toolchains/XcodeDefault.xctoolchain/usr/lib/swift/host/plugins/testing -enable-experimental-feature DebugDescriptionMacro -sdk /Applications/Xcode.app/Contents/Developer/Platforms/iPhoneOS.platform/Developer/SDKs/iPhoneOS26.0.sdk -target arm64-apple-ios13.0 -g -module-cache-path /Users/ryankanfer/Library/Developer/Xcode/DerivedData/ModuleCache.noindex -Xfrontend -serialize-debugging-options -profile-coverage-mapping -profile-generate -enable-testing -suppress-warnings -index-store-path /Users/ryankanfer/Library/Developer/Xcode/DerivedData/HOMEY_Clean-gafualdnzupkfseuistvwtqbnpqd/Index.noindex/DataStore -Xcc -D_LIBCPP_HARDENING_MODE\=_LIBCPP_HARDENING_MODE_DEBUG -swift-version 6 -I /Users/ryankanfer/Library/Developer/Xcode/DerivedData/HOMEY_Clean-gafualdnzupkfseuistvwtqbnpqd/Build/Products/Debug-iphoneos -Isystem /Applications/Xcode.app/Contents/Developer/Platforms/iPhoneOS.platform/Developer/usr/lib -F /Users/ryankanfer/Library/Developer/Xcode/DerivedData/HOMEY_Clean-gafualdnzupkfseuistvwtqbnpqd/Build/Products/Debug-iphoneos/PackageFrameworks -F /Users/ryankanfer/Library/Developer/Xcode/DerivedData/HOMEY_Clean-gafualdnzupkfseuistvwtqbnpqd/Build/Products/Debug-iphoneos/PackageFrameworks -F /Users/ryankanfer/Library/Developer/Xcode/DerivedData/HOMEY_Clean-gafualdnzupkfseuistvwtqbnpqd/Build/Products/Debug-iphoneos/PackageFrameworks -F /Users/ryankanfer/Library/Developer/Xcode/DerivedData/HOMEY_Clean-gafualdnzupkfseuistvwtqbnpqd/Build/Products/Debug-iphoneos -F /Applications/Xcode.app/Contents/Developer/Platforms/iPhoneOS.platform/Developer/Library/Frameworks -F /Applications/Xcode.app/Contents/Developer/Platforms/iPhoneOS.platform/Developer/SDKs/iPhoneOS26.0.sdk/Developer/Library/Frameworks -c -j8 -enable-batch-mode -incremental -Xcc -ivfsstatcache -Xcc /Users/ryankanfer/Library/Developer/Xcode/DerivedData/SDKStatCaches.noindex/iphoneos26.0-23A339-81ce72e5b06c9602b9d30b56f2eed08a.sdkstatcache -output-file-map /Users/ryankanfer/Library/Developer/Xcode/DerivedData/HOMEY_Clean-gafualdnzupkfseuistvwtqbnpqd/Build/Intermediates.noindex/swift-clocks.build/Debug-iphoneos/Clocks.build/Objects-normal/arm64/Clocks-OutputFileMap.json -use-frontend-parseable-output -save-temps -no-color-diagnostics -explicit-module-build -module-cache-path /Users/ryankanfer/Library/Developer/Xcode/DerivedData/HOMEY_Clean-gafualdnzupkfseuistvwtqbnpqd/Build/Intermediates.noindex/SwiftExplicitPrecompiledModules -clang-scanner-module-cache-path /Users/ryankanfer/Library/Developer/Xcode/DerivedData/ModuleCache.noindex -sdk-module-cache-path /Users/ryankanfer/Library/Developer/Xcode/DerivedData/ModuleCache.noindex -serialize-diagnostics -emit-dependencies -emit-module -emit-module-path /Users/ryankanfer/Library/Developer/Xcode/DerivedData/HOMEY_Clean-gafualdnzupkfseuistvwtqbnpqd/Build/Intermediates.noindex/swift-clocks.build/Debug-iphoneos/Clocks.build/Objects-normal/arm64/Clocks.swiftmodule -user-module-version 1.0.6 -validate-clang-modules-once -clang-build-session-file /Users/ryankanfer/Library/Developer/Xcode/DerivedData/ModuleCache.noindex/Session.modulevalidation -package-name swift_clocks -Xcc -I/Users/ryankanfer/Library/Developer/Xcode/DerivedData/HOMEY_Clean-gafualdnzupkfseuistvwtqbnpqd/Build/Intermediates.noindex/swift-clocks.build/Debug-iphoneos/Clocks.build/swift-overrides.hmap -emit-const-values -Xfrontend -const-gather-protocols-file -Xfrontend /Users/ryankanfer/Library/Developer/Xcode/DerivedData/HOMEY_Clean-gafualdnzupkfseuistvwtqbnpqd/Build/Intermediates.noindex/swift-clocks.build/Debug-iphoneos/Clocks.build/Objects-normal/arm64/Clocks_const_extract_protocols.json -Xcc -I/Users/ryankanfer/Library/Developer/Xcode/DerivedData/HOMEY_Clean-gafualdnzupkfseuistvwtqbnpqd/Build/Products/Debug-iphoneos/include -Xcc -I/Users/ryankanfer/Library/Developer/Xcode/DerivedData/HOMEY_Clean-gafualdnzupkfseuistvwtqbnpqd/Build/Intermediates.noindex/swift-clocks.build/Debug-iphoneos/Clocks.build/DerivedSources-normal/arm64 -Xcc -I/Users/ryankanfer/Library/Developer/Xcode/DerivedData/HOMEY_Clean-gafualdnzupkfseuistvwtqbnpqd/Build/Intermediates.noindex/swift-clocks.build/Debug-iphoneos/Clocks.build/DerivedSources/arm64 -Xcc -I/Users/ryankanfer/Library/Developer/Xcode/DerivedData/HOMEY_Clean-gafualdnzupkfseuistvwtqbnpqd/Build/Intermediates.noindex/swift-clocks.build/Debug-iphoneos/Clocks.build/DerivedSources -Xcc -DSWIFT_PACKAGE -Xcc -DDEBUG\=1 -emit-objc-header -emit-objc-header-path /Users/ryankanfer/Library/Developer/Xcode/DerivedData/HOMEY_Clean-gafualdnzupkfseuistvwtqbnpqd/Build/Intermediates.noindex/swift-clocks.build/Debug-iphoneos/Clocks.build/Objects-normal/arm64/Clocks-Swift.h -working-directory /Users/ryankanfer/Documents/Developer/HOMEY\ Clean/HOMEY\ Clean.xcodeproj -experimental-emit-module-separately -disable-cmo

SwiftMergeGeneratedHeaders /Users/ryankanfer/Library/Developer/Xcode/DerivedData/HOMEY_Clean-gafualdnzupkfseuistvwtqbnpqd/Build/Intermediates.noindex/GeneratedModuleMaps-iphoneos/Clocks-Swift.h /Users/ryankanfer/Library/Developer/Xcode/DerivedData/HOMEY_Clean-gafualdnzupkfseuistvwtqbnpqd/Build/Intermediates.noindex/swift-clocks.build/Debug-iphoneos/Clocks.build/Objects-normal/arm64/Clocks-Swift.h (in target 'Clocks' from project 'swift-clocks')
    cd /Users/ryankanfer/Library/Developer/Xcode/DerivedData/HOMEY_Clean-gafualdnzupkfseuistvwtqbnpqd/SourcePackages/checkouts/swift-clocks
    builtin-swiftHeaderTool -arch arm64 /Users/ryankanfer/Library/Developer/Xcode/DerivedData/HOMEY_Clean-gafualdnzupkfseuistvwtqbnpqd/Build/Intermediates.noindex/swift-clocks.build/Debug-iphoneos/Clocks.build/Objects-normal/arm64/Clocks-Swift.h -o /Users/ryankanfer/Library/Developer/Xcode/DerivedData/HOMEY_Clean-gafualdnzupkfseuistvwtqbnpqd/Build/Intermediates.noindex/GeneratedModuleMaps-iphoneos/Clocks-Swift.h

Copy /Users/ryankanfer/Library/Developer/Xcode/DerivedData/HOMEY_Clean-gafualdnzupkfseuistvwtqbnpqd/Build/Products/Debug-iphoneos/Clocks.swiftmodule/arm64-apple-ios.swiftdoc /Users/ryankanfer/Library/Developer/Xcode/DerivedData/HOMEY_Clean-gafualdnzupkfseuistvwtqbnpqd/Build/Intermediates.noindex/swift-clocks.build/Debug-iphoneos/Clocks.build/Objects-normal/arm64/Clocks.swiftdoc (in target 'Clocks' from project 'swift-clocks')
    cd /Users/ryankanfer/Library/Developer/Xcode/DerivedData/HOMEY_Clean-gafualdnzupkfseuistvwtqbnpqd/SourcePackages/checkouts/swift-clocks
    builtin-copy -exclude .DS_Store -exclude CVS -exclude .svn -exclude .git -exclude .hg -resolve-src-symlinks -rename /Users/ryankanfer/Library/Developer/Xcode/DerivedData/HOMEY_Clean-gafualdnzupkfseuistvwtqbnpqd/Build/Intermediates.noindex/swift-clocks.build/Debug-iphoneos/Clocks.build/Objects-normal/arm64/Clocks.swiftdoc /Users/ryankanfer/Library/Developer/Xcode/DerivedData/HOMEY_Clean-gafualdnzupkfseuistvwtqbnpqd/Build/Products/Debug-iphoneos/Clocks.swiftmodule/arm64-apple-ios.swiftdoc

Copy /Users/ryankanfer/Library/Developer/Xcode/DerivedData/HOMEY_Clean-gafualdnzupkfseuistvwtqbnpqd/Build/Products/Debug-iphoneos/Clocks.swiftmodule/arm64-apple-ios.swiftmodule /Users/ryankanfer/Library/Developer/Xcode/DerivedData/HOMEY_Clean-gafualdnzupkfseuistvwtqbnpqd/Build/Intermediates.noindex/swift-clocks.build/Debug-iphoneos/Clocks.build/Objects-normal/arm64/Clocks.swiftmodule (in target 'Clocks' from project 'swift-clocks')
    cd /Users/ryankanfer/Library/Developer/Xcode/DerivedData/HOMEY_Clean-gafualdnzupkfseuistvwtqbnpqd/SourcePackages/checkouts/swift-clocks
    builtin-copy -exclude .DS_Store -exclude CVS -exclude .svn -exclude .git -exclude .hg -resolve-src-symlinks -rename /Users/ryankanfer/Library/Developer/Xcode/DerivedData/HOMEY_Clean-gafualdnzupkfseuistvwtqbnpqd/Build/Intermediates.noindex/swift-clocks.build/Debug-iphoneos/Clocks.build/Objects-normal/arm64/Clocks.swiftmodule /Users/ryankanfer/Library/Developer/Xcode/DerivedData/HOMEY_Clean-gafualdnzupkfseuistvwtqbnpqd/Build/Products/Debug-iphoneos/Clocks.swiftmodule/arm64-apple-ios.swiftmodule

Copy /Users/ryankanfer/Library/Developer/Xcode/DerivedData/HOMEY_Clean-gafualdnzupkfseuistvwtqbnpqd/Build/Products/Debug-iphoneos/Clocks.swiftmodule/arm64-apple-ios.abi.json /Users/ryankanfer/Library/Developer/Xcode/DerivedData/HOMEY_Clean-gafualdnzupkfseuistvwtqbnpqd/Build/Intermediates.noindex/swift-clocks.build/Debug-iphoneos/Clocks.build/Objects-normal/arm64/Clocks.abi.json (in target 'Clocks' from project 'swift-clocks')
    cd /Users/ryankanfer/Library/Developer/Xcode/DerivedData/HOMEY_Clean-gafualdnzupkfseuistvwtqbnpqd/SourcePackages/checkouts/swift-clocks
    builtin-copy -exclude .DS_Store -exclude CVS -exclude .svn -exclude .git -exclude .hg -resolve-src-symlinks -rename /Users/ryankanfer/Library/Developer/Xcode/DerivedData/HOMEY_Clean-gafualdnzupkfseuistvwtqbnpqd/Build/Intermediates.noindex/swift-clocks.build/Debug-iphoneos/Clocks.build/Objects-normal/arm64/Clocks.abi.json /Users/ryankanfer/Library/Developer/Xcode/DerivedData/HOMEY_Clean-gafualdnzupkfseuistvwtqbnpqd/Build/Products/Debug-iphoneos/Clocks.swiftmodule/arm64-apple-ios.abi.json

Copy /Users/ryankanfer/Library/Developer/Xcode/DerivedData/HOMEY_Clean-gafualdnzupkfseuistvwtqbnpqd/Build/Products/Debug-iphoneos/Clocks.swiftmodule/Project/arm64-apple-ios.swiftsourceinfo /Users/ryankanfer/Library/Developer/Xcode/DerivedData/HOMEY_Clean-gafualdnzupkfseuistvwtqbnpqd/Build/Intermediates.noindex/swift-clocks.build/Debug-iphoneos/Clocks.build/Objects-normal/arm64/Clocks.swiftsourceinfo (in target 'Clocks' from project 'swift-clocks')
    cd /Users/ryankanfer/Library/Developer/Xcode/DerivedData/HOMEY_Clean-gafualdnzupkfseuistvwtqbnpqd/SourcePackages/checkouts/swift-clocks
    builtin-copy -exclude .DS_Store -exclude CVS -exclude .svn -exclude .git -exclude .hg -resolve-src-symlinks -rename /Users/ryankanfer/Library/Developer/Xcode/DerivedData/HOMEY_Clean-gafualdnzupkfseuistvwtqbnpqd/Build/Intermediates.noindex/swift-clocks.build/Debug-iphoneos/Clocks.build/Objects-normal/arm64/Clocks.swiftsourceinfo /Users/ryankanfer/Library/Developer/Xcode/DerivedData/HOMEY_Clean-gafualdnzupkfseuistvwtqbnpqd/Build/Products/Debug-iphoneos/Clocks.swiftmodule/Project/arm64-apple-ios.swiftsourceinfo

SwiftDriver Helpers normal arm64 com.apple.xcode.tools.swift.compiler (in target 'Helpers' from project 'Supabase')
    cd /Users/ryankanfer/Documents/Developer/HOMEY\ Clean/HOMEY\ Clean.xcodeproj
    builtin-SwiftDriver -- /Applications/Xcode.app/Contents/Developer/Toolchains/XcodeDefault.xctoolchain/usr/bin/swiftc -module-name Helpers -Onone -enforce-exclusivity\=checked @/Users/ryankanfer/Library/Developer/Xcode/DerivedData/HOMEY_Clean-gafualdnzupkfseuistvwtqbnpqd/Build/Intermediates.noindex/Supabase.build/Debug-iphoneos/Helpers.build/Objects-normal/arm64/Helpers.SwiftFileList -DSWIFT_PACKAGE -DDEBUG -DSWIFT_MODULE_RESOURCE_BUNDLE_UNAVAILABLE -DXcode -enable-upcoming-feature ExistentialAny -enable-experimental-feature StrictConcurrency -plugin-path /Applications/Xcode.app/Contents/Developer/Toolchains/XcodeDefault.xctoolchain/usr/lib/swift/host/plugins/testing -enable-experimental-feature DebugDescriptionMacro -sdk /Applications/Xcode.app/Contents/Developer/Platforms/iPhoneOS.platform/Developer/SDKs/iPhoneOS26.0.sdk -target arm64-apple-ios13.0 -g -module-cache-path /Users/ryankanfer/Library/Developer/Xcode/DerivedData/ModuleCache.noindex -Xfrontend -serialize-debugging-options -profile-coverage-mapping -profile-generate -enable-testing -suppress-warnings -index-store-path /Users/ryankanfer/Library/Developer/Xcode/DerivedData/HOMEY_Clean-gafualdnzupkfseuistvwtqbnpqd/Index.noindex/DataStore -Xcc -D_LIBCPP_HARDENING_MODE\=_LIBCPP_HARDENING_MODE_DEBUG -swift-version 5 -I /Users/ryankanfer/Library/Developer/Xcode/DerivedData/HOMEY_Clean-gafualdnzupkfseuistvwtqbnpqd/Build/Products/Debug-iphoneos -Isystem /Applications/Xcode.app/Contents/Developer/Platforms/iPhoneOS.platform/Developer/usr/lib -F /Users/ryankanfer/Library/Developer/Xcode/DerivedData/HOMEY_Clean-gafualdnzupkfseuistvwtqbnpqd/Build/Products/Debug-iphoneos/PackageFrameworks -F /Users/ryankanfer/Library/Developer/Xcode/DerivedData/HOMEY_Clean-gafualdnzupkfseuistvwtqbnpqd/Build/Products/Debug-iphoneos/PackageFrameworks -F /Users/ryankanfer/Library/Developer/Xcode/DerivedData/HOMEY_Clean-gafualdnzupkfseuistvwtqbnpqd/Build/Products/Debug-iphoneos/PackageFrameworks -F /Users/ryankanfer/Library/Developer/Xcode/DerivedData/HOMEY_Clean-gafualdnzupkfseuistvwtqbnpqd/Build/Products/Debug-iphoneos/PackageFrameworks -F /Users/ryankanfer/Library/Developer/Xcode/DerivedData/HOMEY_Clean-gafualdnzupkfseuistvwtqbnpqd/Build/Products/Debug-iphoneos/PackageFrameworks -F /Users/ryankanfer/Library/Developer/Xcode/DerivedData/HOMEY_Clean-gafualdnzupkfseuistvwtqbnpqd/Build/Products/Debug-iphoneos/PackageFrameworks -F /Users/ryankanfer/Library/Developer/Xcode/DerivedData/HOMEY_Clean-gafualdnzupkfseuistvwtqbnpqd/Build/Products/Debug-iphoneos -F /Applications/Xcode.app/Contents/Developer/Platforms/iPhoneOS.platform/Developer/Library/Frameworks -F /Applications/Xcode.app/Contents/Developer/Platforms/iPhoneOS.platform/Developer/SDKs/iPhoneOS26.0.sdk/Developer/Library/Frameworks -c -j8 -enable-batch-mode -incremental -Xcc -ivfsstatcache -Xcc /Users/ryankanfer/Library/Developer/Xcode/DerivedData/SDKStatCaches.noindex/iphoneos26.0-23A339-81ce72e5b06c9602b9d30b56f2eed08a.sdkstatcache -output-file-map /Users/ryankanfer/Library/Developer/Xcode/DerivedData/HOMEY_Clean-gafualdnzupkfseuistvwtqbnpqd/Build/Intermediates.noindex/Supabase.build/Debug-iphoneos/Helpers.build/Objects-normal/arm64/Helpers-OutputFileMap.json -use-frontend-parseable-output -save-temps -no-color-diagnostics -explicit-module-build -module-cache-path /Users/ryankanfer/Library/Developer/Xcode/DerivedData/HOMEY_Clean-gafualdnzupkfseuistvwtqbnpqd/Build/Intermediates.noindex/SwiftExplicitPrecompiledModules -clang-scanner-module-cache-path /Users/ryankanfer/Library/Developer/Xcode/DerivedData/ModuleCache.noindex -sdk-module-cache-path /Users/ryankanfer/Library/Developer/Xcode/DerivedData/ModuleCache.noindex -serialize-diagnostics -emit-dependencies -emit-module -emit-module-path /Users/ryankanfer/Library/Developer/Xcode/DerivedData/HOMEY_Clean-gafualdnzupkfseuistvwtqbnpqd/Build/Intermediates.noindex/Supabase.build/Debug-iphoneos/Helpers.build/Objects-normal/arm64/Helpers.swiftmodule -validate-clang-modules-once -clang-build-session-file /Users/ryankanfer/Library/Developer/Xcode/DerivedData/ModuleCache.noindex/Session.modulevalidation -package-name supabase_swift -Xcc -I/Users/ryankanfer/Library/Developer/Xcode/DerivedData/HOMEY_Clean-gafualdnzupkfseuistvwtqbnpqd/Build/Intermediates.noindex/Supabase.build/Debug-iphoneos/Helpers.build/swift-overrides.hmap -emit-const-values -Xfrontend -const-gather-protocols-file -Xfrontend /Users/ryankanfer/Library/Developer/Xcode/DerivedData/HOMEY_Clean-gafualdnzupkfseuistvwtqbnpqd/Build/Intermediates.noindex/Supabase.build/Debug-iphoneos/Helpers.build/Objects-normal/arm64/Helpers_const_extract_protocols.json -Xcc -I/Users/ryankanfer/Library/Developer/Xcode/DerivedData/HOMEY_Clean-gafualdnzupkfseuistvwtqbnpqd/Build/Products/Debug-iphoneos/include -Xcc -I/Users/ryankanfer/Library/Developer/Xcode/DerivedData/HOMEY_Clean-gafualdnzupkfseuistvwtqbnpqd/Build/Intermediates.noindex/Supabase.build/Debug-iphoneos/Helpers.build/DerivedSources-normal/arm64 -Xcc -I/Users/ryankanfer/Library/Developer/Xcode/DerivedData/HOMEY_Clean-gafualdnzupkfseuistvwtqbnpqd/Build/Intermediates.noindex/Supabase.build/Debug-iphoneos/Helpers.build/DerivedSources/arm64 -Xcc -I/Users/ryankanfer/Library/Developer/Xcode/DerivedData/HOMEY_Clean-gafualdnzupkfseuistvwtqbnpqd/Build/Intermediates.noindex/Supabase.build/Debug-iphoneos/Helpers.build/DerivedSources -Xcc -DSWIFT_PACKAGE -Xcc -DDEBUG\=1 -emit-objc-header -emit-objc-header-path /Users/ryankanfer/Library/Developer/Xcode/DerivedData/HOMEY_Clean-gafualdnzupkfseuistvwtqbnpqd/Build/Intermediates.noindex/Supabase.build/Debug-iphoneos/Helpers.build/Objects-normal/arm64/Helpers-Swift.h -working-directory /Users/ryankanfer/Documents/Developer/HOMEY\ Clean/HOMEY\ Clean.xcodeproj -experimental-emit-module-separately -disable-cmo

SwiftDriverJobDiscovery normal arm64 Compiling ImmediateClock.swift (in target 'Clocks' from project 'swift-clocks')

SwiftDriverJobDiscovery normal arm64 Compiling _AsyncTimerSequence.swift (in target 'Clocks' from project 'swift-clocks')

SwiftDriverJobDiscovery normal arm64 Compiling Deprecations.swift (in target 'XCTestDynamicOverlay' from project 'xctest-dynamic-overlay')

SwiftDriver\ Compilation XCTestDynamicOverlay normal arm64 com.apple.xcode.tools.swift.compiler (in target 'XCTestDynamicOverlay' from project 'xctest-dynamic-overlay')
    cd /Users/ryankanfer/Documents/Developer/HOMEY\ Clean/HOMEY\ Clean.xcodeproj
    builtin-Swift-Compilation -- /Applications/Xcode.app/Contents/Developer/Toolchains/XcodeDefault.xctoolchain/usr/bin/swiftc -module-name XCTestDynamicOverlay -Onone -enforce-exclusivity\=checked @/Users/ryankanfer/Library/Developer/Xcode/DerivedData/HOMEY_Clean-gafualdnzupkfseuistvwtqbnpqd/Build/Intermediates.noindex/xctest-dynamic-overlay.build/Debug-iphoneos/XCTestDynamicOverlay.build/Objects-normal/arm64/XCTestDynamicOverlay.SwiftFileList -DSWIFT_PACKAGE -DDEBUG -DSWIFT_MODULE_RESOURCE_BUNDLE_UNAVAILABLE -DXcode -plugin-path /Applications/Xcode.app/Contents/Developer/Toolchains/XcodeDefault.xctoolchain/usr/lib/swift/host/plugins/testing -enable-experimental-feature DebugDescriptionMacro -sdk /Applications/Xcode.app/Contents/Developer/Platforms/iPhoneOS.platform/Developer/SDKs/iPhoneOS26.0.sdk -target arm64-apple-ios13.0 -g -module-cache-path /Users/ryankanfer/Library/Developer/Xcode/DerivedData/ModuleCache.noindex -Xfrontend -serialize-debugging-options -profile-coverage-mapping -profile-generate -enable-testing -suppress-warnings -index-store-path /Users/ryankanfer/Library/Developer/Xcode/DerivedData/HOMEY_Clean-gafualdnzupkfseuistvwtqbnpqd/Index.noindex/DataStore -Xcc -D_LIBCPP_HARDENING_MODE\=_LIBCPP_HARDENING_MODE_DEBUG -swift-version 6 -I /Users/ryankanfer/Library/Developer/Xcode/DerivedData/HOMEY_Clean-gafualdnzupkfseuistvwtqbnpqd/Build/Products/Debug-iphoneos -Isystem /Applications/Xcode.app/Contents/Developer/Platforms/iPhoneOS.platform/Developer/usr/lib -F /Users/ryankanfer/Library/Developer/Xcode/DerivedData/HOMEY_Clean-gafualdnzupkfseuistvwtqbnpqd/Build/Products/Debug-iphoneos/PackageFrameworks -F /Users/ryankanfer/Library/Developer/Xcode/DerivedData/HOMEY_Clean-gafualdnzupkfseuistvwtqbnpqd/Build/Products/Debug-iphoneos/PackageFrameworks -F /Users/ryankanfer/Library/Developer/Xcode/DerivedData/HOMEY_Clean-gafualdnzupkfseuistvwtqbnpqd/Build/Products/Debug-iphoneos -F /Applications/Xcode.app/Contents/Developer/Platforms/iPhoneOS.platform/Developer/Library/Frameworks -F /Applications/Xcode.app/Contents/Developer/Platforms/iPhoneOS.platform/Developer/SDKs/iPhoneOS26.0.sdk/Developer/Library/Frameworks -c -j8 -enable-batch-mode -incremental -Xcc -ivfsstatcache -Xcc /Users/ryankanfer/Library/Developer/Xcode/DerivedData/SDKStatCaches.noindex/iphoneos26.0-23A339-81ce72e5b06c9602b9d30b56f2eed08a.sdkstatcache -output-file-map /Users/ryankanfer/Library/Developer/Xcode/DerivedData/HOMEY_Clean-gafualdnzupkfseuistvwtqbnpqd/Build/Intermediates.noindex/xctest-dynamic-overlay.build/Debug-iphoneos/XCTestDynamicOverlay.build/Objects-normal/arm64/XCTestDynamicOverlay-OutputFileMap.json -use-frontend-parseable-output -save-temps -no-color-diagnostics -explicit-module-build -module-cache-path /Users/ryankanfer/Library/Developer/Xcode/DerivedData/HOMEY_Clean-gafualdnzupkfseuistvwtqbnpqd/Build/Intermediates.noindex/SwiftExplicitPrecompiledModules -clang-scanner-module-cache-path /Users/ryankanfer/Library/Developer/Xcode/DerivedData/ModuleCache.noindex -sdk-module-cache-path /Users/ryankanfer/Library/Developer/Xcode/DerivedData/ModuleCache.noindex -serialize-diagnostics -emit-dependencies -emit-module -emit-module-path /Users/ryankanfer/Library/Developer/Xcode/DerivedData/HOMEY_Clean-gafualdnzupkfseuistvwtqbnpqd/Build/Intermediates.noindex/xctest-dynamic-overlay.build/Debug-iphoneos/XCTestDynamicOverlay.build/Objects-normal/arm64/XCTestDynamicOverlay.swiftmodule -user-module-version 1.6.1 -validate-clang-modules-once -clang-build-session-file /Users/ryankanfer/Library/Developer/Xcode/DerivedData/ModuleCache.noindex/Session.modulevalidation -package-name xctest_dynamic_overlay -Xcc -I/Users/ryankanfer/Library/Developer/Xcode/DerivedData/HOMEY_Clean-gafualdnzupkfseuistvwtqbnpqd/Build/Intermediates.noindex/xctest-dynamic-overlay.build/Debug-iphoneos/XCTestDynamicOverlay.build/swift-overrides.hmap -emit-const-values -Xfrontend -const-gather-protocols-file -Xfrontend /Users/ryankanfer/Library/Developer/Xcode/DerivedData/HOMEY_Clean-gafualdnzupkfseuistvwtqbnpqd/Build/Intermediates.noindex/xctest-dynamic-overlay.build/Debug-iphoneos/XCTestDynamicOverlay.build/Objects-normal/arm64/XCTestDynamicOverlay_const_extract_protocols.json -Xcc -I/Users/ryankanfer/Library/Developer/Xcode/DerivedData/HOMEY_Clean-gafualdnzupkfseuistvwtqbnpqd/Build/Products/Debug-iphoneos/include -Xcc -I/Users/ryankanfer/Library/Developer/Xcode/DerivedData/HOMEY_Clean-gafualdnzupkfseuistvwtqbnpqd/Build/Intermediates.noindex/xctest-dynamic-overlay.build/Debug-iphoneos/XCTestDynamicOverlay.build/DerivedSources-normal/arm64 -Xcc -I/Users/ryankanfer/Library/Developer/Xcode/DerivedData/HOMEY_Clean-gafualdnzupkfseuistvwtqbnpqd/Build/Intermediates.noindex/xctest-dynamic-overlay.build/Debug-iphoneos/XCTestDynamicOverlay.build/DerivedSources/arm64 -Xcc -I/Users/ryankanfer/Library/Developer/Xcode/DerivedData/HOMEY_Clean-gafualdnzupkfseuistvwtqbnpqd/Build/Intermediates.noindex/xctest-dynamic-overlay.build/Debug-iphoneos/XCTestDynamicOverlay.build/DerivedSources -Xcc -DSWIFT_PACKAGE -Xcc -DDEBUG\=1 -emit-objc-header -emit-objc-header-path /Users/ryankanfer/Library/Developer/Xcode/DerivedData/HOMEY_Clean-gafualdnzupkfseuistvwtqbnpqd/Build/Intermediates.noindex/xctest-dynamic-overlay.build/Debug-iphoneos/XCTestDynamicOverlay.build/Objects-normal/arm64/XCTestDynamicOverlay-Swift.h -working-directory /Users/ryankanfer/Documents/Developer/HOMEY\ Clean/HOMEY\ Clean.xcodeproj -experimental-emit-module-separately -disable-cmo

Ld /Users/ryankanfer/Library/Developer/Xcode/DerivedData/HOMEY_Clean-gafualdnzupkfseuistvwtqbnpqd/Build/Products/Debug-iphoneos/XCTestDynamicOverlay.o normal (in target 'XCTestDynamicOverlay' from project 'xctest-dynamic-overlay')
    cd /Users/ryankanfer/Library/Developer/Xcode/DerivedData/HOMEY_Clean-gafualdnzupkfseuistvwtqbnpqd/SourcePackages/checkouts/xctest-dynamic-overlay
    /Applications/Xcode.app/Contents/Developer/Toolchains/XcodeDefault.xctoolchain/usr/bin/clang -Xlinker -reproducible -target arm64-apple-ios13.0 -r -isysroot /Applications/Xcode.app/Contents/Developer/Platforms/iPhoneOS.platform/Developer/SDKs/iPhoneOS26.0.sdk -O0 -w -L/Users/ryankanfer/Library/Developer/Xcode/DerivedData/HOMEY_Clean-gafualdnzupkfseuistvwtqbnpqd/Build/Intermediates.noindex/EagerLinkingTBDs/Debug-iphoneos -L/Users/ryankanfer/Library/Developer/Xcode/DerivedData/HOMEY_Clean-gafualdnzupkfseuistvwtqbnpqd/Build/Products/Debug-iphoneos -L/Applications/Xcode.app/Contents/Developer/Platforms/iPhoneOS.platform/Developer/usr/lib -F/Users/ryankanfer/Library/Developer/Xcode/DerivedData/HOMEY_Clean-gafualdnzupkfseuistvwtqbnpqd/Build/Intermediates.noindex/EagerLinkingTBDs/Debug-iphoneos -F/Users/ryankanfer/Library/Developer/Xcode/DerivedData/HOMEY_Clean-gafualdnzupkfseuistvwtqbnpqd/Build/Products/Debug-iphoneos/PackageFrameworks -F/Users/ryankanfer/Library/Developer/Xcode/DerivedData/HOMEY_Clean-gafualdnzupkfseuistvwtqbnpqd/Build/Products/Debug-iphoneos/PackageFrameworks -F/Users/ryankanfer/Library/Developer/Xcode/DerivedData/HOMEY_Clean-gafualdnzupkfseuistvwtqbnpqd/Build/Products/Debug-iphoneos -iframework /Applications/Xcode.app/Contents/Developer/Platforms/iPhoneOS.platform/Developer/Library/Frameworks -iframework /Applications/Xcode.app/Contents/Developer/Platforms/iPhoneOS.platform/Developer/SDKs/iPhoneOS26.0.sdk/Developer/Library/Frameworks -filelist /Users/ryankanfer/Library/Developer/Xcode/DerivedData/HOMEY_Clean-gafualdnzupkfseuistvwtqbnpqd/Build/Intermediates.noindex/xctest-dynamic-overlay.build/Debug-iphoneos/XCTestDynamicOverlay.build/Objects-normal/arm64/XCTestDynamicOverlay.LinkFileList -nostdlib -Xlinker -object_path_lto -Xlinker /Users/ryankanfer/Library/Developer/Xcode/DerivedData/HOMEY_Clean-gafualdnzupkfseuistvwtqbnpqd/Build/Intermediates.noindex/xctest-dynamic-overlay.build/Debug-iphoneos/XCTestDynamicOverlay.build/Objects-normal/arm64/XCTestDynamicOverlay_lto.o -rdynamic -Xlinker -no_deduplicate -Xlinker -debug_variant -Xlinker -dependency_info -Xlinker /Users/ryankanfer/Library/Developer/Xcode/DerivedData/HOMEY_Clean-gafualdnzupkfseuistvwtqbnpqd/Build/Intermediates.noindex/xctest-dynamic-overlay.build/Debug-iphoneos/XCTestDynamicOverlay.build/Objects-normal/arm64/XCTestDynamicOverlay_dependency_info.dat -fobjc-link-runtime -L/Applications/Xcode.app/Contents/Developer/Toolchains/XcodeDefault.xctoolchain/usr/lib/swift/iphoneos -L/usr/lib/swift -Xlinker -add_ast_path -Xlinker /Users/ryankanfer/Library/Developer/Xcode/DerivedData/HOMEY_Clean-gafualdnzupkfseuistvwtqbnpqd/Build/Intermediates.noindex/xctest-dynamic-overlay.build/Debug-iphoneos/XCTestDynamicOverlay.build/Objects-normal/arm64/XCTestDynamicOverlay.swiftmodule @/Users/ryankanfer/Library/Developer/Xcode/DerivedData/HOMEY_Clean-gafualdnzupkfseuistvwtqbnpqd/Build/Intermediates.noindex/xctest-dynamic-overlay.build/Debug-iphoneos/XCTestDynamicOverlay.build/Objects-normal/arm64/XCTestDynamicOverlay-linker-args.resp -o /Users/ryankanfer/Library/Developer/Xcode/DerivedData/HOMEY_Clean-gafualdnzupkfseuistvwtqbnpqd/Build/Products/Debug-iphoneos/XCTestDynamicOverlay.o

ExtractAppIntentsMetadata (in target 'XCTestDynamicOverlay' from project 'xctest-dynamic-overlay')
    cd /Users/ryankanfer/Library/Developer/Xcode/DerivedData/HOMEY_Clean-gafualdnzupkfseuistvwtqbnpqd/SourcePackages/checkouts/xctest-dynamic-overlay
    /Applications/Xcode.app/Contents/Developer/Toolchains/XcodeDefault.xctoolchain/usr/bin/appintentsmetadataprocessor --toolchain-dir /Applications/Xcode.app/Contents/Developer/Toolchains/XcodeDefault.xctoolchain --module-name XCTestDynamicOverlay --sdk-root /Applications/Xcode.app/Contents/Developer/Platforms/iPhoneOS.platform/Developer/SDKs/iPhoneOS26.0.sdk --xcode-version 17A324 --platform-family iOS --deployment-target 13.0 --bundle-identifier xctest-dynamic-overlay.XCTestDynamicOverlay --output /Users/ryankanfer/Library/Developer/Xcode/DerivedData/HOMEY_Clean-gafualdnzupkfseuistvwtqbnpqd/Build/Products/Debug-iphoneos/XCTestDynamicOverlay.appintents --target-triple arm64-apple-ios13.0 --binary-file /Users/ryankanfer/Library/Developer/Xcode/DerivedData/HOMEY_Clean-gafualdnzupkfseuistvwtqbnpqd/Build/Products/Debug-iphoneos/XCTestDynamicOverlay.o --dependency-file /Users/ryankanfer/Library/Developer/Xcode/DerivedData/HOMEY_Clean-gafualdnzupkfseuistvwtqbnpqd/Build/Intermediates.noindex/xctest-dynamic-overlay.build/Debug-iphoneos/XCTestDynamicOverlay.build/Objects-normal/arm64/XCTestDynamicOverlay_dependency_info.dat --stringsdata-file /Users/ryankanfer/Library/Developer/Xcode/DerivedData/HOMEY_Clean-gafualdnzupkfseuistvwtqbnpqd/Build/Intermediates.noindex/xctest-dynamic-overlay.build/Debug-iphoneos/XCTestDynamicOverlay.build/Objects-normal/arm64/ExtractedAppShortcutsMetadata.stringsdata --source-file-list /Users/ryankanfer/Library/Developer/Xcode/DerivedData/HOMEY_Clean-gafualdnzupkfseuistvwtqbnpqd/Build/Intermediates.noindex/xctest-dynamic-overlay.build/Debug-iphoneos/XCTestDynamicOverlay.build/Objects-normal/arm64/XCTestDynamicOverlay.SwiftFileList --metadata-file-list /Users/ryankanfer/Library/Developer/Xcode/DerivedData/HOMEY_Clean-gafualdnzupkfseuistvwtqbnpqd/Build/Intermediates.noindex/xctest-dynamic-overlay.build/Debug-iphoneos/XCTestDynamicOverlay.build/XCTestDynamicOverlay.DependencyMetadataFileList --static-metadata-file-list /Users/ryankanfer/Library/Developer/Xcode/DerivedData/HOMEY_Clean-gafualdnzupkfseuistvwtqbnpqd/Build/Intermediates.noindex/xctest-dynamic-overlay.build/Debug-iphoneos/XCTestDynamicOverlay.build/XCTestDynamicOverlay.DependencyStaticMetadataFileList --swift-const-vals-list /Users/ryankanfer/Library/Developer/Xcode/DerivedData/HOMEY_Clean-gafualdnzupkfseuistvwtqbnpqd/Build/Intermediates.noindex/xctest-dynamic-overlay.build/Debug-iphoneos/XCTestDynamicOverlay.build/Objects-normal/arm64/XCTestDynamicOverlay.SwiftConstValuesFileList --force --compile-time-extraction --deployment-aware-processing --validate-assistant-intents --no-app-shortcuts-localization
2025-09-22 23:16:12.408 appintentsmetadataprocessor[46504:12246644] Starting appintentsmetadataprocessor export
2025-09-22 23:16:12.553 appintentsmetadataprocessor[46504:12246644] Extracted no relevant App Intents symbols, skipping writing output

SwiftDriverJobDiscovery normal arm64 Compiling UnimplementedClock.swift (in target 'Clocks' from project 'swift-clocks')

SwiftCompile normal arm64 Compiling\ RetryRequestInterceptor.swift,\ JWT.swift,\ OSLogSupabaseLogger.swift /Users/ryankanfer/Library/Developer/Xcode/DerivedData/HOMEY_Clean-gafualdnzupkfseuistvwtqbnpqd/SourcePackages/checkouts/supabase-swift/Sources/Helpers/HTTP/RetryRequestInterceptor.swift /Users/ryankanfer/Library/Developer/Xcode/DerivedData/HOMEY_Clean-gafualdnzupkfseuistvwtqbnpqd/SourcePackages/checkouts/supabase-swift/Sources/Helpers/JWT.swift /Users/ryankanfer/Library/Developer/Xcode/DerivedData/HOMEY_Clean-gafualdnzupkfseuistvwtqbnpqd/SourcePackages/checkouts/supabase-swift/Sources/Helpers/Logger/OSLogSupabaseLogger.swift (in target 'Helpers' from project 'Supabase')
SwiftCompile normal arm64 /Users/ryankanfer/Library/Developer/Xcode/DerivedData/HOMEY_Clean-gafualdnzupkfseuistvwtqbnpqd/SourcePackages/checkouts/supabase-swift/Sources/Helpers/HTTP/RetryRequestInterceptor.swift (in target 'Helpers' from project 'Supabase')
    cd /Users/ryankanfer/Documents/Developer/HOMEY\ Clean/HOMEY\ Clean.xcodeproj
    

SwiftCompile normal arm64 /Users/ryankanfer/Library/Developer/Xcode/DerivedData/HOMEY_Clean-gafualdnzupkfseuistvwtqbnpqd/SourcePackages/checkouts/supabase-swift/Sources/Helpers/JWT.swift (in target 'Helpers' from project 'Supabase')
    cd /Users/ryankanfer/Documents/Developer/HOMEY\ Clean/HOMEY\ Clean.xcodeproj
    

SwiftCompile normal arm64 /Users/ryankanfer/Library/Developer/Xcode/DerivedData/HOMEY_Clean-gafualdnzupkfseuistvwtqbnpqd/SourcePackages/checkouts/supabase-swift/Sources/Helpers/Logger/OSLogSupabaseLogger.swift (in target 'Helpers' from project 'Supabase')
    cd /Users/ryankanfer/Documents/Developer/HOMEY\ Clean/HOMEY\ Clean.xcodeproj
    

SwiftCompile normal arm64 Compiling\ FoundationExtensions.swift,\ HTTPClient.swift,\ HTTPFields.swift /Users/ryankanfer/Library/Developer/Xcode/DerivedData/HOMEY_Clean-gafualdnzupkfseuistvwtqbnpqd/SourcePackages/checkouts/supabase-swift/Sources/Helpers/FoundationExtensions.swift /Users/ryankanfer/Library/Developer/Xcode/DerivedData/HOMEY_Clean-gafualdnzupkfseuistvwtqbnpqd/SourcePackages/checkouts/supabase-swift/Sources/Helpers/HTTP/HTTPClient.swift /Users/ryankanfer/Library/Developer/Xcode/DerivedData/HOMEY_Clean-gafualdnzupkfseuistvwtqbnpqd/SourcePackages/checkouts/supabase-swift/Sources/Helpers/HTTP/HTTPFields.swift (in target 'Helpers' from project 'Supabase')

SwiftCompile normal arm64 /Users/ryankanfer/Library/Developer/Xcode/DerivedData/HOMEY_Clean-gafualdnzupkfseuistvwtqbnpqd/SourcePackages/checkouts/supabase-swift/Sources/Helpers/FoundationExtensions.swift (in target 'Helpers' from project 'Supabase')
    cd /Users/ryankanfer/Documents/Developer/HOMEY\ Clean/HOMEY\ Clean.xcodeproj
    

SwiftCompile normal arm64 /Users/ryankanfer/Library/Developer/Xcode/DerivedData/HOMEY_Clean-gafualdnzupkfseuistvwtqbnpqd/SourcePackages/checkouts/supabase-swift/Sources/Helpers/HTTP/HTTPClient.swift (in target 'Helpers' from project 'Supabase')
    cd /Users/ryankanfer/Documents/Developer/HOMEY\ Clean/HOMEY\ Clean.xcodeproj
    

SwiftCompile normal arm64 /Users/ryankanfer/Library/Developer/Xcode/DerivedData/HOMEY_Clean-gafualdnzupkfseuistvwtqbnpqd/SourcePackages/checkouts/supabase-swift/Sources/Helpers/HTTP/HTTPFields.swift (in target 'Helpers' from project 'Supabase')
    cd /Users/ryankanfer/Documents/Developer/HOMEY\ Clean/HOMEY\ Clean.xcodeproj
    

SwiftCompile normal arm64 Compiling\ Version.swift,\ _Clock.swift /Users/ryankanfer/Library/Developer/Xcode/DerivedData/HOMEY_Clean-gafualdnzupkfseuistvwtqbnpqd/SourcePackages/checkouts/supabase-swift/Sources/Helpers/Version.swift /Users/ryankanfer/Library/Developer/Xcode/DerivedData/HOMEY_Clean-gafualdnzupkfseuistvwtqbnpqd/SourcePackages/checkouts/supabase-swift/Sources/Helpers/_Clock.swift (in target 'Helpers' from project 'Supabase')

SwiftCompile normal arm64 /Users/ryankanfer/Library/Developer/Xcode/DerivedData/HOMEY_Clean-gafualdnzupkfseuistvwtqbnpqd/SourcePackages/checkouts/supabase-swift/Sources/Helpers/Version.swift (in target 'Helpers' from project 'Supabase')
    cd /Users/ryankanfer/Documents/Developer/HOMEY\ Clean/HOMEY\ Clean.xcodeproj
    

SwiftCompile normal arm64 /Users/ryankanfer/Library/Developer/Xcode/DerivedData/HOMEY_Clean-gafualdnzupkfseuistvwtqbnpqd/SourcePackages/checkouts/supabase-swift/Sources/Helpers/_Clock.swift (in target 'Helpers' from project 'Supabase')
    cd /Users/ryankanfer/Documents/Developer/HOMEY\ Clean/HOMEY\ Clean.xcodeproj
    

SwiftEmitModule normal arm64 Emitting\ module\ for\ Helpers (in target 'Helpers' from project 'Supabase')

EmitSwiftModule normal arm64 (in target 'Helpers' from project 'Supabase')
    cd /Users/ryankanfer/Documents/Developer/HOMEY\ Clean/HOMEY\ Clean.xcodeproj
    

SwiftCompile normal arm64 Compiling\ HTTPRequest.swift,\ HTTPResponse.swift,\ LoggerInterceptor.swift /Users/ryankanfer/Library/Developer/Xcode/DerivedData/HOMEY_Clean-gafualdnzupkfseuistvwtqbnpqd/SourcePackages/checkouts/supabase-swift/Sources/Helpers/HTTP/HTTPRequest.swift /Users/ryankanfer/Library/Developer/Xcode/DerivedData/HOMEY_Clean-gafualdnzupkfseuistvwtqbnpqd/SourcePackages/checkouts/supabase-swift/Sources/Helpers/HTTP/HTTPResponse.swift /Users/ryankanfer/Library/Developer/Xcode/DerivedData/HOMEY_Clean-gafualdnzupkfseuistvwtqbnpqd/SourcePackages/checkouts/supabase-swift/Sources/Helpers/HTTP/LoggerInterceptor.swift (in target 'Helpers' from project 'Supabase')

SwiftCompile normal arm64 /Users/ryankanfer/Library/Developer/Xcode/DerivedData/HOMEY_Clean-gafualdnzupkfseuistvwtqbnpqd/SourcePackages/checkouts/supabase-swift/Sources/Helpers/HTTP/HTTPRequest.swift (in target 'Helpers' from project 'Supabase')
    cd /Users/ryankanfer/Documents/Developer/HOMEY\ Clean/HOMEY\ Clean.xcodeproj
    

SwiftCompile normal arm64 /Users/ryankanfer/Library/Developer/Xcode/DerivedData/HOMEY_Clean-gafualdnzupkfseuistvwtqbnpqd/SourcePackages/checkouts/supabase-swift/Sources/Helpers/HTTP/HTTPResponse.swift (in target 'Helpers' from project 'Supabase')
    cd /Users/ryankanfer/Documents/Developer/HOMEY\ Clean/HOMEY\ Clean.xcodeproj
    

SwiftCompile normal arm64 /Users/ryankanfer/Library/Developer/Xcode/DerivedData/HOMEY_Clean-gafualdnzupkfseuistvwtqbnpqd/SourcePackages/checkouts/supabase-swift/Sources/Helpers/HTTP/LoggerInterceptor.swift (in target 'Helpers' from project 'Supabase')
    cd /Users/ryankanfer/Documents/Developer/HOMEY\ Clean/HOMEY\ Clean.xcodeproj
    

SwiftCompile normal arm64 Compiling\ Task+withTimeout.swift,\ TaskLocalHelpers.swift,\ URLSession+AsyncAwait.swift /Users/ryankanfer/Library/Developer/Xcode/DerivedData/HOMEY_Clean-gafualdnzupkfseuistvwtqbnpqd/SourcePackages/checkouts/supabase-swift/Sources/Helpers/Task+withTimeout.swift /Users/ryankanfer/Library/Developer/Xcode/DerivedData/HOMEY_Clean-gafualdnzupkfseuistvwtqbnpqd/SourcePackages/checkouts/supabase-swift/Sources/Helpers/TaskLocalHelpers.swift /Users/ryankanfer/Library/Developer/Xcode/DerivedData/HOMEY_Clean-gafualdnzupkfseuistvwtqbnpqd/SourcePackages/checkouts/supabase-swift/Sources/Helpers/URLSession+AsyncAwait.swift (in target 'Helpers' from project 'Supabase')

SwiftCompile normal arm64 /Users/ryankanfer/Library/Developer/Xcode/DerivedData/HOMEY_Clean-gafualdnzupkfseuistvwtqbnpqd/SourcePackages/checkouts/supabase-swift/Sources/Helpers/Task+withTimeout.swift (in target 'Helpers' from project 'Supabase')
    cd /Users/ryankanfer/Documents/Developer/HOMEY\ Clean/HOMEY\ Clean.xcodeproj
    

SwiftCompile normal arm64 /Users/ryankanfer/Library/Developer/Xcode/DerivedData/HOMEY_Clean-gafualdnzupkfseuistvwtqbnpqd/SourcePackages/checkouts/supabase-swift/Sources/Helpers/TaskLocalHelpers.swift (in target 'Helpers' from project 'Supabase')
    cd /Users/ryankanfer/Documents/Developer/HOMEY\ Clean/HOMEY\ Clean.xcodeproj
    

SwiftCompile normal arm64 /Users/ryankanfer/Library/Developer/Xcode/DerivedData/HOMEY_Clean-gafualdnzupkfseuistvwtqbnpqd/SourcePackages/checkouts/supabase-swift/Sources/Helpers/URLSession+AsyncAwait.swift (in target 'Helpers' from project 'Supabase')
    cd /Users/ryankanfer/Documents/Developer/HOMEY\ Clean/HOMEY\ Clean.xcodeproj
    

SwiftCompile normal arm64 Compiling\ AnyJSON+Codable.swift,\ AnyJSON.swift,\ AsyncValueSubject.swift /Users/ryankanfer/Library/Developer/Xcode/DerivedData/HOMEY_Clean-gafualdnzupkfseuistvwtqbnpqd/SourcePackages/checkouts/supabase-swift/Sources/Helpers/AnyJSON/AnyJSON+Codable.swift /Users/ryankanfer/Library/Developer/Xcode/DerivedData/HOMEY_Clean-gafualdnzupkfseuistvwtqbnpqd/SourcePackages/checkouts/supabase-swift/Sources/Helpers/AnyJSON/AnyJSON.swift /Users/ryankanfer/Library/Developer/Xcode/DerivedData/HOMEY_Clean-gafualdnzupkfseuistvwtqbnpqd/SourcePackages/checkouts/supabase-swift/Sources/Helpers/AsyncValueSubject.swift (in target 'Helpers' from project 'Supabase')

SwiftCompile normal arm64 /Users/ryankanfer/Library/Developer/Xcode/DerivedData/HOMEY_Clean-gafualdnzupkfseuistvwtqbnpqd/SourcePackages/checkouts/supabase-swift/Sources/Helpers/AnyJSON/AnyJSON+Codable.swift (in target 'Helpers' from project 'Supabase')
    cd /Users/ryankanfer/Documents/Developer/HOMEY\ Clean/HOMEY\ Clean.xcodeproj
    

SwiftCompile normal arm64 /Users/ryankanfer/Library/Developer/Xcode/DerivedData/HOMEY_Clean-gafualdnzupkfseuistvwtqbnpqd/SourcePackages/checkouts/supabase-swift/Sources/Helpers/AnyJSON/AnyJSON.swift (in target 'Helpers' from project 'Supabase')
    cd /Users/ryankanfer/Documents/Developer/HOMEY\ Clean/HOMEY\ Clean.xcodeproj
    

SwiftCompile normal arm64 /Users/ryankanfer/Library/Developer/Xcode/DerivedData/HOMEY_Clean-gafualdnzupkfseuistvwtqbnpqd/SourcePackages/checkouts/supabase-swift/Sources/Helpers/AsyncValueSubject.swift (in target 'Helpers' from project 'Supabase')
    cd /Users/ryankanfer/Documents/Developer/HOMEY\ Clean/HOMEY\ Clean.xcodeproj
    

SwiftDriverJobDiscovery normal arm64 Compiling TestClock.swift (in target 'Clocks' from project 'swift-clocks')

SwiftCompile normal arm64 Compiling\ SupabaseLogger.swift,\ HTTPError.swift,\ PostgrestError.swift /Users/ryankanfer/Library/Developer/Xcode/DerivedData/HOMEY_Clean-gafualdnzupkfseuistvwtqbnpqd/SourcePackages/checkouts/supabase-swift/Sources/Helpers/Logger/SupabaseLogger.swift /Users/ryankanfer/Library/Developer/Xcode/DerivedData/HOMEY_Clean-gafualdnzupkfseuistvwtqbnpqd/SourcePackages/checkouts/supabase-swift/Sources/Helpers/SharedModels/HTTPError.swift /Users/ryankanfer/Library/Developer/Xcode/DerivedData/HOMEY_Clean-gafualdnzupkfseuistvwtqbnpqd/SourcePackages/checkouts/supabase-swift/Sources/Helpers/SharedModels/PostgrestError.swift (in target 'Helpers' from project 'Supabase')
SwiftCompile normal arm64 /Users/ryankanfer/Library/Developer/Xcode/DerivedData/HOMEY_Clean-gafualdnzupkfseuistvwtqbnpqd/SourcePackages/checkouts/supabase-swift/Sources/Helpers/Logger/SupabaseLogger.swift (in target 'Helpers' from project 'Supabase')
    cd /Users/ryankanfer/Documents/Developer/HOMEY\ Clean/HOMEY\ Clean.xcodeproj
    

SwiftCompile normal arm64 /Users/ryankanfer/Library/Developer/Xcode/DerivedData/HOMEY_Clean-gafualdnzupkfseuistvwtqbnpqd/SourcePackages/checkouts/supabase-swift/Sources/Helpers/SharedModels/HTTPError.swift (in target 'Helpers' from project 'Supabase')
    cd /Users/ryankanfer/Documents/Developer/HOMEY\ Clean/HOMEY\ Clean.xcodeproj
    

SwiftCompile normal arm64 /Users/ryankanfer/Library/Developer/Xcode/DerivedData/HOMEY_Clean-gafualdnzupkfseuistvwtqbnpqd/SourcePackages/checkouts/supabase-swift/Sources/Helpers/SharedModels/PostgrestError.swift (in target 'Helpers' from project 'Supabase')
    cd /Users/ryankanfer/Documents/Developer/HOMEY\ Clean/HOMEY\ Clean.xcodeproj
    

SwiftCompile normal arm64 Compiling\ Codable.swift,\ DateFormatter.swift,\ EventEmitter.swift /Users/ryankanfer/Library/Developer/Xcode/DerivedData/HOMEY_Clean-gafualdnzupkfseuistvwtqbnpqd/SourcePackages/checkouts/supabase-swift/Sources/Helpers/Codable.swift /Users/ryankanfer/Library/Developer/Xcode/DerivedData/HOMEY_Clean-gafualdnzupkfseuistvwtqbnpqd/SourcePackages/checkouts/supabase-swift/Sources/Helpers/DateFormatter.swift /Users/ryankanfer/Library/Developer/Xcode/DerivedData/HOMEY_Clean-gafualdnzupkfseuistvwtqbnpqd/SourcePackages/checkouts/supabase-swift/Sources/Helpers/EventEmitter.swift (in target 'Helpers' from project 'Supabase')
SwiftCompile normal arm64 /Users/ryankanfer/Library/Developer/Xcode/DerivedData/HOMEY_Clean-gafualdnzupkfseuistvwtqbnpqd/SourcePackages/checkouts/supabase-swift/Sources/Helpers/Codable.swift (in target 'Helpers' from project 'Supabase')
    cd /Users/ryankanfer/Documents/Developer/HOMEY\ Clean/HOMEY\ Clean.xcodeproj
    

SwiftCompile normal arm64 /Users/ryankanfer/Library/Developer/Xcode/DerivedData/HOMEY_Clean-gafualdnzupkfseuistvwtqbnpqd/SourcePackages/checkouts/supabase-swift/Sources/Helpers/DateFormatter.swift (in target 'Helpers' from project 'Supabase')
    cd /Users/ryankanfer/Documents/Developer/HOMEY\ Clean/HOMEY\ Clean.xcodeproj
    

SwiftCompile normal arm64 /Users/ryankanfer/Library/Developer/Xcode/DerivedData/HOMEY_Clean-gafualdnzupkfseuistvwtqbnpqd/SourcePackages/checkouts/supabase-swift/Sources/Helpers/EventEmitter.swift (in target 'Helpers' from project 'Supabase')
    cd /Users/ryankanfer/Documents/Developer/HOMEY\ Clean/HOMEY\ Clean.xcodeproj
    

SwiftDriverJobDiscovery normal arm64 Compiling Version.swift, _Clock.swift (in target 'Helpers' from project 'Supabase')

SwiftDriver\ Compilation Clocks normal arm64 com.apple.xcode.tools.swift.compiler (in target 'Clocks' from project 'swift-clocks')
    cd /Users/ryankanfer/Documents/Developer/HOMEY\ Clean/HOMEY\ Clean.xcodeproj
    builtin-Swift-Compilation -- /Applications/Xcode.app/Contents/Developer/Toolchains/XcodeDefault.xctoolchain/usr/bin/swiftc -module-name Clocks -Onone -enforce-exclusivity\=checked @/Users/ryankanfer/Library/Developer/Xcode/DerivedData/HOMEY_Clean-gafualdnzupkfseuistvwtqbnpqd/Build/Intermediates.noindex/swift-clocks.build/Debug-iphoneos/Clocks.build/Objects-normal/arm64/Clocks.SwiftFileList -DSWIFT_PACKAGE -DDEBUG -DSWIFT_MODULE_RESOURCE_BUNDLE_UNAVAILABLE -DXcode -plugin-path /Applications/Xcode.app/Contents/Developer/Toolchains/XcodeDefault.xctoolchain/usr/lib/swift/host/plugins/testing -enable-experimental-feature DebugDescriptionMacro -sdk /Applications/Xcode.app/Contents/Developer/Platforms/iPhoneOS.platform/Developer/SDKs/iPhoneOS26.0.sdk -target arm64-apple-ios13.0 -g -module-cache-path /Users/ryankanfer/Library/Developer/Xcode/DerivedData/ModuleCache.noindex -Xfrontend -serialize-debugging-options -profile-coverage-mapping -profile-generate -enable-testing -suppress-warnings -index-store-path /Users/ryankanfer/Library/Developer/Xcode/DerivedData/HOMEY_Clean-gafualdnzupkfseuistvwtqbnpqd/Index.noindex/DataStore -Xcc -D_LIBCPP_HARDENING_MODE\=_LIBCPP_HARDENING_MODE_DEBUG -swift-version 6 -I /Users/ryankanfer/Library/Developer/Xcode/DerivedData/HOMEY_Clean-gafualdnzupkfseuistvwtqbnpqd/Build/Products/Debug-iphoneos -Isystem /Applications/Xcode.app/Contents/Developer/Platforms/iPhoneOS.platform/Developer/usr/lib -F /Users/ryankanfer/Library/Developer/Xcode/DerivedData/HOMEY_Clean-gafualdnzupkfseuistvwtqbnpqd/Build/Products/Debug-iphoneos/PackageFrameworks -F /Users/ryankanfer/Library/Developer/Xcode/DerivedData/HOMEY_Clean-gafualdnzupkfseuistvwtqbnpqd/Build/Products/Debug-iphoneos/PackageFrameworks -F /Users/ryankanfer/Library/Developer/Xcode/DerivedData/HOMEY_Clean-gafualdnzupkfseuistvwtqbnpqd/Build/Products/Debug-iphoneos/PackageFrameworks -F /Users/ryankanfer/Library/Developer/Xcode/DerivedData/HOMEY_Clean-gafualdnzupkfseuistvwtqbnpqd/Build/Products/Debug-iphoneos -F /Applications/Xcode.app/Contents/Developer/Platforms/iPhoneOS.platform/Developer/Library/Frameworks -F /Applications/Xcode.app/Contents/Developer/Platforms/iPhoneOS.platform/Developer/SDKs/iPhoneOS26.0.sdk/Developer/Library/Frameworks -c -j8 -enable-batch-mode -incremental -Xcc -ivfsstatcache -Xcc /Users/ryankanfer/Library/Developer/Xcode/DerivedData/SDKStatCaches.noindex/iphoneos26.0-23A339-81ce72e5b06c9602b9d30b56f2eed08a.sdkstatcache -output-file-map /Users/ryankanfer/Library/Developer/Xcode/DerivedData/HOMEY_Clean-gafualdnzupkfseuistvwtqbnpqd/Build/Intermediates.noindex/swift-clocks.build/Debug-iphoneos/Clocks.build/Objects-normal/arm64/Clocks-OutputFileMap.json -use-frontend-parseable-output -save-temps -no-color-diagnostics -explicit-module-build -module-cache-path /Users/ryankanfer/Library/Developer/Xcode/DerivedData/HOMEY_Clean-gafualdnzupkfseuistvwtqbnpqd/Build/Intermediates.noindex/SwiftExplicitPrecompiledModules -clang-scanner-module-cache-path /Users/ryankanfer/Library/Developer/Xcode/DerivedData/ModuleCache.noindex -sdk-module-cache-path /Users/ryankanfer/Library/Developer/Xcode/DerivedData/ModuleCache.noindex -serialize-diagnostics -emit-dependencies -emit-module -emit-module-path /Users/ryankanfer/Library/Developer/Xcode/DerivedData/HOMEY_Clean-gafualdnzupkfseuistvwtqbnpqd/Build/Intermediates.noindex/swift-clocks.build/Debug-iphoneos/Clocks.build/Objects-normal/arm64/Clocks.swiftmodule -user-module-version 1.0.6 -validate-clang-modules-once -clang-build-session-file /Users/ryankanfer/Library/Developer/Xcode/DerivedData/ModuleCache.noindex/Session.modulevalidation -package-name swift_clocks -Xcc -I/Users/ryankanfer/Library/Developer/Xcode/DerivedData/HOMEY_Clean-gafualdnzupkfseuistvwtqbnpqd/Build/Intermediates.noindex/swift-clocks.build/Debug-iphoneos/Clocks.build/swift-overrides.hmap -emit-const-values -Xfrontend -const-gather-protocols-file -Xfrontend /Users/ryankanfer/Library/Developer/Xcode/DerivedData/HOMEY_Clean-gafualdnzupkfseuistvwtqbnpqd/Build/Intermediates.noindex/swift-clocks.build/Debug-iphoneos/Clocks.build/Objects-normal/arm64/Clocks_const_extract_protocols.json -Xcc -I/Users/ryankanfer/Library/Developer/Xcode/DerivedData/HOMEY_Clean-gafualdnzupkfseuistvwtqbnpqd/Build/Products/Debug-iphoneos/include -Xcc -I/Users/ryankanfer/Library/Developer/Xcode/DerivedData/HOMEY_Clean-gafualdnzupkfseuistvwtqbnpqd/Build/Intermediates.noindex/swift-clocks.build/Debug-iphoneos/Clocks.build/DerivedSources-normal/arm64 -Xcc -I/Users/ryankanfer/Library/Developer/Xcode/DerivedData/HOMEY_Clean-gafualdnzupkfseuistvwtqbnpqd/Build/Intermediates.noindex/swift-clocks.build/Debug-iphoneos/Clocks.build/DerivedSources/arm64 -Xcc -I/Users/ryankanfer/Library/Developer/Xcode/DerivedData/HOMEY_Clean-gafualdnzupkfseuistvwtqbnpqd/Build/Intermediates.noindex/swift-clocks.build/Debug-iphoneos/Clocks.build/DerivedSources -Xcc -DSWIFT_PACKAGE -Xcc -DDEBUG\=1 -emit-objc-header -emit-objc-header-path /Users/ryankanfer/Library/Developer/Xcode/DerivedData/HOMEY_Clean-gafualdnzupkfseuistvwtqbnpqd/Build/Intermediates.noindex/swift-clocks.build/Debug-iphoneos/Clocks.build/Objects-normal/arm64/Clocks-Swift.h -working-directory /Users/ryankanfer/Documents/Developer/HOMEY\ Clean/HOMEY\ Clean.xcodeproj -experimental-emit-module-separately -disable-cmo

SwiftDriverJobDiscovery normal arm64 Compiling Task+withTimeout.swift, TaskLocalHelpers.swift, URLSession+AsyncAwait.swift (in target 'Helpers' from project 'Supabase')

Ld /Users/ryankanfer/Library/Developer/Xcode/DerivedData/HOMEY_Clean-gafualdnzupkfseuistvwtqbnpqd/Build/Products/Debug-iphoneos/Clocks.o normal (in target 'Clocks' from project 'swift-clocks')
    cd /Users/ryankanfer/Library/Developer/Xcode/DerivedData/HOMEY_Clean-gafualdnzupkfseuistvwtqbnpqd/SourcePackages/checkouts/swift-clocks
    /Applications/Xcode.app/Contents/Developer/Toolchains/XcodeDefault.xctoolchain/usr/bin/clang -Xlinker -reproducible -target arm64-apple-ios13.0 -r -isysroot /Applications/Xcode.app/Contents/Developer/Platforms/iPhoneOS.platform/Developer/SDKs/iPhoneOS26.0.sdk -O0 -w -L/Users/ryankanfer/Library/Developer/Xcode/DerivedData/HOMEY_Clean-gafualdnzupkfseuistvwtqbnpqd/Build/Intermediates.noindex/EagerLinkingTBDs/Debug-iphoneos -L/Users/ryankanfer/Library/Developer/Xcode/DerivedData/HOMEY_Clean-gafualdnzupkfseuistvwtqbnpqd/Build/Products/Debug-iphoneos -L/Applications/Xcode.app/Contents/Developer/Platforms/iPhoneOS.platform/Developer/usr/lib -F/Users/ryankanfer/Library/Developer/Xcode/DerivedData/HOMEY_Clean-gafualdnzupkfseuistvwtqbnpqd/Build/Intermediates.noindex/EagerLinkingTBDs/Debug-iphoneos -F/Users/ryankanfer/Library/Developer/Xcode/DerivedData/HOMEY_Clean-gafualdnzupkfseuistvwtqbnpqd/Build/Products/Debug-iphoneos/PackageFrameworks -F/Users/ryankanfer/Library/Developer/Xcode/DerivedData/HOMEY_Clean-gafualdnzupkfseuistvwtqbnpqd/Build/Products/Debug-iphoneos/PackageFrameworks -F/Users/ryankanfer/Library/Developer/Xcode/DerivedData/HOMEY_Clean-gafualdnzupkfseuistvwtqbnpqd/Build/Products/Debug-iphoneos/PackageFrameworks -F/Users/ryankanfer/Library/Developer/Xcode/DerivedData/HOMEY_Clean-gafualdnzupkfseuistvwtqbnpqd/Build/Products/Debug-iphoneos -iframework /Applications/Xcode.app/Contents/Developer/Platforms/iPhoneOS.platform/Developer/Library/Frameworks -iframework /Applications/Xcode.app/Contents/Developer/Platforms/iPhoneOS.platform/Developer/SDKs/iPhoneOS26.0.sdk/Developer/Library/Frameworks -filelist /Users/ryankanfer/Library/Developer/Xcode/DerivedData/HOMEY_Clean-gafualdnzupkfseuistvwtqbnpqd/Build/Intermediates.noindex/swift-clocks.build/Debug-iphoneos/Clocks.build/Objects-normal/arm64/Clocks.LinkFileList -nostdlib -Xlinker -object_path_lto -Xlinker /Users/ryankanfer/Library/Developer/Xcode/DerivedData/HOMEY_Clean-gafualdnzupkfseuistvwtqbnpqd/Build/Intermediates.noindex/swift-clocks.build/Debug-iphoneos/Clocks.build/Objects-normal/arm64/Clocks_lto.o -rdynamic -Xlinker -no_deduplicate -Xlinker -debug_variant -Xlinker -dependency_info -Xlinker /Users/ryankanfer/Library/Developer/Xcode/DerivedData/HOMEY_Clean-gafualdnzupkfseuistvwtqbnpqd/Build/Intermediates.noindex/swift-clocks.build/Debug-iphoneos/Clocks.build/Objects-normal/arm64/Clocks_dependency_info.dat -fobjc-link-runtime -L/Applications/Xcode.app/Contents/Developer/Toolchains/XcodeDefault.xctoolchain/usr/lib/swift/iphoneos -L/usr/lib/swift -Xlinker -add_ast_path -Xlinker /Users/ryankanfer/Library/Developer/Xcode/DerivedData/HOMEY_Clean-gafualdnzupkfseuistvwtqbnpqd/Build/Intermediates.noindex/swift-clocks.build/Debug-iphoneos/Clocks.build/Objects-normal/arm64/Clocks.swiftmodule @/Users/ryankanfer/Library/Developer/Xcode/DerivedData/HOMEY_Clean-gafualdnzupkfseuistvwtqbnpqd/Build/Intermediates.noindex/swift-clocks.build/Debug-iphoneos/Clocks.build/Objects-normal/arm64/Clocks-linker-args.resp -o /Users/ryankanfer/Library/Developer/Xcode/DerivedData/HOMEY_Clean-gafualdnzupkfseuistvwtqbnpqd/Build/Products/Debug-iphoneos/Clocks.o

ExtractAppIntentsMetadata (in target 'Clocks' from project 'swift-clocks')
    cd /Users/ryankanfer/Library/Developer/Xcode/DerivedData/HOMEY_Clean-gafualdnzupkfseuistvwtqbnpqd/SourcePackages/checkouts/swift-clocks
    /Applications/Xcode.app/Contents/Developer/Toolchains/XcodeDefault.xctoolchain/usr/bin/appintentsmetadataprocessor --toolchain-dir /Applications/Xcode.app/Contents/Developer/Toolchains/XcodeDefault.xctoolchain --module-name Clocks --sdk-root /Applications/Xcode.app/Contents/Developer/Platforms/iPhoneOS.platform/Developer/SDKs/iPhoneOS26.0.sdk --xcode-version 17A324 --platform-family iOS --deployment-target 13.0 --bundle-identifier swift-clocks.Clocks --output /Users/ryankanfer/Library/Developer/Xcode/DerivedData/HOMEY_Clean-gafualdnzupkfseuistvwtqbnpqd/Build/Products/Debug-iphoneos/Clocks.appintents --target-triple arm64-apple-ios13.0 --binary-file /Users/ryankanfer/Library/Developer/Xcode/DerivedData/HOMEY_Clean-gafualdnzupkfseuistvwtqbnpqd/Build/Products/Debug-iphoneos/Clocks.o --dependency-file /Users/ryankanfer/Library/Developer/Xcode/DerivedData/HOMEY_Clean-gafualdnzupkfseuistvwtqbnpqd/Build/Intermediates.noindex/swift-clocks.build/Debug-iphoneos/Clocks.build/Objects-normal/arm64/Clocks_dependency_info.dat --stringsdata-file /Users/ryankanfer/Library/Developer/Xcode/DerivedData/HOMEY_Clean-gafualdnzupkfseuistvwtqbnpqd/Build/Intermediates.noindex/swift-clocks.build/Debug-iphoneos/Clocks.build/Objects-normal/arm64/ExtractedAppShortcutsMetadata.stringsdata --source-file-list /Users/ryankanfer/Library/Developer/Xcode/DerivedData/HOMEY_Clean-gafualdnzupkfseuistvwtqbnpqd/Build/Intermediates.noindex/swift-clocks.build/Debug-iphoneos/Clocks.build/Objects-normal/arm64/Clocks.SwiftFileList --metadata-file-list /Users/ryankanfer/Library/Developer/Xcode/DerivedData/HOMEY_Clean-gafualdnzupkfseuistvwtqbnpqd/Build/Intermediates.noindex/swift-clocks.build/Debug-iphoneos/Clocks.build/Clocks.DependencyMetadataFileList --static-metadata-file-list /Users/ryankanfer/Library/Developer/Xcode/DerivedData/HOMEY_Clean-gafualdnzupkfseuistvwtqbnpqd/Build/Intermediates.noindex/swift-clocks.build/Debug-iphoneos/Clocks.build/Clocks.DependencyStaticMetadataFileList --swift-const-vals-list /Users/ryankanfer/Library/Developer/Xcode/DerivedData/HOMEY_Clean-gafualdnzupkfseuistvwtqbnpqd/Build/Intermediates.noindex/swift-clocks.build/Debug-iphoneos/Clocks.build/Objects-normal/arm64/Clocks.SwiftConstValuesFileList --force --compile-time-extraction --deployment-aware-processing --validate-assistant-intents --no-app-shortcuts-localization
2025-09-22 23:16:13.119 appintentsmetadataprocessor[46522:12246887] Starting appintentsmetadataprocessor export
2025-09-22 23:16:13.462 appintentsmetadataprocessor[46522:12246887] Extracted no relevant App Intents symbols, skipping writing output

SwiftDriverJobDiscovery normal arm64 Emitting module for Helpers (in target 'Helpers' from project 'Supabase')

SwiftDriver\ Compilation\ Requirements Helpers normal arm64 com.apple.xcode.tools.swift.compiler (in target 'Helpers' from project 'Supabase')
    cd /Users/ryankanfer/Documents/Developer/HOMEY\ Clean/HOMEY\ Clean.xcodeproj
    builtin-Swift-Compilation-Requirements -- /Applications/Xcode.app/Contents/Developer/Toolchains/XcodeDefault.xctoolchain/usr/bin/swiftc -module-name Helpers -Onone -enforce-exclusivity\=checked @/Users/ryankanfer/Library/Developer/Xcode/DerivedData/HOMEY_Clean-gafualdnzupkfseuistvwtqbnpqd/Build/Intermediates.noindex/Supabase.build/Debug-iphoneos/Helpers.build/Objects-normal/arm64/Helpers.SwiftFileList -DSWIFT_PACKAGE -DDEBUG -DSWIFT_MODULE_RESOURCE_BUNDLE_UNAVAILABLE -DXcode -enable-upcoming-feature ExistentialAny -enable-experimental-feature StrictConcurrency -plugin-path /Applications/Xcode.app/Contents/Developer/Toolchains/XcodeDefault.xctoolchain/usr/lib/swift/host/plugins/testing -enable-experimental-feature DebugDescriptionMacro -sdk /Applications/Xcode.app/Contents/Developer/Platforms/iPhoneOS.platform/Developer/SDKs/iPhoneOS26.0.sdk -target arm64-apple-ios13.0 -g -module-cache-path /Users/ryankanfer/Library/Developer/Xcode/DerivedData/ModuleCache.noindex -Xfrontend -serialize-debugging-options -profile-coverage-mapping -profile-generate -enable-testing -suppress-warnings -index-store-path /Users/ryankanfer/Library/Developer/Xcode/DerivedData/HOMEY_Clean-gafualdnzupkfseuistvwtqbnpqd/Index.noindex/DataStore -Xcc -D_LIBCPP_HARDENING_MODE\=_LIBCPP_HARDENING_MODE_DEBUG -swift-version 5 -I /Users/ryankanfer/Library/Developer/Xcode/DerivedData/HOMEY_Clean-gafualdnzupkfseuistvwtqbnpqd/Build/Products/Debug-iphoneos -Isystem /Applications/Xcode.app/Contents/Developer/Platforms/iPhoneOS.platform/Developer/usr/lib -F /Users/ryankanfer/Library/Developer/Xcode/DerivedData/HOMEY_Clean-gafualdnzupkfseuistvwtqbnpqd/Build/Products/Debug-iphoneos/PackageFrameworks -F /Users/ryankanfer/Library/Developer/Xcode/DerivedData/HOMEY_Clean-gafualdnzupkfseuistvwtqbnpqd/Build/Products/Debug-iphoneos/PackageFrameworks -F /Users/ryankanfer/Library/Developer/Xcode/DerivedData/HOMEY_Clean-gafualdnzupkfseuistvwtqbnpqd/Build/Products/Debug-iphoneos/PackageFrameworks -F /Users/ryankanfer/Library/Developer/Xcode/DerivedData/HOMEY_Clean-gafualdnzupkfseuistvwtqbnpqd/Build/Products/Debug-iphoneos/PackageFrameworks -F /Users/ryankanfer/Library/Developer/Xcode/DerivedData/HOMEY_Clean-gafualdnzupkfseuistvwtqbnpqd/Build/Products/Debug-iphoneos/PackageFrameworks -F /Users/ryankanfer/Library/Developer/Xcode/DerivedData/HOMEY_Clean-gafualdnzupkfseuistvwtqbnpqd/Build/Products/Debug-iphoneos/PackageFrameworks -F /Users/ryankanfer/Library/Developer/Xcode/DerivedData/HOMEY_Clean-gafualdnzupkfseuistvwtqbnpqd/Build/Products/Debug-iphoneos -F /Applications/Xcode.app/Contents/Developer/Platforms/iPhoneOS.platform/Developer/Library/Frameworks -F /Applications/Xcode.app/Contents/Developer/Platforms/iPhoneOS.platform/Developer/SDKs/iPhoneOS26.0.sdk/Developer/Library/Frameworks -c -j8 -enable-batch-mode -incremental -Xcc -ivfsstatcache -Xcc /Users/ryankanfer/Library/Developer/Xcode/DerivedData/SDKStatCaches.noindex/iphoneos26.0-23A339-81ce72e5b06c9602b9d30b56f2eed08a.sdkstatcache -output-file-map /Users/ryankanfer/Library/Developer/Xcode/DerivedData/HOMEY_Clean-gafualdnzupkfseuistvwtqbnpqd/Build/Intermediates.noindex/Supabase.build/Debug-iphoneos/Helpers.build/Objects-normal/arm64/Helpers-OutputFileMap.json -use-frontend-parseable-output -save-temps -no-color-diagnostics -explicit-module-build -module-cache-path /Users/ryankanfer/Library/Developer/Xcode/DerivedData/HOMEY_Clean-gafualdnzupkfseuistvwtqbnpqd/Build/Intermediates.noindex/SwiftExplicitPrecompiledModules -clang-scanner-module-cache-path /Users/ryankanfer/Library/Developer/Xcode/DerivedData/ModuleCache.noindex -sdk-module-cache-path /Users/ryankanfer/Library/Developer/Xcode/DerivedData/ModuleCache.noindex -serialize-diagnostics -emit-dependencies -emit-module -emit-module-path /Users/ryankanfer/Library/Developer/Xcode/DerivedData/HOMEY_Clean-gafualdnzupkfseuistvwtqbnpqd/Build/Intermediates.noindex/Supabase.build/Debug-iphoneos/Helpers.build/Objects-normal/arm64/Helpers.swiftmodule -validate-clang-modules-once -clang-build-session-file /Users/ryankanfer/Library/Developer/Xcode/DerivedData/ModuleCache.noindex/Session.modulevalidation -package-name supabase_swift -Xcc -I/Users/ryankanfer/Library/Developer/Xcode/DerivedData/HOMEY_Clean-gafualdnzupkfseuistvwtqbnpqd/Build/Intermediates.noindex/Supabase.build/Debug-iphoneos/Helpers.build/swift-overrides.hmap -emit-const-values -Xfrontend -const-gather-protocols-file -Xfrontend /Users/ryankanfer/Library/Developer/Xcode/DerivedData/HOMEY_Clean-gafualdnzupkfseuistvwtqbnpqd/Build/Intermediates.noindex/Supabase.build/Debug-iphoneos/Helpers.build/Objects-normal/arm64/Helpers_const_extract_protocols.json -Xcc -I/Users/ryankanfer/Library/Developer/Xcode/DerivedData/HOMEY_Clean-gafualdnzupkfseuistvwtqbnpqd/Build/Products/Debug-iphoneos/include -Xcc -I/Users/ryankanfer/Library/Developer/Xcode/DerivedData/HOMEY_Clean-gafualdnzupkfseuistvwtqbnpqd/Build/Intermediates.noindex/Supabase.build/Debug-iphoneos/Helpers.build/DerivedSources-normal/arm64 -Xcc -I/Users/ryankanfer/Library/Developer/Xcode/DerivedData/HOMEY_Clean-gafualdnzupkfseuistvwtqbnpqd/Build/Intermediates.noindex/Supabase.build/Debug-iphoneos/Helpers.build/DerivedSources/arm64 -Xcc -I/Users/ryankanfer/Library/Developer/Xcode/DerivedData/HOMEY_Clean-gafualdnzupkfseuistvwtqbnpqd/Build/Intermediates.noindex/Supabase.build/Debug-iphoneos/Helpers.build/DerivedSources -Xcc -DSWIFT_PACKAGE -Xcc -DDEBUG\=1 -emit-objc-header -emit-objc-header-path /Users/ryankanfer/Library/Developer/Xcode/DerivedData/HOMEY_Clean-gafualdnzupkfseuistvwtqbnpqd/Build/Intermediates.noindex/Supabase.build/Debug-iphoneos/Helpers.build/Objects-normal/arm64/Helpers-Swift.h -working-directory /Users/ryankanfer/Documents/Developer/HOMEY\ Clean/HOMEY\ Clean.xcodeproj -experimental-emit-module-separately -disable-cmo

SwiftMergeGeneratedHeaders /Users/ryankanfer/Library/Developer/Xcode/DerivedData/HOMEY_Clean-gafualdnzupkfseuistvwtqbnpqd/Build/Intermediates.noindex/GeneratedModuleMaps-iphoneos/Helpers-Swift.h /Users/ryankanfer/Library/Developer/Xcode/DerivedData/HOMEY_Clean-gafualdnzupkfseuistvwtqbnpqd/Build/Intermediates.noindex/Supabase.build/Debug-iphoneos/Helpers.build/Objects-normal/arm64/Helpers-Swift.h (in target 'Helpers' from project 'Supabase')
    cd /Users/ryankanfer/Library/Developer/Xcode/DerivedData/HOMEY_Clean-gafualdnzupkfseuistvwtqbnpqd/SourcePackages/checkouts/supabase-swift
    builtin-swiftHeaderTool -arch arm64 /Users/ryankanfer/Library/Developer/Xcode/DerivedData/HOMEY_Clean-gafualdnzupkfseuistvwtqbnpqd/Build/Intermediates.noindex/Supabase.build/Debug-iphoneos/Helpers.build/Objects-normal/arm64/Helpers-Swift.h -o /Users/ryankanfer/Library/Developer/Xcode/DerivedData/HOMEY_Clean-gafualdnzupkfseuistvwtqbnpqd/Build/Intermediates.noindex/GeneratedModuleMaps-iphoneos/Helpers-Swift.h

Copy /Users/ryankanfer/Library/Developer/Xcode/DerivedData/HOMEY_Clean-gafualdnzupkfseuistvwtqbnpqd/Build/Products/Debug-iphoneos/Helpers.swiftmodule/arm64-apple-ios.swiftmodule /Users/ryankanfer/Library/Developer/Xcode/DerivedData/HOMEY_Clean-gafualdnzupkfseuistvwtqbnpqd/Build/Intermediates.noindex/Supabase.build/Debug-iphoneos/Helpers.build/Objects-normal/arm64/Helpers.swiftmodule (in target 'Helpers' from project 'Supabase')
    cd /Users/ryankanfer/Library/Developer/Xcode/DerivedData/HOMEY_Clean-gafualdnzupkfseuistvwtqbnpqd/SourcePackages/checkouts/supabase-swift
    builtin-copy -exclude .DS_Store -exclude CVS -exclude .svn -exclude .git -exclude .hg -resolve-src-symlinks -rename /Users/ryankanfer/Library/Developer/Xcode/DerivedData/HOMEY_Clean-gafualdnzupkfseuistvwtqbnpqd/Build/Intermediates.noindex/Supabase.build/Debug-iphoneos/Helpers.build/Objects-normal/arm64/Helpers.swiftmodule /Users/ryankanfer/Library/Developer/Xcode/DerivedData/HOMEY_Clean-gafualdnzupkfseuistvwtqbnpqd/Build/Products/Debug-iphoneos/Helpers.swiftmodule/arm64-apple-ios.swiftmodule

Copy /Users/ryankanfer/Library/Developer/Xcode/DerivedData/HOMEY_Clean-gafualdnzupkfseuistvwtqbnpqd/Build/Products/Debug-iphoneos/Helpers.swiftmodule/arm64-apple-ios.swiftdoc /Users/ryankanfer/Library/Developer/Xcode/DerivedData/HOMEY_Clean-gafualdnzupkfseuistvwtqbnpqd/Build/Intermediates.noindex/Supabase.build/Debug-iphoneos/Helpers.build/Objects-normal/arm64/Helpers.swiftdoc (in target 'Helpers' from project 'Supabase')
    cd /Users/ryankanfer/Library/Developer/Xcode/DerivedData/HOMEY_Clean-gafualdnzupkfseuistvwtqbnpqd/SourcePackages/checkouts/supabase-swift
    builtin-copy -exclude .DS_Store -exclude CVS -exclude .svn -exclude .git -exclude .hg -resolve-src-symlinks -rename /Users/ryankanfer/Library/Developer/Xcode/DerivedData/HOMEY_Clean-gafualdnzupkfseuistvwtqbnpqd/Build/Intermediates.noindex/Supabase.build/Debug-iphoneos/Helpers.build/Objects-normal/arm64/Helpers.swiftdoc /Users/ryankanfer/Library/Developer/Xcode/DerivedData/HOMEY_Clean-gafualdnzupkfseuistvwtqbnpqd/Build/Products/Debug-iphoneos/Helpers.swiftmodule/arm64-apple-ios.swiftdoc

SwiftDriverJobDiscovery normal arm64 Compiling FoundationExtensions.swift, HTTPClient.swift, HTTPFields.swift (in target 'Helpers' from project 'Supabase')

Copy /Users/ryankanfer/Library/Developer/Xcode/DerivedData/HOMEY_Clean-gafualdnzupkfseuistvwtqbnpqd/Build/Products/Debug-iphoneos/Helpers.swiftmodule/arm64-apple-ios.abi.json /Users/ryankanfer/Library/Developer/Xcode/DerivedData/HOMEY_Clean-gafualdnzupkfseuistvwtqbnpqd/Build/Intermediates.noindex/Supabase.build/Debug-iphoneos/Helpers.build/Objects-normal/arm64/Helpers.abi.json (in target 'Helpers' from project 'Supabase')
    cd /Users/ryankanfer/Library/Developer/Xcode/DerivedData/HOMEY_Clean-gafualdnzupkfseuistvwtqbnpqd/SourcePackages/checkouts/supabase-swift
    builtin-copy -exclude .DS_Store -exclude CVS -exclude .svn -exclude .git -exclude .hg -resolve-src-symlinks -rename /Users/ryankanfer/Library/Developer/Xcode/DerivedData/HOMEY_Clean-gafualdnzupkfseuistvwtqbnpqd/Build/Intermediates.noindex/Supabase.build/Debug-iphoneos/Helpers.build/Objects-normal/arm64/Helpers.abi.json /Users/ryankanfer/Library/Developer/Xcode/DerivedData/HOMEY_Clean-gafualdnzupkfseuistvwtqbnpqd/Build/Products/Debug-iphoneos/Helpers.swiftmodule/arm64-apple-ios.abi.json

Copy /Users/ryankanfer/Library/Developer/Xcode/DerivedData/HOMEY_Clean-gafualdnzupkfseuistvwtqbnpqd/Build/Products/Debug-iphoneos/Helpers.swiftmodule/Project/arm64-apple-ios.swiftsourceinfo /Users/ryankanfer/Library/Developer/Xcode/DerivedData/HOMEY_Clean-gafualdnzupkfseuistvwtqbnpqd/Build/Intermediates.noindex/Supabase.build/Debug-iphoneos/Helpers.build/Objects-normal/arm64/Helpers.swiftsourceinfo (in target 'Helpers' from project 'Supabase')
    cd /Users/ryankanfer/Library/Developer/Xcode/DerivedData/HOMEY_Clean-gafualdnzupkfseuistvwtqbnpqd/SourcePackages/checkouts/supabase-swift
    builtin-copy -exclude .DS_Store -exclude CVS -exclude .svn -exclude .git -exclude .hg -resolve-src-symlinks -rename /Users/ryankanfer/Library/Developer/Xcode/DerivedData/HOMEY_Clean-gafualdnzupkfseuistvwtqbnpqd/Build/Intermediates.noindex/Supabase.build/Debug-iphoneos/Helpers.build/Objects-normal/arm64/Helpers.swiftsourceinfo /Users/ryankanfer/Library/Developer/Xcode/DerivedData/HOMEY_Clean-gafualdnzupkfseuistvwtqbnpqd/Build/Products/Debug-iphoneos/Helpers.swiftmodule/Project/arm64-apple-ios.swiftsourceinfo

RegisterExecutionPolicyException /Users/ryankanfer/Library/Developer/Xcode/DerivedData/HOMEY_Clean-gafualdnzupkfseuistvwtqbnpqd/Build/Products/Debug-iphoneos/XCTestDynamicOverlay.o (in target 'XCTestDynamicOverlay' from project 'xctest-dynamic-overlay')
    cd /Users/ryankanfer/Library/Developer/Xcode/DerivedData/HOMEY_Clean-gafualdnzupkfseuistvwtqbnpqd/SourcePackages/checkouts/xctest-dynamic-overlay
    builtin-RegisterExecutionPolicyException /Users/ryankanfer/Library/Developer/Xcode/DerivedData/HOMEY_Clean-gafualdnzupkfseuistvwtqbnpqd/Build/Products/Debug-iphoneos/XCTestDynamicOverlay.o

SwiftDriver Storage normal arm64 com.apple.xcode.tools.swift.compiler (in target 'Storage' from project 'Supabase')
    cd /Users/ryankanfer/Documents/Developer/HOMEY\ Clean/HOMEY\ Clean.xcodeproj
    builtin-SwiftDriver -- /Applications/Xcode.app/Contents/Developer/Toolchains/XcodeDefault.xctoolchain/usr/bin/swiftc -module-name Storage -Onone -enforce-exclusivity\=checked @/Users/ryankanfer/Library/Developer/Xcode/DerivedData/HOMEY_Clean-gafualdnzupkfseuistvwtqbnpqd/Build/Intermediates.noindex/Supabase.build/Debug-iphoneos/Storage.build/Objects-normal/arm64/Storage.SwiftFileList -DSWIFT_PACKAGE -DDEBUG -DSWIFT_MODULE_RESOURCE_BUNDLE_UNAVAILABLE -DXcode -enable-upcoming-feature ExistentialAny -enable-experimental-feature StrictConcurrency -plugin-path /Applications/Xcode.app/Contents/Developer/Toolchains/XcodeDefault.xctoolchain/usr/lib/swift/host/plugins/testing -enable-experimental-feature DebugDescriptionMacro -sdk /Applications/Xcode.app/Contents/Developer/Platforms/iPhoneOS.platform/Developer/SDKs/iPhoneOS26.0.sdk -target arm64-apple-ios13.0 -g -module-cache-path /Users/ryankanfer/Library/Developer/Xcode/DerivedData/ModuleCache.noindex -Xfrontend -serialize-debugging-options -profile-coverage-mapping -profile-generate -enable-testing -suppress-warnings -index-store-path /Users/ryankanfer/Library/Developer/Xcode/DerivedData/HOMEY_Clean-gafualdnzupkfseuistvwtqbnpqd/Index.noindex/DataStore -Xcc -D_LIBCPP_HARDENING_MODE\=_LIBCPP_HARDENING_MODE_DEBUG -swift-version 5 -I /Users/ryankanfer/Library/Developer/Xcode/DerivedData/HOMEY_Clean-gafualdnzupkfseuistvwtqbnpqd/Build/Products/Debug-iphoneos -Isystem /Applications/Xcode.app/Contents/Developer/Platforms/iPhoneOS.platform/Developer/usr/lib -F /Users/ryankanfer/Library/Developer/Xcode/DerivedData/HOMEY_Clean-gafualdnzupkfseuistvwtqbnpqd/Build/Products/Debug-iphoneos/PackageFrameworks -F /Users/ryankanfer/Library/Developer/Xcode/DerivedData/HOMEY_Clean-gafualdnzupkfseuistvwtqbnpqd/Build/Products/Debug-iphoneos/PackageFrameworks -F /Users/ryankanfer/Library/Developer/Xcode/DerivedData/HOMEY_Clean-gafualdnzupkfseuistvwtqbnpqd/Build/Products/Debug-iphoneos/PackageFrameworks -F /Users/ryankanfer/Library/Developer/Xcode/DerivedData/HOMEY_Clean-gafualdnzupkfseuistvwtqbnpqd/Build/Products/Debug-iphoneos/PackageFrameworks -F /Users/ryankanfer/Library/Developer/Xcode/DerivedData/HOMEY_Clean-gafualdnzupkfseuistvwtqbnpqd/Build/Products/Debug-iphoneos/PackageFrameworks -F /Users/ryankanfer/Library/Developer/Xcode/DerivedData/HOMEY_Clean-gafualdnzupkfseuistvwtqbnpqd/Build/Products/Debug-iphoneos/PackageFrameworks -F /Users/ryankanfer/Library/Developer/Xcode/DerivedData/HOMEY_Clean-gafualdnzupkfseuistvwtqbnpqd/Build/Products/Debug-iphoneos/PackageFrameworks -F /Users/ryankanfer/Library/Developer/Xcode/DerivedData/HOMEY_Clean-gafualdnzupkfseuistvwtqbnpqd/Build/Products/Debug-iphoneos -F /Applications/Xcode.app/Contents/Developer/Platforms/iPhoneOS.platform/Developer/Library/Frameworks -F /Applications/Xcode.app/Contents/Developer/Platforms/iPhoneOS.platform/Developer/SDKs/iPhoneOS26.0.sdk/Developer/Library/Frameworks -c -j8 -enable-batch-mode -incremental -Xcc -ivfsstatcache -Xcc /Users/ryankanfer/Library/Developer/Xcode/DerivedData/SDKStatCaches.noindex/iphoneos26.0-23A339-81ce72e5b06c9602b9d30b56f2eed08a.sdkstatcache -output-file-map /Users/ryankanfer/Library/Developer/Xcode/DerivedData/HOMEY_Clean-gafualdnzupkfseuistvwtqbnpqd/Build/Intermediates.noindex/Supabase.build/Debug-iphoneos/Storage.build/Objects-normal/arm64/Storage-OutputFileMap.json -use-frontend-parseable-output -save-temps -no-color-diagnostics -explicit-module-build -module-cache-path /Users/ryankanfer/Library/Developer/Xcode/DerivedData/HOMEY_Clean-gafualdnzupkfseuistvwtqbnpqd/Build/Intermediates.noindex/SwiftExplicitPrecompiledModules -clang-scanner-module-cache-path /Users/ryankanfer/Library/Developer/Xcode/DerivedData/ModuleCache.noindex -sdk-module-cache-path /Users/ryankanfer/Library/Developer/Xcode/DerivedData/ModuleCache.noindex -serialize-diagnostics -emit-dependencies -emit-module -emit-module-path /Users/ryankanfer/Library/Developer/Xcode/DerivedData/HOMEY_Clean-gafualdnzupkfseuistvwtqbnpqd/Build/Intermediates.noindex/Supabase.build/Debug-iphoneos/Storage.build/Objects-normal/arm64/Storage.swiftmodule -validate-clang-modules-once -clang-build-session-file /Users/ryankanfer/Library/Developer/Xcode/DerivedData/ModuleCache.noindex/Session.modulevalidation -package-name supabase_swift -Xcc -I/Users/ryankanfer/Library/Developer/Xcode/DerivedData/HOMEY_Clean-gafualdnzupkfseuistvwtqbnpqd/Build/Intermediates.noindex/Supabase.build/Debug-iphoneos/Storage.build/swift-overrides.hmap -emit-const-values -Xfrontend -const-gather-protocols-file -Xfrontend /Users/ryankanfer/Library/Developer/Xcode/DerivedData/HOMEY_Clean-gafualdnzupkfseuistvwtqbnpqd/Build/Intermediates.noindex/Supabase.build/Debug-iphoneos/Storage.build/Objects-normal/arm64/Storage_const_extract_protocols.json -Xcc -I/Users/ryankanfer/Library/Developer/Xcode/DerivedData/HOMEY_Clean-gafualdnzupkfseuistvwtqbnpqd/Build/Products/Debug-iphoneos/include -Xcc -I/Users/ryankanfer/Library/Developer/Xcode/DerivedData/HOMEY_Clean-gafualdnzupkfseuistvwtqbnpqd/Build/Intermediates.noindex/Supabase.build/Debug-iphoneos/Storage.build/DerivedSources-normal/arm64 -Xcc -I/Users/ryankanfer/Library/Developer/Xcode/DerivedData/HOMEY_Clean-gafualdnzupkfseuistvwtqbnpqd/Build/Intermediates.noindex/Supabase.build/Debug-iphoneos/Storage.build/DerivedSources/arm64 -Xcc -I/Users/ryankanfer/Library/Developer/Xcode/DerivedData/HOMEY_Clean-gafualdnzupkfseuistvwtqbnpqd/Build/Intermediates.noindex/Supabase.build/Debug-iphoneos/Storage.build/DerivedSources -Xcc -DSWIFT_PACKAGE -Xcc -DDEBUG\=1 -emit-objc-header -emit-objc-header-path /Users/ryankanfer/Library/Developer/Xcode/DerivedData/HOMEY_Clean-gafualdnzupkfseuistvwtqbnpqd/Build/Intermediates.noindex/Supabase.build/Debug-iphoneos/Storage.build/Objects-normal/arm64/Storage-Swift.h -working-directory /Users/ryankanfer/Documents/Developer/HOMEY\ Clean/HOMEY\ Clean.xcodeproj -experimental-emit-module-separately -disable-cmo

SwiftDriver Realtime normal arm64 com.apple.xcode.tools.swift.compiler (in target 'Realtime' from project 'Supabase')
    cd /Users/ryankanfer/Documents/Developer/HOMEY\ Clean/HOMEY\ Clean.xcodeproj
    builtin-SwiftDriver -- /Applications/Xcode.app/Contents/Developer/Toolchains/XcodeDefault.xctoolchain/usr/bin/swiftc -module-name Realtime -Onone -enforce-exclusivity\=checked @/Users/ryankanfer/Library/Developer/Xcode/DerivedData/HOMEY_Clean-gafualdnzupkfseuistvwtqbnpqd/Build/Intermediates.noindex/Supabase.build/Debug-iphoneos/Realtime.build/Objects-normal/arm64/Realtime.SwiftFileList -DSWIFT_PACKAGE -DDEBUG -DSWIFT_MODULE_RESOURCE_BUNDLE_UNAVAILABLE -DXcode -enable-upcoming-feature ExistentialAny -enable-experimental-feature StrictConcurrency -plugin-path /Applications/Xcode.app/Contents/Developer/Toolchains/XcodeDefault.xctoolchain/usr/lib/swift/host/plugins/testing -enable-experimental-feature DebugDescriptionMacro -sdk /Applications/Xcode.app/Contents/Developer/Platforms/iPhoneOS.platform/Developer/SDKs/iPhoneOS26.0.sdk -target arm64-apple-ios13.0 -g -module-cache-path /Users/ryankanfer/Library/Developer/Xcode/DerivedData/ModuleCache.noindex -Xfrontend -serialize-debugging-options -profile-coverage-mapping -profile-generate -enable-testing -suppress-warnings -index-store-path /Users/ryankanfer/Library/Developer/Xcode/DerivedData/HOMEY_Clean-gafualdnzupkfseuistvwtqbnpqd/Index.noindex/DataStore -Xcc -D_LIBCPP_HARDENING_MODE\=_LIBCPP_HARDENING_MODE_DEBUG -swift-version 5 -I /Users/ryankanfer/Library/Developer/Xcode/DerivedData/HOMEY_Clean-gafualdnzupkfseuistvwtqbnpqd/Build/Products/Debug-iphoneos -Isystem /Applications/Xcode.app/Contents/Developer/Platforms/iPhoneOS.platform/Developer/usr/lib -F /Users/ryankanfer/Library/Developer/Xcode/DerivedData/HOMEY_Clean-gafualdnzupkfseuistvwtqbnpqd/Build/Products/Debug-iphoneos/PackageFrameworks -F /Users/ryankanfer/Library/Developer/Xcode/DerivedData/HOMEY_Clean-gafualdnzupkfseuistvwtqbnpqd/Build/Products/Debug-iphoneos/PackageFrameworks -F /Users/ryankanfer/Library/Developer/Xcode/DerivedData/HOMEY_Clean-gafualdnzupkfseuistvwtqbnpqd/Build/Products/Debug-iphoneos/PackageFrameworks -F /Users/ryankanfer/Library/Developer/Xcode/DerivedData/HOMEY_Clean-gafualdnzupkfseuistvwtqbnpqd/Build/Products/Debug-iphoneos/PackageFrameworks -F /Users/ryankanfer/Library/Developer/Xcode/DerivedData/HOMEY_Clean-gafualdnzupkfseuistvwtqbnpqd/Build/Products/Debug-iphoneos/PackageFrameworks -F /Users/ryankanfer/Library/Developer/Xcode/DerivedData/HOMEY_Clean-gafualdnzupkfseuistvwtqbnpqd/Build/Products/Debug-iphoneos/PackageFrameworks -F /Users/ryankanfer/Library/Developer/Xcode/DerivedData/HOMEY_Clean-gafualdnzupkfseuistvwtqbnpqd/Build/Products/Debug-iphoneos/PackageFrameworks -F /Users/ryankanfer/Library/Developer/Xcode/DerivedData/HOMEY_Clean-gafualdnzupkfseuistvwtqbnpqd/Build/Products/Debug-iphoneos -F /Applications/Xcode.app/Contents/Developer/Platforms/iPhoneOS.platform/Developer/Library/Frameworks -F /Applications/Xcode.app/Contents/Developer/Platforms/iPhoneOS.platform/Developer/SDKs/iPhoneOS26.0.sdk/Developer/Library/Frameworks -c -j8 -enable-batch-mode -incremental -Xcc -ivfsstatcache -Xcc /Users/ryankanfer/Library/Developer/Xcode/DerivedData/SDKStatCaches.noindex/iphoneos26.0-23A339-81ce72e5b06c9602b9d30b56f2eed08a.sdkstatcache -output-file-map /Users/ryankanfer/Library/Developer/Xcode/DerivedData/HOMEY_Clean-gafualdnzupkfseuistvwtqbnpqd/Build/Intermediates.noindex/Supabase.build/Debug-iphoneos/Realtime.build/Objects-normal/arm64/Realtime-OutputFileMap.json -use-frontend-parseable-output -save-temps -no-color-diagnostics -explicit-module-build -module-cache-path /Users/ryankanfer/Library/Developer/Xcode/DerivedData/HOMEY_Clean-gafualdnzupkfseuistvwtqbnpqd/Build/Intermediates.noindex/SwiftExplicitPrecompiledModules -clang-scanner-module-cache-path /Users/ryankanfer/Library/Developer/Xcode/DerivedData/ModuleCache.noindex -sdk-module-cache-path /Users/ryankanfer/Library/Developer/Xcode/DerivedData/ModuleCache.noindex -serialize-diagnostics -emit-dependencies -emit-module -emit-module-path /Users/ryankanfer/Library/Developer/Xcode/DerivedData/HOMEY_Clean-gafualdnzupkfseuistvwtqbnpqd/Build/Intermediates.noindex/Supabase.build/Debug-iphoneos/Realtime.build/Objects-normal/arm64/Realtime.swiftmodule -validate-clang-modules-once -clang-build-session-file /Users/ryankanfer/Library/Developer/Xcode/DerivedData/ModuleCache.noindex/Session.modulevalidation -package-name supabase_swift -Xcc -I/Users/ryankanfer/Library/Developer/Xcode/DerivedData/HOMEY_Clean-gafualdnzupkfseuistvwtqbnpqd/Build/Intermediates.noindex/Supabase.build/Debug-iphoneos/Realtime.build/swift-overrides.hmap -emit-const-values -Xfrontend -const-gather-protocols-file -Xfrontend /Users/ryankanfer/Library/Developer/Xcode/DerivedData/HOMEY_Clean-gafualdnzupkfseuistvwtqbnpqd/Build/Intermediates.noindex/Supabase.build/Debug-iphoneos/Realtime.build/Objects-normal/arm64/Realtime_const_extract_protocols.json -Xcc -I/Users/ryankanfer/Library/Developer/Xcode/DerivedData/HOMEY_Clean-gafualdnzupkfseuistvwtqbnpqd/Build/Products/Debug-iphoneos/include -Xcc -I/Users/ryankanfer/Library/Developer/Xcode/DerivedData/HOMEY_Clean-gafualdnzupkfseuistvwtqbnpqd/Build/Intermediates.noindex/Supabase.build/Debug-iphoneos/Realtime.build/DerivedSources-normal/arm64 -Xcc -I/Users/ryankanfer/Library/Developer/Xcode/DerivedData/HOMEY_Clean-gafualdnzupkfseuistvwtqbnpqd/Build/Intermediates.noindex/Supabase.build/Debug-iphoneos/Realtime.build/DerivedSources/arm64 -Xcc -I/Users/ryankanfer/Library/Developer/Xcode/DerivedData/HOMEY_Clean-gafualdnzupkfseuistvwtqbnpqd/Build/Intermediates.noindex/Supabase.build/Debug-iphoneos/Realtime.build/DerivedSources -Xcc -DSWIFT_PACKAGE -Xcc -DDEBUG\=1 -emit-objc-header -emit-objc-header-path /Users/ryankanfer/Library/Developer/Xcode/DerivedData/HOMEY_Clean-gafualdnzupkfseuistvwtqbnpqd/Build/Intermediates.noindex/Supabase.build/Debug-iphoneos/Realtime.build/Objects-normal/arm64/Realtime-Swift.h -working-directory /Users/ryankanfer/Documents/Developer/HOMEY\ Clean/HOMEY\ Clean.xcodeproj -experimental-emit-module-separately -disable-cmo

SwiftDriverJobDiscovery normal arm64 Compiling HTTPRequest.swift, HTTPResponse.swift, LoggerInterceptor.swift (in target 'Helpers' from project 'Supabase')

SwiftDriver PostgREST normal arm64 com.apple.xcode.tools.swift.compiler (in target 'PostgREST' from project 'Supabase')
    cd /Users/ryankanfer/Documents/Developer/HOMEY\ Clean/HOMEY\ Clean.xcodeproj
    builtin-SwiftDriver -- /Applications/Xcode.app/Contents/Developer/Toolchains/XcodeDefault.xctoolchain/usr/bin/swiftc -module-name PostgREST -Onone -enforce-exclusivity\=checked @/Users/ryankanfer/Library/Developer/Xcode/DerivedData/HOMEY_Clean-gafualdnzupkfseuistvwtqbnpqd/Build/Intermediates.noindex/Supabase.build/Debug-iphoneos/PostgREST.build/Objects-normal/arm64/PostgREST.SwiftFileList -DSWIFT_PACKAGE -DDEBUG -DSWIFT_MODULE_RESOURCE_BUNDLE_UNAVAILABLE -DXcode -enable-upcoming-feature ExistentialAny -enable-experimental-feature StrictConcurrency -plugin-path /Applications/Xcode.app/Contents/Developer/Toolchains/XcodeDefault.xctoolchain/usr/lib/swift/host/plugins/testing -enable-experimental-feature DebugDescriptionMacro -sdk /Applications/Xcode.app/Contents/Developer/Platforms/iPhoneOS.platform/Developer/SDKs/iPhoneOS26.0.sdk -target arm64-apple-ios13.0 -g -module-cache-path /Users/ryankanfer/Library/Developer/Xcode/DerivedData/ModuleCache.noindex -Xfrontend -serialize-debugging-options -profile-coverage-mapping -profile-generate -enable-testing -suppress-warnings -index-store-path /Users/ryankanfer/Library/Developer/Xcode/DerivedData/HOMEY_Clean-gafualdnzupkfseuistvwtqbnpqd/Index.noindex/DataStore -Xcc -D_LIBCPP_HARDENING_MODE\=_LIBCPP_HARDENING_MODE_DEBUG -swift-version 5 -I /Users/ryankanfer/Library/Developer/Xcode/DerivedData/HOMEY_Clean-gafualdnzupkfseuistvwtqbnpqd/Build/Products/Debug-iphoneos -Isystem /Applications/Xcode.app/Contents/Developer/Platforms/iPhoneOS.platform/Developer/usr/lib -F /Users/ryankanfer/Library/Developer/Xcode/DerivedData/HOMEY_Clean-gafualdnzupkfseuistvwtqbnpqd/Build/Products/Debug-iphoneos/PackageFrameworks -F /Users/ryankanfer/Library/Developer/Xcode/DerivedData/HOMEY_Clean-gafualdnzupkfseuistvwtqbnpqd/Build/Products/Debug-iphoneos/PackageFrameworks -F /Users/ryankanfer/Library/Developer/Xcode/DerivedData/HOMEY_Clean-gafualdnzupkfseuistvwtqbnpqd/Build/Products/Debug-iphoneos/PackageFrameworks -F /Users/ryankanfer/Library/Developer/Xcode/DerivedData/HOMEY_Clean-gafualdnzupkfseuistvwtqbnpqd/Build/Products/Debug-iphoneos/PackageFrameworks -F /Users/ryankanfer/Library/Developer/Xcode/DerivedData/HOMEY_Clean-gafualdnzupkfseuistvwtqbnpqd/Build/Products/Debug-iphoneos/PackageFrameworks -F /Users/ryankanfer/Library/Developer/Xcode/DerivedData/HOMEY_Clean-gafualdnzupkfseuistvwtqbnpqd/Build/Products/Debug-iphoneos/PackageFrameworks -F /Users/ryankanfer/Library/Developer/Xcode/DerivedData/HOMEY_Clean-gafualdnzupkfseuistvwtqbnpqd/Build/Products/Debug-iphoneos/PackageFrameworks -F /Users/ryankanfer/Library/Developer/Xcode/DerivedData/HOMEY_Clean-gafualdnzupkfseuistvwtqbnpqd/Build/Products/Debug-iphoneos -F /Applications/Xcode.app/Contents/Developer/Platforms/iPhoneOS.platform/Developer/Library/Frameworks -F /Applications/Xcode.app/Contents/Developer/Platforms/iPhoneOS.platform/Developer/SDKs/iPhoneOS26.0.sdk/Developer/Library/Frameworks -c -j8 -enable-batch-mode -incremental -Xcc -ivfsstatcache -Xcc /Users/ryankanfer/Library/Developer/Xcode/DerivedData/SDKStatCaches.noindex/iphoneos26.0-23A339-81ce72e5b06c9602b9d30b56f2eed08a.sdkstatcache -output-file-map /Users/ryankanfer/Library/Developer/Xcode/DerivedData/HOMEY_Clean-gafualdnzupkfseuistvwtqbnpqd/Build/Intermediates.noindex/Supabase.build/Debug-iphoneos/PostgREST.build/Objects-normal/arm64/PostgREST-OutputFileMap.json -use-frontend-parseable-output -save-temps -no-color-diagnostics -explicit-module-build -module-cache-path /Users/ryankanfer/Library/Developer/Xcode/DerivedData/HOMEY_Clean-gafualdnzupkfseuistvwtqbnpqd/Build/Intermediates.noindex/SwiftExplicitPrecompiledModules -clang-scanner-module-cache-path /Users/ryankanfer/Library/Developer/Xcode/DerivedData/ModuleCache.noindex -sdk-module-cache-path /Users/ryankanfer/Library/Developer/Xcode/DerivedData/ModuleCache.noindex -serialize-diagnostics -emit-dependencies -emit-module -emit-module-path /Users/ryankanfer/Library/Developer/Xcode/DerivedData/HOMEY_Clean-gafualdnzupkfseuistvwtqbnpqd/Build/Intermediates.noindex/Supabase.build/Debug-iphoneos/PostgREST.build/Objects-normal/arm64/PostgREST.swiftmodule -validate-clang-modules-once -clang-build-session-file /Users/ryankanfer/Library/Developer/Xcode/DerivedData/ModuleCache.noindex/Session.modulevalidation -package-name supabase_swift -Xcc -I/Users/ryankanfer/Library/Developer/Xcode/DerivedData/HOMEY_Clean-gafualdnzupkfseuistvwtqbnpqd/Build/Intermediates.noindex/Supabase.build/Debug-iphoneos/PostgREST.build/swift-overrides.hmap -emit-const-values -Xfrontend -const-gather-protocols-file -Xfrontend /Users/ryankanfer/Library/Developer/Xcode/DerivedData/HOMEY_Clean-gafualdnzupkfseuistvwtqbnpqd/Build/Intermediates.noindex/Supabase.build/Debug-iphoneos/PostgREST.build/Objects-normal/arm64/PostgREST_const_extract_protocols.json -Xcc -I/Users/ryankanfer/Library/Developer/Xcode/DerivedData/HOMEY_Clean-gafualdnzupkfseuistvwtqbnpqd/Build/Products/Debug-iphoneos/include -Xcc -I/Users/ryankanfer/Library/Developer/Xcode/DerivedData/HOMEY_Clean-gafualdnzupkfseuistvwtqbnpqd/Build/Intermediates.noindex/Supabase.build/Debug-iphoneos/PostgREST.build/DerivedSources-normal/arm64 -Xcc -I/Users/ryankanfer/Library/Developer/Xcode/DerivedData/HOMEY_Clean-gafualdnzupkfseuistvwtqbnpqd/Build/Intermediates.noindex/Supabase.build/Debug-iphoneos/PostgREST.build/DerivedSources/arm64 -Xcc -I/Users/ryankanfer/Library/Developer/Xcode/DerivedData/HOMEY_Clean-gafualdnzupkfseuistvwtqbnpqd/Build/Intermediates.noindex/Supabase.build/Debug-iphoneos/PostgREST.build/DerivedSources -Xcc -DSWIFT_PACKAGE -Xcc -DDEBUG\=1 -emit-objc-header -emit-objc-header-path /Users/ryankanfer/Library/Developer/Xcode/DerivedData/HOMEY_Clean-gafualdnzupkfseuistvwtqbnpqd/Build/Intermediates.noindex/Supabase.build/Debug-iphoneos/PostgREST.build/Objects-normal/arm64/PostgREST-Swift.h -working-directory /Users/ryankanfer/Documents/Developer/HOMEY\ Clean/HOMEY\ Clean.xcodeproj -experimental-emit-module-separately -disable-cmo

SwiftDriverJobDiscovery normal arm64 Compiling AnyJSON+Codable.swift, AnyJSON.swift, AsyncValueSubject.swift (in target 'Helpers' from project 'Supabase')

SwiftDriver Functions normal arm64 com.apple.xcode.tools.swift.compiler (in target 'Functions' from project 'Supabase')
    cd /Users/ryankanfer/Documents/Developer/HOMEY\ Clean/HOMEY\ Clean.xcodeproj
    builtin-SwiftDriver -- /Applications/Xcode.app/Contents/Developer/Toolchains/XcodeDefault.xctoolchain/usr/bin/swiftc -module-name Functions -Onone -enforce-exclusivity\=checked @/Users/ryankanfer/Library/Developer/Xcode/DerivedData/HOMEY_Clean-gafualdnzupkfseuistvwtqbnpqd/Build/Intermediates.noindex/Supabase.build/Debug-iphoneos/Functions.build/Objects-normal/arm64/Functions.SwiftFileList -DSWIFT_PACKAGE -DDEBUG -DSWIFT_MODULE_RESOURCE_BUNDLE_UNAVAILABLE -DXcode -enable-upcoming-feature ExistentialAny -enable-experimental-feature StrictConcurrency -plugin-path /Applications/Xcode.app/Contents/Developer/Toolchains/XcodeDefault.xctoolchain/usr/lib/swift/host/plugins/testing -enable-experimental-feature DebugDescriptionMacro -sdk /Applications/Xcode.app/Contents/Developer/Platforms/iPhoneOS.platform/Developer/SDKs/iPhoneOS26.0.sdk -target arm64-apple-ios13.0 -g -module-cache-path /Users/ryankanfer/Library/Developer/Xcode/DerivedData/ModuleCache.noindex -Xfrontend -serialize-debugging-options -profile-coverage-mapping -profile-generate -enable-testing -suppress-warnings -index-store-path /Users/ryankanfer/Library/Developer/Xcode/DerivedData/HOMEY_Clean-gafualdnzupkfseuistvwtqbnpqd/Index.noindex/DataStore -Xcc -D_LIBCPP_HARDENING_MODE\=_LIBCPP_HARDENING_MODE_DEBUG -swift-version 5 -I /Users/ryankanfer/Library/Developer/Xcode/DerivedData/HOMEY_Clean-gafualdnzupkfseuistvwtqbnpqd/Build/Products/Debug-iphoneos -Isystem /Applications/Xcode.app/Contents/Developer/Platforms/iPhoneOS.platform/Developer/usr/lib -F /Users/ryankanfer/Library/Developer/Xcode/DerivedData/HOMEY_Clean-gafualdnzupkfseuistvwtqbnpqd/Build/Products/Debug-iphoneos/PackageFrameworks -F /Users/ryankanfer/Library/Developer/Xcode/DerivedData/HOMEY_Clean-gafualdnzupkfseuistvwtqbnpqd/Build/Products/Debug-iphoneos/PackageFrameworks -F /Users/ryankanfer/Library/Developer/Xcode/DerivedData/HOMEY_Clean-gafualdnzupkfseuistvwtqbnpqd/Build/Products/Debug-iphoneos/PackageFrameworks -F /Users/ryankanfer/Library/Developer/Xcode/DerivedData/HOMEY_Clean-gafualdnzupkfseuistvwtqbnpqd/Build/Products/Debug-iphoneos/PackageFrameworks -F /Users/ryankanfer/Library/Developer/Xcode/DerivedData/HOMEY_Clean-gafualdnzupkfseuistvwtqbnpqd/Build/Products/Debug-iphoneos/PackageFrameworks -F /Users/ryankanfer/Library/Developer/Xcode/DerivedData/HOMEY_Clean-gafualdnzupkfseuistvwtqbnpqd/Build/Products/Debug-iphoneos/PackageFrameworks -F /Users/ryankanfer/Library/Developer/Xcode/DerivedData/HOMEY_Clean-gafualdnzupkfseuistvwtqbnpqd/Build/Products/Debug-iphoneos/PackageFrameworks -F /Users/ryankanfer/Library/Developer/Xcode/DerivedData/HOMEY_Clean-gafualdnzupkfseuistvwtqbnpqd/Build/Products/Debug-iphoneos -F /Applications/Xcode.app/Contents/Developer/Platforms/iPhoneOS.platform/Developer/Library/Frameworks -F /Applications/Xcode.app/Contents/Developer/Platforms/iPhoneOS.platform/Developer/SDKs/iPhoneOS26.0.sdk/Developer/Library/Frameworks -c -j8 -enable-batch-mode -incremental -Xcc -ivfsstatcache -Xcc /Users/ryankanfer/Library/Developer/Xcode/DerivedData/SDKStatCaches.noindex/iphoneos26.0-23A339-81ce72e5b06c9602b9d30b56f2eed08a.sdkstatcache -output-file-map /Users/ryankanfer/Library/Developer/Xcode/DerivedData/HOMEY_Clean-gafualdnzupkfseuistvwtqbnpqd/Build/Intermediates.noindex/Supabase.build/Debug-iphoneos/Functions.build/Objects-normal/arm64/Functions-OutputFileMap.json -use-frontend-parseable-output -save-temps -no-color-diagnostics -explicit-module-build -module-cache-path /Users/ryankanfer/Library/Developer/Xcode/DerivedData/HOMEY_Clean-gafualdnzupkfseuistvwtqbnpqd/Build/Intermediates.noindex/SwiftExplicitPrecompiledModules -clang-scanner-module-cache-path /Users/ryankanfer/Library/Developer/Xcode/DerivedData/ModuleCache.noindex -sdk-module-cache-path /Users/ryankanfer/Library/Developer/Xcode/DerivedData/ModuleCache.noindex -serialize-diagnostics -emit-dependencies -emit-module -emit-module-path /Users/ryankanfer/Library/Developer/Xcode/DerivedData/HOMEY_Clean-gafualdnzupkfseuistvwtqbnpqd/Build/Intermediates.noindex/Supabase.build/Debug-iphoneos/Functions.build/Objects-normal/arm64/Functions.swiftmodule -validate-clang-modules-once -clang-build-session-file /Users/ryankanfer/Library/Developer/Xcode/DerivedData/ModuleCache.noindex/Session.modulevalidation -package-name supabase_swift -Xcc -I/Users/ryankanfer/Library/Developer/Xcode/DerivedData/HOMEY_Clean-gafualdnzupkfseuistvwtqbnpqd/Build/Intermediates.noindex/Supabase.build/Debug-iphoneos/Functions.build/swift-overrides.hmap -emit-const-values -Xfrontend -const-gather-protocols-file -Xfrontend /Users/ryankanfer/Library/Developer/Xcode/DerivedData/HOMEY_Clean-gafualdnzupkfseuistvwtqbnpqd/Build/Intermediates.noindex/Supabase.build/Debug-iphoneos/Functions.build/Objects-normal/arm64/Functions_const_extract_protocols.json -Xcc -I/Users/ryankanfer/Library/Developer/Xcode/DerivedData/HOMEY_Clean-gafualdnzupkfseuistvwtqbnpqd/Build/Products/Debug-iphoneos/include -Xcc -I/Users/ryankanfer/Library/Developer/Xcode/DerivedData/HOMEY_Clean-gafualdnzupkfseuistvwtqbnpqd/Build/Intermediates.noindex/Supabase.build/Debug-iphoneos/Functions.build/DerivedSources-normal/arm64 -Xcc -I/Users/ryankanfer/Library/Developer/Xcode/DerivedData/HOMEY_Clean-gafualdnzupkfseuistvwtqbnpqd/Build/Intermediates.noindex/Supabase.build/Debug-iphoneos/Functions.build/DerivedSources/arm64 -Xcc -I/Users/ryankanfer/Library/Developer/Xcode/DerivedData/HOMEY_Clean-gafualdnzupkfseuistvwtqbnpqd/Build/Intermediates.noindex/Supabase.build/Debug-iphoneos/Functions.build/DerivedSources -Xcc -DSWIFT_PACKAGE -Xcc -DDEBUG\=1 -emit-objc-header -emit-objc-header-path /Users/ryankanfer/Library/Developer/Xcode/DerivedData/HOMEY_Clean-gafualdnzupkfseuistvwtqbnpqd/Build/Intermediates.noindex/Supabase.build/Debug-iphoneos/Functions.build/Objects-normal/arm64/Functions-Swift.h -working-directory /Users/ryankanfer/Documents/Developer/HOMEY\ Clean/HOMEY\ Clean.xcodeproj -experimental-emit-module-separately -disable-cmo

SwiftDriver Auth normal arm64 com.apple.xcode.tools.swift.compiler (in target 'Auth' from project 'Supabase')
    cd /Users/ryankanfer/Documents/Developer/HOMEY\ Clean/HOMEY\ Clean.xcodeproj
    builtin-SwiftDriver -- /Applications/Xcode.app/Contents/Developer/Toolchains/XcodeDefault.xctoolchain/usr/bin/swiftc -module-name Auth -Onone -enforce-exclusivity\=checked @/Users/ryankanfer/Library/Developer/Xcode/DerivedData/HOMEY_Clean-gafualdnzupkfseuistvwtqbnpqd/Build/Intermediates.noindex/Supabase.build/Debug-iphoneos/Auth.build/Objects-normal/arm64/Auth.SwiftFileList -DSWIFT_PACKAGE -DDEBUG -DSWIFT_MODULE_RESOURCE_BUNDLE_UNAVAILABLE -DXcode -enable-upcoming-feature ExistentialAny -enable-experimental-feature StrictConcurrency -plugin-path /Applications/Xcode.app/Contents/Developer/Toolchains/XcodeDefault.xctoolchain/usr/lib/swift/host/plugins/testing -enable-experimental-feature DebugDescriptionMacro -sdk /Applications/Xcode.app/Contents/Developer/Platforms/iPhoneOS.platform/Developer/SDKs/iPhoneOS26.0.sdk -target arm64-apple-ios13.0 -g -module-cache-path /Users/ryankanfer/Library/Developer/Xcode/DerivedData/ModuleCache.noindex -Xfrontend -serialize-debugging-options -profile-coverage-mapping -profile-generate -enable-testing -suppress-warnings -index-store-path /Users/ryankanfer/Library/Developer/Xcode/DerivedData/HOMEY_Clean-gafualdnzupkfseuistvwtqbnpqd/Index.noindex/DataStore -Xcc -D_LIBCPP_HARDENING_MODE\=_LIBCPP_HARDENING_MODE_DEBUG -swift-version 5 -I /Users/ryankanfer/Library/Developer/Xcode/DerivedData/HOMEY_Clean-gafualdnzupkfseuistvwtqbnpqd/Build/Products/Debug-iphoneos -Isystem /Applications/Xcode.app/Contents/Developer/Platforms/iPhoneOS.platform/Developer/usr/lib -F /Users/ryankanfer/Library/Developer/Xcode/DerivedData/HOMEY_Clean-gafualdnzupkfseuistvwtqbnpqd/Build/Products/Debug-iphoneos/PackageFrameworks -F /Users/ryankanfer/Library/Developer/Xcode/DerivedData/HOMEY_Clean-gafualdnzupkfseuistvwtqbnpqd/Build/Products/Debug-iphoneos/PackageFrameworks -F /Users/ryankanfer/Library/Developer/Xcode/DerivedData/HOMEY_Clean-gafualdnzupkfseuistvwtqbnpqd/Build/Products/Debug-iphoneos/PackageFrameworks -F /Users/ryankanfer/Library/Developer/Xcode/DerivedData/HOMEY_Clean-gafualdnzupkfseuistvwtqbnpqd/Build/Products/Debug-iphoneos/PackageFrameworks -F /Users/ryankanfer/Library/Developer/Xcode/DerivedData/HOMEY_Clean-gafualdnzupkfseuistvwtqbnpqd/Build/Products/Debug-iphoneos/PackageFrameworks -F /Users/ryankanfer/Library/Developer/Xcode/DerivedData/HOMEY_Clean-gafualdnzupkfseuistvwtqbnpqd/Build/Products/Debug-iphoneos/PackageFrameworks -F /Users/ryankanfer/Library/Developer/Xcode/DerivedData/HOMEY_Clean-gafualdnzupkfseuistvwtqbnpqd/Build/Products/Debug-iphoneos/PackageFrameworks -F /Users/ryankanfer/Library/Developer/Xcode/DerivedData/HOMEY_Clean-gafualdnzupkfseuistvwtqbnpqd/Build/Products/Debug-iphoneos/PackageFrameworks -F /Users/ryankanfer/Library/Developer/Xcode/DerivedData/HOMEY_Clean-gafualdnzupkfseuistvwtqbnpqd/Build/Products/Debug-iphoneos -F /Applications/Xcode.app/Contents/Developer/Platforms/iPhoneOS.platform/Developer/Library/Frameworks -F /Applications/Xcode.app/Contents/Developer/Platforms/iPhoneOS.platform/Developer/SDKs/iPhoneOS26.0.sdk/Developer/Library/Frameworks -c -j8 -enable-batch-mode -incremental -Xcc -ivfsstatcache -Xcc /Users/ryankanfer/Library/Developer/Xcode/DerivedData/SDKStatCaches.noindex/iphoneos26.0-23A339-81ce72e5b06c9602b9d30b56f2eed08a.sdkstatcache -output-file-map /Users/ryankanfer/Library/Developer/Xcode/DerivedData/HOMEY_Clean-gafualdnzupkfseuistvwtqbnpqd/Build/Intermediates.noindex/Supabase.build/Debug-iphoneos/Auth.build/Objects-normal/arm64/Auth-OutputFileMap.json -use-frontend-parseable-output -save-temps -no-color-diagnostics -explicit-module-build -module-cache-path /Users/ryankanfer/Library/Developer/Xcode/DerivedData/HOMEY_Clean-gafualdnzupkfseuistvwtqbnpqd/Build/Intermediates.noindex/SwiftExplicitPrecompiledModules -clang-scanner-module-cache-path /Users/ryankanfer/Library/Developer/Xcode/DerivedData/ModuleCache.noindex -sdk-module-cache-path /Users/ryankanfer/Library/Developer/Xcode/DerivedData/ModuleCache.noindex -serialize-diagnostics -emit-dependencies -emit-module -emit-module-path /Users/ryankanfer/Library/Developer/Xcode/DerivedData/HOMEY_Clean-gafualdnzupkfseuistvwtqbnpqd/Build/Intermediates.noindex/Supabase.build/Debug-iphoneos/Auth.build/Objects-normal/arm64/Auth.swiftmodule -validate-clang-modules-once -clang-build-session-file /Users/ryankanfer/Library/Developer/Xcode/DerivedData/ModuleCache.noindex/Session.modulevalidation -package-name supabase_swift -Xcc -I/Users/ryankanfer/Library/Developer/Xcode/DerivedData/HOMEY_Clean-gafualdnzupkfseuistvwtqbnpqd/Build/Intermediates.noindex/Supabase.build/Debug-iphoneos/Auth.build/swift-overrides.hmap -emit-const-values -Xfrontend -const-gather-protocols-file -Xfrontend /Users/ryankanfer/Library/Developer/Xcode/DerivedData/HOMEY_Clean-gafualdnzupkfseuistvwtqbnpqd/Build/Intermediates.noindex/Supabase.build/Debug-iphoneos/Auth.build/Objects-normal/arm64/Auth_const_extract_protocols.json -Xcc -I/Users/ryankanfer/Library/Developer/Xcode/DerivedData/HOMEY_Clean-gafualdnzupkfseuistvwtqbnpqd/Build/Products/Debug-iphoneos/include -Xcc -I/Users/ryankanfer/Library/Developer/Xcode/DerivedData/HOMEY_Clean-gafualdnzupkfseuistvwtqbnpqd/Build/Intermediates.noindex/Supabase.build/Debug-iphoneos/Auth.build/DerivedSources-normal/arm64 -Xcc -I/Users/ryankanfer/Library/Developer/Xcode/DerivedData/HOMEY_Clean-gafualdnzupkfseuistvwtqbnpqd/Build/Intermediates.noindex/Supabase.build/Debug-iphoneos/Auth.build/DerivedSources/arm64 -Xcc -I/Users/ryankanfer/Library/Developer/Xcode/DerivedData/HOMEY_Clean-gafualdnzupkfseuistvwtqbnpqd/Build/Intermediates.noindex/Supabase.build/Debug-iphoneos/Auth.build/DerivedSources -Xcc -DSWIFT_PACKAGE -Xcc -DDEBUG\=1 -emit-objc-header -emit-objc-header-path /Users/ryankanfer/Library/Developer/Xcode/DerivedData/HOMEY_Clean-gafualdnzupkfseuistvwtqbnpqd/Build/Intermediates.noindex/Supabase.build/Debug-iphoneos/Auth.build/Objects-normal/arm64/Auth-Swift.h -working-directory /Users/ryankanfer/Documents/Developer/HOMEY\ Clean/HOMEY\ Clean.xcodeproj -experimental-emit-module-separately -disable-cmo

SwiftDriverJobDiscovery normal arm64 Compiling RetryRequestInterceptor.swift, JWT.swift, OSLogSupabaseLogger.swift (in target 'Helpers' from project 'Supabase')

RegisterExecutionPolicyException /Users/ryankanfer/Library/Developer/Xcode/DerivedData/HOMEY_Clean-gafualdnzupkfseuistvwtqbnpqd/Build/Products/Debug-iphoneos/Clocks.o (in target 'Clocks' from project 'swift-clocks')
    cd /Users/ryankanfer/Library/Developer/Xcode/DerivedData/HOMEY_Clean-gafualdnzupkfseuistvwtqbnpqd/SourcePackages/checkouts/swift-clocks
    builtin-RegisterExecutionPolicyException /Users/ryankanfer/Library/Developer/Xcode/DerivedData/HOMEY_Clean-gafualdnzupkfseuistvwtqbnpqd/Build/Products/Debug-iphoneos/Clocks.o

SwiftDriverJobDiscovery normal arm64 Compiling SupabaseLogger.swift, HTTPError.swift, PostgrestError.swift (in target 'Helpers' from project 'Supabase')

SwiftEmitModule normal arm64 Emitting\ module\ for\ Functions (in target 'Functions' from project 'Supabase')
EmitSwiftModule normal arm64 (in target 'Functions' from project 'Supabase')
    cd /Users/ryankanfer/Documents/Developer/HOMEY\ Clean/HOMEY\ Clean.xcodeproj
    

SwiftCompile normal arm64 Compiling\ Exports.swift /Users/ryankanfer/Library/Developer/Xcode/DerivedData/HOMEY_Clean-gafualdnzupkfseuistvwtqbnpqd/SourcePackages/checkouts/supabase-swift/Sources/Functions/Exports.swift (in target 'Functions' from project 'Supabase')

SwiftCompile normal arm64 /Users/ryankanfer/Library/Developer/Xcode/DerivedData/HOMEY_Clean-gafualdnzupkfseuistvwtqbnpqd/SourcePackages/checkouts/supabase-swift/Sources/Functions/Exports.swift (in target 'Functions' from project 'Supabase')
    cd /Users/ryankanfer/Documents/Developer/HOMEY\ Clean/HOMEY\ Clean.xcodeproj
    

SwiftCompile normal arm64 Compiling\ Types.swift /Users/ryankanfer/Library/Developer/Xcode/DerivedData/HOMEY_Clean-gafualdnzupkfseuistvwtqbnpqd/SourcePackages/checkouts/supabase-swift/Sources/Functions/Types.swift (in target 'Functions' from project 'Supabase')
SwiftCompile normal arm64 /Users/ryankanfer/Library/Developer/Xcode/DerivedData/HOMEY_Clean-gafualdnzupkfseuistvwtqbnpqd/SourcePackages/checkouts/supabase-swift/Sources/Functions/Types.swift (in target 'Functions' from project 'Supabase')
    cd /Users/ryankanfer/Documents/Developer/HOMEY\ Clean/HOMEY\ Clean.xcodeproj
    

SwiftCompile normal arm64 Compiling\ FunctionsClient.swift /Users/ryankanfer/Library/Developer/Xcode/DerivedData/HOMEY_Clean-gafualdnzupkfseuistvwtqbnpqd/SourcePackages/checkouts/supabase-swift/Sources/Functions/FunctionsClient.swift (in target 'Functions' from project 'Supabase')
SwiftCompile normal arm64 /Users/ryankanfer/Library/Developer/Xcode/DerivedData/HOMEY_Clean-gafualdnzupkfseuistvwtqbnpqd/SourcePackages/checkouts/supabase-swift/Sources/Functions/FunctionsClient.swift (in target 'Functions' from project 'Supabase')
    cd /Users/ryankanfer/Documents/Developer/HOMEY\ Clean/HOMEY\ Clean.xcodeproj
    

SwiftDriverJobDiscovery normal arm64 Compiling Codable.swift, DateFormatter.swift, EventEmitter.swift (in target 'Helpers' from project 'Supabase')

SwiftDriver\ Compilation Helpers normal arm64 com.apple.xcode.tools.swift.compiler (in target 'Helpers' from project 'Supabase')
    cd /Users/ryankanfer/Documents/Developer/HOMEY\ Clean/HOMEY\ Clean.xcodeproj
    builtin-Swift-Compilation -- /Applications/Xcode.app/Contents/Developer/Toolchains/XcodeDefault.xctoolchain/usr/bin/swiftc -module-name Helpers -Onone -enforce-exclusivity\=checked @/Users/ryankanfer/Library/Developer/Xcode/DerivedData/HOMEY_Clean-gafualdnzupkfseuistvwtqbnpqd/Build/Intermediates.noindex/Supabase.build/Debug-iphoneos/Helpers.build/Objects-normal/arm64/Helpers.SwiftFileList -DSWIFT_PACKAGE -DDEBUG -DSWIFT_MODULE_RESOURCE_BUNDLE_UNAVAILABLE -DXcode -enable-upcoming-feature ExistentialAny -enable-experimental-feature StrictConcurrency -plugin-path /Applications/Xcode.app/Contents/Developer/Toolchains/XcodeDefault.xctoolchain/usr/lib/swift/host/plugins/testing -enable-experimental-feature DebugDescriptionMacro -sdk /Applications/Xcode.app/Contents/Developer/Platforms/iPhoneOS.platform/Developer/SDKs/iPhoneOS26.0.sdk -target arm64-apple-ios13.0 -g -module-cache-path /Users/ryankanfer/Library/Developer/Xcode/DerivedData/ModuleCache.noindex -Xfrontend -serialize-debugging-options -profile-coverage-mapping -profile-generate -enable-testing -suppress-warnings -index-store-path /Users/ryankanfer/Library/Developer/Xcode/DerivedData/HOMEY_Clean-gafualdnzupkfseuistvwtqbnpqd/Index.noindex/DataStore -Xcc -D_LIBCPP_HARDENING_MODE\=_LIBCPP_HARDENING_MODE_DEBUG -swift-version 5 -I /Users/ryankanfer/Library/Developer/Xcode/DerivedData/HOMEY_Clean-gafualdnzupkfseuistvwtqbnpqd/Build/Products/Debug-iphoneos -Isystem /Applications/Xcode.app/Contents/Developer/Platforms/iPhoneOS.platform/Developer/usr/lib -F /Users/ryankanfer/Library/Developer/Xcode/DerivedData/HOMEY_Clean-gafualdnzupkfseuistvwtqbnpqd/Build/Products/Debug-iphoneos/PackageFrameworks -F /Users/ryankanfer/Library/Developer/Xcode/DerivedData/HOMEY_Clean-gafualdnzupkfseuistvwtqbnpqd/Build/Products/Debug-iphoneos/PackageFrameworks -F /Users/ryankanfer/Library/Developer/Xcode/DerivedData/HOMEY_Clean-gafualdnzupkfseuistvwtqbnpqd/Build/Products/Debug-iphoneos/PackageFrameworks -F /Users/ryankanfer/Library/Developer/Xcode/DerivedData/HOMEY_Clean-gafualdnzupkfseuistvwtqbnpqd/Build/Products/Debug-iphoneos/PackageFrameworks -F /Users/ryankanfer/Library/Developer/Xcode/DerivedData/HOMEY_Clean-gafualdnzupkfseuistvwtqbnpqd/Build/Products/Debug-iphoneos/PackageFrameworks -F /Users/ryankanfer/Library/Developer/Xcode/DerivedData/HOMEY_Clean-gafualdnzupkfseuistvwtqbnpqd/Build/Products/Debug-iphoneos/PackageFrameworks -F /Users/ryankanfer/Library/Developer/Xcode/DerivedData/HOMEY_Clean-gafualdnzupkfseuistvwtqbnpqd/Build/Products/Debug-iphoneos -F /Applications/Xcode.app/Contents/Developer/Platforms/iPhoneOS.platform/Developer/Library/Frameworks -F /Applications/Xcode.app/Contents/Developer/Platforms/iPhoneOS.platform/Developer/SDKs/iPhoneOS26.0.sdk/Developer/Library/Frameworks -c -j8 -enable-batch-mode -incremental -Xcc -ivfsstatcache -Xcc /Users/ryankanfer/Library/Developer/Xcode/DerivedData/SDKStatCaches.noindex/iphoneos26.0-23A339-81ce72e5b06c9602b9d30b56f2eed08a.sdkstatcache -output-file-map /Users/ryankanfer/Library/Developer/Xcode/DerivedData/HOMEY_Clean-gafualdnzupkfseuistvwtqbnpqd/Build/Intermediates.noindex/Supabase.build/Debug-iphoneos/Helpers.build/Objects-normal/arm64/Helpers-OutputFileMap.json -use-frontend-parseable-output -save-temps -no-color-diagnostics -explicit-module-build -module-cache-path /Users/ryankanfer/Library/Developer/Xcode/DerivedData/HOMEY_Clean-gafualdnzupkfseuistvwtqbnpqd/Build/Intermediates.noindex/SwiftExplicitPrecompiledModules -clang-scanner-module-cache-path /Users/ryankanfer/Library/Developer/Xcode/DerivedData/ModuleCache.noindex -sdk-module-cache-path /Users/ryankanfer/Library/Developer/Xcode/DerivedData/ModuleCache.noindex -serialize-diagnostics -emit-dependencies -emit-module -emit-module-path /Users/ryankanfer/Library/Developer/Xcode/DerivedData/HOMEY_Clean-gafualdnzupkfseuistvwtqbnpqd/Build/Intermediates.noindex/Supabase.build/Debug-iphoneos/Helpers.build/Objects-normal/arm64/Helpers.swiftmodule -validate-clang-modules-once -clang-build-session-file /Users/ryankanfer/Library/Developer/Xcode/DerivedData/ModuleCache.noindex/Session.modulevalidation -package-name supabase_swift -Xcc -I/Users/ryankanfer/Library/Developer/Xcode/DerivedData/HOMEY_Clean-gafualdnzupkfseuistvwtqbnpqd/Build/Intermediates.noindex/Supabase.build/Debug-iphoneos/Helpers.build/swift-overrides.hmap -emit-const-values -Xfrontend -const-gather-protocols-file -Xfrontend /Users/ryankanfer/Library/Developer/Xcode/DerivedData/HOMEY_Clean-gafualdnzupkfseuistvwtqbnpqd/Build/Intermediates.noindex/Supabase.build/Debug-iphoneos/Helpers.build/Objects-normal/arm64/Helpers_const_extract_protocols.json -Xcc -I/Users/ryankanfer/Library/Developer/Xcode/DerivedData/HOMEY_Clean-gafualdnzupkfseuistvwtqbnpqd/Build/Products/Debug-iphoneos/include -Xcc -I/Users/ryankanfer/Library/Developer/Xcode/DerivedData/HOMEY_Clean-gafualdnzupkfseuistvwtqbnpqd/Build/Intermediates.noindex/Supabase.build/Debug-iphoneos/Helpers.build/DerivedSources-normal/arm64 -Xcc -I/Users/ryankanfer/Library/Developer/Xcode/DerivedData/HOMEY_Clean-gafualdnzupkfseuistvwtqbnpqd/Build/Intermediates.noindex/Supabase.build/Debug-iphoneos/Helpers.build/DerivedSources/arm64 -Xcc -I/Users/ryankanfer/Library/Developer/Xcode/DerivedData/HOMEY_Clean-gafualdnzupkfseuistvwtqbnpqd/Build/Intermediates.noindex/Supabase.build/Debug-iphoneos/Helpers.build/DerivedSources -Xcc -DSWIFT_PACKAGE -Xcc -DDEBUG\=1 -emit-objc-header -emit-objc-header-path /Users/ryankanfer/Library/Developer/Xcode/DerivedData/HOMEY_Clean-gafualdnzupkfseuistvwtqbnpqd/Build/Intermediates.noindex/Supabase.build/Debug-iphoneos/Helpers.build/Objects-normal/arm64/Helpers-Swift.h -working-directory /Users/ryankanfer/Documents/Developer/HOMEY\ Clean/HOMEY\ Clean.xcodeproj -experimental-emit-module-separately -disable-cmo

SwiftEmitModule normal arm64 Emitting\ module\ for\ Storage (in target 'Storage' from project 'Supabase')

EmitSwiftModule normal arm64 (in target 'Storage' from project 'Supabase')
    cd /Users/ryankanfer/Documents/Developer/HOMEY\ Clean/HOMEY\ Clean.xcodeproj
    

Ld /Users/ryankanfer/Library/Developer/Xcode/DerivedData/HOMEY_Clean-gafualdnzupkfseuistvwtqbnpqd/Build/Products/Debug-iphoneos/Helpers.o normal (in target 'Helpers' from project 'Supabase')
    cd /Users/ryankanfer/Library/Developer/Xcode/DerivedData/HOMEY_Clean-gafualdnzupkfseuistvwtqbnpqd/SourcePackages/checkouts/supabase-swift
    /Applications/Xcode.app/Contents/Developer/Toolchains/XcodeDefault.xctoolchain/usr/bin/clang -Xlinker -reproducible -target arm64-apple-ios13.0 -r -isysroot /Applications/Xcode.app/Contents/Developer/Platforms/iPhoneOS.platform/Developer/SDKs/iPhoneOS26.0.sdk -O0 -w -L/Users/ryankanfer/Library/Developer/Xcode/DerivedData/HOMEY_Clean-gafualdnzupkfseuistvwtqbnpqd/Build/Intermediates.noindex/EagerLinkingTBDs/Debug-iphoneos -L/Users/ryankanfer/Library/Developer/Xcode/DerivedData/HOMEY_Clean-gafualdnzupkfseuistvwtqbnpqd/Build/Products/Debug-iphoneos -L/Applications/Xcode.app/Contents/Developer/Platforms/iPhoneOS.platform/Developer/usr/lib -F/Users/ryankanfer/Library/Developer/Xcode/DerivedData/HOMEY_Clean-gafualdnzupkfseuistvwtqbnpqd/Build/Intermediates.noindex/EagerLinkingTBDs/Debug-iphoneos -F/Users/ryankanfer/Library/Developer/Xcode/DerivedData/HOMEY_Clean-gafualdnzupkfseuistvwtqbnpqd/Build/Products/Debug-iphoneos/PackageFrameworks -F/Users/ryankanfer/Library/Developer/Xcode/DerivedData/HOMEY_Clean-gafualdnzupkfseuistvwtqbnpqd/Build/Products/Debug-iphoneos/PackageFrameworks -F/Users/ryankanfer/Library/Developer/Xcode/DerivedData/HOMEY_Clean-gafualdnzupkfseuistvwtqbnpqd/Build/Products/Debug-iphoneos/PackageFrameworks -F/Users/ryankanfer/Library/Developer/Xcode/DerivedData/HOMEY_Clean-gafualdnzupkfseuistvwtqbnpqd/Build/Products/Debug-iphoneos/PackageFrameworks -F/Users/ryankanfer/Library/Developer/Xcode/DerivedData/HOMEY_Clean-gafualdnzupkfseuistvwtqbnpqd/Build/Products/Debug-iphoneos/PackageFrameworks -F/Users/ryankanfer/Library/Developer/Xcode/DerivedData/HOMEY_Clean-gafualdnzupkfseuistvwtqbnpqd/Build/Products/Debug-iphoneos/PackageFrameworks -F/Users/ryankanfer/Library/Developer/Xcode/DerivedData/HOMEY_Clean-gafualdnzupkfseuistvwtqbnpqd/Build/Products/Debug-iphoneos -iframework /Applications/Xcode.app/Contents/Developer/Platforms/iPhoneOS.platform/Developer/Library/Frameworks -iframework /Applications/Xcode.app/Contents/Developer/Platforms/iPhoneOS.platform/Developer/SDKs/iPhoneOS26.0.sdk/Developer/Library/Frameworks -filelist /Users/ryankanfer/Library/Developer/Xcode/DerivedData/HOMEY_Clean-gafualdnzupkfseuistvwtqbnpqd/Build/Intermediates.noindex/Supabase.build/Debug-iphoneos/Helpers.build/Objects-normal/arm64/Helpers.LinkFileList -nostdlib -Xlinker -object_path_lto -Xlinker /Users/ryankanfer/Library/Developer/Xcode/DerivedData/HOMEY_Clean-gafualdnzupkfseuistvwtqbnpqd/Build/Intermediates.noindex/Supabase.build/Debug-iphoneos/Helpers.build/Objects-normal/arm64/Helpers_lto.o -rdynamic -Xlinker -no_deduplicate -Xlinker -debug_variant -Xlinker -dependency_info -Xlinker /Users/ryankanfer/Library/Developer/Xcode/DerivedData/HOMEY_Clean-gafualdnzupkfseuistvwtqbnpqd/Build/Intermediates.noindex/Supabase.build/Debug-iphoneos/Helpers.build/Objects-normal/arm64/Helpers_dependency_info.dat -fobjc-link-runtime -L/Applications/Xcode.app/Contents/Developer/Toolchains/XcodeDefault.xctoolchain/usr/lib/swift/iphoneos -L/usr/lib/swift -Xlinker -add_ast_path -Xlinker /Users/ryankanfer/Library/Developer/Xcode/DerivedData/HOMEY_Clean-gafualdnzupkfseuistvwtqbnpqd/Build/Intermediates.noindex/Supabase.build/Debug-iphoneos/Helpers.build/Objects-normal/arm64/Helpers.swiftmodule @/Users/ryankanfer/Library/Developer/Xcode/DerivedData/HOMEY_Clean-gafualdnzupkfseuistvwtqbnpqd/Build/Intermediates.noindex/Supabase.build/Debug-iphoneos/Helpers.build/Objects-normal/arm64/Helpers-linker-args.resp -o /Users/ryankanfer/Library/Developer/Xcode/DerivedData/HOMEY_Clean-gafualdnzupkfseuistvwtqbnpqd/Build/Products/Debug-iphoneos/Helpers.o

SwiftEmitModule normal arm64 Emitting\ module\ for\ PostgREST (in target 'PostgREST' from project 'Supabase')

EmitSwiftModule normal arm64 (in target 'PostgREST' from project 'Supabase')
    cd /Users/ryankanfer/Documents/Developer/HOMEY\ Clean/HOMEY\ Clean.xcodeproj
    

SwiftDriverJobDiscovery normal arm64 Compiling Exports.swift (in target 'Functions' from project 'Supabase')

SwiftCompile normal arm64 Compiling\ StorageApi.swift,\ StorageBucketApi.swift /Users/ryankanfer/Library/Developer/Xcode/DerivedData/HOMEY_Clean-gafualdnzupkfseuistvwtqbnpqd/SourcePackages/checkouts/supabase-swift/Sources/Storage/StorageApi.swift /Users/ryankanfer/Library/Developer/Xcode/DerivedData/HOMEY_Clean-gafualdnzupkfseuistvwtqbnpqd/SourcePackages/checkouts/supabase-swift/Sources/Storage/StorageBucketApi.swift (in target 'Storage' from project 'Supabase')
SwiftCompile normal arm64 /Users/ryankanfer/Library/Developer/Xcode/DerivedData/HOMEY_Clean-gafualdnzupkfseuistvwtqbnpqd/SourcePackages/checkouts/supabase-swift/Sources/Storage/StorageApi.swift (in target 'Storage' from project 'Supabase')
    cd /Users/ryankanfer/Documents/Developer/HOMEY\ Clean/HOMEY\ Clean.xcodeproj
    

SwiftCompile normal arm64 /Users/ryankanfer/Library/Developer/Xcode/DerivedData/HOMEY_Clean-gafualdnzupkfseuistvwtqbnpqd/SourcePackages/checkouts/supabase-swift/Sources/Storage/StorageBucketApi.swift (in target 'Storage' from project 'Supabase')
    cd /Users/ryankanfer/Documents/Developer/HOMEY\ Clean/HOMEY\ Clean.xcodeproj
    

SwiftCompile normal arm64 Compiling\ Helpers.swift,\ MultipartFormData.swift /Users/ryankanfer/Library/Developer/Xcode/DerivedData/HOMEY_Clean-gafualdnzupkfseuistvwtqbnpqd/SourcePackages/checkouts/supabase-swift/Sources/Storage/Helpers.swift /Users/ryankanfer/Library/Developer/Xcode/DerivedData/HOMEY_Clean-gafualdnzupkfseuistvwtqbnpqd/SourcePackages/checkouts/supabase-swift/Sources/Storage/MultipartFormData.swift (in target 'Storage' from project 'Supabase')
SwiftCompile normal arm64 /Users/ryankanfer/Library/Developer/Xcode/DerivedData/HOMEY_Clean-gafualdnzupkfseuistvwtqbnpqd/SourcePackages/checkouts/supabase-swift/Sources/Storage/Helpers.swift (in target 'Storage' from project 'Supabase')
    cd /Users/ryankanfer/Documents/Developer/HOMEY\ Clean/HOMEY\ Clean.xcodeproj
    

SwiftCompile normal arm64 /Users/ryankanfer/Library/Developer/Xcode/DerivedData/HOMEY_Clean-gafualdnzupkfseuistvwtqbnpqd/SourcePackages/checkouts/supabase-swift/Sources/Storage/MultipartFormData.swift (in target 'Storage' from project 'Supabase')
    cd /Users/ryankanfer/Documents/Developer/HOMEY\ Clean/HOMEY\ Clean.xcodeproj
    

SwiftCompile normal arm64 Compiling\ BucketOptions.swift,\ Codable.swift /Users/ryankanfer/Library/Developer/Xcode/DerivedData/HOMEY_Clean-gafualdnzupkfseuistvwtqbnpqd/SourcePackages/checkouts/supabase-swift/Sources/Storage/BucketOptions.swift /Users/ryankanfer/Library/Developer/Xcode/DerivedData/HOMEY_Clean-gafualdnzupkfseuistvwtqbnpqd/SourcePackages/checkouts/supabase-swift/Sources/Storage/Codable.swift (in target 'Storage' from project 'Supabase')

SwiftCompile normal arm64 /Users/ryankanfer/Library/Developer/Xcode/DerivedData/HOMEY_Clean-gafualdnzupkfseuistvwtqbnpqd/SourcePackages/checkouts/supabase-swift/Sources/Storage/BucketOptions.swift (in target 'Storage' from project 'Supabase')
    cd /Users/ryankanfer/Documents/Developer/HOMEY\ Clean/HOMEY\ Clean.xcodeproj
    

SwiftCompile normal arm64 /Users/ryankanfer/Library/Developer/Xcode/DerivedData/HOMEY_Clean-gafualdnzupkfseuistvwtqbnpqd/SourcePackages/checkouts/supabase-swift/Sources/Storage/Codable.swift (in target 'Storage' from project 'Supabase')
    cd /Users/ryankanfer/Documents/Developer/HOMEY\ Clean/HOMEY\ Clean.xcodeproj
    

SwiftEmitModule normal arm64 Emitting\ module\ for\ Realtime (in target 'Realtime' from project 'Supabase')
EmitSwiftModule normal arm64 (in target 'Realtime' from project 'Supabase')
    cd /Users/ryankanfer/Documents/Developer/HOMEY\ Clean/HOMEY\ Clean.xcodeproj
    

SwiftDriverJobDiscovery normal arm64 Emitting module for Functions (in target 'Functions' from project 'Supabase')

SwiftDriver\ Compilation\ Requirements Functions normal arm64 com.apple.xcode.tools.swift.compiler (in target 'Functions' from project 'Supabase')
    cd /Users/ryankanfer/Documents/Developer/HOMEY\ Clean/HOMEY\ Clean.xcodeproj
    builtin-Swift-Compilation-Requirements -- /Applications/Xcode.app/Contents/Developer/Toolchains/XcodeDefault.xctoolchain/usr/bin/swiftc -module-name Functions -Onone -enforce-exclusivity\=checked @/Users/ryankanfer/Library/Developer/Xcode/DerivedData/HOMEY_Clean-gafualdnzupkfseuistvwtqbnpqd/Build/Intermediates.noindex/Supabase.build/Debug-iphoneos/Functions.build/Objects-normal/arm64/Functions.SwiftFileList -DSWIFT_PACKAGE -DDEBUG -DSWIFT_MODULE_RESOURCE_BUNDLE_UNAVAILABLE -DXcode -enable-upcoming-feature ExistentialAny -enable-experimental-feature StrictConcurrency -plugin-path /Applications/Xcode.app/Contents/Developer/Toolchains/XcodeDefault.xctoolchain/usr/lib/swift/host/plugins/testing -enable-experimental-feature DebugDescriptionMacro -sdk /Applications/Xcode.app/Contents/Developer/Platforms/iPhoneOS.platform/Developer/SDKs/iPhoneOS26.0.sdk -target arm64-apple-ios13.0 -g -module-cache-path /Users/ryankanfer/Library/Developer/Xcode/DerivedData/ModuleCache.noindex -Xfrontend -serialize-debugging-options -profile-coverage-mapping -profile-generate -enable-testing -suppress-warnings -index-store-path /Users/ryankanfer/Library/Developer/Xcode/DerivedData/HOMEY_Clean-gafualdnzupkfseuistvwtqbnpqd/Index.noindex/DataStore -Xcc -D_LIBCPP_HARDENING_MODE\=_LIBCPP_HARDENING_MODE_DEBUG -swift-version 5 -I /Users/ryankanfer/Library/Developer/Xcode/DerivedData/HOMEY_Clean-gafualdnzupkfseuistvwtqbnpqd/Build/Products/Debug-iphoneos -Isystem /Applications/Xcode.app/Contents/Developer/Platforms/iPhoneOS.platform/Developer/usr/lib -F /Users/ryankanfer/Library/Developer/Xcode/DerivedData/HOMEY_Clean-gafualdnzupkfseuistvwtqbnpqd/Build/Products/Debug-iphoneos/PackageFrameworks -F /Users/ryankanfer/Library/Developer/Xcode/DerivedData/HOMEY_Clean-gafualdnzupkfseuistvwtqbnpqd/Build/Products/Debug-iphoneos/PackageFrameworks -F /Users/ryankanfer/Library/Developer/Xcode/DerivedData/HOMEY_Clean-gafualdnzupkfseuistvwtqbnpqd/Build/Products/Debug-iphoneos/PackageFrameworks -F /Users/ryankanfer/Library/Developer/Xcode/DerivedData/HOMEY_Clean-gafualdnzupkfseuistvwtqbnpqd/Build/Products/Debug-iphoneos/PackageFrameworks -F /Users/ryankanfer/Library/Developer/Xcode/DerivedData/HOMEY_Clean-gafualdnzupkfseuistvwtqbnpqd/Build/Products/Debug-iphoneos/PackageFrameworks -F /Users/ryankanfer/Library/Developer/Xcode/DerivedData/HOMEY_Clean-gafualdnzupkfseuistvwtqbnpqd/Build/Products/Debug-iphoneos/PackageFrameworks -F /Users/ryankanfer/Library/Developer/Xcode/DerivedData/HOMEY_Clean-gafualdnzupkfseuistvwtqbnpqd/Build/Products/Debug-iphoneos/PackageFrameworks -F /Users/ryankanfer/Library/Developer/Xcode/DerivedData/HOMEY_Clean-gafualdnzupkfseuistvwtqbnpqd/Build/Products/Debug-iphoneos -F /Applications/Xcode.app/Contents/Developer/Platforms/iPhoneOS.platform/Developer/Library/Frameworks -F /Applications/Xcode.app/Contents/Developer/Platforms/iPhoneOS.platform/Developer/SDKs/iPhoneOS26.0.sdk/Developer/Library/Frameworks -c -j8 -enable-batch-mode -incremental -Xcc -ivfsstatcache -Xcc /Users/ryankanfer/Library/Developer/Xcode/DerivedData/SDKStatCaches.noindex/iphoneos26.0-23A339-81ce72e5b06c9602b9d30b56f2eed08a.sdkstatcache -output-file-map /Users/ryankanfer/Library/Developer/Xcode/DerivedData/HOMEY_Clean-gafualdnzupkfseuistvwtqbnpqd/Build/Intermediates.noindex/Supabase.build/Debug-iphoneos/Functions.build/Objects-normal/arm64/Functions-OutputFileMap.json -use-frontend-parseable-output -save-temps -no-color-diagnostics -explicit-module-build -module-cache-path /Users/ryankanfer/Library/Developer/Xcode/DerivedData/HOMEY_Clean-gafualdnzupkfseuistvwtqbnpqd/Build/Intermediates.noindex/SwiftExplicitPrecompiledModules -clang-scanner-module-cache-path /Users/ryankanfer/Library/Developer/Xcode/DerivedData/ModuleCache.noindex -sdk-module-cache-path /Users/ryankanfer/Library/Developer/Xcode/DerivedData/ModuleCache.noindex -serialize-diagnostics -emit-dependencies -emit-module -emit-module-path /Users/ryankanfer/Library/Developer/Xcode/DerivedData/HOMEY_Clean-gafualdnzupkfseuistvwtqbnpqd/Build/Intermediates.noindex/Supabase.build/Debug-iphoneos/Functions.build/Objects-normal/arm64/Functions.swiftmodule -validate-clang-modules-once -clang-build-session-file /Users/ryankanfer/Library/Developer/Xcode/DerivedData/ModuleCache.noindex/Session.modulevalidation -package-name supabase_swift -Xcc -I/Users/ryankanfer/Library/Developer/Xcode/DerivedData/HOMEY_Clean-gafualdnzupkfseuistvwtqbnpqd/Build/Intermediates.noindex/Supabase.build/Debug-iphoneos/Functions.build/swift-overrides.hmap -emit-const-values -Xfrontend -const-gather-protocols-file -Xfrontend /Users/ryankanfer/Library/Developer/Xcode/DerivedData/HOMEY_Clean-gafualdnzupkfseuistvwtqbnpqd/Build/Intermediates.noindex/Supabase.build/Debug-iphoneos/Functions.build/Objects-normal/arm64/Functions_const_extract_protocols.json -Xcc -I/Users/ryankanfer/Library/Developer/Xcode/DerivedData/HOMEY_Clean-gafualdnzupkfseuistvwtqbnpqd/Build/Products/Debug-iphoneos/include -Xcc -I/Users/ryankanfer/Library/Developer/Xcode/DerivedData/HOMEY_Clean-gafualdnzupkfseuistvwtqbnpqd/Build/Intermediates.noindex/Supabase.build/Debug-iphoneos/Functions.build/DerivedSources-normal/arm64 -Xcc -I/Users/ryankanfer/Library/Developer/Xcode/DerivedData/HOMEY_Clean-gafualdnzupkfseuistvwtqbnpqd/Build/Intermediates.noindex/Supabase.build/Debug-iphoneos/Functions.build/DerivedSources/arm64 -Xcc -I/Users/ryankanfer/Library/Developer/Xcode/DerivedData/HOMEY_Clean-gafualdnzupkfseuistvwtqbnpqd/Build/Intermediates.noindex/Supabase.build/Debug-iphoneos/Functions.build/DerivedSources -Xcc -DSWIFT_PACKAGE -Xcc -DDEBUG\=1 -emit-objc-header -emit-objc-header-path /Users/ryankanfer/Library/Developer/Xcode/DerivedData/HOMEY_Clean-gafualdnzupkfseuistvwtqbnpqd/Build/Intermediates.noindex/Supabase.build/Debug-iphoneos/Functions.build/Objects-normal/arm64/Functions-Swift.h -working-directory /Users/ryankanfer/Documents/Developer/HOMEY\ Clean/HOMEY\ Clean.xcodeproj -experimental-emit-module-separately -disable-cmo

SwiftDriverJobDiscovery normal arm64 Compiling Types.swift (in target 'Functions' from project 'Supabase')

SwiftEmitModule normal arm64 Emitting\ module\ for\ Auth (in target 'Auth' from project 'Supabase')
EmitSwiftModule normal arm64 (in target 'Auth' from project 'Supabase')
    cd /Users/ryankanfer/Documents/Developer/HOMEY\ Clean/HOMEY\ Clean.xcodeproj
    

SwiftDriverJobDiscovery normal arm64 Emitting module for PostgREST (in target 'PostgREST' from project 'Supabase')

SwiftCompile normal arm64 Compiling\ Types.swift /Users/ryankanfer/Library/Developer/Xcode/DerivedData/HOMEY_Clean-gafualdnzupkfseuistvwtqbnpqd/SourcePackages/checkouts/supabase-swift/Sources/Storage/Types.swift (in target 'Storage' from project 'Supabase')
SwiftCompile normal arm64 /Users/ryankanfer/Library/Developer/Xcode/DerivedData/HOMEY_Clean-gafualdnzupkfseuistvwtqbnpqd/SourcePackages/checkouts/supabase-swift/Sources/Storage/Types.swift (in target 'Storage' from project 'Supabase')
    cd /Users/ryankanfer/Documents/Developer/HOMEY\ Clean/HOMEY\ Clean.xcodeproj
    

SwiftDriver\ Compilation\ Requirements PostgREST normal arm64 com.apple.xcode.tools.swift.compiler (in target 'PostgREST' from project 'Supabase')
    cd /Users/ryankanfer/Documents/Developer/HOMEY\ Clean/HOMEY\ Clean.xcodeproj
    builtin-Swift-Compilation-Requirements -- /Applications/Xcode.app/Contents/Developer/Toolchains/XcodeDefault.xctoolchain/usr/bin/swiftc -module-name PostgREST -Onone -enforce-exclusivity\=checked @/Users/ryankanfer/Library/Developer/Xcode/DerivedData/HOMEY_Clean-gafualdnzupkfseuistvwtqbnpqd/Build/Intermediates.noindex/Supabase.build/Debug-iphoneos/PostgREST.build/Objects-normal/arm64/PostgREST.SwiftFileList -DSWIFT_PACKAGE -DDEBUG -DSWIFT_MODULE_RESOURCE_BUNDLE_UNAVAILABLE -DXcode -enable-upcoming-feature ExistentialAny -enable-experimental-feature StrictConcurrency -plugin-path /Applications/Xcode.app/Contents/Developer/Toolchains/XcodeDefault.xctoolchain/usr/lib/swift/host/plugins/testing -enable-experimental-feature DebugDescriptionMacro -sdk /Applications/Xcode.app/Contents/Developer/Platforms/iPhoneOS.platform/Developer/SDKs/iPhoneOS26.0.sdk -target arm64-apple-ios13.0 -g -module-cache-path /Users/ryankanfer/Library/Developer/Xcode/DerivedData/ModuleCache.noindex -Xfrontend -serialize-debugging-options -profile-coverage-mapping -profile-generate -enable-testing -suppress-warnings -index-store-path /Users/ryankanfer/Library/Developer/Xcode/DerivedData/HOMEY_Clean-gafualdnzupkfseuistvwtqbnpqd/Index.noindex/DataStore -Xcc -D_LIBCPP_HARDENING_MODE\=_LIBCPP_HARDENING_MODE_DEBUG -swift-version 5 -I /Users/ryankanfer/Library/Developer/Xcode/DerivedData/HOMEY_Clean-gafualdnzupkfseuistvwtqbnpqd/Build/Products/Debug-iphoneos -Isystem /Applications/Xcode.app/Contents/Developer/Platforms/iPhoneOS.platform/Developer/usr/lib -F /Users/ryankanfer/Library/Developer/Xcode/DerivedData/HOMEY_Clean-gafualdnzupkfseuistvwtqbnpqd/Build/Products/Debug-iphoneos/PackageFrameworks -F /Users/ryankanfer/Library/Developer/Xcode/DerivedData/HOMEY_Clean-gafualdnzupkfseuistvwtqbnpqd/Build/Products/Debug-iphoneos/PackageFrameworks -F /Users/ryankanfer/Library/Developer/Xcode/DerivedData/HOMEY_Clean-gafualdnzupkfseuistvwtqbnpqd/Build/Products/Debug-iphoneos/PackageFrameworks -F /Users/ryankanfer/Library/Developer/Xcode/DerivedData/HOMEY_Clean-gafualdnzupkfseuistvwtqbnpqd/Build/Products/Debug-iphoneos/PackageFrameworks -F /Users/ryankanfer/Library/Developer/Xcode/DerivedData/HOMEY_Clean-gafualdnzupkfseuistvwtqbnpqd/Build/Products/Debug-iphoneos/PackageFrameworks -F /Users/ryankanfer/Library/Developer/Xcode/DerivedData/HOMEY_Clean-gafualdnzupkfseuistvwtqbnpqd/Build/Products/Debug-iphoneos/PackageFrameworks -F /Users/ryankanfer/Library/Developer/Xcode/DerivedData/HOMEY_Clean-gafualdnzupkfseuistvwtqbnpqd/Build/Products/Debug-iphoneos/PackageFrameworks -F /Users/ryankanfer/Library/Developer/Xcode/DerivedData/HOMEY_Clean-gafualdnzupkfseuistvwtqbnpqd/Build/Products/Debug-iphoneos -F /Applications/Xcode.app/Contents/Developer/Platforms/iPhoneOS.platform/Developer/Library/Frameworks -F /Applications/Xcode.app/Contents/Developer/Platforms/iPhoneOS.platform/Developer/SDKs/iPhoneOS26.0.sdk/Developer/Library/Frameworks -c -j8 -enable-batch-mode -incremental -Xcc -ivfsstatcache -Xcc /Users/ryankanfer/Library/Developer/Xcode/DerivedData/SDKStatCaches.noindex/iphoneos26.0-23A339-81ce72e5b06c9602b9d30b56f2eed08a.sdkstatcache -output-file-map /Users/ryankanfer/Library/Developer/Xcode/DerivedData/HOMEY_Clean-gafualdnzupkfseuistvwtqbnpqd/Build/Intermediates.noindex/Supabase.build/Debug-iphoneos/PostgREST.build/Objects-normal/arm64/PostgREST-OutputFileMap.json -use-frontend-parseable-output -save-temps -no-color-diagnostics -explicit-module-build -module-cache-path /Users/ryankanfer/Library/Developer/Xcode/DerivedData/HOMEY_Clean-gafualdnzupkfseuistvwtqbnpqd/Build/Intermediates.noindex/SwiftExplicitPrecompiledModules -clang-scanner-module-cache-path /Users/ryankanfer/Library/Developer/Xcode/DerivedData/ModuleCache.noindex -sdk-module-cache-path /Users/ryankanfer/Library/Developer/Xcode/DerivedData/ModuleCache.noindex -serialize-diagnostics -emit-dependencies -emit-module -emit-module-path /Users/ryankanfer/Library/Developer/Xcode/DerivedData/HOMEY_Clean-gafualdnzupkfseuistvwtqbnpqd/Build/Intermediates.noindex/Supabase.build/Debug-iphoneos/PostgREST.build/Objects-normal/arm64/PostgREST.swiftmodule -validate-clang-modules-once -clang-build-session-file /Users/ryankanfer/Library/Developer/Xcode/DerivedData/ModuleCache.noindex/Session.modulevalidation -package-name supabase_swift -Xcc -I/Users/ryankanfer/Library/Developer/Xcode/DerivedData/HOMEY_Clean-gafualdnzupkfseuistvwtqbnpqd/Build/Intermediates.noindex/Supabase.build/Debug-iphoneos/PostgREST.build/swift-overrides.hmap -emit-const-values -Xfrontend -const-gather-protocols-file -Xfrontend /Users/ryankanfer/Library/Developer/Xcode/DerivedData/HOMEY_Clean-gafualdnzupkfseuistvwtqbnpqd/Build/Intermediates.noindex/Supabase.build/Debug-iphoneos/PostgREST.build/Objects-normal/arm64/PostgREST_const_extract_protocols.json -Xcc -I/Users/ryankanfer/Library/Developer/Xcode/DerivedData/HOMEY_Clean-gafualdnzupkfseuistvwtqbnpqd/Build/Products/Debug-iphoneos/include -Xcc -I/Users/ryankanfer/Library/Developer/Xcode/DerivedData/HOMEY_Clean-gafualdnzupkfseuistvwtqbnpqd/Build/Intermediates.noindex/Supabase.build/Debug-iphoneos/PostgREST.build/DerivedSources-normal/arm64 -Xcc -I/Users/ryankanfer/Library/Developer/Xcode/DerivedData/HOMEY_Clean-gafualdnzupkfseuistvwtqbnpqd/Build/Intermediates.noindex/Supabase.build/Debug-iphoneos/PostgREST.build/DerivedSources/arm64 -Xcc -I/Users/ryankanfer/Library/Developer/Xcode/DerivedData/HOMEY_Clean-gafualdnzupkfseuistvwtqbnpqd/Build/Intermediates.noindex/Supabase.build/Debug-iphoneos/PostgREST.build/DerivedSources -Xcc -DSWIFT_PACKAGE -Xcc -DDEBUG\=1 -emit-objc-header -emit-objc-header-path /Users/ryankanfer/Library/Developer/Xcode/DerivedData/HOMEY_Clean-gafualdnzupkfseuistvwtqbnpqd/Build/Intermediates.noindex/Supabase.build/Debug-iphoneos/PostgREST.build/Objects-normal/arm64/PostgREST-Swift.h -working-directory /Users/ryankanfer/Documents/Developer/HOMEY\ Clean/HOMEY\ Clean.xcodeproj -experimental-emit-module-separately -disable-cmo

SwiftDriverJobDiscovery normal arm64 Compiling BucketOptions.swift, Codable.swift (in target 'Storage' from project 'Supabase')

SwiftMergeGeneratedHeaders /Users/ryankanfer/Library/Developer/Xcode/DerivedData/HOMEY_Clean-gafualdnzupkfseuistvwtqbnpqd/Build/Intermediates.noindex/GeneratedModuleMaps-iphoneos/Functions-Swift.h /Users/ryankanfer/Library/Developer/Xcode/DerivedData/HOMEY_Clean-gafualdnzupkfseuistvwtqbnpqd/Build/Intermediates.noindex/Supabase.build/Debug-iphoneos/Functions.build/Objects-normal/arm64/Functions-Swift.h (in target 'Functions' from project 'Supabase')
    cd /Users/ryankanfer/Library/Developer/Xcode/DerivedData/HOMEY_Clean-gafualdnzupkfseuistvwtqbnpqd/SourcePackages/checkouts/supabase-swift
    builtin-swiftHeaderTool -arch arm64 /Users/ryankanfer/Library/Developer/Xcode/DerivedData/HOMEY_Clean-gafualdnzupkfseuistvwtqbnpqd/Build/Intermediates.noindex/Supabase.build/Debug-iphoneos/Functions.build/Objects-normal/arm64/Functions-Swift.h -o /Users/ryankanfer/Library/Developer/Xcode/DerivedData/HOMEY_Clean-gafualdnzupkfseuistvwtqbnpqd/Build/Intermediates.noindex/GeneratedModuleMaps-iphoneos/Functions-Swift.h

SwiftMergeGeneratedHeaders /Users/ryankanfer/Library/Developer/Xcode/DerivedData/HOMEY_Clean-gafualdnzupkfseuistvwtqbnpqd/Build/Intermediates.noindex/GeneratedModuleMaps-iphoneos/PostgREST-Swift.h /Users/ryankanfer/Library/Developer/Xcode/DerivedData/HOMEY_Clean-gafualdnzupkfseuistvwtqbnpqd/Build/Intermediates.noindex/Supabase.build/Debug-iphoneos/PostgREST.build/Objects-normal/arm64/PostgREST-Swift.h (in target 'PostgREST' from project 'Supabase')
    cd /Users/ryankanfer/Library/Developer/Xcode/DerivedData/HOMEY_Clean-gafualdnzupkfseuistvwtqbnpqd/SourcePackages/checkouts/supabase-swift
    builtin-swiftHeaderTool -arch arm64 /Users/ryankanfer/Library/Developer/Xcode/DerivedData/HOMEY_Clean-gafualdnzupkfseuistvwtqbnpqd/Build/Intermediates.noindex/Supabase.build/Debug-iphoneos/PostgREST.build/Objects-normal/arm64/PostgREST-Swift.h -o /Users/ryankanfer/Library/Developer/Xcode/DerivedData/HOMEY_Clean-gafualdnzupkfseuistvwtqbnpqd/Build/Intermediates.noindex/GeneratedModuleMaps-iphoneos/PostgREST-Swift.h

Copy /Users/ryankanfer/Library/Developer/Xcode/DerivedData/HOMEY_Clean-gafualdnzupkfseuistvwtqbnpqd/Build/Products/Debug-iphoneos/PostgREST.swiftmodule/arm64-apple-ios.swiftmodule /Users/ryankanfer/Library/Developer/Xcode/DerivedData/HOMEY_Clean-gafualdnzupkfseuistvwtqbnpqd/Build/Intermediates.noindex/Supabase.build/Debug-iphoneos/PostgREST.build/Objects-normal/arm64/PostgREST.swiftmodule (in target 'PostgREST' from project 'Supabase')
    cd /Users/ryankanfer/Library/Developer/Xcode/DerivedData/HOMEY_Clean-gafualdnzupkfseuistvwtqbnpqd/SourcePackages/checkouts/supabase-swift
    builtin-copy -exclude .DS_Store -exclude CVS -exclude .svn -exclude .git -exclude .hg -resolve-src-symlinks -rename /Users/ryankanfer/Library/Developer/Xcode/DerivedData/HOMEY_Clean-gafualdnzupkfseuistvwtqbnpqd/Build/Intermediates.noindex/Supabase.build/Debug-iphoneos/PostgREST.build/Objects-normal/arm64/PostgREST.swiftmodule /Users/ryankanfer/Library/Developer/Xcode/DerivedData/HOMEY_Clean-gafualdnzupkfseuistvwtqbnpqd/Build/Products/Debug-iphoneos/PostgREST.swiftmodule/arm64-apple-ios.swiftmodule

Copy /Users/ryankanfer/Library/Developer/Xcode/DerivedData/HOMEY_Clean-gafualdnzupkfseuistvwtqbnpqd/Build/Products/Debug-iphoneos/PostgREST.swiftmodule/arm64-apple-ios.swiftdoc /Users/ryankanfer/Library/Developer/Xcode/DerivedData/HOMEY_Clean-gafualdnzupkfseuistvwtqbnpqd/Build/Intermediates.noindex/Supabase.build/Debug-iphoneos/PostgREST.build/Objects-normal/arm64/PostgREST.swiftdoc (in target 'PostgREST' from project 'Supabase')
    cd /Users/ryankanfer/Library/Developer/Xcode/DerivedData/HOMEY_Clean-gafualdnzupkfseuistvwtqbnpqd/SourcePackages/checkouts/supabase-swift
    builtin-copy -exclude .DS_Store -exclude CVS -exclude .svn -exclude .git -exclude .hg -resolve-src-symlinks -rename /Users/ryankanfer/Library/Developer/Xcode/DerivedData/HOMEY_Clean-gafualdnzupkfseuistvwtqbnpqd/Build/Intermediates.noindex/Supabase.build/Debug-iphoneos/PostgREST.build/Objects-normal/arm64/PostgREST.swiftdoc /Users/ryankanfer/Library/Developer/Xcode/DerivedData/HOMEY_Clean-gafualdnzupkfseuistvwtqbnpqd/Build/Products/Debug-iphoneos/PostgREST.swiftmodule/arm64-apple-ios.swiftdoc

Copy /Users/ryankanfer/Library/Developer/Xcode/DerivedData/HOMEY_Clean-gafualdnzupkfseuistvwtqbnpqd/Build/Products/Debug-iphoneos/PostgREST.swiftmodule/arm64-apple-ios.abi.json /Users/ryankanfer/Library/Developer/Xcode/DerivedData/HOMEY_Clean-gafualdnzupkfseuistvwtqbnpqd/Build/Intermediates.noindex/Supabase.build/Debug-iphoneos/PostgREST.build/Objects-normal/arm64/PostgREST.abi.json (in target 'PostgREST' from project 'Supabase')
    cd /Users/ryankanfer/Library/Developer/Xcode/DerivedData/HOMEY_Clean-gafualdnzupkfseuistvwtqbnpqd/SourcePackages/checkouts/supabase-swift
    builtin-copy -exclude .DS_Store -exclude CVS -exclude .svn -exclude .git -exclude .hg -resolve-src-symlinks -rename /Users/ryankanfer/Library/Developer/Xcode/DerivedData/HOMEY_Clean-gafualdnzupkfseuistvwtqbnpqd/Build/Intermediates.noindex/Supabase.build/Debug-iphoneos/PostgREST.build/Objects-normal/arm64/PostgREST.abi.json /Users/ryankanfer/Library/Developer/Xcode/DerivedData/HOMEY_Clean-gafualdnzupkfseuistvwtqbnpqd/Build/Products/Debug-iphoneos/PostgREST.swiftmodule/arm64-apple-ios.abi.json

Copy /Users/ryankanfer/Library/Developer/Xcode/DerivedData/HOMEY_Clean-gafualdnzupkfseuistvwtqbnpqd/Build/Products/Debug-iphoneos/PostgREST.swiftmodule/Project/arm64-apple-ios.swiftsourceinfo /Users/ryankanfer/Library/Developer/Xcode/DerivedData/HOMEY_Clean-gafualdnzupkfseuistvwtqbnpqd/Build/Intermediates.noindex/Supabase.build/Debug-iphoneos/PostgREST.build/Objects-normal/arm64/PostgREST.swiftsourceinfo (in target 'PostgREST' from project 'Supabase')
    cd /Users/ryankanfer/Library/Developer/Xcode/DerivedData/HOMEY_Clean-gafualdnzupkfseuistvwtqbnpqd/SourcePackages/checkouts/supabase-swift
    builtin-copy -exclude .DS_Store -exclude CVS -exclude .svn -exclude .git -exclude .hg -resolve-src-symlinks -rename /Users/ryankanfer/Library/Developer/Xcode/DerivedData/HOMEY_Clean-gafualdnzupkfseuistvwtqbnpqd/Build/Intermediates.noindex/Supabase.build/Debug-iphoneos/PostgREST.build/Objects-normal/arm64/PostgREST.swiftsourceinfo /Users/ryankanfer/Library/Developer/Xcode/DerivedData/HOMEY_Clean-gafualdnzupkfseuistvwtqbnpqd/Build/Products/Debug-iphoneos/PostgREST.swiftmodule/Project/arm64-apple-ios.swiftsourceinfo

Copy /Users/ryankanfer/Library/Developer/Xcode/DerivedData/HOMEY_Clean-gafualdnzupkfseuistvwtqbnpqd/Build/Products/Debug-iphoneos/Functions.swiftmodule/arm64-apple-ios.swiftmodule /Users/ryankanfer/Library/Developer/Xcode/DerivedData/HOMEY_Clean-gafualdnzupkfseuistvwtqbnpqd/Build/Intermediates.noindex/Supabase.build/Debug-iphoneos/Functions.build/Objects-normal/arm64/Functions.swiftmodule (in target 'Functions' from project 'Supabase')
    cd /Users/ryankanfer/Library/Developer/Xcode/DerivedData/HOMEY_Clean-gafualdnzupkfseuistvwtqbnpqd/SourcePackages/checkouts/supabase-swift
    builtin-copy -exclude .DS_Store -exclude CVS -exclude .svn -exclude .git -exclude .hg -resolve-src-symlinks -rename /Users/ryankanfer/Library/Developer/Xcode/DerivedData/HOMEY_Clean-gafualdnzupkfseuistvwtqbnpqd/Build/Intermediates.noindex/Supabase.build/Debug-iphoneos/Functions.build/Objects-normal/arm64/Functions.swiftmodule /Users/ryankanfer/Library/Developer/Xcode/DerivedData/HOMEY_Clean-gafualdnzupkfseuistvwtqbnpqd/Build/Products/Debug-iphoneos/Functions.swiftmodule/arm64-apple-ios.swiftmodule

Copy /Users/ryankanfer/Library/Developer/Xcode/DerivedData/HOMEY_Clean-gafualdnzupkfseuistvwtqbnpqd/Build/Products/Debug-iphoneos/Functions.swiftmodule/arm64-apple-ios.swiftdoc /Users/ryankanfer/Library/Developer/Xcode/DerivedData/HOMEY_Clean-gafualdnzupkfseuistvwtqbnpqd/Build/Intermediates.noindex/Supabase.build/Debug-iphoneos/Functions.build/Objects-normal/arm64/Functions.swiftdoc (in target 'Functions' from project 'Supabase')
    cd /Users/ryankanfer/Library/Developer/Xcode/DerivedData/HOMEY_Clean-gafualdnzupkfseuistvwtqbnpqd/SourcePackages/checkouts/supabase-swift
    builtin-copy -exclude .DS_Store -exclude CVS -exclude .svn -exclude .git -exclude .hg -resolve-src-symlinks -rename /Users/ryankanfer/Library/Developer/Xcode/DerivedData/HOMEY_Clean-gafualdnzupkfseuistvwtqbnpqd/Build/Intermediates.noindex/Supabase.build/Debug-iphoneos/Functions.build/Objects-normal/arm64/Functions.swiftdoc /Users/ryankanfer/Library/Developer/Xcode/DerivedData/HOMEY_Clean-gafualdnzupkfseuistvwtqbnpqd/Build/Products/Debug-iphoneos/Functions.swiftmodule/arm64-apple-ios.swiftdoc

Copy /Users/ryankanfer/Library/Developer/Xcode/DerivedData/HOMEY_Clean-gafualdnzupkfseuistvwtqbnpqd/Build/Products/Debug-iphoneos/Functions.swiftmodule/arm64-apple-ios.abi.json /Users/ryankanfer/Library/Developer/Xcode/DerivedData/HOMEY_Clean-gafualdnzupkfseuistvwtqbnpqd/Build/Intermediates.noindex/Supabase.build/Debug-iphoneos/Functions.build/Objects-normal/arm64/Functions.abi.json (in target 'Functions' from project 'Supabase')
    cd /Users/ryankanfer/Library/Developer/Xcode/DerivedData/HOMEY_Clean-gafualdnzupkfseuistvwtqbnpqd/SourcePackages/checkouts/supabase-swift
    builtin-copy -exclude .DS_Store -exclude CVS -exclude .svn -exclude .git -exclude .hg -resolve-src-symlinks -rename /Users/ryankanfer/Library/Developer/Xcode/DerivedData/HOMEY_Clean-gafualdnzupkfseuistvwtqbnpqd/Build/Intermediates.noindex/Supabase.build/Debug-iphoneos/Functions.build/Objects-normal/arm64/Functions.abi.json /Users/ryankanfer/Library/Developer/Xcode/DerivedData/HOMEY_Clean-gafualdnzupkfseuistvwtqbnpqd/Build/Products/Debug-iphoneos/Functions.swiftmodule/arm64-apple-ios.abi.json

Copy /Users/ryankanfer/Library/Developer/Xcode/DerivedData/HOMEY_Clean-gafualdnzupkfseuistvwtqbnpqd/Build/Products/Debug-iphoneos/Functions.swiftmodule/Project/arm64-apple-ios.swiftsourceinfo /Users/ryankanfer/Library/Developer/Xcode/DerivedData/HOMEY_Clean-gafualdnzupkfseuistvwtqbnpqd/Build/Intermediates.noindex/Supabase.build/Debug-iphoneos/Functions.build/Objects-normal/arm64/Functions.swiftsourceinfo (in target 'Functions' from project 'Supabase')
    cd /Users/ryankanfer/Library/Developer/Xcode/DerivedData/HOMEY_Clean-gafualdnzupkfseuistvwtqbnpqd/SourcePackages/checkouts/supabase-swift
    builtin-copy -exclude .DS_Store -exclude CVS -exclude .svn -exclude .git -exclude .hg -resolve-src-symlinks -rename /Users/ryankanfer/Library/Developer/Xcode/DerivedData/HOMEY_Clean-gafualdnzupkfseuistvwtqbnpqd/Build/Intermediates.noindex/Supabase.build/Debug-iphoneos/Functions.build/Objects-normal/arm64/Functions.swiftsourceinfo /Users/ryankanfer/Library/Developer/Xcode/DerivedData/HOMEY_Clean-gafualdnzupkfseuistvwtqbnpqd/Build/Products/Debug-iphoneos/Functions.swiftmodule/Project/arm64-apple-ios.swiftsourceinfo

SwiftCompile normal arm64 Compiling\ Deprecated.swift,\ Exports.swift /Users/ryankanfer/Library/Developer/Xcode/DerivedData/HOMEY_Clean-gafualdnzupkfseuistvwtqbnpqd/SourcePackages/checkouts/supabase-swift/Sources/Storage/Deprecated.swift /Users/ryankanfer/Library/Developer/Xcode/DerivedData/HOMEY_Clean-gafualdnzupkfseuistvwtqbnpqd/SourcePackages/checkouts/supabase-swift/Sources/Storage/Exports.swift (in target 'Storage' from project 'Supabase')

SwiftCompile normal arm64 /Users/ryankanfer/Library/Developer/Xcode/DerivedData/HOMEY_Clean-gafualdnzupkfseuistvwtqbnpqd/SourcePackages/checkouts/supabase-swift/Sources/Storage/Deprecated.swift (in target 'Storage' from project 'Supabase')
    cd /Users/ryankanfer/Documents/Developer/HOMEY\ Clean/HOMEY\ Clean.xcodeproj
    

SwiftCompile normal arm64 /Users/ryankanfer/Library/Developer/Xcode/DerivedData/HOMEY_Clean-gafualdnzupkfseuistvwtqbnpqd/SourcePackages/checkouts/supabase-swift/Sources/Storage/Exports.swift (in target 'Storage' from project 'Supabase')
    cd /Users/ryankanfer/Documents/Developer/HOMEY\ Clean/HOMEY\ Clean.xcodeproj
    

SwiftCompile normal arm64 Compiling\ StorageError.swift,\ StorageFileApi.swift /Users/ryankanfer/Library/Developer/Xcode/DerivedData/HOMEY_Clean-gafualdnzupkfseuistvwtqbnpqd/SourcePackages/checkouts/supabase-swift/Sources/Storage/StorageError.swift /Users/ryankanfer/Library/Developer/Xcode/DerivedData/HOMEY_Clean-gafualdnzupkfseuistvwtqbnpqd/SourcePackages/checkouts/supabase-swift/Sources/Storage/StorageFileApi.swift (in target 'Storage' from project 'Supabase')
SwiftCompile normal arm64 /Users/ryankanfer/Library/Developer/Xcode/DerivedData/HOMEY_Clean-gafualdnzupkfseuistvwtqbnpqd/SourcePackages/checkouts/supabase-swift/Sources/Storage/StorageError.swift (in target 'Storage' from project 'Supabase')
    cd /Users/ryankanfer/Documents/Developer/HOMEY\ Clean/HOMEY\ Clean.xcodeproj
    

SwiftCompile normal arm64 /Users/ryankanfer/Library/Developer/Xcode/DerivedData/HOMEY_Clean-gafualdnzupkfseuistvwtqbnpqd/SourcePackages/checkouts/supabase-swift/Sources/Storage/StorageFileApi.swift (in target 'Storage' from project 'Supabase')
    cd /Users/ryankanfer/Documents/Developer/HOMEY\ Clean/HOMEY\ Clean.xcodeproj
    

SwiftDriverJobDiscovery normal arm64 Emitting module for Storage (in target 'Storage' from project 'Supabase')

SwiftDriver\ Compilation\ Requirements Storage normal arm64 com.apple.xcode.tools.swift.compiler (in target 'Storage' from project 'Supabase')
    cd /Users/ryankanfer/Documents/Developer/HOMEY\ Clean/HOMEY\ Clean.xcodeproj
    builtin-Swift-Compilation-Requirements -- /Applications/Xcode.app/Contents/Developer/Toolchains/XcodeDefault.xctoolchain/usr/bin/swiftc -module-name Storage -Onone -enforce-exclusivity\=checked @/Users/ryankanfer/Library/Developer/Xcode/DerivedData/HOMEY_Clean-gafualdnzupkfseuistvwtqbnpqd/Build/Intermediates.noindex/Supabase.build/Debug-iphoneos/Storage.build/Objects-normal/arm64/Storage.SwiftFileList -DSWIFT_PACKAGE -DDEBUG -DSWIFT_MODULE_RESOURCE_BUNDLE_UNAVAILABLE -DXcode -enable-upcoming-feature ExistentialAny -enable-experimental-feature StrictConcurrency -plugin-path /Applications/Xcode.app/Contents/Developer/Toolchains/XcodeDefault.xctoolchain/usr/lib/swift/host/plugins/testing -enable-experimental-feature DebugDescriptionMacro -sdk /Applications/Xcode.app/Contents/Developer/Platforms/iPhoneOS.platform/Developer/SDKs/iPhoneOS26.0.sdk -target arm64-apple-ios13.0 -g -module-cache-path /Users/ryankanfer/Library/Developer/Xcode/DerivedData/ModuleCache.noindex -Xfrontend -serialize-debugging-options -profile-coverage-mapping -profile-generate -enable-testing -suppress-warnings -index-store-path /Users/ryankanfer/Library/Developer/Xcode/DerivedData/HOMEY_Clean-gafualdnzupkfseuistvwtqbnpqd/Index.noindex/DataStore -Xcc -D_LIBCPP_HARDENING_MODE\=_LIBCPP_HARDENING_MODE_DEBUG -swift-version 5 -I /Users/ryankanfer/Library/Developer/Xcode/DerivedData/HOMEY_Clean-gafualdnzupkfseuistvwtqbnpqd/Build/Products/Debug-iphoneos -Isystem /Applications/Xcode.app/Contents/Developer/Platforms/iPhoneOS.platform/Developer/usr/lib -F /Users/ryankanfer/Library/Developer/Xcode/DerivedData/HOMEY_Clean-gafualdnzupkfseuistvwtqbnpqd/Build/Products/Debug-iphoneos/PackageFrameworks -F /Users/ryankanfer/Library/Developer/Xcode/DerivedData/HOMEY_Clean-gafualdnzupkfseuistvwtqbnpqd/Build/Products/Debug-iphoneos/PackageFrameworks -F /Users/ryankanfer/Library/Developer/Xcode/DerivedData/HOMEY_Clean-gafualdnzupkfseuistvwtqbnpqd/Build/Products/Debug-iphoneos/PackageFrameworks -F /Users/ryankanfer/Library/Developer/Xcode/DerivedData/HOMEY_Clean-gafualdnzupkfseuistvwtqbnpqd/Build/Products/Debug-iphoneos/PackageFrameworks -F /Users/ryankanfer/Library/Developer/Xcode/DerivedData/HOMEY_Clean-gafualdnzupkfseuistvwtqbnpqd/Build/Products/Debug-iphoneos/PackageFrameworks -F /Users/ryankanfer/Library/Developer/Xcode/DerivedData/HOMEY_Clean-gafualdnzupkfseuistvwtqbnpqd/Build/Products/Debug-iphoneos/PackageFrameworks -F /Users/ryankanfer/Library/Developer/Xcode/DerivedData/HOMEY_Clean-gafualdnzupkfseuistvwtqbnpqd/Build/Products/Debug-iphoneos/PackageFrameworks -F /Users/ryankanfer/Library/Developer/Xcode/DerivedData/HOMEY_Clean-gafualdnzupkfseuistvwtqbnpqd/Build/Products/Debug-iphoneos -F /Applications/Xcode.app/Contents/Developer/Platforms/iPhoneOS.platform/Developer/Library/Frameworks -F /Applications/Xcode.app/Contents/Developer/Platforms/iPhoneOS.platform/Developer/SDKs/iPhoneOS26.0.sdk/Developer/Library/Frameworks -c -j8 -enable-batch-mode -incremental -Xcc -ivfsstatcache -Xcc /Users/ryankanfer/Library/Developer/Xcode/DerivedData/SDKStatCaches.noindex/iphoneos26.0-23A339-81ce72e5b06c9602b9d30b56f2eed08a.sdkstatcache -output-file-map /Users/ryankanfer/Library/Developer/Xcode/DerivedData/HOMEY_Clean-gafualdnzupkfseuistvwtqbnpqd/Build/Intermediates.noindex/Supabase.build/Debug-iphoneos/Storage.build/Objects-normal/arm64/Storage-OutputFileMap.json -use-frontend-parseable-output -save-temps -no-color-diagnostics -explicit-module-build -module-cache-path /Users/ryankanfer/Library/Developer/Xcode/DerivedData/HOMEY_Clean-gafualdnzupkfseuistvwtqbnpqd/Build/Intermediates.noindex/SwiftExplicitPrecompiledModules -clang-scanner-module-cache-path /Users/ryankanfer/Library/Developer/Xcode/DerivedData/ModuleCache.noindex -sdk-module-cache-path /Users/ryankanfer/Library/Developer/Xcode/DerivedData/ModuleCache.noindex -serialize-diagnostics -emit-dependencies -emit-module -emit-module-path /Users/ryankanfer/Library/Developer/Xcode/DerivedData/HOMEY_Clean-gafualdnzupkfseuistvwtqbnpqd/Build/Intermediates.noindex/Supabase.build/Debug-iphoneos/Storage.build/Objects-normal/arm64/Storage.swiftmodule -validate-clang-modules-once -clang-build-session-file /Users/ryankanfer/Library/Developer/Xcode/DerivedData/ModuleCache.noindex/Session.modulevalidation -package-name supabase_swift -Xcc -I/Users/ryankanfer/Library/Developer/Xcode/DerivedData/HOMEY_Clean-gafualdnzupkfseuistvwtqbnpqd/Build/Intermediates.noindex/Supabase.build/Debug-iphoneos/Storage.build/swift-overrides.hmap -emit-const-values -Xfrontend -const-gather-protocols-file -Xfrontend /Users/ryankanfer/Library/Developer/Xcode/DerivedData/HOMEY_Clean-gafualdnzupkfseuistvwtqbnpqd/Build/Intermediates.noindex/Supabase.build/Debug-iphoneos/Storage.build/Objects-normal/arm64/Storage_const_extract_protocols.json -Xcc -I/Users/ryankanfer/Library/Developer/Xcode/DerivedData/HOMEY_Clean-gafualdnzupkfseuistvwtqbnpqd/Build/Products/Debug-iphoneos/include -Xcc -I/Users/ryankanfer/Library/Developer/Xcode/DerivedData/HOMEY_Clean-gafualdnzupkfseuistvwtqbnpqd/Build/Intermediates.noindex/Supabase.build/Debug-iphoneos/Storage.build/DerivedSources-normal/arm64 -Xcc -I/Users/ryankanfer/Library/Developer/Xcode/DerivedData/HOMEY_Clean-gafualdnzupkfseuistvwtqbnpqd/Build/Intermediates.noindex/Supabase.build/Debug-iphoneos/Storage.build/DerivedSources/arm64 -Xcc -I/Users/ryankanfer/Library/Developer/Xcode/DerivedData/HOMEY_Clean-gafualdnzupkfseuistvwtqbnpqd/Build/Intermediates.noindex/Supabase.build/Debug-iphoneos/Storage.build/DerivedSources -Xcc -DSWIFT_PACKAGE -Xcc -DDEBUG\=1 -emit-objc-header -emit-objc-header-path /Users/ryankanfer/Library/Developer/Xcode/DerivedData/HOMEY_Clean-gafualdnzupkfseuistvwtqbnpqd/Build/Intermediates.noindex/Supabase.build/Debug-iphoneos/Storage.build/Objects-normal/arm64/Storage-Swift.h -working-directory /Users/ryankanfer/Documents/Developer/HOMEY\ Clean/HOMEY\ Clean.xcodeproj -experimental-emit-module-separately -disable-cmo

SwiftDriverJobDiscovery normal arm64 Compiling FunctionsClient.swift (in target 'Functions' from project 'Supabase')

SwiftCompile normal arm64 Compiling\ TransformOptions.swift /Users/ryankanfer/Library/Developer/Xcode/DerivedData/HOMEY_Clean-gafualdnzupkfseuistvwtqbnpqd/SourcePackages/checkouts/supabase-swift/Sources/Storage/TransformOptions.swift (in target 'Storage' from project 'Supabase')

SwiftCompile normal arm64 /Users/ryankanfer/Library/Developer/Xcode/DerivedData/HOMEY_Clean-gafualdnzupkfseuistvwtqbnpqd/SourcePackages/checkouts/supabase-swift/Sources/Storage/TransformOptions.swift (in target 'Storage' from project 'Supabase')
    cd /Users/ryankanfer/Documents/Developer/HOMEY\ Clean/HOMEY\ Clean.xcodeproj
    

SwiftMergeGeneratedHeaders /Users/ryankanfer/Library/Developer/Xcode/DerivedData/HOMEY_Clean-gafualdnzupkfseuistvwtqbnpqd/Build/Intermediates.noindex/GeneratedModuleMaps-iphoneos/Storage-Swift.h /Users/ryankanfer/Library/Developer/Xcode/DerivedData/HOMEY_Clean-gafualdnzupkfseuistvwtqbnpqd/Build/Intermediates.noindex/Supabase.build/Debug-iphoneos/Storage.build/Objects-normal/arm64/Storage-Swift.h (in target 'Storage' from project 'Supabase')
    cd /Users/ryankanfer/Library/Developer/Xcode/DerivedData/HOMEY_Clean-gafualdnzupkfseuistvwtqbnpqd/SourcePackages/checkouts/supabase-swift
    builtin-swiftHeaderTool -arch arm64 /Users/ryankanfer/Library/Developer/Xcode/DerivedData/HOMEY_Clean-gafualdnzupkfseuistvwtqbnpqd/Build/Intermediates.noindex/Supabase.build/Debug-iphoneos/Storage.build/Objects-normal/arm64/Storage-Swift.h -o /Users/ryankanfer/Library/Developer/Xcode/DerivedData/HOMEY_Clean-gafualdnzupkfseuistvwtqbnpqd/Build/Intermediates.noindex/GeneratedModuleMaps-iphoneos/Storage-Swift.h

SwiftDriverJobDiscovery normal arm64 Compiling StorageApi.swift, StorageBucketApi.swift (in target 'Storage' from project 'Supabase')

Copy /Users/ryankanfer/Library/Developer/Xcode/DerivedData/HOMEY_Clean-gafualdnzupkfseuistvwtqbnpqd/Build/Products/Debug-iphoneos/Storage.swiftmodule/arm64-apple-ios.swiftmodule /Users/ryankanfer/Library/Developer/Xcode/DerivedData/HOMEY_Clean-gafualdnzupkfseuistvwtqbnpqd/Build/Intermediates.noindex/Supabase.build/Debug-iphoneos/Storage.build/Objects-normal/arm64/Storage.swiftmodule (in target 'Storage' from project 'Supabase')
    cd /Users/ryankanfer/Library/Developer/Xcode/DerivedData/HOMEY_Clean-gafualdnzupkfseuistvwtqbnpqd/SourcePackages/checkouts/supabase-swift
    builtin-copy -exclude .DS_Store -exclude CVS -exclude .svn -exclude .git -exclude .hg -resolve-src-symlinks -rename /Users/ryankanfer/Library/Developer/Xcode/DerivedData/HOMEY_Clean-gafualdnzupkfseuistvwtqbnpqd/Build/Intermediates.noindex/Supabase.build/Debug-iphoneos/Storage.build/Objects-normal/arm64/Storage.swiftmodule /Users/ryankanfer/Library/Developer/Xcode/DerivedData/HOMEY_Clean-gafualdnzupkfseuistvwtqbnpqd/Build/Products/Debug-iphoneos/Storage.swiftmodule/arm64-apple-ios.swiftmodule

Copy /Users/ryankanfer/Library/Developer/Xcode/DerivedData/HOMEY_Clean-gafualdnzupkfseuistvwtqbnpqd/Build/Products/Debug-iphoneos/Storage.swiftmodule/arm64-apple-ios.swiftdoc /Users/ryankanfer/Library/Developer/Xcode/DerivedData/HOMEY_Clean-gafualdnzupkfseuistvwtqbnpqd/Build/Intermediates.noindex/Supabase.build/Debug-iphoneos/Storage.build/Objects-normal/arm64/Storage.swiftdoc (in target 'Storage' from project 'Supabase')
    cd /Users/ryankanfer/Library/Developer/Xcode/DerivedData/HOMEY_Clean-gafualdnzupkfseuistvwtqbnpqd/SourcePackages/checkouts/supabase-swift
    builtin-copy -exclude .DS_Store -exclude CVS -exclude .svn -exclude .git -exclude .hg -resolve-src-symlinks -rename /Users/ryankanfer/Library/Developer/Xcode/DerivedData/HOMEY_Clean-gafualdnzupkfseuistvwtqbnpqd/Build/Intermediates.noindex/Supabase.build/Debug-iphoneos/Storage.build/Objects-normal/arm64/Storage.swiftdoc /Users/ryankanfer/Library/Developer/Xcode/DerivedData/HOMEY_Clean-gafualdnzupkfseuistvwtqbnpqd/Build/Products/Debug-iphoneos/Storage.swiftmodule/arm64-apple-ios.swiftdoc

Copy /Users/ryankanfer/Library/Developer/Xcode/DerivedData/HOMEY_Clean-gafualdnzupkfseuistvwtqbnpqd/Build/Products/Debug-iphoneos/Storage.swiftmodule/arm64-apple-ios.abi.json /Users/ryankanfer/Library/Developer/Xcode/DerivedData/HOMEY_Clean-gafualdnzupkfseuistvwtqbnpqd/Build/Intermediates.noindex/Supabase.build/Debug-iphoneos/Storage.build/Objects-normal/arm64/Storage.abi.json (in target 'Storage' from project 'Supabase')
    cd /Users/ryankanfer/Library/Developer/Xcode/DerivedData/HOMEY_Clean-gafualdnzupkfseuistvwtqbnpqd/SourcePackages/checkouts/supabase-swift
    builtin-copy -exclude .DS_Store -exclude CVS -exclude .svn -exclude .git -exclude .hg -resolve-src-symlinks -rename /Users/ryankanfer/Library/Developer/Xcode/DerivedData/HOMEY_Clean-gafualdnzupkfseuistvwtqbnpqd/Build/Intermediates.noindex/Supabase.build/Debug-iphoneos/Storage.build/Objects-normal/arm64/Storage.abi.json /Users/ryankanfer/Library/Developer/Xcode/DerivedData/HOMEY_Clean-gafualdnzupkfseuistvwtqbnpqd/Build/Products/Debug-iphoneos/Storage.swiftmodule/arm64-apple-ios.abi.json

Copy /Users/ryankanfer/Library/Developer/Xcode/DerivedData/HOMEY_Clean-gafualdnzupkfseuistvwtqbnpqd/Build/Products/Debug-iphoneos/Storage.swiftmodule/Project/arm64-apple-ios.swiftsourceinfo /Users/ryankanfer/Library/Developer/Xcode/DerivedData/HOMEY_Clean-gafualdnzupkfseuistvwtqbnpqd/Build/Intermediates.noindex/Supabase.build/Debug-iphoneos/Storage.build/Objects-normal/arm64/Storage.swiftsourceinfo (in target 'Storage' from project 'Supabase')
    cd /Users/ryankanfer/Library/Developer/Xcode/DerivedData/HOMEY_Clean-gafualdnzupkfseuistvwtqbnpqd/SourcePackages/checkouts/supabase-swift
    builtin-copy -exclude .DS_Store -exclude CVS -exclude .svn -exclude .git -exclude .hg -resolve-src-symlinks -rename /Users/ryankanfer/Library/Developer/Xcode/DerivedData/HOMEY_Clean-gafualdnzupkfseuistvwtqbnpqd/Build/Intermediates.noindex/Supabase.build/Debug-iphoneos/Storage.build/Objects-normal/arm64/Storage.swiftsourceinfo /Users/ryankanfer/Library/Developer/Xcode/DerivedData/HOMEY_Clean-gafualdnzupkfseuistvwtqbnpqd/Build/Products/Debug-iphoneos/Storage.swiftmodule/Project/arm64-apple-ios.swiftsourceinfo

SwiftCompile normal arm64 Compiling\ StorageHTTPClient.swift,\ SupabaseStorage.swift /Users/ryankanfer/Library/Developer/Xcode/DerivedData/HOMEY_Clean-gafualdnzupkfseuistvwtqbnpqd/SourcePackages/checkouts/supabase-swift/Sources/Storage/StorageHTTPClient.swift /Users/ryankanfer/Library/Developer/Xcode/DerivedData/HOMEY_Clean-gafualdnzupkfseuistvwtqbnpqd/SourcePackages/checkouts/supabase-swift/Sources/Storage/SupabaseStorage.swift (in target 'Storage' from project 'Supabase')

SwiftCompile normal arm64 /Users/ryankanfer/Library/Developer/Xcode/DerivedData/HOMEY_Clean-gafualdnzupkfseuistvwtqbnpqd/SourcePackages/checkouts/supabase-swift/Sources/Storage/StorageHTTPClient.swift (in target 'Storage' from project 'Supabase')
    cd /Users/ryankanfer/Documents/Developer/HOMEY\ Clean/HOMEY\ Clean.xcodeproj
    

SwiftCompile normal arm64 /Users/ryankanfer/Library/Developer/Xcode/DerivedData/HOMEY_Clean-gafualdnzupkfseuistvwtqbnpqd/SourcePackages/checkouts/supabase-swift/Sources/Storage/SupabaseStorage.swift (in target 'Storage' from project 'Supabase')
    cd /Users/ryankanfer/Documents/Developer/HOMEY\ Clean/HOMEY\ Clean.xcodeproj
    

SwiftCompile normal arm64 Compiling\ Types.swift,\ URLSessionWebSocket.swift,\ WebSocket.swift /Users/ryankanfer/Library/Developer/Xcode/DerivedData/HOMEY_Clean-gafualdnzupkfseuistvwtqbnpqd/SourcePackages/checkouts/supabase-swift/Sources/Realtime/Types.swift /Users/ryankanfer/Library/Developer/Xcode/DerivedData/HOMEY_Clean-gafualdnzupkfseuistvwtqbnpqd/SourcePackages/checkouts/supabase-swift/Sources/Realtime/WebSocket/URLSessionWebSocket.swift /Users/ryankanfer/Library/Developer/Xcode/DerivedData/HOMEY_Clean-gafualdnzupkfseuistvwtqbnpqd/SourcePackages/checkouts/supabase-swift/Sources/Realtime/WebSocket/WebSocket.swift (in target 'Realtime' from project 'Supabase')
SwiftCompile normal arm64 /Users/ryankanfer/Library/Developer/Xcode/DerivedData/HOMEY_Clean-gafualdnzupkfseuistvwtqbnpqd/SourcePackages/checkouts/supabase-swift/Sources/Realtime/Types.swift (in target 'Realtime' from project 'Supabase')
    cd /Users/ryankanfer/Documents/Developer/HOMEY\ Clean/HOMEY\ Clean.xcodeproj
    

SwiftCompile normal arm64 /Users/ryankanfer/Library/Developer/Xcode/DerivedData/HOMEY_Clean-gafualdnzupkfseuistvwtqbnpqd/SourcePackages/checkouts/supabase-swift/Sources/Realtime/WebSocket/URLSessionWebSocket.swift (in target 'Realtime' from project 'Supabase')
    cd /Users/ryankanfer/Documents/Developer/HOMEY\ Clean/HOMEY\ Clean.xcodeproj
    

SwiftCompile normal arm64 /Users/ryankanfer/Library/Developer/Xcode/DerivedData/HOMEY_Clean-gafualdnzupkfseuistvwtqbnpqd/SourcePackages/checkouts/supabase-swift/Sources/Realtime/WebSocket/WebSocket.swift (in target 'Realtime' from project 'Supabase')
    cd /Users/ryankanfer/Documents/Developer/HOMEY\ Clean/HOMEY\ Clean.xcodeproj
    

SwiftDriverJobDiscovery normal arm64 Compiling TransformOptions.swift (in target 'Storage' from project 'Supabase')

SwiftDriverJobDiscovery normal arm64 Compiling Helpers.swift, MultipartFormData.swift (in target 'Storage' from project 'Supabase')

SwiftCompile normal arm64 Compiling\ CallbackManager.swift,\ Defaults.swift,\ Delegated.swift,\ Deprecated.swift /Users/ryankanfer/Library/Developer/Xcode/DerivedData/HOMEY_Clean-gafualdnzupkfseuistvwtqbnpqd/SourcePackages/checkouts/supabase-swift/Sources/Realtime/CallbackManager.swift /Users/ryankanfer/Library/Developer/Xcode/DerivedData/HOMEY_Clean-gafualdnzupkfseuistvwtqbnpqd/SourcePackages/checkouts/supabase-swift/Sources/Realtime/Deprecated/Defaults.swift /Users/ryankanfer/Library/Developer/Xcode/DerivedData/HOMEY_Clean-gafualdnzupkfseuistvwtqbnpqd/SourcePackages/checkouts/supabase-swift/Sources/Realtime/Deprecated/Delegated.swift /Users/ryankanfer/Library/Developer/Xcode/DerivedData/HOMEY_Clean-gafualdnzupkfseuistvwtqbnpqd/SourcePackages/checkouts/supabase-swift/Sources/Realtime/Deprecated/Deprecated.swift (in target 'Realtime' from project 'Supabase')

SwiftCompile normal arm64 /Users/ryankanfer/Library/Developer/Xcode/DerivedData/HOMEY_Clean-gafualdnzupkfseuistvwtqbnpqd/SourcePackages/checkouts/supabase-swift/Sources/Realtime/CallbackManager.swift (in target 'Realtime' from project 'Supabase')
    cd /Users/ryankanfer/Documents/Developer/HOMEY\ Clean/HOMEY\ Clean.xcodeproj
    

SwiftCompile normal arm64 /Users/ryankanfer/Library/Developer/Xcode/DerivedData/HOMEY_Clean-gafualdnzupkfseuistvwtqbnpqd/SourcePackages/checkouts/supabase-swift/Sources/Realtime/Deprecated/Defaults.swift (in target 'Realtime' from project 'Supabase')
    cd /Users/ryankanfer/Documents/Developer/HOMEY\ Clean/HOMEY\ Clean.xcodeproj
    

SwiftCompile normal arm64 /Users/ryankanfer/Library/Developer/Xcode/DerivedData/HOMEY_Clean-gafualdnzupkfseuistvwtqbnpqd/SourcePackages/checkouts/supabase-swift/Sources/Realtime/Deprecated/Delegated.swift (in target 'Realtime' from project 'Supabase')
    cd /Users/ryankanfer/Documents/Developer/HOMEY\ Clean/HOMEY\ Clean.xcodeproj
    

SwiftCompile normal arm64 /Users/ryankanfer/Library/Developer/Xcode/DerivedData/HOMEY_Clean-gafualdnzupkfseuistvwtqbnpqd/SourcePackages/checkouts/supabase-swift/Sources/Realtime/Deprecated/Deprecated.swift (in target 'Realtime' from project 'Supabase')
    cd /Users/ryankanfer/Documents/Developer/HOMEY\ Clean/HOMEY\ Clean.xcodeproj
    

SwiftDriverJobDiscovery normal arm64 Compiling Deprecated.swift, Exports.swift (in target 'Storage' from project 'Supabase')

SwiftCompile normal arm64 Compiling\ RealtimeMessageV2.swift,\ RealtimePostgresFilter.swift,\ RealtimePostgresFilterValue.swift /Users/ryankanfer/Library/Developer/Xcode/DerivedData/HOMEY_Clean-gafualdnzupkfseuistvwtqbnpqd/SourcePackages/checkouts/supabase-swift/Sources/Realtime/RealtimeMessageV2.swift /Users/ryankanfer/Library/Developer/Xcode/DerivedData/HOMEY_Clean-gafualdnzupkfseuistvwtqbnpqd/SourcePackages/checkouts/supabase-swift/Sources/Realtime/RealtimePostgresFilter.swift /Users/ryankanfer/Library/Developer/Xcode/DerivedData/HOMEY_Clean-gafualdnzupkfseuistvwtqbnpqd/SourcePackages/checkouts/supabase-swift/Sources/Realtime/RealtimePostgresFilterValue.swift (in target 'Realtime' from project 'Supabase')

SwiftCompile normal arm64 /Users/ryankanfer/Library/Developer/Xcode/DerivedData/HOMEY_Clean-gafualdnzupkfseuistvwtqbnpqd/SourcePackages/checkouts/supabase-swift/Sources/Realtime/RealtimeMessageV2.swift (in target 'Realtime' from project 'Supabase')
    cd /Users/ryankanfer/Documents/Developer/HOMEY\ Clean/HOMEY\ Clean.xcodeproj
    

SwiftCompile normal arm64 /Users/ryankanfer/Library/Developer/Xcode/DerivedData/HOMEY_Clean-gafualdnzupkfseuistvwtqbnpqd/SourcePackages/checkouts/supabase-swift/Sources/Realtime/RealtimePostgresFilter.swift (in target 'Realtime' from project 'Supabase')
    cd /Users/ryankanfer/Documents/Developer/HOMEY\ Clean/HOMEY\ Clean.xcodeproj
    

SwiftCompile normal arm64 /Users/ryankanfer/Library/Developer/Xcode/DerivedData/HOMEY_Clean-gafualdnzupkfseuistvwtqbnpqd/SourcePackages/checkouts/supabase-swift/Sources/Realtime/RealtimePostgresFilterValue.swift (in target 'Realtime' from project 'Supabase')
    cd /Users/ryankanfer/Documents/Developer/HOMEY\ Clean/HOMEY\ Clean.xcodeproj
    

SwiftDriverJobDiscovery normal arm64 Compiling StorageHTTPClient.swift, SupabaseStorage.swift (in target 'Storage' from project 'Supabase')

SwiftCompile normal arm64 Compiling\ RealtimeClientV2.swift,\ RealtimeError.swift,\ RealtimeJoinConfig.swift /Users/ryankanfer/Library/Developer/Xcode/DerivedData/HOMEY_Clean-gafualdnzupkfseuistvwtqbnpqd/SourcePackages/checkouts/supabase-swift/Sources/Realtime/RealtimeClientV2.swift /Users/ryankanfer/Library/Developer/Xcode/DerivedData/HOMEY_Clean-gafualdnzupkfseuistvwtqbnpqd/SourcePackages/checkouts/supabase-swift/Sources/Realtime/RealtimeError.swift /Users/ryankanfer/Library/Developer/Xcode/DerivedData/HOMEY_Clean-gafualdnzupkfseuistvwtqbnpqd/SourcePackages/checkouts/supabase-swift/Sources/Realtime/RealtimeJoinConfig.swift (in target 'Realtime' from project 'Supabase')
SwiftCompile normal arm64 /Users/ryankanfer/Library/Developer/Xcode/DerivedData/HOMEY_Clean-gafualdnzupkfseuistvwtqbnpqd/SourcePackages/checkouts/supabase-swift/Sources/Realtime/RealtimeClientV2.swift (in target 'Realtime' from project 'Supabase')
    cd /Users/ryankanfer/Documents/Developer/HOMEY\ Clean/HOMEY\ Clean.xcodeproj
    

SwiftCompile normal arm64 /Users/ryankanfer/Library/Developer/Xcode/DerivedData/HOMEY_Clean-gafualdnzupkfseuistvwtqbnpqd/SourcePackages/checkouts/supabase-swift/Sources/Realtime/RealtimeError.swift (in target 'Realtime' from project 'Supabase')
    cd /Users/ryankanfer/Documents/Developer/HOMEY\ Clean/HOMEY\ Clean.xcodeproj
    

SwiftCompile normal arm64 /Users/ryankanfer/Library/Developer/Xcode/DerivedData/HOMEY_Clean-gafualdnzupkfseuistvwtqbnpqd/SourcePackages/checkouts/supabase-swift/Sources/Realtime/RealtimeJoinConfig.swift (in target 'Realtime' from project 'Supabase')
    cd /Users/ryankanfer/Documents/Developer/HOMEY\ Clean/HOMEY\ Clean.xcodeproj
    

SwiftCompile normal arm64 Compiling\ HeartbeatTimer.swift,\ PhoenixTransport.swift,\ Presence.swift,\ Push.swift /Users/ryankanfer/Library/Developer/Xcode/DerivedData/HOMEY_Clean-gafualdnzupkfseuistvwtqbnpqd/SourcePackages/checkouts/supabase-swift/Sources/Realtime/Deprecated/HeartbeatTimer.swift /Users/ryankanfer/Library/Developer/Xcode/DerivedData/HOMEY_Clean-gafualdnzupkfseuistvwtqbnpqd/SourcePackages/checkouts/supabase-swift/Sources/Realtime/Deprecated/PhoenixTransport.swift /Users/ryankanfer/Library/Developer/Xcode/DerivedData/HOMEY_Clean-gafualdnzupkfseuistvwtqbnpqd/SourcePackages/checkouts/supabase-swift/Sources/Realtime/Deprecated/Presence.swift /Users/ryankanfer/Library/Developer/Xcode/DerivedData/HOMEY_Clean-gafualdnzupkfseuistvwtqbnpqd/SourcePackages/checkouts/supabase-swift/Sources/Realtime/Deprecated/Push.swift (in target 'Realtime' from project 'Supabase')

SwiftCompile normal arm64 /Users/ryankanfer/Library/Developer/Xcode/DerivedData/HOMEY_Clean-gafualdnzupkfseuistvwtqbnpqd/SourcePackages/checkouts/supabase-swift/Sources/Realtime/Deprecated/HeartbeatTimer.swift (in target 'Realtime' from project 'Supabase')
    cd /Users/ryankanfer/Documents/Developer/HOMEY\ Clean/HOMEY\ Clean.xcodeproj
    

SwiftCompile normal arm64 /Users/ryankanfer/Library/Developer/Xcode/DerivedData/HOMEY_Clean-gafualdnzupkfseuistvwtqbnpqd/SourcePackages/checkouts/supabase-swift/Sources/Realtime/Deprecated/PhoenixTransport.swift (in target 'Realtime' from project 'Supabase')
    cd /Users/ryankanfer/Documents/Developer/HOMEY\ Clean/HOMEY\ Clean.xcodeproj
    

SwiftCompile normal arm64 /Users/ryankanfer/Library/Developer/Xcode/DerivedData/HOMEY_Clean-gafualdnzupkfseuistvwtqbnpqd/SourcePackages/checkouts/supabase-swift/Sources/Realtime/Deprecated/Presence.swift (in target 'Realtime' from project 'Supabase')
    cd /Users/ryankanfer/Documents/Developer/HOMEY\ Clean/HOMEY\ Clean.xcodeproj
    

SwiftCompile normal arm64 /Users/ryankanfer/Library/Developer/Xcode/DerivedData/HOMEY_Clean-gafualdnzupkfseuistvwtqbnpqd/SourcePackages/checkouts/supabase-swift/Sources/Realtime/Deprecated/Push.swift (in target 'Realtime' from project 'Supabase')
    cd /Users/ryankanfer/Documents/Developer/HOMEY\ Clean/HOMEY\ Clean.xcodeproj
    

SwiftDriverJobDiscovery normal arm64 Emitting module for Realtime (in target 'Realtime' from project 'Supabase')

SwiftDriver\ Compilation\ Requirements Realtime normal arm64 com.apple.xcode.tools.swift.compiler (in target 'Realtime' from project 'Supabase')
    cd /Users/ryankanfer/Documents/Developer/HOMEY\ Clean/HOMEY\ Clean.xcodeproj
    builtin-Swift-Compilation-Requirements -- /Applications/Xcode.app/Contents/Developer/Toolchains/XcodeDefault.xctoolchain/usr/bin/swiftc -module-name Realtime -Onone -enforce-exclusivity\=checked @/Users/ryankanfer/Library/Developer/Xcode/DerivedData/HOMEY_Clean-gafualdnzupkfseuistvwtqbnpqd/Build/Intermediates.noindex/Supabase.build/Debug-iphoneos/Realtime.build/Objects-normal/arm64/Realtime.SwiftFileList -DSWIFT_PACKAGE -DDEBUG -DSWIFT_MODULE_RESOURCE_BUNDLE_UNAVAILABLE -DXcode -enable-upcoming-feature ExistentialAny -enable-experimental-feature StrictConcurrency -plugin-path /Applications/Xcode.app/Contents/Developer/Toolchains/XcodeDefault.xctoolchain/usr/lib/swift/host/plugins/testing -enable-experimental-feature DebugDescriptionMacro -sdk /Applications/Xcode.app/Contents/Developer/Platforms/iPhoneOS.platform/Developer/SDKs/iPhoneOS26.0.sdk -target arm64-apple-ios13.0 -g -module-cache-path /Users/ryankanfer/Library/Developer/Xcode/DerivedData/ModuleCache.noindex -Xfrontend -serialize-debugging-options -profile-coverage-mapping -profile-generate -enable-testing -suppress-warnings -index-store-path /Users/ryankanfer/Library/Developer/Xcode/DerivedData/HOMEY_Clean-gafualdnzupkfseuistvwtqbnpqd/Index.noindex/DataStore -Xcc -D_LIBCPP_HARDENING_MODE\=_LIBCPP_HARDENING_MODE_DEBUG -swift-version 5 -I /Users/ryankanfer/Library/Developer/Xcode/DerivedData/HOMEY_Clean-gafualdnzupkfseuistvwtqbnpqd/Build/Products/Debug-iphoneos -Isystem /Applications/Xcode.app/Contents/Developer/Platforms/iPhoneOS.platform/Developer/usr/lib -F /Users/ryankanfer/Library/Developer/Xcode/DerivedData/HOMEY_Clean-gafualdnzupkfseuistvwtqbnpqd/Build/Products/Debug-iphoneos/PackageFrameworks -F /Users/ryankanfer/Library/Developer/Xcode/DerivedData/HOMEY_Clean-gafualdnzupkfseuistvwtqbnpqd/Build/Products/Debug-iphoneos/PackageFrameworks -F /Users/ryankanfer/Library/Developer/Xcode/DerivedData/HOMEY_Clean-gafualdnzupkfseuistvwtqbnpqd/Build/Products/Debug-iphoneos/PackageFrameworks -F /Users/ryankanfer/Library/Developer/Xcode/DerivedData/HOMEY_Clean-gafualdnzupkfseuistvwtqbnpqd/Build/Products/Debug-iphoneos/PackageFrameworks -F /Users/ryankanfer/Library/Developer/Xcode/DerivedData/HOMEY_Clean-gafualdnzupkfseuistvwtqbnpqd/Build/Products/Debug-iphoneos/PackageFrameworks -F /Users/ryankanfer/Library/Developer/Xcode/DerivedData/HOMEY_Clean-gafualdnzupkfseuistvwtqbnpqd/Build/Products/Debug-iphoneos/PackageFrameworks -F /Users/ryankanfer/Library/Developer/Xcode/DerivedData/HOMEY_Clean-gafualdnzupkfseuistvwtqbnpqd/Build/Products/Debug-iphoneos/PackageFrameworks -F /Users/ryankanfer/Library/Developer/Xcode/DerivedData/HOMEY_Clean-gafualdnzupkfseuistvwtqbnpqd/Build/Products/Debug-iphoneos -F /Applications/Xcode.app/Contents/Developer/Platforms/iPhoneOS.platform/Developer/Library/Frameworks -F /Applications/Xcode.app/Contents/Developer/Platforms/iPhoneOS.platform/Developer/SDKs/iPhoneOS26.0.sdk/Developer/Library/Frameworks -c -j8 -enable-batch-mode -incremental -Xcc -ivfsstatcache -Xcc /Users/ryankanfer/Library/Developer/Xcode/DerivedData/SDKStatCaches.noindex/iphoneos26.0-23A339-81ce72e5b06c9602b9d30b56f2eed08a.sdkstatcache -output-file-map /Users/ryankanfer/Library/Developer/Xcode/DerivedData/HOMEY_Clean-gafualdnzupkfseuistvwtqbnpqd/Build/Intermediates.noindex/Supabase.build/Debug-iphoneos/Realtime.build/Objects-normal/arm64/Realtime-OutputFileMap.json -use-frontend-parseable-output -save-temps -no-color-diagnostics -explicit-module-build -module-cache-path /Users/ryankanfer/Library/Developer/Xcode/DerivedData/HOMEY_Clean-gafualdnzupkfseuistvwtqbnpqd/Build/Intermediates.noindex/SwiftExplicitPrecompiledModules -clang-scanner-module-cache-path /Users/ryankanfer/Library/Developer/Xcode/DerivedData/ModuleCache.noindex -sdk-module-cache-path /Users/ryankanfer/Library/Developer/Xcode/DerivedData/ModuleCache.noindex -serialize-diagnostics -emit-dependencies -emit-module -emit-module-path /Users/ryankanfer/Library/Developer/Xcode/DerivedData/HOMEY_Clean-gafualdnzupkfseuistvwtqbnpqd/Build/Intermediates.noindex/Supabase.build/Debug-iphoneos/Realtime.build/Objects-normal/arm64/Realtime.swiftmodule -validate-clang-modules-once -clang-build-session-file /Users/ryankanfer/Library/Developer/Xcode/DerivedData/ModuleCache.noindex/Session.modulevalidation -package-name supabase_swift -Xcc -I/Users/ryankanfer/Library/Developer/Xcode/DerivedData/HOMEY_Clean-gafualdnzupkfseuistvwtqbnpqd/Build/Intermediates.noindex/Supabase.build/Debug-iphoneos/Realtime.build/swift-overrides.hmap -emit-const-values -Xfrontend -const-gather-protocols-file -Xfrontend /Users/ryankanfer/Library/Developer/Xcode/DerivedData/HOMEY_Clean-gafualdnzupkfseuistvwtqbnpqd/Build/Intermediates.noindex/Supabase.build/Debug-iphoneos/Realtime.build/Objects-normal/arm64/Realtime_const_extract_protocols.json -Xcc -I/Users/ryankanfer/Library/Developer/Xcode/DerivedData/HOMEY_Clean-gafualdnzupkfseuistvwtqbnpqd/Build/Products/Debug-iphoneos/include -Xcc -I/Users/ryankanfer/Library/Developer/Xcode/DerivedData/HOMEY_Clean-gafualdnzupkfseuistvwtqbnpqd/Build/Intermediates.noindex/Supabase.build/Debug-iphoneos/Realtime.build/DerivedSources-normal/arm64 -Xcc -I/Users/ryankanfer/Library/Developer/Xcode/DerivedData/HOMEY_Clean-gafualdnzupkfseuistvwtqbnpqd/Build/Intermediates.noindex/Supabase.build/Debug-iphoneos/Realtime.build/DerivedSources/arm64 -Xcc -I/Users/ryankanfer/Library/Developer/Xcode/DerivedData/HOMEY_Clean-gafualdnzupkfseuistvwtqbnpqd/Build/Intermediates.noindex/Supabase.build/Debug-iphoneos/Realtime.build/DerivedSources -Xcc -DSWIFT_PACKAGE -Xcc -DDEBUG\=1 -emit-objc-header -emit-objc-header-path /Users/ryankanfer/Library/Developer/Xcode/DerivedData/HOMEY_Clean-gafualdnzupkfseuistvwtqbnpqd/Build/Intermediates.noindex/Supabase.build/Debug-iphoneos/Realtime.build/Objects-normal/arm64/Realtime-Swift.h -working-directory /Users/ryankanfer/Documents/Developer/HOMEY\ Clean/HOMEY\ Clean.xcodeproj -experimental-emit-module-separately -disable-cmo

SwiftDriverJobDiscovery normal arm64 Emitting module for Auth (in target 'Auth' from project 'Supabase')

SwiftDriver\ Compilation\ Requirements Auth normal arm64 com.apple.xcode.tools.swift.compiler (in target 'Auth' from project 'Supabase')
    cd /Users/ryankanfer/Documents/Developer/HOMEY\ Clean/HOMEY\ Clean.xcodeproj
    builtin-Swift-Compilation-Requirements -- /Applications/Xcode.app/Contents/Developer/Toolchains/XcodeDefault.xctoolchain/usr/bin/swiftc -module-name Auth -Onone -enforce-exclusivity\=checked @/Users/ryankanfer/Library/Developer/Xcode/DerivedData/HOMEY_Clean-gafualdnzupkfseuistvwtqbnpqd/Build/Intermediates.noindex/Supabase.build/Debug-iphoneos/Auth.build/Objects-normal/arm64/Auth.SwiftFileList -DSWIFT_PACKAGE -DDEBUG -DSWIFT_MODULE_RESOURCE_BUNDLE_UNAVAILABLE -DXcode -enable-upcoming-feature ExistentialAny -enable-experimental-feature StrictConcurrency -plugin-path /Applications/Xcode.app/Contents/Developer/Toolchains/XcodeDefault.xctoolchain/usr/lib/swift/host/plugins/testing -enable-experimental-feature DebugDescriptionMacro -sdk /Applications/Xcode.app/Contents/Developer/Platforms/iPhoneOS.platform/Developer/SDKs/iPhoneOS26.0.sdk -target arm64-apple-ios13.0 -g -module-cache-path /Users/ryankanfer/Library/Developer/Xcode/DerivedData/ModuleCache.noindex -Xfrontend -serialize-debugging-options -profile-coverage-mapping -profile-generate -enable-testing -suppress-warnings -index-store-path /Users/ryankanfer/Library/Developer/Xcode/DerivedData/HOMEY_Clean-gafualdnzupkfseuistvwtqbnpqd/Index.noindex/DataStore -Xcc -D_LIBCPP_HARDENING_MODE\=_LIBCPP_HARDENING_MODE_DEBUG -swift-version 5 -I /Users/ryankanfer/Library/Developer/Xcode/DerivedData/HOMEY_Clean-gafualdnzupkfseuistvwtqbnpqd/Build/Products/Debug-iphoneos -Isystem /Applications/Xcode.app/Contents/Developer/Platforms/iPhoneOS.platform/Developer/usr/lib -F /Users/ryankanfer/Library/Developer/Xcode/DerivedData/HOMEY_Clean-gafualdnzupkfseuistvwtqbnpqd/Build/Products/Debug-iphoneos/PackageFrameworks -F /Users/ryankanfer/Library/Developer/Xcode/DerivedData/HOMEY_Clean-gafualdnzupkfseuistvwtqbnpqd/Build/Products/Debug-iphoneos/PackageFrameworks -F /Users/ryankanfer/Library/Developer/Xcode/DerivedData/HOMEY_Clean-gafualdnzupkfseuistvwtqbnpqd/Build/Products/Debug-iphoneos/PackageFrameworks -F /Users/ryankanfer/Library/Developer/Xcode/DerivedData/HOMEY_Clean-gafualdnzupkfseuistvwtqbnpqd/Build/Products/Debug-iphoneos/PackageFrameworks -F /Users/ryankanfer/Library/Developer/Xcode/DerivedData/HOMEY_Clean-gafualdnzupkfseuistvwtqbnpqd/Build/Products/Debug-iphoneos/PackageFrameworks -F /Users/ryankanfer/Library/Developer/Xcode/DerivedData/HOMEY_Clean-gafualdnzupkfseuistvwtqbnpqd/Build/Products/Debug-iphoneos/PackageFrameworks -F /Users/ryankanfer/Library/Developer/Xcode/DerivedData/HOMEY_Clean-gafualdnzupkfseuistvwtqbnpqd/Build/Products/Debug-iphoneos/PackageFrameworks -F /Users/ryankanfer/Library/Developer/Xcode/DerivedData/HOMEY_Clean-gafualdnzupkfseuistvwtqbnpqd/Build/Products/Debug-iphoneos/PackageFrameworks -F /Users/ryankanfer/Library/Developer/Xcode/DerivedData/HOMEY_Clean-gafualdnzupkfseuistvwtqbnpqd/Build/Products/Debug-iphoneos -F /Applications/Xcode.app/Contents/Developer/Platforms/iPhoneOS.platform/Developer/Library/Frameworks -F /Applications/Xcode.app/Contents/Developer/Platforms/iPhoneOS.platform/Developer/SDKs/iPhoneOS26.0.sdk/Developer/Library/Frameworks -c -j8 -enable-batch-mode -incremental -Xcc -ivfsstatcache -Xcc /Users/ryankanfer/Library/Developer/Xcode/DerivedData/SDKStatCaches.noindex/iphoneos26.0-23A339-81ce72e5b06c9602b9d30b56f2eed08a.sdkstatcache -output-file-map /Users/ryankanfer/Library/Developer/Xcode/DerivedData/HOMEY_Clean-gafualdnzupkfseuistvwtqbnpqd/Build/Intermediates.noindex/Supabase.build/Debug-iphoneos/Auth.build/Objects-normal/arm64/Auth-OutputFileMap.json -use-frontend-parseable-output -save-temps -no-color-diagnostics -explicit-module-build -module-cache-path /Users/ryankanfer/Library/Developer/Xcode/DerivedData/HOMEY_Clean-gafualdnzupkfseuistvwtqbnpqd/Build/Intermediates.noindex/SwiftExplicitPrecompiledModules -clang-scanner-module-cache-path /Users/ryankanfer/Library/Developer/Xcode/DerivedData/ModuleCache.noindex -sdk-module-cache-path /Users/ryankanfer/Library/Developer/Xcode/DerivedData/ModuleCache.noindex -serialize-diagnostics -emit-dependencies -emit-module -emit-module-path /Users/ryankanfer/Library/Developer/Xcode/DerivedData/HOMEY_Clean-gafualdnzupkfseuistvwtqbnpqd/Build/Intermediates.noindex/Supabase.build/Debug-iphoneos/Auth.build/Objects-normal/arm64/Auth.swiftmodule -validate-clang-modules-once -clang-build-session-file /Users/ryankanfer/Library/Developer/Xcode/DerivedData/ModuleCache.noindex/Session.modulevalidation -package-name supabase_swift -Xcc -I/Users/ryankanfer/Library/Developer/Xcode/DerivedData/HOMEY_Clean-gafualdnzupkfseuistvwtqbnpqd/Build/Intermediates.noindex/Supabase.build/Debug-iphoneos/Auth.build/swift-overrides.hmap -emit-const-values -Xfrontend -const-gather-protocols-file -Xfrontend /Users/ryankanfer/Library/Developer/Xcode/DerivedData/HOMEY_Clean-gafualdnzupkfseuistvwtqbnpqd/Build/Intermediates.noindex/Supabase.build/Debug-iphoneos/Auth.build/Objects-normal/arm64/Auth_const_extract_protocols.json -Xcc -I/Users/ryankanfer/Library/Developer/Xcode/DerivedData/HOMEY_Clean-gafualdnzupkfseuistvwtqbnpqd/Build/Products/Debug-iphoneos/include -Xcc -I/Users/ryankanfer/Library/Developer/Xcode/DerivedData/HOMEY_Clean-gafualdnzupkfseuistvwtqbnpqd/Build/Intermediates.noindex/Supabase.build/Debug-iphoneos/Auth.build/DerivedSources-normal/arm64 -Xcc -I/Users/ryankanfer/Library/Developer/Xcode/DerivedData/HOMEY_Clean-gafualdnzupkfseuistvwtqbnpqd/Build/Intermediates.noindex/Supabase.build/Debug-iphoneos/Auth.build/DerivedSources/arm64 -Xcc -I/Users/ryankanfer/Library/Developer/Xcode/DerivedData/HOMEY_Clean-gafualdnzupkfseuistvwtqbnpqd/Build/Intermediates.noindex/Supabase.build/Debug-iphoneos/Auth.build/DerivedSources -Xcc -DSWIFT_PACKAGE -Xcc -DDEBUG\=1 -emit-objc-header -emit-objc-header-path /Users/ryankanfer/Library/Developer/Xcode/DerivedData/HOMEY_Clean-gafualdnzupkfseuistvwtqbnpqd/Build/Intermediates.noindex/Supabase.build/Debug-iphoneos/Auth.build/Objects-normal/arm64/Auth-Swift.h -working-directory /Users/ryankanfer/Documents/Developer/HOMEY\ Clean/HOMEY\ Clean.xcodeproj -experimental-emit-module-separately -disable-cmo

SwiftMergeGeneratedHeaders /Users/ryankanfer/Library/Developer/Xcode/DerivedData/HOMEY_Clean-gafualdnzupkfseuistvwtqbnpqd/Build/Intermediates.noindex/GeneratedModuleMaps-iphoneos/Realtime-Swift.h /Users/ryankanfer/Library/Developer/Xcode/DerivedData/HOMEY_Clean-gafualdnzupkfseuistvwtqbnpqd/Build/Intermediates.noindex/Supabase.build/Debug-iphoneos/Realtime.build/Objects-normal/arm64/Realtime-Swift.h (in target 'Realtime' from project 'Supabase')
    cd /Users/ryankanfer/Library/Developer/Xcode/DerivedData/HOMEY_Clean-gafualdnzupkfseuistvwtqbnpqd/SourcePackages/checkouts/supabase-swift
    builtin-swiftHeaderTool -arch arm64 /Users/ryankanfer/Library/Developer/Xcode/DerivedData/HOMEY_Clean-gafualdnzupkfseuistvwtqbnpqd/Build/Intermediates.noindex/Supabase.build/Debug-iphoneos/Realtime.build/Objects-normal/arm64/Realtime-Swift.h -o /Users/ryankanfer/Library/Developer/Xcode/DerivedData/HOMEY_Clean-gafualdnzupkfseuistvwtqbnpqd/Build/Intermediates.noindex/GeneratedModuleMaps-iphoneos/Realtime-Swift.h

Copy /Users/ryankanfer/Library/Developer/Xcode/DerivedData/HOMEY_Clean-gafualdnzupkfseuistvwtqbnpqd/Build/Products/Debug-iphoneos/Realtime.swiftmodule/arm64-apple-ios.swiftmodule /Users/ryankanfer/Library/Developer/Xcode/DerivedData/HOMEY_Clean-gafualdnzupkfseuistvwtqbnpqd/Build/Intermediates.noindex/Supabase.build/Debug-iphoneos/Realtime.build/Objects-normal/arm64/Realtime.swiftmodule (in target 'Realtime' from project 'Supabase')
    cd /Users/ryankanfer/Library/Developer/Xcode/DerivedData/HOMEY_Clean-gafualdnzupkfseuistvwtqbnpqd/SourcePackages/checkouts/supabase-swift
    builtin-copy -exclude .DS_Store -exclude CVS -exclude .svn -exclude .git -exclude .hg -resolve-src-symlinks -rename /Users/ryankanfer/Library/Developer/Xcode/DerivedData/HOMEY_Clean-gafualdnzupkfseuistvwtqbnpqd/Build/Intermediates.noindex/Supabase.build/Debug-iphoneos/Realtime.build/Objects-normal/arm64/Realtime.swiftmodule /Users/ryankanfer/Library/Developer/Xcode/DerivedData/HOMEY_Clean-gafualdnzupkfseuistvwtqbnpqd/Build/Products/Debug-iphoneos/Realtime.swiftmodule/arm64-apple-ios.swiftmodule

Copy /Users/ryankanfer/Library/Developer/Xcode/DerivedData/HOMEY_Clean-gafualdnzupkfseuistvwtqbnpqd/Build/Products/Debug-iphoneos/Realtime.swiftmodule/arm64-apple-ios.swiftdoc /Users/ryankanfer/Library/Developer/Xcode/DerivedData/HOMEY_Clean-gafualdnzupkfseuistvwtqbnpqd/Build/Intermediates.noindex/Supabase.build/Debug-iphoneos/Realtime.build/Objects-normal/arm64/Realtime.swiftdoc (in target 'Realtime' from project 'Supabase')
    cd /Users/ryankanfer/Library/Developer/Xcode/DerivedData/HOMEY_Clean-gafualdnzupkfseuistvwtqbnpqd/SourcePackages/checkouts/supabase-swift
    builtin-copy -exclude .DS_Store -exclude CVS -exclude .svn -exclude .git -exclude .hg -resolve-src-symlinks -rename /Users/ryankanfer/Library/Developer/Xcode/DerivedData/HOMEY_Clean-gafualdnzupkfseuistvwtqbnpqd/Build/Intermediates.noindex/Supabase.build/Debug-iphoneos/Realtime.build/Objects-normal/arm64/Realtime.swiftdoc /Users/ryankanfer/Library/Developer/Xcode/DerivedData/HOMEY_Clean-gafualdnzupkfseuistvwtqbnpqd/Build/Products/Debug-iphoneos/Realtime.swiftmodule/arm64-apple-ios.swiftdoc

Copy /Users/ryankanfer/Library/Developer/Xcode/DerivedData/HOMEY_Clean-gafualdnzupkfseuistvwtqbnpqd/Build/Products/Debug-iphoneos/Realtime.swiftmodule/arm64-apple-ios.abi.json /Users/ryankanfer/Library/Developer/Xcode/DerivedData/HOMEY_Clean-gafualdnzupkfseuistvwtqbnpqd/Build/Intermediates.noindex/Supabase.build/Debug-iphoneos/Realtime.build/Objects-normal/arm64/Realtime.abi.json (in target 'Realtime' from project 'Supabase')
    cd /Users/ryankanfer/Library/Developer/Xcode/DerivedData/HOMEY_Clean-gafualdnzupkfseuistvwtqbnpqd/SourcePackages/checkouts/supabase-swift
    builtin-copy -exclude .DS_Store -exclude CVS -exclude .svn -exclude .git -exclude .hg -resolve-src-symlinks -rename /Users/ryankanfer/Library/Developer/Xcode/DerivedData/HOMEY_Clean-gafualdnzupkfseuistvwtqbnpqd/Build/Intermediates.noindex/Supabase.build/Debug-iphoneos/Realtime.build/Objects-normal/arm64/Realtime.abi.json /Users/ryankanfer/Library/Developer/Xcode/DerivedData/HOMEY_Clean-gafualdnzupkfseuistvwtqbnpqd/Build/Products/Debug-iphoneos/Realtime.swiftmodule/arm64-apple-ios.abi.json

Copy /Users/ryankanfer/Library/Developer/Xcode/DerivedData/HOMEY_Clean-gafualdnzupkfseuistvwtqbnpqd/Build/Products/Debug-iphoneos/Realtime.swiftmodule/Project/arm64-apple-ios.swiftsourceinfo /Users/ryankanfer/Library/Developer/Xcode/DerivedData/HOMEY_Clean-gafualdnzupkfseuistvwtqbnpqd/Build/Intermediates.noindex/Supabase.build/Debug-iphoneos/Realtime.build/Objects-normal/arm64/Realtime.swiftsourceinfo (in target 'Realtime' from project 'Supabase')
    cd /Users/ryankanfer/Library/Developer/Xcode/DerivedData/HOMEY_Clean-gafualdnzupkfseuistvwtqbnpqd/SourcePackages/checkouts/supabase-swift
    builtin-copy -exclude .DS_Store -exclude CVS -exclude .svn -exclude .git -exclude .hg -resolve-src-symlinks -rename /Users/ryankanfer/Library/Developer/Xcode/DerivedData/HOMEY_Clean-gafualdnzupkfseuistvwtqbnpqd/Build/Intermediates.noindex/Supabase.build/Debug-iphoneos/Realtime.build/Objects-normal/arm64/Realtime.swiftsourceinfo /Users/ryankanfer/Library/Developer/Xcode/DerivedData/HOMEY_Clean-gafualdnzupkfseuistvwtqbnpqd/Build/Products/Debug-iphoneos/Realtime.swiftmodule/Project/arm64-apple-ios.swiftsourceinfo

SwiftMergeGeneratedHeaders /Users/ryankanfer/Library/Developer/Xcode/DerivedData/HOMEY_Clean-gafualdnzupkfseuistvwtqbnpqd/Build/Intermediates.noindex/GeneratedModuleMaps-iphoneos/Auth-Swift.h /Users/ryankanfer/Library/Developer/Xcode/DerivedData/HOMEY_Clean-gafualdnzupkfseuistvwtqbnpqd/Build/Intermediates.noindex/Supabase.build/Debug-iphoneos/Auth.build/Objects-normal/arm64/Auth-Swift.h (in target 'Auth' from project 'Supabase')
    cd /Users/ryankanfer/Library/Developer/Xcode/DerivedData/HOMEY_Clean-gafualdnzupkfseuistvwtqbnpqd/SourcePackages/checkouts/supabase-swift
    builtin-swiftHeaderTool -arch arm64 /Users/ryankanfer/Library/Developer/Xcode/DerivedData/HOMEY_Clean-gafualdnzupkfseuistvwtqbnpqd/Build/Intermediates.noindex/Supabase.build/Debug-iphoneos/Auth.build/Objects-normal/arm64/Auth-Swift.h -o /Users/ryankanfer/Library/Developer/Xcode/DerivedData/HOMEY_Clean-gafualdnzupkfseuistvwtqbnpqd/Build/Intermediates.noindex/GeneratedModuleMaps-iphoneos/Auth-Swift.h

Copy /Users/ryankanfer/Library/Developer/Xcode/DerivedData/HOMEY_Clean-gafualdnzupkfseuistvwtqbnpqd/Build/Products/Debug-iphoneos/Auth.swiftmodule/arm64-apple-ios.swiftmodule /Users/ryankanfer/Library/Developer/Xcode/DerivedData/HOMEY_Clean-gafualdnzupkfseuistvwtqbnpqd/Build/Intermediates.noindex/Supabase.build/Debug-iphoneos/Auth.build/Objects-normal/arm64/Auth.swiftmodule (in target 'Auth' from project 'Supabase')
    cd /Users/ryankanfer/Library/Developer/Xcode/DerivedData/HOMEY_Clean-gafualdnzupkfseuistvwtqbnpqd/SourcePackages/checkouts/supabase-swift
    builtin-copy -exclude .DS_Store -exclude CVS -exclude .svn -exclude .git -exclude .hg -resolve-src-symlinks -rename /Users/ryankanfer/Library/Developer/Xcode/DerivedData/HOMEY_Clean-gafualdnzupkfseuistvwtqbnpqd/Build/Intermediates.noindex/Supabase.build/Debug-iphoneos/Auth.build/Objects-normal/arm64/Auth.swiftmodule /Users/ryankanfer/Library/Developer/Xcode/DerivedData/HOMEY_Clean-gafualdnzupkfseuistvwtqbnpqd/Build/Products/Debug-iphoneos/Auth.swiftmodule/arm64-apple-ios.swiftmodule

Copy /Users/ryankanfer/Library/Developer/Xcode/DerivedData/HOMEY_Clean-gafualdnzupkfseuistvwtqbnpqd/Build/Products/Debug-iphoneos/Auth.swiftmodule/arm64-apple-ios.swiftdoc /Users/ryankanfer/Library/Developer/Xcode/DerivedData/HOMEY_Clean-gafualdnzupkfseuistvwtqbnpqd/Build/Intermediates.noindex/Supabase.build/Debug-iphoneos/Auth.build/Objects-normal/arm64/Auth.swiftdoc (in target 'Auth' from project 'Supabase')
    cd /Users/ryankanfer/Library/Developer/Xcode/DerivedData/HOMEY_Clean-gafualdnzupkfseuistvwtqbnpqd/SourcePackages/checkouts/supabase-swift
    builtin-copy -exclude .DS_Store -exclude CVS -exclude .svn -exclude .git -exclude .hg -resolve-src-symlinks -rename /Users/ryankanfer/Library/Developer/Xcode/DerivedData/HOMEY_Clean-gafualdnzupkfseuistvwtqbnpqd/Build/Intermediates.noindex/Supabase.build/Debug-iphoneos/Auth.build/Objects-normal/arm64/Auth.swiftdoc /Users/ryankanfer/Library/Developer/Xcode/DerivedData/HOMEY_Clean-gafualdnzupkfseuistvwtqbnpqd/Build/Products/Debug-iphoneos/Auth.swiftmodule/arm64-apple-ios.swiftdoc

Copy /Users/ryankanfer/Library/Developer/Xcode/DerivedData/HOMEY_Clean-gafualdnzupkfseuistvwtqbnpqd/Build/Products/Debug-iphoneos/Auth.swiftmodule/arm64-apple-ios.abi.json /Users/ryankanfer/Library/Developer/Xcode/DerivedData/HOMEY_Clean-gafualdnzupkfseuistvwtqbnpqd/Build/Intermediates.noindex/Supabase.build/Debug-iphoneos/Auth.build/Objects-normal/arm64/Auth.abi.json (in target 'Auth' from project 'Supabase')
    cd /Users/ryankanfer/Library/Developer/Xcode/DerivedData/HOMEY_Clean-gafualdnzupkfseuistvwtqbnpqd/SourcePackages/checkouts/supabase-swift
    builtin-copy -exclude .DS_Store -exclude CVS -exclude .svn -exclude .git -exclude .hg -resolve-src-symlinks -rename /Users/ryankanfer/Library/Developer/Xcode/DerivedData/HOMEY_Clean-gafualdnzupkfseuistvwtqbnpqd/Build/Intermediates.noindex/Supabase.build/Debug-iphoneos/Auth.build/Objects-normal/arm64/Auth.abi.json /Users/ryankanfer/Library/Developer/Xcode/DerivedData/HOMEY_Clean-gafualdnzupkfseuistvwtqbnpqd/Build/Products/Debug-iphoneos/Auth.swiftmodule/arm64-apple-ios.abi.json

Copy /Users/ryankanfer/Library/Developer/Xcode/DerivedData/HOMEY_Clean-gafualdnzupkfseuistvwtqbnpqd/Build/Products/Debug-iphoneos/Auth.swiftmodule/Project/arm64-apple-ios.swiftsourceinfo /Users/ryankanfer/Library/Developer/Xcode/DerivedData/HOMEY_Clean-gafualdnzupkfseuistvwtqbnpqd/Build/Intermediates.noindex/Supabase.build/Debug-iphoneos/Auth.build/Objects-normal/arm64/Auth.swiftsourceinfo (in target 'Auth' from project 'Supabase')
    cd /Users/ryankanfer/Library/Developer/Xcode/DerivedData/HOMEY_Clean-gafualdnzupkfseuistvwtqbnpqd/SourcePackages/checkouts/supabase-swift
    builtin-copy -exclude .DS_Store -exclude CVS -exclude .svn -exclude .git -exclude .hg -resolve-src-symlinks -rename /Users/ryankanfer/Library/Developer/Xcode/DerivedData/HOMEY_Clean-gafualdnzupkfseuistvwtqbnpqd/Build/Intermediates.noindex/Supabase.build/Debug-iphoneos/Auth.build/Objects-normal/arm64/Auth.swiftsourceinfo /Users/ryankanfer/Library/Developer/Xcode/DerivedData/HOMEY_Clean-gafualdnzupkfseuistvwtqbnpqd/Build/Products/Debug-iphoneos/Auth.swiftmodule/Project/arm64-apple-ios.swiftsourceinfo

SwiftCompile normal arm64 Compiling\ RealtimeChannel.swift,\ RealtimeClient.swift,\ RealtimeMessage.swift,\ TimeoutTimer.swift /Users/ryankanfer/Library/Developer/Xcode/DerivedData/HOMEY_Clean-gafualdnzupkfseuistvwtqbnpqd/SourcePackages/checkouts/supabase-swift/Sources/Realtime/Deprecated/RealtimeChannel.swift /Users/ryankanfer/Library/Developer/Xcode/DerivedData/HOMEY_Clean-gafualdnzupkfseuistvwtqbnpqd/SourcePackages/checkouts/supabase-swift/Sources/Realtime/Deprecated/RealtimeClient.swift /Users/ryankanfer/Library/Developer/Xcode/DerivedData/HOMEY_Clean-gafualdnzupkfseuistvwtqbnpqd/SourcePackages/checkouts/supabase-swift/Sources/Realtime/Deprecated/RealtimeMessage.swift /Users/ryankanfer/Library/Developer/Xcode/DerivedData/HOMEY_Clean-gafualdnzupkfseuistvwtqbnpqd/SourcePackages/checkouts/supabase-swift/Sources/Realtime/Deprecated/TimeoutTimer.swift (in target 'Realtime' from project 'Supabase')
SwiftCompile normal arm64 /Users/ryankanfer/Library/Developer/Xcode/DerivedData/HOMEY_Clean-gafualdnzupkfseuistvwtqbnpqd/SourcePackages/checkouts/supabase-swift/Sources/Realtime/Deprecated/RealtimeChannel.swift (in target 'Realtime' from project 'Supabase')
    cd /Users/ryankanfer/Documents/Developer/HOMEY\ Clean/HOMEY\ Clean.xcodeproj
    

SwiftCompile normal arm64 /Users/ryankanfer/Library/Developer/Xcode/DerivedData/HOMEY_Clean-gafualdnzupkfseuistvwtqbnpqd/SourcePackages/checkouts/supabase-swift/Sources/Realtime/Deprecated/RealtimeClient.swift (in target 'Realtime' from project 'Supabase')
    cd /Users/ryankanfer/Documents/Developer/HOMEY\ Clean/HOMEY\ Clean.xcodeproj
    

SwiftCompile normal arm64 /Users/ryankanfer/Library/Developer/Xcode/DerivedData/HOMEY_Clean-gafualdnzupkfseuistvwtqbnpqd/SourcePackages/checkouts/supabase-swift/Sources/Realtime/Deprecated/RealtimeMessage.swift (in target 'Realtime' from project 'Supabase')
    cd /Users/ryankanfer/Documents/Developer/HOMEY\ Clean/HOMEY\ Clean.xcodeproj
    

SwiftCompile normal arm64 /Users/ryankanfer/Library/Developer/Xcode/DerivedData/HOMEY_Clean-gafualdnzupkfseuistvwtqbnpqd/SourcePackages/checkouts/supabase-swift/Sources/Realtime/Deprecated/TimeoutTimer.swift (in target 'Realtime' from project 'Supabase')
    cd /Users/ryankanfer/Documents/Developer/HOMEY\ Clean/HOMEY\ Clean.xcodeproj
    

SwiftCompile normal arm64 Compiling\ PushV2.swift,\ RealtimeChannel+AsyncAwait.swift,\ RealtimeChannelV2.swift /Users/ryankanfer/Library/Developer/Xcode/DerivedData/HOMEY_Clean-gafualdnzupkfseuistvwtqbnpqd/SourcePackages/checkouts/supabase-swift/Sources/Realtime/PushV2.swift /Users/ryankanfer/Library/Developer/Xcode/DerivedData/HOMEY_Clean-gafualdnzupkfseuistvwtqbnpqd/SourcePackages/checkouts/supabase-swift/Sources/Realtime/RealtimeChannel+AsyncAwait.swift /Users/ryankanfer/Library/Developer/Xcode/DerivedData/HOMEY_Clean-gafualdnzupkfseuistvwtqbnpqd/SourcePackages/checkouts/supabase-swift/Sources/Realtime/RealtimeChannelV2.swift (in target 'Realtime' from project 'Supabase')

SwiftCompile normal arm64 /Users/ryankanfer/Library/Developer/Xcode/DerivedData/HOMEY_Clean-gafualdnzupkfseuistvwtqbnpqd/SourcePackages/checkouts/supabase-swift/Sources/Realtime/PushV2.swift (in target 'Realtime' from project 'Supabase')
    cd /Users/ryankanfer/Documents/Developer/HOMEY\ Clean/HOMEY\ Clean.xcodeproj
    

SwiftCompile normal arm64 /Users/ryankanfer/Library/Developer/Xcode/DerivedData/HOMEY_Clean-gafualdnzupkfseuistvwtqbnpqd/SourcePackages/checkouts/supabase-swift/Sources/Realtime/RealtimeChannel+AsyncAwait.swift (in target 'Realtime' from project 'Supabase')
    cd /Users/ryankanfer/Documents/Developer/HOMEY\ Clean/HOMEY\ Clean.xcodeproj
    

SwiftCompile normal arm64 /Users/ryankanfer/Library/Developer/Xcode/DerivedData/HOMEY_Clean-gafualdnzupkfseuistvwtqbnpqd/SourcePackages/checkouts/supabase-swift/Sources/Realtime/RealtimeChannelV2.swift (in target 'Realtime' from project 'Supabase')
    cd /Users/ryankanfer/Documents/Developer/HOMEY\ Clean/HOMEY\ Clean.xcodeproj
    

SwiftDriverJobDiscovery normal arm64 Compiling Types.swift (in target 'Storage' from project 'Supabase')

SwiftCompile normal arm64 Compiling\ Exports.swift,\ PostgresAction.swift,\ PostgresActionData.swift,\ PresenceAction.swift /Users/ryankanfer/Library/Developer/Xcode/DerivedData/HOMEY_Clean-gafualdnzupkfseuistvwtqbnpqd/SourcePackages/checkouts/supabase-swift/Sources/Realtime/Exports.swift /Users/ryankanfer/Library/Developer/Xcode/DerivedData/HOMEY_Clean-gafualdnzupkfseuistvwtqbnpqd/SourcePackages/checkouts/supabase-swift/Sources/Realtime/PostgresAction.swift /Users/ryankanfer/Library/Developer/Xcode/DerivedData/HOMEY_Clean-gafualdnzupkfseuistvwtqbnpqd/SourcePackages/checkouts/supabase-swift/Sources/Realtime/PostgresActionData.swift /Users/ryankanfer/Library/Developer/Xcode/DerivedData/HOMEY_Clean-gafualdnzupkfseuistvwtqbnpqd/SourcePackages/checkouts/supabase-swift/Sources/Realtime/PresenceAction.swift (in target 'Realtime' from project 'Supabase')

SwiftCompile normal arm64 /Users/ryankanfer/Library/Developer/Xcode/DerivedData/HOMEY_Clean-gafualdnzupkfseuistvwtqbnpqd/SourcePackages/checkouts/supabase-swift/Sources/Realtime/Exports.swift (in target 'Realtime' from project 'Supabase')
    cd /Users/ryankanfer/Documents/Developer/HOMEY\ Clean/HOMEY\ Clean.xcodeproj
    

SwiftCompile normal arm64 /Users/ryankanfer/Library/Developer/Xcode/DerivedData/HOMEY_Clean-gafualdnzupkfseuistvwtqbnpqd/SourcePackages/checkouts/supabase-swift/Sources/Realtime/PostgresAction.swift (in target 'Realtime' from project 'Supabase')
    cd /Users/ryankanfer/Documents/Developer/HOMEY\ Clean/HOMEY\ Clean.xcodeproj
    

SwiftCompile normal arm64 /Users/ryankanfer/Library/Developer/Xcode/DerivedData/HOMEY_Clean-gafualdnzupkfseuistvwtqbnpqd/SourcePackages/checkouts/supabase-swift/Sources/Realtime/PostgresActionData.swift (in target 'Realtime' from project 'Supabase')
    cd /Users/ryankanfer/Documents/Developer/HOMEY\ Clean/HOMEY\ Clean.xcodeproj
    

SwiftCompile normal arm64 /Users/ryankanfer/Library/Developer/Xcode/DerivedData/HOMEY_Clean-gafualdnzupkfseuistvwtqbnpqd/SourcePackages/checkouts/supabase-swift/Sources/Realtime/PresenceAction.swift (in target 'Realtime' from project 'Supabase')
    cd /Users/ryankanfer/Documents/Developer/HOMEY\ Clean/HOMEY\ Clean.xcodeproj
    

SwiftDriverJobDiscovery normal arm64 Compiling RealtimeMessageV2.swift, RealtimePostgresFilter.swift, RealtimePostgresFilterValue.swift (in target 'Realtime' from project 'Supabase')

SwiftCompile normal arm64 Compiling\ PostgrestQueryBuilder.swift /Users/ryankanfer/Library/Developer/Xcode/DerivedData/HOMEY_Clean-gafualdnzupkfseuistvwtqbnpqd/SourcePackages/checkouts/supabase-swift/Sources/PostgREST/PostgrestQueryBuilder.swift (in target 'PostgREST' from project 'Supabase')

SwiftCompile normal arm64 /Users/ryankanfer/Library/Developer/Xcode/DerivedData/HOMEY_Clean-gafualdnzupkfseuistvwtqbnpqd/SourcePackages/checkouts/supabase-swift/Sources/PostgREST/PostgrestQueryBuilder.swift (in target 'PostgREST' from project 'Supabase')
    cd /Users/ryankanfer/Documents/Developer/HOMEY\ Clean/HOMEY\ Clean.xcodeproj
    

SwiftDriverJobDiscovery normal arm64 Compiling CallbackManager.swift, Defaults.swift, Delegated.swift, Deprecated.swift (in target 'Realtime' from project 'Supabase')

SwiftCompile normal arm64 Compiling\ PostgrestFilterValue.swift /Users/ryankanfer/Library/Developer/Xcode/DerivedData/HOMEY_Clean-gafualdnzupkfseuistvwtqbnpqd/SourcePackages/checkouts/supabase-swift/Sources/PostgREST/PostgrestFilterValue.swift (in target 'PostgREST' from project 'Supabase')

SwiftCompile normal arm64 /Users/ryankanfer/Library/Developer/Xcode/DerivedData/HOMEY_Clean-gafualdnzupkfseuistvwtqbnpqd/SourcePackages/checkouts/supabase-swift/Sources/PostgREST/PostgrestFilterValue.swift (in target 'PostgREST' from project 'Supabase')
    cd /Users/ryankanfer/Documents/Developer/HOMEY\ Clean/HOMEY\ Clean.xcodeproj
    

SwiftDriverJobDiscovery normal arm64 Compiling StorageError.swift, StorageFileApi.swift (in target 'Storage' from project 'Supabase')

SwiftDriver\ Compilation Storage normal arm64 com.apple.xcode.tools.swift.compiler (in target 'Storage' from project 'Supabase')
    cd /Users/ryankanfer/Documents/Developer/HOMEY\ Clean/HOMEY\ Clean.xcodeproj
    builtin-Swift-Compilation -- /Applications/Xcode.app/Contents/Developer/Toolchains/XcodeDefault.xctoolchain/usr/bin/swiftc -module-name Storage -Onone -enforce-exclusivity\=checked @/Users/ryankanfer/Library/Developer/Xcode/DerivedData/HOMEY_Clean-gafualdnzupkfseuistvwtqbnpqd/Build/Intermediates.noindex/Supabase.build/Debug-iphoneos/Storage.build/Objects-normal/arm64/Storage.SwiftFileList -DSWIFT_PACKAGE -DDEBUG -DSWIFT_MODULE_RESOURCE_BUNDLE_UNAVAILABLE -DXcode -enable-upcoming-feature ExistentialAny -enable-experimental-feature StrictConcurrency -plugin-path /Applications/Xcode.app/Contents/Developer/Toolchains/XcodeDefault.xctoolchain/usr/lib/swift/host/plugins/testing -enable-experimental-feature DebugDescriptionMacro -sdk /Applications/Xcode.app/Contents/Developer/Platforms/iPhoneOS.platform/Developer/SDKs/iPhoneOS26.0.sdk -target arm64-apple-ios13.0 -g -module-cache-path /Users/ryankanfer/Library/Developer/Xcode/DerivedData/ModuleCache.noindex -Xfrontend -serialize-debugging-options -profile-coverage-mapping -profile-generate -enable-testing -suppress-warnings -index-store-path /Users/ryankanfer/Library/Developer/Xcode/DerivedData/HOMEY_Clean-gafualdnzupkfseuistvwtqbnpqd/Index.noindex/DataStore -Xcc -D_LIBCPP_HARDENING_MODE\=_LIBCPP_HARDENING_MODE_DEBUG -swift-version 5 -I /Users/ryankanfer/Library/Developer/Xcode/DerivedData/HOMEY_Clean-gafualdnzupkfseuistvwtqbnpqd/Build/Products/Debug-iphoneos -Isystem /Applications/Xcode.app/Contents/Developer/Platforms/iPhoneOS.platform/Developer/usr/lib -F /Users/ryankanfer/Library/Developer/Xcode/DerivedData/HOMEY_Clean-gafualdnzupkfseuistvwtqbnpqd/Build/Products/Debug-iphoneos/PackageFrameworks -F /Users/ryankanfer/Library/Developer/Xcode/DerivedData/HOMEY_Clean-gafualdnzupkfseuistvwtqbnpqd/Build/Products/Debug-iphoneos/PackageFrameworks -F /Users/ryankanfer/Library/Developer/Xcode/DerivedData/HOMEY_Clean-gafualdnzupkfseuistvwtqbnpqd/Build/Products/Debug-iphoneos/PackageFrameworks -F /Users/ryankanfer/Library/Developer/Xcode/DerivedData/HOMEY_Clean-gafualdnzupkfseuistvwtqbnpqd/Build/Products/Debug-iphoneos/PackageFrameworks -F /Users/ryankanfer/Library/Developer/Xcode/DerivedData/HOMEY_Clean-gafualdnzupkfseuistvwtqbnpqd/Build/Products/Debug-iphoneos/PackageFrameworks -F /Users/ryankanfer/Library/Developer/Xcode/DerivedData/HOMEY_Clean-gafualdnzupkfseuistvwtqbnpqd/Build/Products/Debug-iphoneos/PackageFrameworks -F /Users/ryankanfer/Library/Developer/Xcode/DerivedData/HOMEY_Clean-gafualdnzupkfseuistvwtqbnpqd/Build/Products/Debug-iphoneos/PackageFrameworks -F /Users/ryankanfer/Library/Developer/Xcode/DerivedData/HOMEY_Clean-gafualdnzupkfseuistvwtqbnpqd/Build/Products/Debug-iphoneos -F /Applications/Xcode.app/Contents/Developer/Platforms/iPhoneOS.platform/Developer/Library/Frameworks -F /Applications/Xcode.app/Contents/Developer/Platforms/iPhoneOS.platform/Developer/SDKs/iPhoneOS26.0.sdk/Developer/Library/Frameworks -c -j8 -enable-batch-mode -incremental -Xcc -ivfsstatcache -Xcc /Users/ryankanfer/Library/Developer/Xcode/DerivedData/SDKStatCaches.noindex/iphoneos26.0-23A339-81ce72e5b06c9602b9d30b56f2eed08a.sdkstatcache -output-file-map /Users/ryankanfer/Library/Developer/Xcode/DerivedData/HOMEY_Clean-gafualdnzupkfseuistvwtqbnpqd/Build/Intermediates.noindex/Supabase.build/Debug-iphoneos/Storage.build/Objects-normal/arm64/Storage-OutputFileMap.json -use-frontend-parseable-output -save-temps -no-color-diagnostics -explicit-module-build -module-cache-path /Users/ryankanfer/Library/Developer/Xcode/DerivedData/HOMEY_Clean-gafualdnzupkfseuistvwtqbnpqd/Build/Intermediates.noindex/SwiftExplicitPrecompiledModules -clang-scanner-module-cache-path /Users/ryankanfer/Library/Developer/Xcode/DerivedData/ModuleCache.noindex -sdk-module-cache-path /Users/ryankanfer/Library/Developer/Xcode/DerivedData/ModuleCache.noindex -serialize-diagnostics -emit-dependencies -emit-module -emit-module-path /Users/ryankanfer/Library/Developer/Xcode/DerivedData/HOMEY_Clean-gafualdnzupkfseuistvwtqbnpqd/Build/Intermediates.noindex/Supabase.build/Debug-iphoneos/Storage.build/Objects-normal/arm64/Storage.swiftmodule -validate-clang-modules-once -clang-build-session-file /Users/ryankanfer/Library/Developer/Xcode/DerivedData/ModuleCache.noindex/Session.modulevalidation -package-name supabase_swift -Xcc -I/Users/ryankanfer/Library/Developer/Xcode/DerivedData/HOMEY_Clean-gafualdnzupkfseuistvwtqbnpqd/Build/Intermediates.noindex/Supabase.build/Debug-iphoneos/Storage.build/swift-overrides.hmap -emit-const-values -Xfrontend -const-gather-protocols-file -Xfrontend /Users/ryankanfer/Library/Developer/Xcode/DerivedData/HOMEY_Clean-gafualdnzupkfseuistvwtqbnpqd/Build/Intermediates.noindex/Supabase.build/Debug-iphoneos/Storage.build/Objects-normal/arm64/Storage_const_extract_protocols.json -Xcc -I/Users/ryankanfer/Library/Developer/Xcode/DerivedData/HOMEY_Clean-gafualdnzupkfseuistvwtqbnpqd/Build/Products/Debug-iphoneos/include -Xcc -I/Users/ryankanfer/Library/Developer/Xcode/DerivedData/HOMEY_Clean-gafualdnzupkfseuistvwtqbnpqd/Build/Intermediates.noindex/Supabase.build/Debug-iphoneos/Storage.build/DerivedSources-normal/arm64 -Xcc -I/Users/ryankanfer/Library/Developer/Xcode/DerivedData/HOMEY_Clean-gafualdnzupkfseuistvwtqbnpqd/Build/Intermediates.noindex/Supabase.build/Debug-iphoneos/Storage.build/DerivedSources/arm64 -Xcc -I/Users/ryankanfer/Library/Developer/Xcode/DerivedData/HOMEY_Clean-gafualdnzupkfseuistvwtqbnpqd/Build/Intermediates.noindex/Supabase.build/Debug-iphoneos/Storage.build/DerivedSources -Xcc -DSWIFT_PACKAGE -Xcc -DDEBUG\=1 -emit-objc-header -emit-objc-header-path /Users/ryankanfer/Library/Developer/Xcode/DerivedData/HOMEY_Clean-gafualdnzupkfseuistvwtqbnpqd/Build/Intermediates.noindex/Supabase.build/Debug-iphoneos/Storage.build/Objects-normal/arm64/Storage-Swift.h -working-directory /Users/ryankanfer/Documents/Developer/HOMEY\ Clean/HOMEY\ Clean.xcodeproj -experimental-emit-module-separately -disable-cmo

SwiftDriverJobDiscovery normal arm64 Compiling Types.swift, URLSessionWebSocket.swift, WebSocket.swift (in target 'Realtime' from project 'Supabase')

SwiftCompile normal arm64 Compiling\ PostgrestTransformBuilder.swift /Users/ryankanfer/Library/Developer/Xcode/DerivedData/HOMEY_Clean-gafualdnzupkfseuistvwtqbnpqd/SourcePackages/checkouts/supabase-swift/Sources/PostgREST/PostgrestTransformBuilder.swift (in target 'PostgREST' from project 'Supabase')

SwiftCompile normal arm64 /Users/ryankanfer/Library/Developer/Xcode/DerivedData/HOMEY_Clean-gafualdnzupkfseuistvwtqbnpqd/SourcePackages/checkouts/supabase-swift/Sources/PostgREST/PostgrestTransformBuilder.swift (in target 'PostgREST' from project 'Supabase')
    cd /Users/ryankanfer/Documents/Developer/HOMEY\ Clean/HOMEY\ Clean.xcodeproj
    

SwiftDriverJobDiscovery normal arm64 Compiling PostgrestFilterValue.swift (in target 'PostgREST' from project 'Supabase')

SwiftCompile normal arm64 Compiling\ PostgrestFilterBuilder.swift /Users/ryankanfer/Library/Developer/Xcode/DerivedData/HOMEY_Clean-gafualdnzupkfseuistvwtqbnpqd/SourcePackages/checkouts/supabase-swift/Sources/PostgREST/PostgrestFilterBuilder.swift (in target 'PostgREST' from project 'Supabase')

SwiftCompile normal arm64 /Users/ryankanfer/Library/Developer/Xcode/DerivedData/HOMEY_Clean-gafualdnzupkfseuistvwtqbnpqd/SourcePackages/checkouts/supabase-swift/Sources/PostgREST/PostgrestFilterBuilder.swift (in target 'PostgREST' from project 'Supabase')
    cd /Users/ryankanfer/Documents/Developer/HOMEY\ Clean/HOMEY\ Clean.xcodeproj
    

SwiftCompile normal arm64 Compiling\ Types.swift /Users/ryankanfer/Library/Developer/Xcode/DerivedData/HOMEY_Clean-gafualdnzupkfseuistvwtqbnpqd/SourcePackages/checkouts/supabase-swift/Sources/PostgREST/Types.swift (in target 'PostgREST' from project 'Supabase')

SwiftCompile normal arm64 /Users/ryankanfer/Library/Developer/Xcode/DerivedData/HOMEY_Clean-gafualdnzupkfseuistvwtqbnpqd/SourcePackages/checkouts/supabase-swift/Sources/PostgREST/Types.swift (in target 'PostgREST' from project 'Supabase')
    cd /Users/ryankanfer/Documents/Developer/HOMEY\ Clean/HOMEY\ Clean.xcodeproj
    

SwiftDriverJobDiscovery normal arm64 Compiling PostgrestQueryBuilder.swift (in target 'PostgREST' from project 'Supabase')

SwiftCompile normal arm64 Compiling\ PostgrestClient.swift /Users/ryankanfer/Library/Developer/Xcode/DerivedData/HOMEY_Clean-gafualdnzupkfseuistvwtqbnpqd/SourcePackages/checkouts/supabase-swift/Sources/PostgREST/PostgrestClient.swift (in target 'PostgREST' from project 'Supabase')

SwiftCompile normal arm64 /Users/ryankanfer/Library/Developer/Xcode/DerivedData/HOMEY_Clean-gafualdnzupkfseuistvwtqbnpqd/SourcePackages/checkouts/supabase-swift/Sources/PostgREST/PostgrestClient.swift (in target 'PostgREST' from project 'Supabase')
    cd /Users/ryankanfer/Documents/Developer/HOMEY\ Clean/HOMEY\ Clean.xcodeproj
    

SwiftDriverJobDiscovery normal arm64 Compiling PostgrestTransformBuilder.swift (in target 'PostgREST' from project 'Supabase')

SwiftCompile normal arm64 Compiling\ Defaults.swift,\ Deprecated.swift /Users/ryankanfer/Library/Developer/Xcode/DerivedData/HOMEY_Clean-gafualdnzupkfseuistvwtqbnpqd/SourcePackages/checkouts/supabase-swift/Sources/PostgREST/Defaults.swift /Users/ryankanfer/Library/Developer/Xcode/DerivedData/HOMEY_Clean-gafualdnzupkfseuistvwtqbnpqd/SourcePackages/checkouts/supabase-swift/Sources/PostgREST/Deprecated.swift (in target 'PostgREST' from project 'Supabase')

SwiftCompile normal arm64 /Users/ryankanfer/Library/Developer/Xcode/DerivedData/HOMEY_Clean-gafualdnzupkfseuistvwtqbnpqd/SourcePackages/checkouts/supabase-swift/Sources/PostgREST/Defaults.swift (in target 'PostgREST' from project 'Supabase')
    cd /Users/ryankanfer/Documents/Developer/HOMEY\ Clean/HOMEY\ Clean.xcodeproj
    

SwiftCompile normal arm64 /Users/ryankanfer/Library/Developer/Xcode/DerivedData/HOMEY_Clean-gafualdnzupkfseuistvwtqbnpqd/SourcePackages/checkouts/supabase-swift/Sources/PostgREST/Deprecated.swift (in target 'PostgREST' from project 'Supabase')
    cd /Users/ryankanfer/Documents/Developer/HOMEY\ Clean/HOMEY\ Clean.xcodeproj
    

SwiftDriverJobDiscovery normal arm64 Compiling Exports.swift, PostgresAction.swift, PostgresActionData.swift, PresenceAction.swift (in target 'Realtime' from project 'Supabase')

SwiftCompile normal arm64 Compiling\ Exports.swift,\ PostgrestBuilder.swift /Users/ryankanfer/Library/Developer/Xcode/DerivedData/HOMEY_Clean-gafualdnzupkfseuistvwtqbnpqd/SourcePackages/checkouts/supabase-swift/Sources/PostgREST/Exports.swift /Users/ryankanfer/Library/Developer/Xcode/DerivedData/HOMEY_Clean-gafualdnzupkfseuistvwtqbnpqd/SourcePackages/checkouts/supabase-swift/Sources/PostgREST/PostgrestBuilder.swift (in target 'PostgREST' from project 'Supabase')

SwiftCompile normal arm64 /Users/ryankanfer/Library/Developer/Xcode/DerivedData/HOMEY_Clean-gafualdnzupkfseuistvwtqbnpqd/SourcePackages/checkouts/supabase-swift/Sources/PostgREST/Exports.swift (in target 'PostgREST' from project 'Supabase')
    cd /Users/ryankanfer/Documents/Developer/HOMEY\ Clean/HOMEY\ Clean.xcodeproj
    

SwiftCompile normal arm64 /Users/ryankanfer/Library/Developer/Xcode/DerivedData/HOMEY_Clean-gafualdnzupkfseuistvwtqbnpqd/SourcePackages/checkouts/supabase-swift/Sources/PostgREST/PostgrestBuilder.swift (in target 'PostgREST' from project 'Supabase')
    cd /Users/ryankanfer/Documents/Developer/HOMEY\ Clean/HOMEY\ Clean.xcodeproj
    

SwiftDriverJobDiscovery normal arm64 Compiling HeartbeatTimer.swift, PhoenixTransport.swift, Presence.swift, Push.swift (in target 'Realtime' from project 'Supabase')

SwiftDriverJobDiscovery normal arm64 Compiling Types.swift (in target 'PostgREST' from project 'Supabase')

SwiftDriver\ Compilation Functions normal arm64 com.apple.xcode.tools.swift.compiler (in target 'Functions' from project 'Supabase')
    cd /Users/ryankanfer/Documents/Developer/HOMEY\ Clean/HOMEY\ Clean.xcodeproj
    builtin-Swift-Compilation -- /Applications/Xcode.app/Contents/Developer/Toolchains/XcodeDefault.xctoolchain/usr/bin/swiftc -module-name Functions -Onone -enforce-exclusivity\=checked @/Users/ryankanfer/Library/Developer/Xcode/DerivedData/HOMEY_Clean-gafualdnzupkfseuistvwtqbnpqd/Build/Intermediates.noindex/Supabase.build/Debug-iphoneos/Functions.build/Objects-normal/arm64/Functions.SwiftFileList -DSWIFT_PACKAGE -DDEBUG -DSWIFT_MODULE_RESOURCE_BUNDLE_UNAVAILABLE -DXcode -enable-upcoming-feature ExistentialAny -enable-experimental-feature StrictConcurrency -plugin-path /Applications/Xcode.app/Contents/Developer/Toolchains/XcodeDefault.xctoolchain/usr/lib/swift/host/plugins/testing -enable-experimental-feature DebugDescriptionMacro -sdk /Applications/Xcode.app/Contents/Developer/Platforms/iPhoneOS.platform/Developer/SDKs/iPhoneOS26.0.sdk -target arm64-apple-ios13.0 -g -module-cache-path /Users/ryankanfer/Library/Developer/Xcode/DerivedData/ModuleCache.noindex -Xfrontend -serialize-debugging-options -profile-coverage-mapping -profile-generate -enable-testing -suppress-warnings -index-store-path /Users/ryankanfer/Library/Developer/Xcode/DerivedData/HOMEY_Clean-gafualdnzupkfseuistvwtqbnpqd/Index.noindex/DataStore -Xcc -D_LIBCPP_HARDENING_MODE\=_LIBCPP_HARDENING_MODE_DEBUG -swift-version 5 -I /Users/ryankanfer/Library/Developer/Xcode/DerivedData/HOMEY_Clean-gafualdnzupkfseuistvwtqbnpqd/Build/Products/Debug-iphoneos -Isystem /Applications/Xcode.app/Contents/Developer/Platforms/iPhoneOS.platform/Developer/usr/lib -F /Users/ryankanfer/Library/Developer/Xcode/DerivedData/HOMEY_Clean-gafualdnzupkfseuistvwtqbnpqd/Build/Products/Debug-iphoneos/PackageFrameworks -F /Users/ryankanfer/Library/Developer/Xcode/DerivedData/HOMEY_Clean-gafualdnzupkfseuistvwtqbnpqd/Build/Products/Debug-iphoneos/PackageFrameworks -F /Users/ryankanfer/Library/Developer/Xcode/DerivedData/HOMEY_Clean-gafualdnzupkfseuistvwtqbnpqd/Build/Products/Debug-iphoneos/PackageFrameworks -F /Users/ryankanfer/Library/Developer/Xcode/DerivedData/HOMEY_Clean-gafualdnzupkfseuistvwtqbnpqd/Build/Products/Debug-iphoneos/PackageFrameworks -F /Users/ryankanfer/Library/Developer/Xcode/DerivedData/HOMEY_Clean-gafualdnzupkfseuistvwtqbnpqd/Build/Products/Debug-iphoneos/PackageFrameworks -F /Users/ryankanfer/Library/Developer/Xcode/DerivedData/HOMEY_Clean-gafualdnzupkfseuistvwtqbnpqd/Build/Products/Debug-iphoneos/PackageFrameworks -F /Users/ryankanfer/Library/Developer/Xcode/DerivedData/HOMEY_Clean-gafualdnzupkfseuistvwtqbnpqd/Build/Products/Debug-iphoneos/PackageFrameworks -F /Users/ryankanfer/Library/Developer/Xcode/DerivedData/HOMEY_Clean-gafualdnzupkfseuistvwtqbnpqd/Build/Products/Debug-iphoneos -F /Applications/Xcode.app/Contents/Developer/Platforms/iPhoneOS.platform/Developer/Library/Frameworks -F /Applications/Xcode.app/Contents/Developer/Platforms/iPhoneOS.platform/Developer/SDKs/iPhoneOS26.0.sdk/Developer/Library/Frameworks -c -j8 -enable-batch-mode -incremental -Xcc -ivfsstatcache -Xcc /Users/ryankanfer/Library/Developer/Xcode/DerivedData/SDKStatCaches.noindex/iphoneos26.0-23A339-81ce72e5b06c9602b9d30b56f2eed08a.sdkstatcache -output-file-map /Users/ryankanfer/Library/Developer/Xcode/DerivedData/HOMEY_Clean-gafualdnzupkfseuistvwtqbnpqd/Build/Intermediates.noindex/Supabase.build/Debug-iphoneos/Functions.build/Objects-normal/arm64/Functions-OutputFileMap.json -use-frontend-parseable-output -save-temps -no-color-diagnostics -explicit-module-build -module-cache-path /Users/ryankanfer/Library/Developer/Xcode/DerivedData/HOMEY_Clean-gafualdnzupkfseuistvwtqbnpqd/Build/Intermediates.noindex/SwiftExplicitPrecompiledModules -clang-scanner-module-cache-path /Users/ryankanfer/Library/Developer/Xcode/DerivedData/ModuleCache.noindex -sdk-module-cache-path /Users/ryankanfer/Library/Developer/Xcode/DerivedData/ModuleCache.noindex -serialize-diagnostics -emit-dependencies -emit-module -emit-module-path /Users/ryankanfer/Library/Developer/Xcode/DerivedData/HOMEY_Clean-gafualdnzupkfseuistvwtqbnpqd/Build/Intermediates.noindex/Supabase.build/Debug-iphoneos/Functions.build/Objects-normal/arm64/Functions.swiftmodule -validate-clang-modules-once -clang-build-session-file /Users/ryankanfer/Library/Developer/Xcode/DerivedData/ModuleCache.noindex/Session.modulevalidation -package-name supabase_swift -Xcc -I/Users/ryankanfer/Library/Developer/Xcode/DerivedData/HOMEY_Clean-gafualdnzupkfseuistvwtqbnpqd/Build/Intermediates.noindex/Supabase.build/Debug-iphoneos/Functions.build/swift-overrides.hmap -emit-const-values -Xfrontend -const-gather-protocols-file -Xfrontend /Users/ryankanfer/Library/Developer/Xcode/DerivedData/HOMEY_Clean-gafualdnzupkfseuistvwtqbnpqd/Build/Intermediates.noindex/Supabase.build/Debug-iphoneos/Functions.build/Objects-normal/arm64/Functions_const_extract_protocols.json -Xcc -I/Users/ryankanfer/Library/Developer/Xcode/DerivedData/HOMEY_Clean-gafualdnzupkfseuistvwtqbnpqd/Build/Products/Debug-iphoneos/include -Xcc -I/Users/ryankanfer/Library/Developer/Xcode/DerivedData/HOMEY_Clean-gafualdnzupkfseuistvwtqbnpqd/Build/Intermediates.noindex/Supabase.build/Debug-iphoneos/Functions.build/DerivedSources-normal/arm64 -Xcc -I/Users/ryankanfer/Library/Developer/Xcode/DerivedData/HOMEY_Clean-gafualdnzupkfseuistvwtqbnpqd/Build/Intermediates.noindex/Supabase.build/Debug-iphoneos/Functions.build/DerivedSources/arm64 -Xcc -I/Users/ryankanfer/Library/Developer/Xcode/DerivedData/HOMEY_Clean-gafualdnzupkfseuistvwtqbnpqd/Build/Intermediates.noindex/Supabase.build/Debug-iphoneos/Functions.build/DerivedSources -Xcc -DSWIFT_PACKAGE -Xcc -DDEBUG\=1 -emit-objc-header -emit-objc-header-path /Users/ryankanfer/Library/Developer/Xcode/DerivedData/HOMEY_Clean-gafualdnzupkfseuistvwtqbnpqd/Build/Intermediates.noindex/Supabase.build/Debug-iphoneos/Functions.build/Objects-normal/arm64/Functions-Swift.h -working-directory /Users/ryankanfer/Documents/Developer/HOMEY\ Clean/HOMEY\ Clean.xcodeproj -experimental-emit-module-separately -disable-cmo

SwiftCompile normal arm64 Compiling\ AuthAdmin.swift,\ AuthClient.swift,\ AuthClientConfiguration.swift,\ AuthError.swift /Users/ryankanfer/Library/Developer/Xcode/DerivedData/HOMEY_Clean-gafualdnzupkfseuistvwtqbnpqd/SourcePackages/checkouts/supabase-swift/Sources/Auth/AuthAdmin.swift /Users/ryankanfer/Library/Developer/Xcode/DerivedData/HOMEY_Clean-gafualdnzupkfseuistvwtqbnpqd/SourcePackages/checkouts/supabase-swift/Sources/Auth/AuthClient.swift /Users/ryankanfer/Library/Developer/Xcode/DerivedData/HOMEY_Clean-gafualdnzupkfseuistvwtqbnpqd/SourcePackages/checkouts/supabase-swift/Sources/Auth/AuthClientConfiguration.swift /Users/ryankanfer/Library/Developer/Xcode/DerivedData/HOMEY_Clean-gafualdnzupkfseuistvwtqbnpqd/SourcePackages/checkouts/supabase-swift/Sources/Auth/AuthError.swift (in target 'Auth' from project 'Supabase')
SwiftCompile normal arm64 /Users/ryankanfer/Library/Developer/Xcode/DerivedData/HOMEY_Clean-gafualdnzupkfseuistvwtqbnpqd/SourcePackages/checkouts/supabase-swift/Sources/Auth/AuthAdmin.swift (in target 'Auth' from project 'Supabase')
    cd /Users/ryankanfer/Documents/Developer/HOMEY\ Clean/HOMEY\ Clean.xcodeproj
    

SwiftCompile normal arm64 /Users/ryankanfer/Library/Developer/Xcode/DerivedData/HOMEY_Clean-gafualdnzupkfseuistvwtqbnpqd/SourcePackages/checkouts/supabase-swift/Sources/Auth/AuthClient.swift (in target 'Auth' from project 'Supabase')
    cd /Users/ryankanfer/Documents/Developer/HOMEY\ Clean/HOMEY\ Clean.xcodeproj
    

SwiftCompile normal arm64 /Users/ryankanfer/Library/Developer/Xcode/DerivedData/HOMEY_Clean-gafualdnzupkfseuistvwtqbnpqd/SourcePackages/checkouts/supabase-swift/Sources/Auth/AuthClientConfiguration.swift (in target 'Auth' from project 'Supabase')
    cd /Users/ryankanfer/Documents/Developer/HOMEY\ Clean/HOMEY\ Clean.xcodeproj
    

SwiftCompile normal arm64 /Users/ryankanfer/Library/Developer/Xcode/DerivedData/HOMEY_Clean-gafualdnzupkfseuistvwtqbnpqd/SourcePackages/checkouts/supabase-swift/Sources/Auth/AuthError.swift (in target 'Auth' from project 'Supabase')
    cd /Users/ryankanfer/Documents/Developer/HOMEY\ Clean/HOMEY\ Clean.xcodeproj
    

SwiftDriverJobDiscovery normal arm64 Compiling Defaults.swift, Deprecated.swift (in target 'PostgREST' from project 'Supabase')

SwiftCompile normal arm64 Compiling\ CodeVerifierStorage.swift,\ Constants.swift,\ Dependencies.swift /Users/ryankanfer/Library/Developer/Xcode/DerivedData/HOMEY_Clean-gafualdnzupkfseuistvwtqbnpqd/SourcePackages/checkouts/supabase-swift/Sources/Auth/Internal/CodeVerifierStorage.swift /Users/ryankanfer/Library/Developer/Xcode/DerivedData/HOMEY_Clean-gafualdnzupkfseuistvwtqbnpqd/SourcePackages/checkouts/supabase-swift/Sources/Auth/Internal/Constants.swift /Users/ryankanfer/Library/Developer/Xcode/DerivedData/HOMEY_Clean-gafualdnzupkfseuistvwtqbnpqd/SourcePackages/checkouts/supabase-swift/Sources/Auth/Internal/Dependencies.swift (in target 'Auth' from project 'Supabase')

SwiftCompile normal arm64 /Users/ryankanfer/Library/Developer/Xcode/DerivedData/HOMEY_Clean-gafualdnzupkfseuistvwtqbnpqd/SourcePackages/checkouts/supabase-swift/Sources/Auth/Internal/CodeVerifierStorage.swift (in target 'Auth' from project 'Supabase')
    cd /Users/ryankanfer/Documents/Developer/HOMEY\ Clean/HOMEY\ Clean.xcodeproj
    

SwiftCompile normal arm64 /Users/ryankanfer/Library/Developer/Xcode/DerivedData/HOMEY_Clean-gafualdnzupkfseuistvwtqbnpqd/SourcePackages/checkouts/supabase-swift/Sources/Auth/Internal/Constants.swift (in target 'Auth' from project 'Supabase')
    cd /Users/ryankanfer/Documents/Developer/HOMEY\ Clean/HOMEY\ Clean.xcodeproj
    

SwiftCompile normal arm64 /Users/ryankanfer/Library/Developer/Xcode/DerivedData/HOMEY_Clean-gafualdnzupkfseuistvwtqbnpqd/SourcePackages/checkouts/supabase-swift/Sources/Auth/Internal/Dependencies.swift (in target 'Auth' from project 'Supabase')
    cd /Users/ryankanfer/Documents/Developer/HOMEY\ Clean/HOMEY\ Clean.xcodeproj
    

SwiftDriverJobDiscovery normal arm64 Compiling PushV2.swift, RealtimeChannel+AsyncAwait.swift, RealtimeChannelV2.swift (in target 'Realtime' from project 'Supabase')

SwiftDriverJobDiscovery normal arm64 Compiling PostgrestClient.swift (in target 'PostgREST' from project 'Supabase')

SwiftCompile normal arm64 Compiling\ Deprecated.swift,\ Exports.swift,\ APIClient.swift /Users/ryankanfer/Library/Developer/Xcode/DerivedData/HOMEY_Clean-gafualdnzupkfseuistvwtqbnpqd/SourcePackages/checkouts/supabase-swift/Sources/Auth/Deprecated.swift /Users/ryankanfer/Library/Developer/Xcode/DerivedData/HOMEY_Clean-gafualdnzupkfseuistvwtqbnpqd/SourcePackages/checkouts/supabase-swift/Sources/Auth/Exports.swift /Users/ryankanfer/Library/Developer/Xcode/DerivedData/HOMEY_Clean-gafualdnzupkfseuistvwtqbnpqd/SourcePackages/checkouts/supabase-swift/Sources/Auth/Internal/APIClient.swift (in target 'Auth' from project 'Supabase')

SwiftCompile normal arm64 /Users/ryankanfer/Library/Developer/Xcode/DerivedData/HOMEY_Clean-gafualdnzupkfseuistvwtqbnpqd/SourcePackages/checkouts/supabase-swift/Sources/Auth/Deprecated.swift (in target 'Auth' from project 'Supabase')
    cd /Users/ryankanfer/Documents/Developer/HOMEY\ Clean/HOMEY\ Clean.xcodeproj
    

SwiftCompile normal arm64 /Users/ryankanfer/Library/Developer/Xcode/DerivedData/HOMEY_Clean-gafualdnzupkfseuistvwtqbnpqd/SourcePackages/checkouts/supabase-swift/Sources/Auth/Exports.swift (in target 'Auth' from project 'Supabase')
    cd /Users/ryankanfer/Documents/Developer/HOMEY\ Clean/HOMEY\ Clean.xcodeproj
    

SwiftCompile normal arm64 /Users/ryankanfer/Library/Developer/Xcode/DerivedData/HOMEY_Clean-gafualdnzupkfseuistvwtqbnpqd/SourcePackages/checkouts/supabase-swift/Sources/Auth/Internal/APIClient.swift (in target 'Auth' from project 'Supabase')
    cd /Users/ryankanfer/Documents/Developer/HOMEY\ Clean/HOMEY\ Clean.xcodeproj
    

SwiftCompile normal arm64 Compiling\ EventEmitter.swift,\ FixedWidthInteger+Random.swift,\ Helpers.swift /Users/ryankanfer/Library/Developer/Xcode/DerivedData/HOMEY_Clean-gafualdnzupkfseuistvwtqbnpqd/SourcePackages/checkouts/supabase-swift/Sources/Auth/Internal/EventEmitter.swift /Users/ryankanfer/Library/Developer/Xcode/DerivedData/HOMEY_Clean-gafualdnzupkfseuistvwtqbnpqd/SourcePackages/checkouts/supabase-swift/Sources/Auth/Internal/FixedWidthInteger+Random.swift /Users/ryankanfer/Library/Developer/Xcode/DerivedData/HOMEY_Clean-gafualdnzupkfseuistvwtqbnpqd/SourcePackages/checkouts/supabase-swift/Sources/Auth/Internal/Helpers.swift (in target 'Auth' from project 'Supabase')

SwiftCompile normal arm64 /Users/ryankanfer/Library/Developer/Xcode/DerivedData/HOMEY_Clean-gafualdnzupkfseuistvwtqbnpqd/SourcePackages/checkouts/supabase-swift/Sources/Auth/Internal/EventEmitter.swift (in target 'Auth' from project 'Supabase')
    cd /Users/ryankanfer/Documents/Developer/HOMEY\ Clean/HOMEY\ Clean.xcodeproj
    

SwiftCompile normal arm64 /Users/ryankanfer/Library/Developer/Xcode/DerivedData/HOMEY_Clean-gafualdnzupkfseuistvwtqbnpqd/SourcePackages/checkouts/supabase-swift/Sources/Auth/Internal/FixedWidthInteger+Random.swift (in target 'Auth' from project 'Supabase')
    cd /Users/ryankanfer/Documents/Developer/HOMEY\ Clean/HOMEY\ Clean.xcodeproj
    

SwiftCompile normal arm64 /Users/ryankanfer/Library/Developer/Xcode/DerivedData/HOMEY_Clean-gafualdnzupkfseuistvwtqbnpqd/SourcePackages/checkouts/supabase-swift/Sources/Auth/Internal/Helpers.swift (in target 'Auth' from project 'Supabase')
    cd /Users/ryankanfer/Documents/Developer/HOMEY\ Clean/HOMEY\ Clean.xcodeproj
    

SwiftCompile normal arm64 Compiling\ KeychainLocalStorage.swift,\ WinCredLocalStorage.swift,\ Types.swift /Users/ryankanfer/Library/Developer/Xcode/DerivedData/HOMEY_Clean-gafualdnzupkfseuistvwtqbnpqd/SourcePackages/checkouts/supabase-swift/Sources/Auth/Storage/KeychainLocalStorage.swift /Users/ryankanfer/Library/Developer/Xcode/DerivedData/HOMEY_Clean-gafualdnzupkfseuistvwtqbnpqd/SourcePackages/checkouts/supabase-swift/Sources/Auth/Storage/WinCredLocalStorage.swift /Users/ryankanfer/Library/Developer/Xcode/DerivedData/HOMEY_Clean-gafualdnzupkfseuistvwtqbnpqd/SourcePackages/checkouts/supabase-swift/Sources/Auth/Types.swift (in target 'Auth' from project 'Supabase')
SwiftCompile normal arm64 /Users/ryankanfer/Library/Developer/Xcode/DerivedData/HOMEY_Clean-gafualdnzupkfseuistvwtqbnpqd/SourcePackages/checkouts/supabase-swift/Sources/Auth/Storage/KeychainLocalStorage.swift (in target 'Auth' from project 'Supabase')
    cd /Users/ryankanfer/Documents/Developer/HOMEY\ Clean/HOMEY\ Clean.xcodeproj
    
/Users/ryankanfer/Library/Developer/Xcode/DerivedData/HOMEY_Clean-gafualdnzupkfseuistvwtqbnpqd/Build/Intermediates.noindex/HOMEY Clean.build/Debug-iphoneos/HOMEY Clean.build/DerivedSources/GeneratedAssetSymbols.swift:30:14: warning: The "AccentColor" color asset name resolves to the symbol "accent" which already exists. Try renaming the asset.
    #warning("The \"AccentColor\" color asset name resolves to the symbol \"accent\" which already exists. Try renaming the asset.")
             ^~~~~~~~~~~~~~~~~~~~~~~~~~~~~~~~~~~~~~~~~~~~~~~~~~~~~~~~~~~~~~~~~~~~~~~~~~~~~~~~~~~~~~~~~~~~~~~~~~~~~~~~~~~~~~~~~~~~~~
/Users/ryankanfer/Library/Developer/Xcode/DerivedData/HOMEY_Clean-gafualdnzupkfseuistvwtqbnpqd/Build/Intermediates.noindex/HOMEY Clean.build/Debug-iphoneos/HOMEY Clean.build/DerivedSources/GeneratedAssetSymbols.swift:672:14: warning: The "Primary" color asset name resolves to a conflicting Color symbol "primary". Try renaming the asset.
    #warning("The \"Primary\" color asset name resolves to a conflicting Color symbol \"primary\". Try renaming the asset.")
             ^~~~~~~~~~~~~~~~~~~~~~~~~~~~~~~~~~~~~~~~~~~~~~~~~~~~~~~~~~~~~~~~~~~~~~~~~~~~~~~~~~~~~~~~~~~~~~~~~~~~~~~~~~~~~~

SwiftCompile normal arm64 /Users/ryankanfer/Library/Developer/Xcode/DerivedData/HOMEY_Clean-gafualdnzupkfseuistvwtqbnpqd/SourcePackages/checkouts/supabase-swift/Sources/Auth/Storage/WinCredLocalStorage.swift (in target 'Auth' from project 'Supabase')
    cd /Users/ryankanfer/Documents/Developer/HOMEY\ Clean/HOMEY\ Clean.xcodeproj
    

SwiftCompile normal arm64 /Users/ryankanfer/Library/Developer/Xcode/DerivedData/HOMEY_Clean-gafualdnzupkfseuistvwtqbnpqd/SourcePackages/checkouts/supabase-swift/Sources/Auth/Types.swift (in target 'Auth' from project 'Supabase')
    cd /Users/ryankanfer/Documents/Developer/HOMEY\ Clean/HOMEY\ Clean.xcodeproj
    

SwiftDriverJobDiscovery normal arm64 Compiling RealtimeClientV2.swift, RealtimeError.swift, RealtimeJoinConfig.swift (in target 'Realtime' from project 'Supabase')

SwiftDriverJobDiscovery normal arm64 Compiling Exports.swift, PostgrestBuilder.swift (in target 'PostgREST' from project 'Supabase')

SwiftCompile normal arm64 Compiling\ Keychain.swift,\ PKCE.swift,\ SessionManager.swift /Users/ryankanfer/Library/Developer/Xcode/DerivedData/HOMEY_Clean-gafualdnzupkfseuistvwtqbnpqd/SourcePackages/checkouts/supabase-swift/Sources/Auth/Internal/Keychain.swift /Users/ryankanfer/Library/Developer/Xcode/DerivedData/HOMEY_Clean-gafualdnzupkfseuistvwtqbnpqd/SourcePackages/checkouts/supabase-swift/Sources/Auth/Internal/PKCE.swift /Users/ryankanfer/Library/Developer/Xcode/DerivedData/HOMEY_Clean-gafualdnzupkfseuistvwtqbnpqd/SourcePackages/checkouts/supabase-swift/Sources/Auth/Internal/SessionManager.swift (in target 'Auth' from project 'Supabase')

SwiftCompile normal arm64 /Users/ryankanfer/Library/Developer/Xcode/DerivedData/HOMEY_Clean-gafualdnzupkfseuistvwtqbnpqd/SourcePackages/checkouts/supabase-swift/Sources/Auth/Internal/Keychain.swift (in target 'Auth' from project 'Supabase')
    cd /Users/ryankanfer/Documents/Developer/HOMEY\ Clean/HOMEY\ Clean.xcodeproj
    

SwiftCompile normal arm64 /Users/ryankanfer/Library/Developer/Xcode/DerivedData/HOMEY_Clean-gafualdnzupkfseuistvwtqbnpqd/SourcePackages/checkouts/supabase-swift/Sources/Auth/Internal/PKCE.swift (in target 'Auth' from project 'Supabase')
    cd /Users/ryankanfer/Documents/Developer/HOMEY\ Clean/HOMEY\ Clean.xcodeproj
    

SwiftCompile normal arm64 /Users/ryankanfer/Library/Developer/Xcode/DerivedData/HOMEY_Clean-gafualdnzupkfseuistvwtqbnpqd/SourcePackages/checkouts/supabase-swift/Sources/Auth/Internal/SessionManager.swift (in target 'Auth' from project 'Supabase')
    cd /Users/ryankanfer/Documents/Developer/HOMEY\ Clean/HOMEY\ Clean.xcodeproj
    

SwiftDriverJobDiscovery normal arm64 Compiling PostgrestFilterBuilder.swift (in target 'PostgREST' from project 'Supabase')

SwiftCompile normal arm64 Compiling\ SessionStorage.swift,\ URLOpener.swift,\ AuthLocalStorage.swift /Users/ryankanfer/Library/Developer/Xcode/DerivedData/HOMEY_Clean-gafualdnzupkfseuistvwtqbnpqd/SourcePackages/checkouts/supabase-swift/Sources/Auth/Internal/SessionStorage.swift /Users/ryankanfer/Library/Developer/Xcode/DerivedData/HOMEY_Clean-gafualdnzupkfseuistvwtqbnpqd/SourcePackages/checkouts/supabase-swift/Sources/Auth/Internal/URLOpener.swift /Users/ryankanfer/Library/Developer/Xcode/DerivedData/HOMEY_Clean-gafualdnzupkfseuistvwtqbnpqd/SourcePackages/checkouts/supabase-swift/Sources/Auth/Storage/AuthLocalStorage.swift (in target 'Auth' from project 'Supabase')

SwiftCompile normal arm64 /Users/ryankanfer/Library/Developer/Xcode/DerivedData/HOMEY_Clean-gafualdnzupkfseuistvwtqbnpqd/SourcePackages/checkouts/supabase-swift/Sources/Auth/Internal/SessionStorage.swift (in target 'Auth' from project 'Supabase')
    cd /Users/ryankanfer/Documents/Developer/HOMEY\ Clean/HOMEY\ Clean.xcodeproj
    

SwiftCompile normal arm64 /Users/ryankanfer/Library/Developer/Xcode/DerivedData/HOMEY_Clean-gafualdnzupkfseuistvwtqbnpqd/SourcePackages/checkouts/supabase-swift/Sources/Auth/Internal/URLOpener.swift (in target 'Auth' from project 'Supabase')
    cd /Users/ryankanfer/Documents/Developer/HOMEY\ Clean/HOMEY\ Clean.xcodeproj
    

SwiftCompile normal arm64 /Users/ryankanfer/Library/Developer/Xcode/DerivedData/HOMEY_Clean-gafualdnzupkfseuistvwtqbnpqd/SourcePackages/checkouts/supabase-swift/Sources/Auth/Storage/AuthLocalStorage.swift (in target 'Auth' from project 'Supabase')
    cd /Users/ryankanfer/Documents/Developer/HOMEY\ Clean/HOMEY\ Clean.xcodeproj
    

SwiftDriverJobDiscovery normal arm64 Compiling EventEmitter.swift, FixedWidthInteger+Random.swift, Helpers.swift (in target 'Auth' from project 'Supabase')

SwiftDriver\ Compilation PostgREST normal arm64 com.apple.xcode.tools.swift.compiler (in target 'PostgREST' from project 'Supabase')
    cd /Users/ryankanfer/Documents/Developer/HOMEY\ Clean/HOMEY\ Clean.xcodeproj
    builtin-Swift-Compilation -- /Applications/Xcode.app/Contents/Developer/Toolchains/XcodeDefault.xctoolchain/usr/bin/swiftc -module-name PostgREST -Onone -enforce-exclusivity\=checked @/Users/ryankanfer/Library/Developer/Xcode/DerivedData/HOMEY_Clean-gafualdnzupkfseuistvwtqbnpqd/Build/Intermediates.noindex/Supabase.build/Debug-iphoneos/PostgREST.build/Objects-normal/arm64/PostgREST.SwiftFileList -DSWIFT_PACKAGE -DDEBUG -DSWIFT_MODULE_RESOURCE_BUNDLE_UNAVAILABLE -DXcode -enable-upcoming-feature ExistentialAny -enable-experimental-feature StrictConcurrency -plugin-path /Applications/Xcode.app/Contents/Developer/Toolchains/XcodeDefault.xctoolchain/usr/lib/swift/host/plugins/testing -enable-experimental-feature DebugDescriptionMacro -sdk /Applications/Xcode.app/Contents/Developer/Platforms/iPhoneOS.platform/Developer/SDKs/iPhoneOS26.0.sdk -target arm64-apple-ios13.0 -g -module-cache-path /Users/ryankanfer/Library/Developer/Xcode/DerivedData/ModuleCache.noindex -Xfrontend -serialize-debugging-options -profile-coverage-mapping -profile-generate -enable-testing -suppress-warnings -index-store-path /Users/ryankanfer/Library/Developer/Xcode/DerivedData/HOMEY_Clean-gafualdnzupkfseuistvwtqbnpqd/Index.noindex/DataStore -Xcc -D_LIBCPP_HARDENING_MODE\=_LIBCPP_HARDENING_MODE_DEBUG -swift-version 5 -I /Users/ryankanfer/Library/Developer/Xcode/DerivedData/HOMEY_Clean-gafualdnzupkfseuistvwtqbnpqd/Build/Products/Debug-iphoneos -Isystem /Applications/Xcode.app/Contents/Developer/Platforms/iPhoneOS.platform/Developer/usr/lib -F /Users/ryankanfer/Library/Developer/Xcode/DerivedData/HOMEY_Clean-gafualdnzupkfseuistvwtqbnpqd/Build/Products/Debug-iphoneos/PackageFrameworks -F /Users/ryankanfer/Library/Developer/Xcode/DerivedData/HOMEY_Clean-gafualdnzupkfseuistvwtqbnpqd/Build/Products/Debug-iphoneos/PackageFrameworks -F /Users/ryankanfer/Library/Developer/Xcode/DerivedData/HOMEY_Clean-gafualdnzupkfseuistvwtqbnpqd/Build/Products/Debug-iphoneos/PackageFrameworks -F /Users/ryankanfer/Library/Developer/Xcode/DerivedData/HOMEY_Clean-gafualdnzupkfseuistvwtqbnpqd/Build/Products/Debug-iphoneos/PackageFrameworks -F /Users/ryankanfer/Library/Developer/Xcode/DerivedData/HOMEY_Clean-gafualdnzupkfseuistvwtqbnpqd/Build/Products/Debug-iphoneos/PackageFrameworks -F /Users/ryankanfer/Library/Developer/Xcode/DerivedData/HOMEY_Clean-gafualdnzupkfseuistvwtqbnpqd/Build/Products/Debug-iphoneos/PackageFrameworks -F /Users/ryankanfer/Library/Developer/Xcode/DerivedData/HOMEY_Clean-gafualdnzupkfseuistvwtqbnpqd/Build/Products/Debug-iphoneos/PackageFrameworks -F /Users/ryankanfer/Library/Developer/Xcode/DerivedData/HOMEY_Clean-gafualdnzupkfseuistvwtqbnpqd/Build/Products/Debug-iphoneos -F /Applications/Xcode.app/Contents/Developer/Platforms/iPhoneOS.platform/Developer/Library/Frameworks -F /Applications/Xcode.app/Contents/Developer/Platforms/iPhoneOS.platform/Developer/SDKs/iPhoneOS26.0.sdk/Developer/Library/Frameworks -c -j8 -enable-batch-mode -incremental -Xcc -ivfsstatcache -Xcc /Users/ryankanfer/Library/Developer/Xcode/DerivedData/SDKStatCaches.noindex/iphoneos26.0-23A339-81ce72e5b06c9602b9d30b56f2eed08a.sdkstatcache -output-file-map /Users/ryankanfer/Library/Developer/Xcode/DerivedData/HOMEY_Clean-gafualdnzupkfseuistvwtqbnpqd/Build/Intermediates.noindex/Supabase.build/Debug-iphoneos/PostgREST.build/Objects-normal/arm64/PostgREST-OutputFileMap.json -use-frontend-parseable-output -save-temps -no-color-diagnostics -explicit-module-build -module-cache-path /Users/ryankanfer/Library/Developer/Xcode/DerivedData/HOMEY_Clean-gafualdnzupkfseuistvwtqbnpqd/Build/Intermediates.noindex/SwiftExplicitPrecompiledModules -clang-scanner-module-cache-path /Users/ryankanfer/Library/Developer/Xcode/DerivedData/ModuleCache.noindex -sdk-module-cache-path /Users/ryankanfer/Library/Developer/Xcode/DerivedData/ModuleCache.noindex -serialize-diagnostics -emit-dependencies -emit-module -emit-module-path /Users/ryankanfer/Library/Developer/Xcode/DerivedData/HOMEY_Clean-gafualdnzupkfseuistvwtqbnpqd/Build/Intermediates.noindex/Supabase.build/Debug-iphoneos/PostgREST.build/Objects-normal/arm64/PostgREST.swiftmodule -validate-clang-modules-once -clang-build-session-file /Users/ryankanfer/Library/Developer/Xcode/DerivedData/ModuleCache.noindex/Session.modulevalidation -package-name supabase_swift -Xcc -I/Users/ryankanfer/Library/Developer/Xcode/DerivedData/HOMEY_Clean-gafualdnzupkfseuistvwtqbnpqd/Build/Intermediates.noindex/Supabase.build/Debug-iphoneos/PostgREST.build/swift-overrides.hmap -emit-const-values -Xfrontend -const-gather-protocols-file -Xfrontend /Users/ryankanfer/Library/Developer/Xcode/DerivedData/HOMEY_Clean-gafualdnzupkfseuistvwtqbnpqd/Build/Intermediates.noindex/Supabase.build/Debug-iphoneos/PostgREST.build/Objects-normal/arm64/PostgREST_const_extract_protocols.json -Xcc -I/Users/ryankanfer/Library/Developer/Xcode/DerivedData/HOMEY_Clean-gafualdnzupkfseuistvwtqbnpqd/Build/Products/Debug-iphoneos/include -Xcc -I/Users/ryankanfer/Library/Developer/Xcode/DerivedData/HOMEY_Clean-gafualdnzupkfseuistvwtqbnpqd/Build/Intermediates.noindex/Supabase.build/Debug-iphoneos/PostgREST.build/DerivedSources-normal/arm64 -Xcc -I/Users/ryankanfer/Library/Developer/Xcode/DerivedData/HOMEY_Clean-gafualdnzupkfseuistvwtqbnpqd/Build/Intermediates.noindex/Supabase.build/Debug-iphoneos/PostgREST.build/DerivedSources/arm64 -Xcc -I/Users/ryankanfer/Library/Developer/Xcode/DerivedData/HOMEY_Clean-gafualdnzupkfseuistvwtqbnpqd/Build/Intermediates.noindex/Supabase.build/Debug-iphoneos/PostgREST.build/DerivedSources -Xcc -DSWIFT_PACKAGE -Xcc -DDEBUG\=1 -emit-objc-header -emit-objc-header-path /Users/ryankanfer/Library/Developer/Xcode/DerivedData/HOMEY_Clean-gafualdnzupkfseuistvwtqbnpqd/Build/Intermediates.noindex/Supabase.build/Debug-iphoneos/PostgREST.build/Objects-normal/arm64/PostgREST-Swift.h -working-directory /Users/ryankanfer/Documents/Developer/HOMEY\ Clean/HOMEY\ Clean.xcodeproj -experimental-emit-module-separately -disable-cmo

SwiftCompile normal arm64 Compiling\ AuthMFA.swift,\ AuthStateChangeListener.swift,\ Defaults.swift /Users/ryankanfer/Library/Developer/Xcode/DerivedData/HOMEY_Clean-gafualdnzupkfseuistvwtqbnpqd/SourcePackages/checkouts/supabase-swift/Sources/Auth/AuthMFA.swift /Users/ryankanfer/Library/Developer/Xcode/DerivedData/HOMEY_Clean-gafualdnzupkfseuistvwtqbnpqd/SourcePackages/checkouts/supabase-swift/Sources/Auth/AuthStateChangeListener.swift /Users/ryankanfer/Library/Developer/Xcode/DerivedData/HOMEY_Clean-gafualdnzupkfseuistvwtqbnpqd/SourcePackages/checkouts/supabase-swift/Sources/Auth/Defaults.swift (in target 'Auth' from project 'Supabase')

SwiftCompile normal arm64 /Users/ryankanfer/Library/Developer/Xcode/DerivedData/HOMEY_Clean-gafualdnzupkfseuistvwtqbnpqd/SourcePackages/checkouts/supabase-swift/Sources/Auth/AuthMFA.swift (in target 'Auth' from project 'Supabase')
    cd /Users/ryankanfer/Documents/Developer/HOMEY\ Clean/HOMEY\ Clean.xcodeproj
    

SwiftCompile normal arm64 /Users/ryankanfer/Library/Developer/Xcode/DerivedData/HOMEY_Clean-gafualdnzupkfseuistvwtqbnpqd/SourcePackages/checkouts/supabase-swift/Sources/Auth/AuthStateChangeListener.swift (in target 'Auth' from project 'Supabase')
    cd /Users/ryankanfer/Documents/Developer/HOMEY\ Clean/HOMEY\ Clean.xcodeproj
    

SwiftCompile normal arm64 /Users/ryankanfer/Library/Developer/Xcode/DerivedData/HOMEY_Clean-gafualdnzupkfseuistvwtqbnpqd/SourcePackages/checkouts/supabase-swift/Sources/Auth/Defaults.swift (in target 'Auth' from project 'Supabase')
    cd /Users/ryankanfer/Documents/Developer/HOMEY\ Clean/HOMEY\ Clean.xcodeproj
    

SwiftDriverJobDiscovery normal arm64 Compiling CodeVerifierStorage.swift, Constants.swift, Dependencies.swift (in target 'Auth' from project 'Supabase')

ExtractAppIntentsMetadata (in target 'Helpers' from project 'Supabase')
    cd /Users/ryankanfer/Library/Developer/Xcode/DerivedData/HOMEY_Clean-gafualdnzupkfseuistvwtqbnpqd/SourcePackages/checkouts/supabase-swift
    /Applications/Xcode.app/Contents/Developer/Toolchains/XcodeDefault.xctoolchain/usr/bin/appintentsmetadataprocessor --toolchain-dir /Applications/Xcode.app/Contents/Developer/Toolchains/XcodeDefault.xctoolchain --module-name Helpers --sdk-root /Applications/Xcode.app/Contents/Developer/Platforms/iPhoneOS.platform/Developer/SDKs/iPhoneOS26.0.sdk --xcode-version 17A324 --platform-family iOS --deployment-target 13.0 --bundle-identifier supabase-swift.Helpers --output /Users/ryankanfer/Library/Developer/Xcode/DerivedData/HOMEY_Clean-gafualdnzupkfseuistvwtqbnpqd/Build/Products/Debug-iphoneos/Helpers.appintents --target-triple arm64-apple-ios13.0 --binary-file /Users/ryankanfer/Library/Developer/Xcode/DerivedData/HOMEY_Clean-gafualdnzupkfseuistvwtqbnpqd/Build/Products/Debug-iphoneos/Helpers.o --dependency-file /Users/ryankanfer/Library/Developer/Xcode/DerivedData/HOMEY_Clean-gafualdnzupkfseuistvwtqbnpqd/Build/Intermediates.noindex/Supabase.build/Debug-iphoneos/Helpers.build/Objects-normal/arm64/Helpers_dependency_info.dat --stringsdata-file /Users/ryankanfer/Library/Developer/Xcode/DerivedData/HOMEY_Clean-gafualdnzupkfseuistvwtqbnpqd/Build/Intermediates.noindex/Supabase.build/Debug-iphoneos/Helpers.build/Objects-normal/arm64/ExtractedAppShortcutsMetadata.stringsdata --source-file-list /Users/ryankanfer/Library/Developer/Xcode/DerivedData/HOMEY_Clean-gafualdnzupkfseuistvwtqbnpqd/Build/Intermediates.noindex/Supabase.build/Debug-iphoneos/Helpers.build/Objects-normal/arm64/Helpers.SwiftFileList --metadata-file-list /Users/ryankanfer/Library/Developer/Xcode/DerivedData/HOMEY_Clean-gafualdnzupkfseuistvwtqbnpqd/Build/Intermediates.noindex/Supabase.build/Debug-iphoneos/Helpers.build/Helpers.DependencyMetadataFileList --static-metadata-file-list /Users/ryankanfer/Library/Developer/Xcode/DerivedData/HOMEY_Clean-gafualdnzupkfseuistvwtqbnpqd/Build/Intermediates.noindex/Supabase.build/Debug-iphoneos/Helpers.build/Helpers.DependencyStaticMetadataFileList --swift-const-vals-list /Users/ryankanfer/Library/Developer/Xcode/DerivedData/HOMEY_Clean-gafualdnzupkfseuistvwtqbnpqd/Build/Intermediates.noindex/Supabase.build/Debug-iphoneos/Helpers.build/Objects-normal/arm64/Helpers.SwiftConstValuesFileList --force --compile-time-extraction --deployment-aware-processing --validate-assistant-intents --no-app-shortcuts-localization
2025-09-22 23:16:19.631 appintentsmetadataprocessor[46583:12247375] Starting appintentsmetadataprocessor export
2025-09-22 23:16:19.796 appintentsmetadataprocessor[46583:12247375] Extracted no relevant App Intents symbols, skipping writing output

SwiftDriverJobDiscovery normal arm64 Compiling RealtimeChannel.swift, RealtimeClient.swift, RealtimeMessage.swift, TimeoutTimer.swift (in target 'Realtime' from project 'Supabase')

SwiftDriver\ Compilation Realtime normal arm64 com.apple.xcode.tools.swift.compiler (in target 'Realtime' from project 'Supabase')
    cd /Users/ryankanfer/Documents/Developer/HOMEY\ Clean/HOMEY\ Clean.xcodeproj
    builtin-Swift-Compilation -- /Applications/Xcode.app/Contents/Developer/Toolchains/XcodeDefault.xctoolchain/usr/bin/swiftc -module-name Realtime -Onone -enforce-exclusivity\=checked @/Users/ryankanfer/Library/Developer/Xcode/DerivedData/HOMEY_Clean-gafualdnzupkfseuistvwtqbnpqd/Build/Intermediates.noindex/Supabase.build/Debug-iphoneos/Realtime.build/Objects-normal/arm64/Realtime.SwiftFileList -DSWIFT_PACKAGE -DDEBUG -DSWIFT_MODULE_RESOURCE_BUNDLE_UNAVAILABLE -DXcode -enable-upcoming-feature ExistentialAny -enable-experimental-feature StrictConcurrency -plugin-path /Applications/Xcode.app/Contents/Developer/Toolchains/XcodeDefault.xctoolchain/usr/lib/swift/host/plugins/testing -enable-experimental-feature DebugDescriptionMacro -sdk /Applications/Xcode.app/Contents/Developer/Platforms/iPhoneOS.platform/Developer/SDKs/iPhoneOS26.0.sdk -target arm64-apple-ios13.0 -g -module-cache-path /Users/ryankanfer/Library/Developer/Xcode/DerivedData/ModuleCache.noindex -Xfrontend -serialize-debugging-options -profile-coverage-mapping -profile-generate -enable-testing -suppress-warnings -index-store-path /Users/ryankanfer/Library/Developer/Xcode/DerivedData/HOMEY_Clean-gafualdnzupkfseuistvwtqbnpqd/Index.noindex/DataStore -Xcc -D_LIBCPP_HARDENING_MODE\=_LIBCPP_HARDENING_MODE_DEBUG -swift-version 5 -I /Users/ryankanfer/Library/Developer/Xcode/DerivedData/HOMEY_Clean-gafualdnzupkfseuistvwtqbnpqd/Build/Products/Debug-iphoneos -Isystem /Applications/Xcode.app/Contents/Developer/Platforms/iPhoneOS.platform/Developer/usr/lib -F /Users/ryankanfer/Library/Developer/Xcode/DerivedData/HOMEY_Clean-gafualdnzupkfseuistvwtqbnpqd/Build/Products/Debug-iphoneos/PackageFrameworks -F /Users/ryankanfer/Library/Developer/Xcode/DerivedData/HOMEY_Clean-gafualdnzupkfseuistvwtqbnpqd/Build/Products/Debug-iphoneos/PackageFrameworks -F /Users/ryankanfer/Library/Developer/Xcode/DerivedData/HOMEY_Clean-gafualdnzupkfseuistvwtqbnpqd/Build/Products/Debug-iphoneos/PackageFrameworks -F /Users/ryankanfer/Library/Developer/Xcode/DerivedData/HOMEY_Clean-gafualdnzupkfseuistvwtqbnpqd/Build/Products/Debug-iphoneos/PackageFrameworks -F /Users/ryankanfer/Library/Developer/Xcode/DerivedData/HOMEY_Clean-gafualdnzupkfseuistvwtqbnpqd/Build/Products/Debug-iphoneos/PackageFrameworks -F /Users/ryankanfer/Library/Developer/Xcode/DerivedData/HOMEY_Clean-gafualdnzupkfseuistvwtqbnpqd/Build/Products/Debug-iphoneos/PackageFrameworks -F /Users/ryankanfer/Library/Developer/Xcode/DerivedData/HOMEY_Clean-gafualdnzupkfseuistvwtqbnpqd/Build/Products/Debug-iphoneos/PackageFrameworks -F /Users/ryankanfer/Library/Developer/Xcode/DerivedData/HOMEY_Clean-gafualdnzupkfseuistvwtqbnpqd/Build/Products/Debug-iphoneos -F /Applications/Xcode.app/Contents/Developer/Platforms/iPhoneOS.platform/Developer/Library/Frameworks -F /Applications/Xcode.app/Contents/Developer/Platforms/iPhoneOS.platform/Developer/SDKs/iPhoneOS26.0.sdk/Developer/Library/Frameworks -c -j8 -enable-batch-mode -incremental -Xcc -ivfsstatcache -Xcc /Users/ryankanfer/Library/Developer/Xcode/DerivedData/SDKStatCaches.noindex/iphoneos26.0-23A339-81ce72e5b06c9602b9d30b56f2eed08a.sdkstatcache -output-file-map /Users/ryankanfer/Library/Developer/Xcode/DerivedData/HOMEY_Clean-gafualdnzupkfseuistvwtqbnpqd/Build/Intermediates.noindex/Supabase.build/Debug-iphoneos/Realtime.build/Objects-normal/arm64/Realtime-OutputFileMap.json -use-frontend-parseable-output -save-temps -no-color-diagnostics -explicit-module-build -module-cache-path /Users/ryankanfer/Library/Developer/Xcode/DerivedData/HOMEY_Clean-gafualdnzupkfseuistvwtqbnpqd/Build/Intermediates.noindex/SwiftExplicitPrecompiledModules -clang-scanner-module-cache-path /Users/ryankanfer/Library/Developer/Xcode/DerivedData/ModuleCache.noindex -sdk-module-cache-path /Users/ryankanfer/Library/Developer/Xcode/DerivedData/ModuleCache.noindex -serialize-diagnostics -emit-dependencies -emit-module -emit-module-path /Users/ryankanfer/Library/Developer/Xcode/DerivedData/HOMEY_Clean-gafualdnzupkfseuistvwtqbnpqd/Build/Intermediates.noindex/Supabase.build/Debug-iphoneos/Realtime.build/Objects-normal/arm64/Realtime.swiftmodule -validate-clang-modules-once -clang-build-session-file /Users/ryankanfer/Library/Developer/Xcode/DerivedData/ModuleCache.noindex/Session.modulevalidation -package-name supabase_swift -Xcc -I/Users/ryankanfer/Library/Developer/Xcode/DerivedData/HOMEY_Clean-gafualdnzupkfseuistvwtqbnpqd/Build/Intermediates.noindex/Supabase.build/Debug-iphoneos/Realtime.build/swift-overrides.hmap -emit-const-values -Xfrontend -const-gather-protocols-file -Xfrontend /Users/ryankanfer/Library/Developer/Xcode/DerivedData/HOMEY_Clean-gafualdnzupkfseuistvwtqbnpqd/Build/Intermediates.noindex/Supabase.build/Debug-iphoneos/Realtime.build/Objects-normal/arm64/Realtime_const_extract_protocols.json -Xcc -I/Users/ryankanfer/Library/Developer/Xcode/DerivedData/HOMEY_Clean-gafualdnzupkfseuistvwtqbnpqd/Build/Products/Debug-iphoneos/include -Xcc -I/Users/ryankanfer/Library/Developer/Xcode/DerivedData/HOMEY_Clean-gafualdnzupkfseuistvwtqbnpqd/Build/Intermediates.noindex/Supabase.build/Debug-iphoneos/Realtime.build/DerivedSources-normal/arm64 -Xcc -I/Users/ryankanfer/Library/Developer/Xcode/DerivedData/HOMEY_Clean-gafualdnzupkfseuistvwtqbnpqd/Build/Intermediates.noindex/Supabase.build/Debug-iphoneos/Realtime.build/DerivedSources/arm64 -Xcc -I/Users/ryankanfer/Library/Developer/Xcode/DerivedData/HOMEY_Clean-gafualdnzupkfseuistvwtqbnpqd/Build/Intermediates.noindex/Supabase.build/Debug-iphoneos/Realtime.build/DerivedSources -Xcc -DSWIFT_PACKAGE -Xcc -DDEBUG\=1 -emit-objc-header -emit-objc-header-path /Users/ryankanfer/Library/Developer/Xcode/DerivedData/HOMEY_Clean-gafualdnzupkfseuistvwtqbnpqd/Build/Intermediates.noindex/Supabase.build/Debug-iphoneos/Realtime.build/Objects-normal/arm64/Realtime-Swift.h -working-directory /Users/ryankanfer/Documents/Developer/HOMEY\ Clean/HOMEY\ Clean.xcodeproj -experimental-emit-module-separately -disable-cmo

SwiftDriverJobDiscovery normal arm64 Compiling SessionStorage.swift, URLOpener.swift, AuthLocalStorage.swift (in target 'Auth' from project 'Supabase')

SwiftDriverJobDiscovery normal arm64 Compiling Deprecated.swift, Exports.swift, APIClient.swift (in target 'Auth' from project 'Supabase')

SwiftDriver Supabase normal arm64 com.apple.xcode.tools.swift.compiler (in target 'Supabase' from project 'Supabase')
    cd /Users/ryankanfer/Documents/Developer/HOMEY\ Clean/HOMEY\ Clean.xcodeproj
    builtin-SwiftDriver -- /Applications/Xcode.app/Contents/Developer/Toolchains/XcodeDefault.xctoolchain/usr/bin/swiftc -module-name Supabase -Onone -enforce-exclusivity\=checked @/Users/ryankanfer/Library/Developer/Xcode/DerivedData/HOMEY_Clean-gafualdnzupkfseuistvwtqbnpqd/Build/Intermediates.noindex/Supabase.build/Debug-iphoneos/Supabase.build/Objects-normal/arm64/Supabase.SwiftFileList -DSWIFT_PACKAGE -DDEBUG -DSWIFT_MODULE_RESOURCE_BUNDLE_UNAVAILABLE -DXcode -enable-upcoming-feature ExistentialAny -enable-experimental-feature StrictConcurrency -plugin-path /Applications/Xcode.app/Contents/Developer/Toolchains/XcodeDefault.xctoolchain/usr/lib/swift/host/plugins/testing -enable-experimental-feature DebugDescriptionMacro -sdk /Applications/Xcode.app/Contents/Developer/Platforms/iPhoneOS.platform/Developer/SDKs/iPhoneOS26.0.sdk -target arm64-apple-ios13.0 -g -module-cache-path /Users/ryankanfer/Library/Developer/Xcode/DerivedData/ModuleCache.noindex -Xfrontend -serialize-debugging-options -profile-coverage-mapping -profile-generate -enable-testing -suppress-warnings -index-store-path /Users/ryankanfer/Library/Developer/Xcode/DerivedData/HOMEY_Clean-gafualdnzupkfseuistvwtqbnpqd/Index.noindex/DataStore -Xcc -D_LIBCPP_HARDENING_MODE\=_LIBCPP_HARDENING_MODE_DEBUG -swift-version 5 -I /Users/ryankanfer/Library/Developer/Xcode/DerivedData/HOMEY_Clean-gafualdnzupkfseuistvwtqbnpqd/Build/Products/Debug-iphoneos -Isystem /Applications/Xcode.app/Contents/Developer/Platforms/iPhoneOS.platform/Developer/usr/lib -F /Users/ryankanfer/Library/Developer/Xcode/DerivedData/HOMEY_Clean-gafualdnzupkfseuistvwtqbnpqd/Build/Products/Debug-iphoneos/PackageFrameworks -F /Users/ryankanfer/Library/Developer/Xcode/DerivedData/HOMEY_Clean-gafualdnzupkfseuistvwtqbnpqd/Build/Products/Debug-iphoneos/PackageFrameworks -F /Users/ryankanfer/Library/Developer/Xcode/DerivedData/HOMEY_Clean-gafualdnzupkfseuistvwtqbnpqd/Build/Products/Debug-iphoneos/PackageFrameworks -F /Users/ryankanfer/Library/Developer/Xcode/DerivedData/HOMEY_Clean-gafualdnzupkfseuistvwtqbnpqd/Build/Products/Debug-iphoneos/PackageFrameworks -F /Users/ryankanfer/Library/Developer/Xcode/DerivedData/HOMEY_Clean-gafualdnzupkfseuistvwtqbnpqd/Build/Products/Debug-iphoneos/PackageFrameworks -F /Users/ryankanfer/Library/Developer/Xcode/DerivedData/HOMEY_Clean-gafualdnzupkfseuistvwtqbnpqd/Build/Products/Debug-iphoneos/PackageFrameworks -F /Users/ryankanfer/Library/Developer/Xcode/DerivedData/HOMEY_Clean-gafualdnzupkfseuistvwtqbnpqd/Build/Products/Debug-iphoneos/PackageFrameworks -F /Users/ryankanfer/Library/Developer/Xcode/DerivedData/HOMEY_Clean-gafualdnzupkfseuistvwtqbnpqd/Build/Products/Debug-iphoneos/PackageFrameworks -F /Users/ryankanfer/Library/Developer/Xcode/DerivedData/HOMEY_Clean-gafualdnzupkfseuistvwtqbnpqd/Build/Products/Debug-iphoneos/PackageFrameworks -F /Users/ryankanfer/Library/Developer/Xcode/DerivedData/HOMEY_Clean-gafualdnzupkfseuistvwtqbnpqd/Build/Products/Debug-iphoneos/PackageFrameworks -F /Users/ryankanfer/Library/Developer/Xcode/DerivedData/HOMEY_Clean-gafualdnzupkfseuistvwtqbnpqd/Build/Products/Debug-iphoneos/PackageFrameworks -F /Users/ryankanfer/Library/Developer/Xcode/DerivedData/HOMEY_Clean-gafualdnzupkfseuistvwtqbnpqd/Build/Products/Debug-iphoneos/PackageFrameworks -F /Users/ryankanfer/Library/Developer/Xcode/DerivedData/HOMEY_Clean-gafualdnzupkfseuistvwtqbnpqd/Build/Products/Debug-iphoneos/PackageFrameworks -F /Users/ryankanfer/Library/Developer/Xcode/DerivedData/HOMEY_Clean-gafualdnzupkfseuistvwtqbnpqd/Build/Products/Debug-iphoneos -F /Applications/Xcode.app/Contents/Developer/Platforms/iPhoneOS.platform/Developer/Library/Frameworks -F /Applications/Xcode.app/Contents/Developer/Platforms/iPhoneOS.platform/Developer/SDKs/iPhoneOS26.0.sdk/Developer/Library/Frameworks -c -j8 -enable-batch-mode -incremental -Xcc -ivfsstatcache -Xcc /Users/ryankanfer/Library/Developer/Xcode/DerivedData/SDKStatCaches.noindex/iphoneos26.0-23A339-81ce72e5b06c9602b9d30b56f2eed08a.sdkstatcache -output-file-map /Users/ryankanfer/Library/Developer/Xcode/DerivedData/HOMEY_Clean-gafualdnzupkfseuistvwtqbnpqd/Build/Intermediates.noindex/Supabase.build/Debug-iphoneos/Supabase.build/Objects-normal/arm64/Supabase-OutputFileMap.json -use-frontend-parseable-output -save-temps -no-color-diagnostics -explicit-module-build -module-cache-path /Users/ryankanfer/Library/Developer/Xcode/DerivedData/HOMEY_Clean-gafualdnzupkfseuistvwtqbnpqd/Build/Intermediates.noindex/SwiftExplicitPrecompiledModules -clang-scanner-module-cache-path /Users/ryankanfer/Library/Developer/Xcode/DerivedData/ModuleCache.noindex -sdk-module-cache-path /Users/ryankanfer/Library/Developer/Xcode/DerivedData/ModuleCache.noindex -serialize-diagnostics -emit-dependencies -emit-module -emit-module-path /Users/ryankanfer/Library/Developer/Xcode/DerivedData/HOMEY_Clean-gafualdnzupkfseuistvwtqbnpqd/Build/Intermediates.noindex/Supabase.build/Debug-iphoneos/Supabase.build/Objects-normal/arm64/Supabase.swiftmodule -validate-clang-modules-once -clang-build-session-file /Users/ryankanfer/Library/Developer/Xcode/DerivedData/ModuleCache.noindex/Session.modulevalidation -package-name supabase_swift -Xcc -I/Users/ryankanfer/Library/Developer/Xcode/DerivedData/HOMEY_Clean-gafualdnzupkfseuistvwtqbnpqd/Build/Intermediates.noindex/Supabase.build/Debug-iphoneos/Supabase.build/swift-overrides.hmap -emit-const-values -Xfrontend -const-gather-protocols-file -Xfrontend /Users/ryankanfer/Library/Developer/Xcode/DerivedData/HOMEY_Clean-gafualdnzupkfseuistvwtqbnpqd/Build/Intermediates.noindex/Supabase.build/Debug-iphoneos/Supabase.build/Objects-normal/arm64/Supabase_const_extract_protocols.json -Xcc -I/Users/ryankanfer/Library/Developer/Xcode/DerivedData/HOMEY_Clean-gafualdnzupkfseuistvwtqbnpqd/Build/Products/Debug-iphoneos/include -Xcc -I/Users/ryankanfer/Library/Developer/Xcode/DerivedData/HOMEY_Clean-gafualdnzupkfseuistvwtqbnpqd/Build/Intermediates.noindex/Supabase.build/Debug-iphoneos/Supabase.build/DerivedSources-normal/arm64 -Xcc -I/Users/ryankanfer/Library/Developer/Xcode/DerivedData/HOMEY_Clean-gafualdnzupkfseuistvwtqbnpqd/Build/Intermediates.noindex/Supabase.build/Debug-iphoneos/Supabase.build/DerivedSources/arm64 -Xcc -I/Users/ryankanfer/Library/Developer/Xcode/DerivedData/HOMEY_Clean-gafualdnzupkfseuistvwtqbnpqd/Build/Intermediates.noindex/Supabase.build/Debug-iphoneos/Supabase.build/DerivedSources -Xcc -DSWIFT_PACKAGE -Xcc -DDEBUG\=1 -emit-objc-header -emit-objc-header-path /Users/ryankanfer/Library/Developer/Xcode/DerivedData/HOMEY_Clean-gafualdnzupkfseuistvwtqbnpqd/Build/Intermediates.noindex/Supabase.build/Debug-iphoneos/Supabase.build/Objects-normal/arm64/Supabase-Swift.h -working-directory /Users/ryankanfer/Documents/Developer/HOMEY\ Clean/HOMEY\ Clean.xcodeproj -experimental-emit-module-separately -disable-cmo

SwiftDriverJobDiscovery normal arm64 Compiling Keychain.swift, PKCE.swift, SessionManager.swift (in target 'Auth' from project 'Supabase')

SwiftDriverJobDiscovery normal arm64 Compiling AuthMFA.swift, AuthStateChangeListener.swift, Defaults.swift (in target 'Auth' from project 'Supabase')

RegisterExecutionPolicyException /Users/ryankanfer/Library/Developer/Xcode/DerivedData/HOMEY_Clean-gafualdnzupkfseuistvwtqbnpqd/Build/Products/Debug-iphoneos/Helpers.o (in target 'Helpers' from project 'Supabase')
    cd /Users/ryankanfer/Library/Developer/Xcode/DerivedData/HOMEY_Clean-gafualdnzupkfseuistvwtqbnpqd/SourcePackages/checkouts/supabase-swift
    builtin-RegisterExecutionPolicyException /Users/ryankanfer/Library/Developer/Xcode/DerivedData/HOMEY_Clean-gafualdnzupkfseuistvwtqbnpqd/Build/Products/Debug-iphoneos/Helpers.o

Ld /Users/ryankanfer/Library/Developer/Xcode/DerivedData/HOMEY_Clean-gafualdnzupkfseuistvwtqbnpqd/Build/Products/Debug-iphoneos/Storage.o normal (in target 'Storage' from project 'Supabase')
    cd /Users/ryankanfer/Library/Developer/Xcode/DerivedData/HOMEY_Clean-gafualdnzupkfseuistvwtqbnpqd/SourcePackages/checkouts/supabase-swift
    /Applications/Xcode.app/Contents/Developer/Toolchains/XcodeDefault.xctoolchain/usr/bin/clang -Xlinker -reproducible -target arm64-apple-ios13.0 -r -isysroot /Applications/Xcode.app/Contents/Developer/Platforms/iPhoneOS.platform/Developer/SDKs/iPhoneOS26.0.sdk -O0 -w -L/Users/ryankanfer/Library/Developer/Xcode/DerivedData/HOMEY_Clean-gafualdnzupkfseuistvwtqbnpqd/Build/Intermediates.noindex/EagerLinkingTBDs/Debug-iphoneos -L/Users/ryankanfer/Library/Developer/Xcode/DerivedData/HOMEY_Clean-gafualdnzupkfseuistvwtqbnpqd/Build/Products/Debug-iphoneos -L/Applications/Xcode.app/Contents/Developer/Platforms/iPhoneOS.platform/Developer/usr/lib -F/Users/ryankanfer/Library/Developer/Xcode/DerivedData/HOMEY_Clean-gafualdnzupkfseuistvwtqbnpqd/Build/Intermediates.noindex/EagerLinkingTBDs/Debug-iphoneos -F/Users/ryankanfer/Library/Developer/Xcode/DerivedData/HOMEY_Clean-gafualdnzupkfseuistvwtqbnpqd/Build/Products/Debug-iphoneos/PackageFrameworks -F/Users/ryankanfer/Library/Developer/Xcode/DerivedData/HOMEY_Clean-gafualdnzupkfseuistvwtqbnpqd/Build/Products/Debug-iphoneos/PackageFrameworks -F/Users/ryankanfer/Library/Developer/Xcode/DerivedData/HOMEY_Clean-gafualdnzupkfseuistvwtqbnpqd/Build/Products/Debug-iphoneos/PackageFrameworks -F/Users/ryankanfer/Library/Developer/Xcode/DerivedData/HOMEY_Clean-gafualdnzupkfseuistvwtqbnpqd/Build/Products/Debug-iphoneos/PackageFrameworks -F/Users/ryankanfer/Library/Developer/Xcode/DerivedData/HOMEY_Clean-gafualdnzupkfseuistvwtqbnpqd/Build/Products/Debug-iphoneos/PackageFrameworks -F/Users/ryankanfer/Library/Developer/Xcode/DerivedData/HOMEY_Clean-gafualdnzupkfseuistvwtqbnpqd/Build/Products/Debug-iphoneos/PackageFrameworks -F/Users/ryankanfer/Library/Developer/Xcode/DerivedData/HOMEY_Clean-gafualdnzupkfseuistvwtqbnpqd/Build/Products/Debug-iphoneos/PackageFrameworks -F/Users/ryankanfer/Library/Developer/Xcode/DerivedData/HOMEY_Clean-gafualdnzupkfseuistvwtqbnpqd/Build/Products/Debug-iphoneos -iframework /Applications/Xcode.app/Contents/Developer/Platforms/iPhoneOS.platform/Developer/Library/Frameworks -iframework /Applications/Xcode.app/Contents/Developer/Platforms/iPhoneOS.platform/Developer/SDKs/iPhoneOS26.0.sdk/Developer/Library/Frameworks -filelist /Users/ryankanfer/Library/Developer/Xcode/DerivedData/HOMEY_Clean-gafualdnzupkfseuistvwtqbnpqd/Build/Intermediates.noindex/Supabase.build/Debug-iphoneos/Storage.build/Objects-normal/arm64/Storage.LinkFileList -nostdlib -Xlinker -object_path_lto -Xlinker /Users/ryankanfer/Library/Developer/Xcode/DerivedData/HOMEY_Clean-gafualdnzupkfseuistvwtqbnpqd/Build/Intermediates.noindex/Supabase.build/Debug-iphoneos/Storage.build/Objects-normal/arm64/Storage_lto.o -rdynamic -Xlinker -no_deduplicate -Xlinker -debug_variant -Xlinker -dependency_info -Xlinker /Users/ryankanfer/Library/Developer/Xcode/DerivedData/HOMEY_Clean-gafualdnzupkfseuistvwtqbnpqd/Build/Intermediates.noindex/Supabase.build/Debug-iphoneos/Storage.build/Objects-normal/arm64/Storage_dependency_info.dat -fobjc-link-runtime -L/Applications/Xcode.app/Contents/Developer/Toolchains/XcodeDefault.xctoolchain/usr/lib/swift/iphoneos -L/usr/lib/swift -Xlinker -add_ast_path -Xlinker /Users/ryankanfer/Library/Developer/Xcode/DerivedData/HOMEY_Clean-gafualdnzupkfseuistvwtqbnpqd/Build/Intermediates.noindex/Supabase.build/Debug-iphoneos/Storage.build/Objects-normal/arm64/Storage.swiftmodule @/Users/ryankanfer/Library/Developer/Xcode/DerivedData/HOMEY_Clean-gafualdnzupkfseuistvwtqbnpqd/Build/Intermediates.noindex/Supabase.build/Debug-iphoneos/Storage.build/Objects-normal/arm64/Storage-linker-args.resp -o /Users/ryankanfer/Library/Developer/Xcode/DerivedData/HOMEY_Clean-gafualdnzupkfseuistvwtqbnpqd/Build/Products/Debug-iphoneos/Storage.o

Ld /Users/ryankanfer/Library/Developer/Xcode/DerivedData/HOMEY_Clean-gafualdnzupkfseuistvwtqbnpqd/Build/Products/Debug-iphoneos/Realtime.o normal (in target 'Realtime' from project 'Supabase')
    cd /Users/ryankanfer/Library/Developer/Xcode/DerivedData/HOMEY_Clean-gafualdnzupkfseuistvwtqbnpqd/SourcePackages/checkouts/supabase-swift
    /Applications/Xcode.app/Contents/Developer/Toolchains/XcodeDefault.xctoolchain/usr/bin/clang -Xlinker -reproducible -target arm64-apple-ios13.0 -r -isysroot /Applications/Xcode.app/Contents/Developer/Platforms/iPhoneOS.platform/Developer/SDKs/iPhoneOS26.0.sdk -O0 -w -L/Users/ryankanfer/Library/Developer/Xcode/DerivedData/HOMEY_Clean-gafualdnzupkfseuistvwtqbnpqd/Build/Intermediates.noindex/EagerLinkingTBDs/Debug-iphoneos -L/Users/ryankanfer/Library/Developer/Xcode/DerivedData/HOMEY_Clean-gafualdnzupkfseuistvwtqbnpqd/Build/Products/Debug-iphoneos -L/Applications/Xcode.app/Contents/Developer/Platforms/iPhoneOS.platform/Developer/usr/lib -F/Users/ryankanfer/Library/Developer/Xcode/DerivedData/HOMEY_Clean-gafualdnzupkfseuistvwtqbnpqd/Build/Intermediates.noindex/EagerLinkingTBDs/Debug-iphoneos -F/Users/ryankanfer/Library/Developer/Xcode/DerivedData/HOMEY_Clean-gafualdnzupkfseuistvwtqbnpqd/Build/Products/Debug-iphoneos/PackageFrameworks -F/Users/ryankanfer/Library/Developer/Xcode/DerivedData/HOMEY_Clean-gafualdnzupkfseuistvwtqbnpqd/Build/Products/Debug-iphoneos/PackageFrameworks -F/Users/ryankanfer/Library/Developer/Xcode/DerivedData/HOMEY_Clean-gafualdnzupkfseuistvwtqbnpqd/Build/Products/Debug-iphoneos/PackageFrameworks -F/Users/ryankanfer/Library/Developer/Xcode/DerivedData/HOMEY_Clean-gafualdnzupkfseuistvwtqbnpqd/Build/Products/Debug-iphoneos/PackageFrameworks -F/Users/ryankanfer/Library/Developer/Xcode/DerivedData/HOMEY_Clean-gafualdnzupkfseuistvwtqbnpqd/Build/Products/Debug-iphoneos/PackageFrameworks -F/Users/ryankanfer/Library/Developer/Xcode/DerivedData/HOMEY_Clean-gafualdnzupkfseuistvwtqbnpqd/Build/Products/Debug-iphoneos/PackageFrameworks -F/Users/ryankanfer/Library/Developer/Xcode/DerivedData/HOMEY_Clean-gafualdnzupkfseuistvwtqbnpqd/Build/Products/Debug-iphoneos/PackageFrameworks -F/Users/ryankanfer/Library/Developer/Xcode/DerivedData/HOMEY_Clean-gafualdnzupkfseuistvwtqbnpqd/Build/Products/Debug-iphoneos -iframework /Applications/Xcode.app/Contents/Developer/Platforms/iPhoneOS.platform/Developer/Library/Frameworks -iframework /Applications/Xcode.app/Contents/Developer/Platforms/iPhoneOS.platform/Developer/SDKs/iPhoneOS26.0.sdk/Developer/Library/Frameworks -filelist /Users/ryankanfer/Library/Developer/Xcode/DerivedData/HOMEY_Clean-gafualdnzupkfseuistvwtqbnpqd/Build/Intermediates.noindex/Supabase.build/Debug-iphoneos/Realtime.build/Objects-normal/arm64/Realtime.LinkFileList -nostdlib -Xlinker -object_path_lto -Xlinker /Users/ryankanfer/Library/Developer/Xcode/DerivedData/HOMEY_Clean-gafualdnzupkfseuistvwtqbnpqd/Build/Intermediates.noindex/Supabase.build/Debug-iphoneos/Realtime.build/Objects-normal/arm64/Realtime_lto.o -rdynamic -Xlinker -no_deduplicate -Xlinker -debug_variant -Xlinker -dependency_info -Xlinker /Users/ryankanfer/Library/Developer/Xcode/DerivedData/HOMEY_Clean-gafualdnzupkfseuistvwtqbnpqd/Build/Intermediates.noindex/Supabase.build/Debug-iphoneos/Realtime.build/Objects-normal/arm64/Realtime_dependency_info.dat -fobjc-link-runtime -L/Applications/Xcode.app/Contents/Developer/Toolchains/XcodeDefault.xctoolchain/usr/lib/swift/iphoneos -L/usr/lib/swift -Xlinker -add_ast_path -Xlinker /Users/ryankanfer/Library/Developer/Xcode/DerivedData/HOMEY_Clean-gafualdnzupkfseuistvwtqbnpqd/Build/Intermediates.noindex/Supabase.build/Debug-iphoneos/Realtime.build/Objects-normal/arm64/Realtime.swiftmodule @/Users/ryankanfer/Library/Developer/Xcode/DerivedData/HOMEY_Clean-gafualdnzupkfseuistvwtqbnpqd/Build/Intermediates.noindex/Supabase.build/Debug-iphoneos/Realtime.build/Objects-normal/arm64/Realtime-linker-args.resp -o /Users/ryankanfer/Library/Developer/Xcode/DerivedData/HOMEY_Clean-gafualdnzupkfseuistvwtqbnpqd/Build/Products/Debug-iphoneos/Realtime.o

Ld /Users/ryankanfer/Library/Developer/Xcode/DerivedData/HOMEY_Clean-gafualdnzupkfseuistvwtqbnpqd/Build/Products/Debug-iphoneos/PostgREST.o normal (in target 'PostgREST' from project 'Supabase')
    cd /Users/ryankanfer/Library/Developer/Xcode/DerivedData/HOMEY_Clean-gafualdnzupkfseuistvwtqbnpqd/SourcePackages/checkouts/supabase-swift
    /Applications/Xcode.app/Contents/Developer/Toolchains/XcodeDefault.xctoolchain/usr/bin/clang -Xlinker -reproducible -target arm64-apple-ios13.0 -r -isysroot /Applications/Xcode.app/Contents/Developer/Platforms/iPhoneOS.platform/Developer/SDKs/iPhoneOS26.0.sdk -O0 -w -L/Users/ryankanfer/Library/Developer/Xcode/DerivedData/HOMEY_Clean-gafualdnzupkfseuistvwtqbnpqd/Build/Intermediates.noindex/EagerLinkingTBDs/Debug-iphoneos -L/Users/ryankanfer/Library/Developer/Xcode/DerivedData/HOMEY_Clean-gafualdnzupkfseuistvwtqbnpqd/Build/Products/Debug-iphoneos -L/Applications/Xcode.app/Contents/Developer/Platforms/iPhoneOS.platform/Developer/usr/lib -F/Users/ryankanfer/Library/Developer/Xcode/DerivedData/HOMEY_Clean-gafualdnzupkfseuistvwtqbnpqd/Build/Intermediates.noindex/EagerLinkingTBDs/Debug-iphoneos -F/Users/ryankanfer/Library/Developer/Xcode/DerivedData/HOMEY_Clean-gafualdnzupkfseuistvwtqbnpqd/Build/Products/Debug-iphoneos/PackageFrameworks -F/Users/ryankanfer/Library/Developer/Xcode/DerivedData/HOMEY_Clean-gafualdnzupkfseuistvwtqbnpqd/Build/Products/Debug-iphoneos/PackageFrameworks -F/Users/ryankanfer/Library/Developer/Xcode/DerivedData/HOMEY_Clean-gafualdnzupkfseuistvwtqbnpqd/Build/Products/Debug-iphoneos/PackageFrameworks -F/Users/ryankanfer/Library/Developer/Xcode/DerivedData/HOMEY_Clean-gafualdnzupkfseuistvwtqbnpqd/Build/Products/Debug-iphoneos/PackageFrameworks -F/Users/ryankanfer/Library/Developer/Xcode/DerivedData/HOMEY_Clean-gafualdnzupkfseuistvwtqbnpqd/Build/Products/Debug-iphoneos/PackageFrameworks -F/Users/ryankanfer/Library/Developer/Xcode/DerivedData/HOMEY_Clean-gafualdnzupkfseuistvwtqbnpqd/Build/Products/Debug-iphoneos/PackageFrameworks -F/Users/ryankanfer/Library/Developer/Xcode/DerivedData/HOMEY_Clean-gafualdnzupkfseuistvwtqbnpqd/Build/Products/Debug-iphoneos/PackageFrameworks -F/Users/ryankanfer/Library/Developer/Xcode/DerivedData/HOMEY_Clean-gafualdnzupkfseuistvwtqbnpqd/Build/Products/Debug-iphoneos -iframework /Applications/Xcode.app/Contents/Developer/Platforms/iPhoneOS.platform/Developer/Library/Frameworks -iframework /Applications/Xcode.app/Contents/Developer/Platforms/iPhoneOS.platform/Developer/SDKs/iPhoneOS26.0.sdk/Developer/Library/Frameworks -filelist /Users/ryankanfer/Library/Developer/Xcode/DerivedData/HOMEY_Clean-gafualdnzupkfseuistvwtqbnpqd/Build/Intermediates.noindex/Supabase.build/Debug-iphoneos/PostgREST.build/Objects-normal/arm64/PostgREST.LinkFileList -nostdlib -Xlinker -object_path_lto -Xlinker /Users/ryankanfer/Library/Developer/Xcode/DerivedData/HOMEY_Clean-gafualdnzupkfseuistvwtqbnpqd/Build/Intermediates.noindex/Supabase.build/Debug-iphoneos/PostgREST.build/Objects-normal/arm64/PostgREST_lto.o -rdynamic -Xlinker -no_deduplicate -Xlinker -debug_variant -Xlinker -dependency_info -Xlinker /Users/ryankanfer/Library/Developer/Xcode/DerivedData/HOMEY_Clean-gafualdnzupkfseuistvwtqbnpqd/Build/Intermediates.noindex/Supabase.build/Debug-iphoneos/PostgREST.build/Objects-normal/arm64/PostgREST_dependency_info.dat -fobjc-link-runtime -L/Applications/Xcode.app/Contents/Developer/Toolchains/XcodeDefault.xctoolchain/usr/lib/swift/iphoneos -L/usr/lib/swift -Xlinker -add_ast_path -Xlinker /Users/ryankanfer/Library/Developer/Xcode/DerivedData/HOMEY_Clean-gafualdnzupkfseuistvwtqbnpqd/Build/Intermediates.noindex/Supabase.build/Debug-iphoneos/PostgREST.build/Objects-normal/arm64/PostgREST.swiftmodule @/Users/ryankanfer/Library/Developer/Xcode/DerivedData/HOMEY_Clean-gafualdnzupkfseuistvwtqbnpqd/Build/Intermediates.noindex/Supabase.build/Debug-iphoneos/PostgREST.build/Objects-normal/arm64/PostgREST-linker-args.resp -o /Users/ryankanfer/Library/Developer/Xcode/DerivedData/HOMEY_Clean-gafualdnzupkfseuistvwtqbnpqd/Build/Products/Debug-iphoneos/PostgREST.o

Ld /Users/ryankanfer/Library/Developer/Xcode/DerivedData/HOMEY_Clean-gafualdnzupkfseuistvwtqbnpqd/Build/Products/Debug-iphoneos/Functions.o normal (in target 'Functions' from project 'Supabase')
    cd /Users/ryankanfer/Library/Developer/Xcode/DerivedData/HOMEY_Clean-gafualdnzupkfseuistvwtqbnpqd/SourcePackages/checkouts/supabase-swift
    /Applications/Xcode.app/Contents/Developer/Toolchains/XcodeDefault.xctoolchain/usr/bin/clang -Xlinker -reproducible -target arm64-apple-ios13.0 -r -isysroot /Applications/Xcode.app/Contents/Developer/Platforms/iPhoneOS.platform/Developer/SDKs/iPhoneOS26.0.sdk -O0 -w -L/Users/ryankanfer/Library/Developer/Xcode/DerivedData/HOMEY_Clean-gafualdnzupkfseuistvwtqbnpqd/Build/Intermediates.noindex/EagerLinkingTBDs/Debug-iphoneos -L/Users/ryankanfer/Library/Developer/Xcode/DerivedData/HOMEY_Clean-gafualdnzupkfseuistvwtqbnpqd/Build/Products/Debug-iphoneos -L/Applications/Xcode.app/Contents/Developer/Platforms/iPhoneOS.platform/Developer/usr/lib -F/Users/ryankanfer/Library/Developer/Xcode/DerivedData/HOMEY_Clean-gafualdnzupkfseuistvwtqbnpqd/Build/Intermediates.noindex/EagerLinkingTBDs/Debug-iphoneos -F/Users/ryankanfer/Library/Developer/Xcode/DerivedData/HOMEY_Clean-gafualdnzupkfseuistvwtqbnpqd/Build/Products/Debug-iphoneos/PackageFrameworks -F/Users/ryankanfer/Library/Developer/Xcode/DerivedData/HOMEY_Clean-gafualdnzupkfseuistvwtqbnpqd/Build/Products/Debug-iphoneos/PackageFrameworks -F/Users/ryankanfer/Library/Developer/Xcode/DerivedData/HOMEY_Clean-gafualdnzupkfseuistvwtqbnpqd/Build/Products/Debug-iphoneos/PackageFrameworks -F/Users/ryankanfer/Library/Developer/Xcode/DerivedData/HOMEY_Clean-gafualdnzupkfseuistvwtqbnpqd/Build/Products/Debug-iphoneos/PackageFrameworks -F/Users/ryankanfer/Library/Developer/Xcode/DerivedData/HOMEY_Clean-gafualdnzupkfseuistvwtqbnpqd/Build/Products/Debug-iphoneos/PackageFrameworks -F/Users/ryankanfer/Library/Developer/Xcode/DerivedData/HOMEY_Clean-gafualdnzupkfseuistvwtqbnpqd/Build/Products/Debug-iphoneos/PackageFrameworks -F/Users/ryankanfer/Library/Developer/Xcode/DerivedData/HOMEY_Clean-gafualdnzupkfseuistvwtqbnpqd/Build/Products/Debug-iphoneos/PackageFrameworks -F/Users/ryankanfer/Library/Developer/Xcode/DerivedData/HOMEY_Clean-gafualdnzupkfseuistvwtqbnpqd/Build/Products/Debug-iphoneos -iframework /Applications/Xcode.app/Contents/Developer/Platforms/iPhoneOS.platform/Developer/Library/Frameworks -iframework /Applications/Xcode.app/Contents/Developer/Platforms/iPhoneOS.platform/Developer/SDKs/iPhoneOS26.0.sdk/Developer/Library/Frameworks -filelist /Users/ryankanfer/Library/Developer/Xcode/DerivedData/HOMEY_Clean-gafualdnzupkfseuistvwtqbnpqd/Build/Intermediates.noindex/Supabase.build/Debug-iphoneos/Functions.build/Objects-normal/arm64/Functions.LinkFileList -nostdlib -Xlinker -object_path_lto -Xlinker /Users/ryankanfer/Library/Developer/Xcode/DerivedData/HOMEY_Clean-gafualdnzupkfseuistvwtqbnpqd/Build/Intermediates.noindex/Supabase.build/Debug-iphoneos/Functions.build/Objects-normal/arm64/Functions_lto.o -rdynamic -Xlinker -no_deduplicate -Xlinker -debug_variant -Xlinker -dependency_info -Xlinker /Users/ryankanfer/Library/Developer/Xcode/DerivedData/HOMEY_Clean-gafualdnzupkfseuistvwtqbnpqd/Build/Intermediates.noindex/Supabase.build/Debug-iphoneos/Functions.build/Objects-normal/arm64/Functions_dependency_info.dat -fobjc-link-runtime -L/Applications/Xcode.app/Contents/Developer/Toolchains/XcodeDefault.xctoolchain/usr/lib/swift/iphoneos -L/usr/lib/swift -Xlinker -add_ast_path -Xlinker /Users/ryankanfer/Library/Developer/Xcode/DerivedData/HOMEY_Clean-gafualdnzupkfseuistvwtqbnpqd/Build/Intermediates.noindex/Supabase.build/Debug-iphoneos/Functions.build/Objects-normal/arm64/Functions.swiftmodule @/Users/ryankanfer/Library/Developer/Xcode/DerivedData/HOMEY_Clean-gafualdnzupkfseuistvwtqbnpqd/Build/Intermediates.noindex/Supabase.build/Debug-iphoneos/Functions.build/Objects-normal/arm64/Functions-linker-args.resp -o /Users/ryankanfer/Library/Developer/Xcode/DerivedData/HOMEY_Clean-gafualdnzupkfseuistvwtqbnpqd/Build/Products/Debug-iphoneos/Functions.o

ExtractAppIntentsMetadata (in target 'Functions' from project 'Supabase')
    cd /Users/ryankanfer/Library/Developer/Xcode/DerivedData/HOMEY_Clean-gafualdnzupkfseuistvwtqbnpqd/SourcePackages/checkouts/supabase-swift
    /Applications/Xcode.app/Contents/Developer/Toolchains/XcodeDefault.xctoolchain/usr/bin/appintentsmetadataprocessor --toolchain-dir /Applications/Xcode.app/Contents/Developer/Toolchains/XcodeDefault.xctoolchain --module-name Functions --sdk-root /Applications/Xcode.app/Contents/Developer/Platforms/iPhoneOS.platform/Developer/SDKs/iPhoneOS26.0.sdk --xcode-version 17A324 --platform-family iOS --deployment-target 13.0 --bundle-identifier supabase-swift.Functions --output /Users/ryankanfer/Library/Developer/Xcode/DerivedData/HOMEY_Clean-gafualdnzupkfseuistvwtqbnpqd/Build/Products/Debug-iphoneos/Functions.appintents --target-triple arm64-apple-ios13.0 --binary-file /Users/ryankanfer/Library/Developer/Xcode/DerivedData/HOMEY_Clean-gafualdnzupkfseuistvwtqbnpqd/Build/Products/Debug-iphoneos/Functions.o --dependency-file /Users/ryankanfer/Library/Developer/Xcode/DerivedData/HOMEY_Clean-gafualdnzupkfseuistvwtqbnpqd/Build/Intermediates.noindex/Supabase.build/Debug-iphoneos/Functions.build/Objects-normal/arm64/Functions_dependency_info.dat --stringsdata-file /Users/ryankanfer/Library/Developer/Xcode/DerivedData/HOMEY_Clean-gafualdnzupkfseuistvwtqbnpqd/Build/Intermediates.noindex/Supabase.build/Debug-iphoneos/Functions.build/Objects-normal/arm64/ExtractedAppShortcutsMetadata.stringsdata --source-file-list /Users/ryankanfer/Library/Developer/Xcode/DerivedData/HOMEY_Clean-gafualdnzupkfseuistvwtqbnpqd/Build/Intermediates.noindex/Supabase.build/Debug-iphoneos/Functions.build/Objects-normal/arm64/Functions.SwiftFileList --metadata-file-list /Users/ryankanfer/Library/Developer/Xcode/DerivedData/HOMEY_Clean-gafualdnzupkfseuistvwtqbnpqd/Build/Intermediates.noindex/Supabase.build/Debug-iphoneos/Functions.build/Functions.DependencyMetadataFileList --static-metadata-file-list /Users/ryankanfer/Library/Developer/Xcode/DerivedData/HOMEY_Clean-gafualdnzupkfseuistvwtqbnpqd/Build/Intermediates.noindex/Supabase.build/Debug-iphoneos/Functions.build/Functions.DependencyStaticMetadataFileList --swift-const-vals-list /Users/ryankanfer/Library/Developer/Xcode/DerivedData/HOMEY_Clean-gafualdnzupkfseuistvwtqbnpqd/Build/Intermediates.noindex/Supabase.build/Debug-iphoneos/Functions.build/Objects-normal/arm64/Functions.SwiftConstValuesFileList --force --compile-time-extraction --deployment-aware-processing --validate-assistant-intents --no-app-shortcuts-localization
2025-09-22 23:16:19.951 appintentsmetadataprocessor[46592:12247442] Starting appintentsmetadataprocessor export
2025-09-22 23:16:20.110 appintentsmetadataprocessor[46592:12247442] Extracted no relevant App Intents symbols, skipping writing output

ExtractAppIntentsMetadata (in target 'PostgREST' from project 'Supabase')
    cd /Users/ryankanfer/Library/Developer/Xcode/DerivedData/HOMEY_Clean-gafualdnzupkfseuistvwtqbnpqd/SourcePackages/checkouts/supabase-swift
    /Applications/Xcode.app/Contents/Developer/Toolchains/XcodeDefault.xctoolchain/usr/bin/appintentsmetadataprocessor --toolchain-dir /Applications/Xcode.app/Contents/Developer/Toolchains/XcodeDefault.xctoolchain --module-name PostgREST --sdk-root /Applications/Xcode.app/Contents/Developer/Platforms/iPhoneOS.platform/Developer/SDKs/iPhoneOS26.0.sdk --xcode-version 17A324 --platform-family iOS --deployment-target 13.0 --bundle-identifier supabase-swift.PostgREST --output /Users/ryankanfer/Library/Developer/Xcode/DerivedData/HOMEY_Clean-gafualdnzupkfseuistvwtqbnpqd/Build/Products/Debug-iphoneos/PostgREST.appintents --target-triple arm64-apple-ios13.0 --binary-file /Users/ryankanfer/Library/Developer/Xcode/DerivedData/HOMEY_Clean-gafualdnzupkfseuistvwtqbnpqd/Build/Products/Debug-iphoneos/PostgREST.o --dependency-file /Users/ryankanfer/Library/Developer/Xcode/DerivedData/HOMEY_Clean-gafualdnzupkfseuistvwtqbnpqd/Build/Intermediates.noindex/Supabase.build/Debug-iphoneos/PostgREST.build/Objects-normal/arm64/PostgREST_dependency_info.dat --stringsdata-file /Users/ryankanfer/Library/Developer/Xcode/DerivedData/HOMEY_Clean-gafualdnzupkfseuistvwtqbnpqd/Build/Intermediates.noindex/Supabase.build/Debug-iphoneos/PostgREST.build/Objects-normal/arm64/ExtractedAppShortcutsMetadata.stringsdata --source-file-list /Users/ryankanfer/Library/Developer/Xcode/DerivedData/HOMEY_Clean-gafualdnzupkfseuistvwtqbnpqd/Build/Intermediates.noindex/Supabase.build/Debug-iphoneos/PostgREST.build/Objects-normal/arm64/PostgREST.SwiftFileList --metadata-file-list /Users/ryankanfer/Library/Developer/Xcode/DerivedData/HOMEY_Clean-gafualdnzupkfseuistvwtqbnpqd/Build/Intermediates.noindex/Supabase.build/Debug-iphoneos/PostgREST.build/PostgREST.DependencyMetadataFileList --static-metadata-file-list /Users/ryankanfer/Library/Developer/Xcode/DerivedData/HOMEY_Clean-gafualdnzupkfseuistvwtqbnpqd/Build/Intermediates.noindex/Supabase.build/Debug-iphoneos/PostgREST.build/PostgREST.DependencyStaticMetadataFileList --swift-const-vals-list /Users/ryankanfer/Library/Developer/Xcode/DerivedData/HOMEY_Clean-gafualdnzupkfseuistvwtqbnpqd/Build/Intermediates.noindex/Supabase.build/Debug-iphoneos/PostgREST.build/Objects-normal/arm64/PostgREST.SwiftConstValuesFileList --force --compile-time-extraction --deployment-aware-processing --validate-assistant-intents --no-app-shortcuts-localization
2025-09-22 23:16:19.952 appintentsmetadataprocessor[46593:12247443] Starting appintentsmetadataprocessor export
2025-09-22 23:16:20.083 appintentsmetadataprocessor[46593:12247443] Extracted no relevant App Intents symbols, skipping writing output

ExtractAppIntentsMetadata (in target 'Storage' from project 'Supabase')
    cd /Users/ryankanfer/Library/Developer/Xcode/DerivedData/HOMEY_Clean-gafualdnzupkfseuistvwtqbnpqd/SourcePackages/checkouts/supabase-swift
    /Applications/Xcode.app/Contents/Developer/Toolchains/XcodeDefault.xctoolchain/usr/bin/appintentsmetadataprocessor --toolchain-dir /Applications/Xcode.app/Contents/Developer/Toolchains/XcodeDefault.xctoolchain --module-name Storage --sdk-root /Applications/Xcode.app/Contents/Developer/Platforms/iPhoneOS.platform/Developer/SDKs/iPhoneOS26.0.sdk --xcode-version 17A324 --platform-family iOS --deployment-target 13.0 --bundle-identifier supabase-swift.Storage --output /Users/ryankanfer/Library/Developer/Xcode/DerivedData/HOMEY_Clean-gafualdnzupkfseuistvwtqbnpqd/Build/Products/Debug-iphoneos/Storage.appintents --target-triple arm64-apple-ios13.0 --binary-file /Users/ryankanfer/Library/Developer/Xcode/DerivedData/HOMEY_Clean-gafualdnzupkfseuistvwtqbnpqd/Build/Products/Debug-iphoneos/Storage.o --dependency-file /Users/ryankanfer/Library/Developer/Xcode/DerivedData/HOMEY_Clean-gafualdnzupkfseuistvwtqbnpqd/Build/Intermediates.noindex/Supabase.build/Debug-iphoneos/Storage.build/Objects-normal/arm64/Storage_dependency_info.dat --stringsdata-file /Users/ryankanfer/Library/Developer/Xcode/DerivedData/HOMEY_Clean-gafualdnzupkfseuistvwtqbnpqd/Build/Intermediates.noindex/Supabase.build/Debug-iphoneos/Storage.build/Objects-normal/arm64/ExtractedAppShortcutsMetadata.stringsdata --source-file-list /Users/ryankanfer/Library/Developer/Xcode/DerivedData/HOMEY_Clean-gafualdnzupkfseuistvwtqbnpqd/Build/Intermediates.noindex/Supabase.build/Debug-iphoneos/Storage.build/Objects-normal/arm64/Storage.SwiftFileList --metadata-file-list /Users/ryankanfer/Library/Developer/Xcode/DerivedData/HOMEY_Clean-gafualdnzupkfseuistvwtqbnpqd/Build/Intermediates.noindex/Supabase.build/Debug-iphoneos/Storage.build/Storage.DependencyMetadataFileList --static-metadata-file-list /Users/ryankanfer/Library/Developer/Xcode/DerivedData/HOMEY_Clean-gafualdnzupkfseuistvwtqbnpqd/Build/Intermediates.noindex/Supabase.build/Debug-iphoneos/Storage.build/Storage.DependencyStaticMetadataFileList --swift-const-vals-list /Users/ryankanfer/Library/Developer/Xcode/DerivedData/HOMEY_Clean-gafualdnzupkfseuistvwtqbnpqd/Build/Intermediates.noindex/Supabase.build/Debug-iphoneos/Storage.build/Objects-normal/arm64/Storage.SwiftConstValuesFileList --force --compile-time-extraction --deployment-aware-processing --validate-assistant-intents --no-app-shortcuts-localization
2025-09-22 23:16:19.954 appintentsmetadataprocessor[46594:12247444] Starting appintentsmetadataprocessor export
2025-09-22 23:16:20.080 appintentsmetadataprocessor[46594:12247444] Extracted no relevant App Intents symbols, skipping writing output

ExtractAppIntentsMetadata (in target 'Realtime' from project 'Supabase')
    cd /Users/ryankanfer/Library/Developer/Xcode/DerivedData/HOMEY_Clean-gafualdnzupkfseuistvwtqbnpqd/SourcePackages/checkouts/supabase-swift
    /Applications/Xcode.app/Contents/Developer/Toolchains/XcodeDefault.xctoolchain/usr/bin/appintentsmetadataprocessor --toolchain-dir /Applications/Xcode.app/Contents/Developer/Toolchains/XcodeDefault.xctoolchain --module-name Realtime --sdk-root /Applications/Xcode.app/Contents/Developer/Platforms/iPhoneOS.platform/Developer/SDKs/iPhoneOS26.0.sdk --xcode-version 17A324 --platform-family iOS --deployment-target 13.0 --bundle-identifier supabase-swift.Realtime --output /Users/ryankanfer/Library/Developer/Xcode/DerivedData/HOMEY_Clean-gafualdnzupkfseuistvwtqbnpqd/Build/Products/Debug-iphoneos/Realtime.appintents --target-triple arm64-apple-ios13.0 --binary-file /Users/ryankanfer/Library/Developer/Xcode/DerivedData/HOMEY_Clean-gafualdnzupkfseuistvwtqbnpqd/Build/Products/Debug-iphoneos/Realtime.o --dependency-file /Users/ryankanfer/Library/Developer/Xcode/DerivedData/HOMEY_Clean-gafualdnzupkfseuistvwtqbnpqd/Build/Intermediates.noindex/Supabase.build/Debug-iphoneos/Realtime.build/Objects-normal/arm64/Realtime_dependency_info.dat --stringsdata-file /Users/ryankanfer/Library/Developer/Xcode/DerivedData/HOMEY_Clean-gafualdnzupkfseuistvwtqbnpqd/Build/Intermediates.noindex/Supabase.build/Debug-iphoneos/Realtime.build/Objects-normal/arm64/ExtractedAppShortcutsMetadata.stringsdata --source-file-list /Users/ryankanfer/Library/Developer/Xcode/DerivedData/HOMEY_Clean-gafualdnzupkfseuistvwtqbnpqd/Build/Intermediates.noindex/Supabase.build/Debug-iphoneos/Realtime.build/Objects-normal/arm64/Realtime.SwiftFileList --metadata-file-list /Users/ryankanfer/Library/Developer/Xcode/DerivedData/HOMEY_Clean-gafualdnzupkfseuistvwtqbnpqd/Build/Intermediates.noindex/Supabase.build/Debug-iphoneos/Realtime.build/Realtime.DependencyMetadataFileList --static-metadata-file-list /Users/ryankanfer/Library/Developer/Xcode/DerivedData/HOMEY_Clean-gafualdnzupkfseuistvwtqbnpqd/Build/Intermediates.noindex/Supabase.build/Debug-iphoneos/Realtime.build/Realtime.DependencyStaticMetadataFileList --swift-const-vals-list /Users/ryankanfer/Library/Developer/Xcode/DerivedData/HOMEY_Clean-gafualdnzupkfseuistvwtqbnpqd/Build/Intermediates.noindex/Supabase.build/Debug-iphoneos/Realtime.build/Objects-normal/arm64/Realtime.SwiftConstValuesFileList --force --compile-time-extraction --deployment-aware-processing --validate-assistant-intents --no-app-shortcuts-localization
2025-09-22 23:16:19.957 appintentsmetadataprocessor[46595:12247445] Starting appintentsmetadataprocessor export
2025-09-22 23:16:20.112 appintentsmetadataprocessor[46595:12247445] Extracted no relevant App Intents symbols, skipping writing output

SwiftEmitModule normal arm64 Emitting\ module\ for\ Supabase (in target 'Supabase' from project 'Supabase')

EmitSwiftModule normal arm64 (in target 'Supabase' from project 'Supabase')
    cd /Users/ryankanfer/Documents/Developer/HOMEY\ Clean/HOMEY\ Clean.xcodeproj
    

SwiftCompile normal arm64 Compiling\ Constants.swift /Users/ryankanfer/Library/Developer/Xcode/DerivedData/HOMEY_Clean-gafualdnzupkfseuistvwtqbnpqd/SourcePackages/checkouts/supabase-swift/Sources/Supabase/Constants.swift (in target 'Supabase' from project 'Supabase')

SwiftCompile normal arm64 /Users/ryankanfer/Library/Developer/Xcode/DerivedData/HOMEY_Clean-gafualdnzupkfseuistvwtqbnpqd/SourcePackages/checkouts/supabase-swift/Sources/Supabase/Constants.swift (in target 'Supabase' from project 'Supabase')
    cd /Users/ryankanfer/Documents/Developer/HOMEY\ Clean/HOMEY\ Clean.xcodeproj
    

SwiftCompile normal arm64 Compiling\ SupabaseClient.swift /Users/ryankanfer/Library/Developer/Xcode/DerivedData/HOMEY_Clean-gafualdnzupkfseuistvwtqbnpqd/SourcePackages/checkouts/supabase-swift/Sources/Supabase/SupabaseClient.swift (in target 'Supabase' from project 'Supabase')

SwiftCompile normal arm64 /Users/ryankanfer/Library/Developer/Xcode/DerivedData/HOMEY_Clean-gafualdnzupkfseuistvwtqbnpqd/SourcePackages/checkouts/supabase-swift/Sources/Supabase/SupabaseClient.swift (in target 'Supabase' from project 'Supabase')
    cd /Users/ryankanfer/Documents/Developer/HOMEY\ Clean/HOMEY\ Clean.xcodeproj
    

SwiftCompile normal arm64 Compiling\ Deprecated.swift /Users/ryankanfer/Library/Developer/Xcode/DerivedData/HOMEY_Clean-gafualdnzupkfseuistvwtqbnpqd/SourcePackages/checkouts/supabase-swift/Sources/Supabase/Deprecated.swift (in target 'Supabase' from project 'Supabase')

SwiftCompile normal arm64 /Users/ryankanfer/Library/Developer/Xcode/DerivedData/HOMEY_Clean-gafualdnzupkfseuistvwtqbnpqd/SourcePackages/checkouts/supabase-swift/Sources/Supabase/Deprecated.swift (in target 'Supabase' from project 'Supabase')
    cd /Users/ryankanfer/Documents/Developer/HOMEY\ Clean/HOMEY\ Clean.xcodeproj
    

SwiftCompile normal arm64 Compiling\ Exports.swift /Users/ryankanfer/Library/Developer/Xcode/DerivedData/HOMEY_Clean-gafualdnzupkfseuistvwtqbnpqd/SourcePackages/checkouts/supabase-swift/Sources/Supabase/Exports.swift (in target 'Supabase' from project 'Supabase')

SwiftCompile normal arm64 /Users/ryankanfer/Library/Developer/Xcode/DerivedData/HOMEY_Clean-gafualdnzupkfseuistvwtqbnpqd/SourcePackages/checkouts/supabase-swift/Sources/Supabase/Exports.swift (in target 'Supabase' from project 'Supabase')
    cd /Users/ryankanfer/Documents/Developer/HOMEY\ Clean/HOMEY\ Clean.xcodeproj
    

SwiftCompile normal arm64 Compiling\ Types.swift /Users/ryankanfer/Library/Developer/Xcode/DerivedData/HOMEY_Clean-gafualdnzupkfseuistvwtqbnpqd/SourcePackages/checkouts/supabase-swift/Sources/Supabase/Types.swift (in target 'Supabase' from project 'Supabase')

SwiftCompile normal arm64 /Users/ryankanfer/Library/Developer/Xcode/DerivedData/HOMEY_Clean-gafualdnzupkfseuistvwtqbnpqd/SourcePackages/checkouts/supabase-swift/Sources/Supabase/Types.swift (in target 'Supabase' from project 'Supabase')
    cd /Users/ryankanfer/Documents/Developer/HOMEY\ Clean/HOMEY\ Clean.xcodeproj
    

SwiftDriverJobDiscovery normal arm64 Emitting module for Supabase (in target 'Supabase' from project 'Supabase')

SwiftDriver\ Compilation\ Requirements Supabase normal arm64 com.apple.xcode.tools.swift.compiler (in target 'Supabase' from project 'Supabase')
    cd /Users/ryankanfer/Documents/Developer/HOMEY\ Clean/HOMEY\ Clean.xcodeproj
    builtin-Swift-Compilation-Requirements -- /Applications/Xcode.app/Contents/Developer/Toolchains/XcodeDefault.xctoolchain/usr/bin/swiftc -module-name Supabase -Onone -enforce-exclusivity\=checked @/Users/ryankanfer/Library/Developer/Xcode/DerivedData/HOMEY_Clean-gafualdnzupkfseuistvwtqbnpqd/Build/Intermediates.noindex/Supabase.build/Debug-iphoneos/Supabase.build/Objects-normal/arm64/Supabase.SwiftFileList -DSWIFT_PACKAGE -DDEBUG -DSWIFT_MODULE_RESOURCE_BUNDLE_UNAVAILABLE -DXcode -enable-upcoming-feature ExistentialAny -enable-experimental-feature StrictConcurrency -plugin-path /Applications/Xcode.app/Contents/Developer/Toolchains/XcodeDefault.xctoolchain/usr/lib/swift/host/plugins/testing -enable-experimental-feature DebugDescriptionMacro -sdk /Applications/Xcode.app/Contents/Developer/Platforms/iPhoneOS.platform/Developer/SDKs/iPhoneOS26.0.sdk -target arm64-apple-ios13.0 -g -module-cache-path /Users/ryankanfer/Library/Developer/Xcode/DerivedData/ModuleCache.noindex -Xfrontend -serialize-debugging-options -profile-coverage-mapping -profile-generate -enable-testing -suppress-warnings -index-store-path /Users/ryankanfer/Library/Developer/Xcode/DerivedData/HOMEY_Clean-gafualdnzupkfseuistvwtqbnpqd/Index.noindex/DataStore -Xcc -D_LIBCPP_HARDENING_MODE\=_LIBCPP_HARDENING_MODE_DEBUG -swift-version 5 -I /Users/ryankanfer/Library/Developer/Xcode/DerivedData/HOMEY_Clean-gafualdnzupkfseuistvwtqbnpqd/Build/Products/Debug-iphoneos -Isystem /Applications/Xcode.app/Contents/Developer/Platforms/iPhoneOS.platform/Developer/usr/lib -F /Users/ryankanfer/Library/Developer/Xcode/DerivedData/HOMEY_Clean-gafualdnzupkfseuistvwtqbnpqd/Build/Products/Debug-iphoneos/PackageFrameworks -F /Users/ryankanfer/Library/Developer/Xcode/DerivedData/HOMEY_Clean-gafualdnzupkfseuistvwtqbnpqd/Build/Products/Debug-iphoneos/PackageFrameworks -F /Users/ryankanfer/Library/Developer/Xcode/DerivedData/HOMEY_Clean-gafualdnzupkfseuistvwtqbnpqd/Build/Products/Debug-iphoneos/PackageFrameworks -F /Users/ryankanfer/Library/Developer/Xcode/DerivedData/HOMEY_Clean-gafualdnzupkfseuistvwtqbnpqd/Build/Products/Debug-iphoneos/PackageFrameworks -F /Users/ryankanfer/Library/Developer/Xcode/DerivedData/HOMEY_Clean-gafualdnzupkfseuistvwtqbnpqd/Build/Products/Debug-iphoneos/PackageFrameworks -F /Users/ryankanfer/Library/Developer/Xcode/DerivedData/HOMEY_Clean-gafualdnzupkfseuistvwtqbnpqd/Build/Products/Debug-iphoneos/PackageFrameworks -F /Users/ryankanfer/Library/Developer/Xcode/DerivedData/HOMEY_Clean-gafualdnzupkfseuistvwtqbnpqd/Build/Products/Debug-iphoneos/PackageFrameworks -F /Users/ryankanfer/Library/Developer/Xcode/DerivedData/HOMEY_Clean-gafualdnzupkfseuistvwtqbnpqd/Build/Products/Debug-iphoneos/PackageFrameworks -F /Users/ryankanfer/Library/Developer/Xcode/DerivedData/HOMEY_Clean-gafualdnzupkfseuistvwtqbnpqd/Build/Products/Debug-iphoneos/PackageFrameworks -F /Users/ryankanfer/Library/Developer/Xcode/DerivedData/HOMEY_Clean-gafualdnzupkfseuistvwtqbnpqd/Build/Products/Debug-iphoneos/PackageFrameworks -F /Users/ryankanfer/Library/Developer/Xcode/DerivedData/HOMEY_Clean-gafualdnzupkfseuistvwtqbnpqd/Build/Products/Debug-iphoneos/PackageFrameworks -F /Users/ryankanfer/Library/Developer/Xcode/DerivedData/HOMEY_Clean-gafualdnzupkfseuistvwtqbnpqd/Build/Products/Debug-iphoneos/PackageFrameworks -F /Users/ryankanfer/Library/Developer/Xcode/DerivedData/HOMEY_Clean-gafualdnzupkfseuistvwtqbnpqd/Build/Products/Debug-iphoneos/PackageFrameworks -F /Users/ryankanfer/Library/Developer/Xcode/DerivedData/HOMEY_Clean-gafualdnzupkfseuistvwtqbnpqd/Build/Products/Debug-iphoneos -F /Applications/Xcode.app/Contents/Developer/Platforms/iPhoneOS.platform/Developer/Library/Frameworks -F /Applications/Xcode.app/Contents/Developer/Platforms/iPhoneOS.platform/Developer/SDKs/iPhoneOS26.0.sdk/Developer/Library/Frameworks -c -j8 -enable-batch-mode -incremental -Xcc -ivfsstatcache -Xcc /Users/ryankanfer/Library/Developer/Xcode/DerivedData/SDKStatCaches.noindex/iphoneos26.0-23A339-81ce72e5b06c9602b9d30b56f2eed08a.sdkstatcache -output-file-map /Users/ryankanfer/Library/Developer/Xcode/DerivedData/HOMEY_Clean-gafualdnzupkfseuistvwtqbnpqd/Build/Intermediates.noindex/Supabase.build/Debug-iphoneos/Supabase.build/Objects-normal/arm64/Supabase-OutputFileMap.json -use-frontend-parseable-output -save-temps -no-color-diagnostics -explicit-module-build -module-cache-path /Users/ryankanfer/Library/Developer/Xcode/DerivedData/HOMEY_Clean-gafualdnzupkfseuistvwtqbnpqd/Build/Intermediates.noindex/SwiftExplicitPrecompiledModules -clang-scanner-module-cache-path /Users/ryankanfer/Library/Developer/Xcode/DerivedData/ModuleCache.noindex -sdk-module-cache-path /Users/ryankanfer/Library/Developer/Xcode/DerivedData/ModuleCache.noindex -serialize-diagnostics -emit-dependencies -emit-module -emit-module-path /Users/ryankanfer/Library/Developer/Xcode/DerivedData/HOMEY_Clean-gafualdnzupkfseuistvwtqbnpqd/Build/Intermediates.noindex/Supabase.build/Debug-iphoneos/Supabase.build/Objects-normal/arm64/Supabase.swiftmodule -validate-clang-modules-once -clang-build-session-file /Users/ryankanfer/Library/Developer/Xcode/DerivedData/ModuleCache.noindex/Session.modulevalidation -package-name supabase_swift -Xcc -I/Users/ryankanfer/Library/Developer/Xcode/DerivedData/HOMEY_Clean-gafualdnzupkfseuistvwtqbnpqd/Build/Intermediates.noindex/Supabase.build/Debug-iphoneos/Supabase.build/swift-overrides.hmap -emit-const-values -Xfrontend -const-gather-protocols-file -Xfrontend /Users/ryankanfer/Library/Developer/Xcode/DerivedData/HOMEY_Clean-gafualdnzupkfseuistvwtqbnpqd/Build/Intermediates.noindex/Supabase.build/Debug-iphoneos/Supabase.build/Objects-normal/arm64/Supabase_const_extract_protocols.json -Xcc -I/Users/ryankanfer/Library/Developer/Xcode/DerivedData/HOMEY_Clean-gafualdnzupkfseuistvwtqbnpqd/Build/Products/Debug-iphoneos/include -Xcc -I/Users/ryankanfer/Library/Developer/Xcode/DerivedData/HOMEY_Clean-gafualdnzupkfseuistvwtqbnpqd/Build/Intermediates.noindex/Supabase.build/Debug-iphoneos/Supabase.build/DerivedSources-normal/arm64 -Xcc -I/Users/ryankanfer/Library/Developer/Xcode/DerivedData/HOMEY_Clean-gafualdnzupkfseuistvwtqbnpqd/Build/Intermediates.noindex/Supabase.build/Debug-iphoneos/Supabase.build/DerivedSources/arm64 -Xcc -I/Users/ryankanfer/Library/Developer/Xcode/DerivedData/HOMEY_Clean-gafualdnzupkfseuistvwtqbnpqd/Build/Intermediates.noindex/Supabase.build/Debug-iphoneos/Supabase.build/DerivedSources -Xcc -DSWIFT_PACKAGE -Xcc -DDEBUG\=1 -emit-objc-header -emit-objc-header-path /Users/ryankanfer/Library/Developer/Xcode/DerivedData/HOMEY_Clean-gafualdnzupkfseuistvwtqbnpqd/Build/Intermediates.noindex/Supabase.build/Debug-iphoneos/Supabase.build/Objects-normal/arm64/Supabase-Swift.h -working-directory /Users/ryankanfer/Documents/Developer/HOMEY\ Clean/HOMEY\ Clean.xcodeproj -experimental-emit-module-separately -disable-cmo

SwiftMergeGeneratedHeaders /Users/ryankanfer/Library/Developer/Xcode/DerivedData/HOMEY_Clean-gafualdnzupkfseuistvwtqbnpqd/Build/Intermediates.noindex/GeneratedModuleMaps-iphoneos/Supabase-Swift.h /Users/ryankanfer/Library/Developer/Xcode/DerivedData/HOMEY_Clean-gafualdnzupkfseuistvwtqbnpqd/Build/Intermediates.noindex/Supabase.build/Debug-iphoneos/Supabase.build/Objects-normal/arm64/Supabase-Swift.h (in target 'Supabase' from project 'Supabase')
    cd /Users/ryankanfer/Library/Developer/Xcode/DerivedData/HOMEY_Clean-gafualdnzupkfseuistvwtqbnpqd/SourcePackages/checkouts/supabase-swift
    builtin-swiftHeaderTool -arch arm64 /Users/ryankanfer/Library/Developer/Xcode/DerivedData/HOMEY_Clean-gafualdnzupkfseuistvwtqbnpqd/Build/Intermediates.noindex/Supabase.build/Debug-iphoneos/Supabase.build/Objects-normal/arm64/Supabase-Swift.h -o /Users/ryankanfer/Library/Developer/Xcode/DerivedData/HOMEY_Clean-gafualdnzupkfseuistvwtqbnpqd/Build/Intermediates.noindex/GeneratedModuleMaps-iphoneos/Supabase-Swift.h

Copy /Users/ryankanfer/Library/Developer/Xcode/DerivedData/HOMEY_Clean-gafualdnzupkfseuistvwtqbnpqd/Build/Products/Debug-iphoneos/Supabase.swiftmodule/arm64-apple-ios.swiftmodule /Users/ryankanfer/Library/Developer/Xcode/DerivedData/HOMEY_Clean-gafualdnzupkfseuistvwtqbnpqd/Build/Intermediates.noindex/Supabase.build/Debug-iphoneos/Supabase.build/Objects-normal/arm64/Supabase.swiftmodule (in target 'Supabase' from project 'Supabase')
    cd /Users/ryankanfer/Library/Developer/Xcode/DerivedData/HOMEY_Clean-gafualdnzupkfseuistvwtqbnpqd/SourcePackages/checkouts/supabase-swift
    builtin-copy -exclude .DS_Store -exclude CVS -exclude .svn -exclude .git -exclude .hg -resolve-src-symlinks -rename /Users/ryankanfer/Library/Developer/Xcode/DerivedData/HOMEY_Clean-gafualdnzupkfseuistvwtqbnpqd/Build/Intermediates.noindex/Supabase.build/Debug-iphoneos/Supabase.build/Objects-normal/arm64/Supabase.swiftmodule /Users/ryankanfer/Library/Developer/Xcode/DerivedData/HOMEY_Clean-gafualdnzupkfseuistvwtqbnpqd/Build/Products/Debug-iphoneos/Supabase.swiftmodule/arm64-apple-ios.swiftmodule

Copy /Users/ryankanfer/Library/Developer/Xcode/DerivedData/HOMEY_Clean-gafualdnzupkfseuistvwtqbnpqd/Build/Products/Debug-iphoneos/Supabase.swiftmodule/arm64-apple-ios.swiftdoc /Users/ryankanfer/Library/Developer/Xcode/DerivedData/HOMEY_Clean-gafualdnzupkfseuistvwtqbnpqd/Build/Intermediates.noindex/Supabase.build/Debug-iphoneos/Supabase.build/Objects-normal/arm64/Supabase.swiftdoc (in target 'Supabase' from project 'Supabase')
    cd /Users/ryankanfer/Library/Developer/Xcode/DerivedData/HOMEY_Clean-gafualdnzupkfseuistvwtqbnpqd/SourcePackages/checkouts/supabase-swift
    builtin-copy -exclude .DS_Store -exclude CVS -exclude .svn -exclude .git -exclude .hg -resolve-src-symlinks -rename /Users/ryankanfer/Library/Developer/Xcode/DerivedData/HOMEY_Clean-gafualdnzupkfseuistvwtqbnpqd/Build/Intermediates.noindex/Supabase.build/Debug-iphoneos/Supabase.build/Objects-normal/arm64/Supabase.swiftdoc /Users/ryankanfer/Library/Developer/Xcode/DerivedData/HOMEY_Clean-gafualdnzupkfseuistvwtqbnpqd/Build/Products/Debug-iphoneos/Supabase.swiftmodule/arm64-apple-ios.swiftdoc

Copy /Users/ryankanfer/Library/Developer/Xcode/DerivedData/HOMEY_Clean-gafualdnzupkfseuistvwtqbnpqd/Build/Products/Debug-iphoneos/Supabase.swiftmodule/arm64-apple-ios.abi.json /Users/ryankanfer/Library/Developer/Xcode/DerivedData/HOMEY_Clean-gafualdnzupkfseuistvwtqbnpqd/Build/Intermediates.noindex/Supabase.build/Debug-iphoneos/Supabase.build/Objects-normal/arm64/Supabase.abi.json (in target 'Supabase' from project 'Supabase')
    cd /Users/ryankanfer/Library/Developer/Xcode/DerivedData/HOMEY_Clean-gafualdnzupkfseuistvwtqbnpqd/SourcePackages/checkouts/supabase-swift
    builtin-copy -exclude .DS_Store -exclude CVS -exclude .svn -exclude .git -exclude .hg -resolve-src-symlinks -rename /Users/ryankanfer/Library/Developer/Xcode/DerivedData/HOMEY_Clean-gafualdnzupkfseuistvwtqbnpqd/Build/Intermediates.noindex/Supabase.build/Debug-iphoneos/Supabase.build/Objects-normal/arm64/Supabase.abi.json /Users/ryankanfer/Library/Developer/Xcode/DerivedData/HOMEY_Clean-gafualdnzupkfseuistvwtqbnpqd/Build/Products/Debug-iphoneos/Supabase.swiftmodule/arm64-apple-ios.abi.json

Copy /Users/ryankanfer/Library/Developer/Xcode/DerivedData/HOMEY_Clean-gafualdnzupkfseuistvwtqbnpqd/Build/Products/Debug-iphoneos/Supabase.swiftmodule/Project/arm64-apple-ios.swiftsourceinfo /Users/ryankanfer/Library/Developer/Xcode/DerivedData/HOMEY_Clean-gafualdnzupkfseuistvwtqbnpqd/Build/Intermediates.noindex/Supabase.build/Debug-iphoneos/Supabase.build/Objects-normal/arm64/Supabase.swiftsourceinfo (in target 'Supabase' from project 'Supabase')
    cd /Users/ryankanfer/Library/Developer/Xcode/DerivedData/HOMEY_Clean-gafualdnzupkfseuistvwtqbnpqd/SourcePackages/checkouts/supabase-swift
    builtin-copy -exclude .DS_Store -exclude CVS -exclude .svn -exclude .git -exclude .hg -resolve-src-symlinks -rename /Users/ryankanfer/Library/Developer/Xcode/DerivedData/HOMEY_Clean-gafualdnzupkfseuistvwtqbnpqd/Build/Intermediates.noindex/Supabase.build/Debug-iphoneos/Supabase.build/Objects-normal/arm64/Supabase.swiftsourceinfo /Users/ryankanfer/Library/Developer/Xcode/DerivedData/HOMEY_Clean-gafualdnzupkfseuistvwtqbnpqd/Build/Products/Debug-iphoneos/Supabase.swiftmodule/Project/arm64-apple-ios.swiftsourceinfo

RegisterExecutionPolicyException /Users/ryankanfer/Library/Developer/Xcode/DerivedData/HOMEY_Clean-gafualdnzupkfseuistvwtqbnpqd/Build/Products/Debug-iphoneos/Storage.o (in target 'Storage' from project 'Supabase')
    cd /Users/ryankanfer/Library/Developer/Xcode/DerivedData/HOMEY_Clean-gafualdnzupkfseuistvwtqbnpqd/SourcePackages/checkouts/supabase-swift
    builtin-RegisterExecutionPolicyException /Users/ryankanfer/Library/Developer/Xcode/DerivedData/HOMEY_Clean-gafualdnzupkfseuistvwtqbnpqd/Build/Products/Debug-iphoneos/Storage.o

SwiftDriverJobDiscovery normal arm64 Compiling Constants.swift (in target 'Supabase' from project 'Supabase')

SwiftDriverJobDiscovery normal arm64 Compiling Exports.swift (in target 'Supabase' from project 'Supabase')

ProcessProductPackaging /Users/ryankanfer/Library/Developer/Xcode/UserData/Provisioning\ Profiles/955dbd23-37e2-4411-816d-57047f8e6b87.mobileprovision /Users/ryankanfer/Library/Developer/Xcode/DerivedData/HOMEY_Clean-gafualdnzupkfseuistvwtqbnpqd/Build/Products/Debug-iphoneos/HOMEY\ Clean.app/embedded.mobileprovision (in target 'HOMEY Clean' from project 'HOMEY Clean')
    cd /Users/ryankanfer/Documents/Developer/HOMEY\ Clean
    builtin-productPackagingUtility /Users/ryankanfer/Library/Developer/Xcode/UserData/Provisioning\ Profiles/955dbd23-37e2-4411-816d-57047f8e6b87.mobileprovision -o /Users/ryankanfer/Library/Developer/Xcode/DerivedData/HOMEY_Clean-gafualdnzupkfseuistvwtqbnpqd/Build/Products/Debug-iphoneos/HOMEY\ Clean.app/embedded.mobileprovision

ProcessProductPackaging /Users/ryankanfer/Documents/Developer/HOMEY\ Clean/HOMEY\ Clean/HOMEY_Clean.entitlements /Users/ryankanfer/Library/Developer/Xcode/DerivedData/HOMEY_Clean-gafualdnzupkfseuistvwtqbnpqd/Build/Intermediates.noindex/HOMEY\ Clean.build/Debug-iphoneos/HOMEY\ Clean.build/HOMEY\ Clean.app.xcent (in target 'HOMEY Clean' from project 'HOMEY Clean')
    cd /Users/ryankanfer/Documents/Developer/HOMEY\ Clean
    
    Entitlements:
    
    {
    "application-identifier" = "2F28BDAM56.com.ryankanfer.homeyclean";
    "aps-environment" = development;
    "com.apple.developer.icloud-container-identifiers" =     (
    );
    "com.apple.developer.icloud-services" =     (
        CloudKit
    );
    "com.apple.developer.team-identifier" = 2F28BDAM56;
    "get-task-allow" = 1;
}
    
    builtin-productPackagingUtility /Users/ryankanfer/Documents/Developer/HOMEY\ Clean/HOMEY\ Clean/HOMEY_Clean.entitlements -entitlements -format xml -o /Users/ryankanfer/Library/Developer/Xcode/DerivedData/HOMEY_Clean-gafualdnzupkfseuistvwtqbnpqd/Build/Intermediates.noindex/HOMEY\ Clean.build/Debug-iphoneos/HOMEY\ Clean.build/HOMEY\ Clean.app.xcent

RegisterExecutionPolicyException /Users/ryankanfer/Library/Developer/Xcode/DerivedData/HOMEY_Clean-gafualdnzupkfseuistvwtqbnpqd/Build/Products/Debug-iphoneos/Realtime.o (in target 'Realtime' from project 'Supabase')
    cd /Users/ryankanfer/Library/Developer/Xcode/DerivedData/HOMEY_Clean-gafualdnzupkfseuistvwtqbnpqd/SourcePackages/checkouts/supabase-swift
    builtin-RegisterExecutionPolicyException /Users/ryankanfer/Library/Developer/Xcode/DerivedData/HOMEY_Clean-gafualdnzupkfseuistvwtqbnpqd/Build/Products/Debug-iphoneos/Realtime.o

ProcessProductPackagingDER /Users/ryankanfer/Library/Developer/Xcode/DerivedData/HOMEY_Clean-gafualdnzupkfseuistvwtqbnpqd/Build/Intermediates.noindex/HOMEY\ Clean.build/Debug-iphoneos/HOMEY\ Clean.build/HOMEY\ Clean.app.xcent /Users/ryankanfer/Library/Developer/Xcode/DerivedData/HOMEY_Clean-gafualdnzupkfseuistvwtqbnpqd/Build/Intermediates.noindex/HOMEY\ Clean.build/Debug-iphoneos/HOMEY\ Clean.build/HOMEY\ Clean.app.xcent.der (in target 'HOMEY Clean' from project 'HOMEY Clean')
    cd /Users/ryankanfer/Documents/Developer/HOMEY\ Clean
    /usr/bin/derq query -f xml -i /Users/ryankanfer/Library/Developer/Xcode/DerivedData/HOMEY_Clean-gafualdnzupkfseuistvwtqbnpqd/Build/Intermediates.noindex/HOMEY\ Clean.build/Debug-iphoneos/HOMEY\ Clean.build/HOMEY\ Clean.app.xcent -o /Users/ryankanfer/Library/Developer/Xcode/DerivedData/HOMEY_Clean-gafualdnzupkfseuistvwtqbnpqd/Build/Intermediates.noindex/HOMEY\ Clean.build/Debug-iphoneos/HOMEY\ Clean.build/HOMEY\ Clean.app.xcent.der --raw

RegisterExecutionPolicyException /Users/ryankanfer/Library/Developer/Xcode/DerivedData/HOMEY_Clean-gafualdnzupkfseuistvwtqbnpqd/Build/Products/Debug-iphoneos/PostgREST.o (in target 'PostgREST' from project 'Supabase')
    cd /Users/ryankanfer/Library/Developer/Xcode/DerivedData/HOMEY_Clean-gafualdnzupkfseuistvwtqbnpqd/SourcePackages/checkouts/supabase-swift
    builtin-RegisterExecutionPolicyException /Users/ryankanfer/Library/Developer/Xcode/DerivedData/HOMEY_Clean-gafualdnzupkfseuistvwtqbnpqd/Build/Products/Debug-iphoneos/PostgREST.o

SwiftDriverJobDiscovery normal arm64 Compiling Deprecated.swift (in target 'Supabase' from project 'Supabase')

RegisterExecutionPolicyException /Users/ryankanfer/Library/Developer/Xcode/DerivedData/HOMEY_Clean-gafualdnzupkfseuistvwtqbnpqd/Build/Products/Debug-iphoneos/Functions.o (in target 'Functions' from project 'Supabase')
    cd /Users/ryankanfer/Library/Developer/Xcode/DerivedData/HOMEY_Clean-gafualdnzupkfseuistvwtqbnpqd/SourcePackages/checkouts/supabase-swift
    builtin-RegisterExecutionPolicyException /Users/ryankanfer/Library/Developer/Xcode/DerivedData/HOMEY_Clean-gafualdnzupkfseuistvwtqbnpqd/Build/Products/Debug-iphoneos/Functions.o

MkDir /Users/ryankanfer/Library/Developer/Xcode/DerivedData/HOMEY_Clean-gafualdnzupkfseuistvwtqbnpqd/Build/Intermediates.noindex/HOMEY\ Clean.build/Debug-iphoneos/HOMEY\ Clean.build/assetcatalog_output/unthinned (in target 'HOMEY Clean' from project 'HOMEY Clean')
    cd /Users/ryankanfer/Documents/Developer/HOMEY\ Clean
    /bin/mkdir -p /Users/ryankanfer/Library/Developer/Xcode/DerivedData/HOMEY_Clean-gafualdnzupkfseuistvwtqbnpqd/Build/Intermediates.noindex/HOMEY\ Clean.build/Debug-iphoneos/HOMEY\ Clean.build/assetcatalog_output/unthinned

MkDir /Users/ryankanfer/Library/Developer/Xcode/DerivedData/HOMEY_Clean-gafualdnzupkfseuistvwtqbnpqd/Build/Intermediates.noindex/HOMEY\ Clean.build/Debug-iphoneos/HOMEY\ Clean.build/assetcatalog_output/thinned (in target 'HOMEY Clean' from project 'HOMEY Clean')
    cd /Users/ryankanfer/Documents/Developer/HOMEY\ Clean
    /bin/mkdir -p /Users/ryankanfer/Library/Developer/Xcode/DerivedData/HOMEY_Clean-gafualdnzupkfseuistvwtqbnpqd/Build/Intermediates.noindex/HOMEY\ Clean.build/Debug-iphoneos/HOMEY\ Clean.build/assetcatalog_output/thinned

GenerateAssetSymbols /Users/ryankanfer/Documents/Developer/HOMEY\ Clean/HOMEY\ Clean/Assets.xcassets (in target 'HOMEY Clean' from project 'HOMEY Clean')
    cd /Users/ryankanfer/Documents/Developer/HOMEY\ Clean
    /Applications/Xcode.app/Contents/Developer/usr/bin/actool /Users/ryankanfer/Documents/Developer/HOMEY\ Clean/HOMEY\ Clean/Assets.xcassets --compile /Users/ryankanfer/Library/Developer/Xcode/DerivedData/HOMEY_Clean-gafualdnzupkfseuistvwtqbnpqd/Build/Products/Debug-iphoneos/HOMEY\ Clean.app --output-format human-readable-text --notices --warnings --export-dependency-info /Users/ryankanfer/Library/Developer/Xcode/DerivedData/HOMEY_Clean-gafualdnzupkfseuistvwtqbnpqd/Build/Intermediates.noindex/HOMEY\ Clean.build/Debug-iphoneos/HOMEY\ Clean.build/assetcatalog_dependencies --output-partial-info-plist /Users/ryankanfer/Library/Developer/Xcode/DerivedData/HOMEY_Clean-gafualdnzupkfseuistvwtqbnpqd/Build/Intermediates.noindex/HOMEY\ Clean.build/Debug-iphoneos/HOMEY\ Clean.build/assetcatalog_generated_info.plist --app-icon AppIcon --accent-color AccentColor --compress-pngs --enable-on-demand-resources YES --development-region en --target-device iphone --target-device ipad --minimum-deployment-target 18.5 --platform iphoneos --bundle-identifier com.ryankanfer.homeyclean --generate-swift-asset-symbols /Users/ryankanfer/Library/Developer/Xcode/DerivedData/HOMEY_Clean-gafualdnzupkfseuistvwtqbnpqd/Build/Intermediates.noindex/HOMEY\ Clean.build/Debug-iphoneos/HOMEY\ Clean.build/DerivedSources/GeneratedAssetSymbols.swift --generate-objc-asset-symbols /Users/ryankanfer/Library/Developer/Xcode/DerivedData/HOMEY_Clean-gafualdnzupkfseuistvwtqbnpqd/Build/Intermediates.noindex/HOMEY\ Clean.build/Debug-iphoneos/HOMEY\ Clean.build/DerivedSources/GeneratedAssetSymbols.h --generate-asset-symbol-index /Users/ryankanfer/Library/Developer/Xcode/DerivedData/HOMEY_Clean-gafualdnzupkfseuistvwtqbnpqd/Build/Intermediates.noindex/HOMEY\ Clean.build/Debug-iphoneos/HOMEY\ Clean.build/DerivedSources/GeneratedAssetSymbols-Index.plist
/* com.apple.actool.compilation-results */
/Users/ryankanfer/Library/Developer/Xcode/DerivedData/HOMEY_Clean-gafualdnzupkfseuistvwtqbnpqd/Build/Intermediates.noindex/HOMEY Clean.build/Debug-iphoneos/HOMEY Clean.build/DerivedSources/GeneratedAssetSymbols-Index.plist
/Users/ryankanfer/Library/Developer/Xcode/DerivedData/HOMEY_Clean-gafualdnzupkfseuistvwtqbnpqd/Build/Intermediates.noindex/HOMEY Clean.build/Debug-iphoneos/HOMEY Clean.build/DerivedSources/GeneratedAssetSymbols.h
/Users/ryankanfer/Library/Developer/Xcode/DerivedData/HOMEY_Clean-gafualdnzupkfseuistvwtqbnpqd/Build/Intermediates.noindex/HOMEY Clean.build/Debug-iphoneos/HOMEY Clean.build/DerivedSources/GeneratedAssetSymbols.swift


CompileAssetCatalogVariant thinned /Users/ryankanfer/Library/Developer/Xcode/DerivedData/HOMEY_Clean-gafualdnzupkfseuistvwtqbnpqd/Build/Products/Debug-iphoneos/HOMEY\ Clean.app /Users/ryankanfer/Documents/Developer/HOMEY\ Clean/HOMEY\ Clean/Assets.xcassets (in target 'HOMEY Clean' from project 'HOMEY Clean')
    cd /Users/ryankanfer/Documents/Developer/HOMEY\ Clean
    /Applications/Xcode.app/Contents/Developer/usr/bin/actool /Users/ryankanfer/Documents/Developer/HOMEY\ Clean/HOMEY\ Clean/Assets.xcassets --compile /Users/ryankanfer/Library/Developer/Xcode/DerivedData/HOMEY_Clean-gafualdnzupkfseuistvwtqbnpqd/Build/Intermediates.noindex/HOMEY\ Clean.build/Debug-iphoneos/HOMEY\ Clean.build/assetcatalog_output/thinned --output-format human-readable-text --notices --warnings --export-dependency-info /Users/ryankanfer/Library/Developer/Xcode/DerivedData/HOMEY_Clean-gafualdnzupkfseuistvwtqbnpqd/Build/Intermediates.noindex/HOMEY\ Clean.build/Debug-iphoneos/HOMEY\ Clean.build/assetcatalog_dependencies_thinned --output-partial-info-plist /Users/ryankanfer/Library/Developer/Xcode/DerivedData/HOMEY_Clean-gafualdnzupkfseuistvwtqbnpqd/Build/Intermediates.noindex/HOMEY\ Clean.build/Debug-iphoneos/HOMEY\ Clean.build/assetcatalog_generated_info.plist_thinned --app-icon AppIcon --accent-color AccentColor --compress-pngs --enable-on-demand-resources YES --filter-for-thinning-device-configuration MacFamily20,1 --filter-for-device-os-version 26.0 --development-region en --target-device iphone --target-device ipad --minimum-deployment-target 18.5 --platform iphoneos
objc[46611]: Class _NoAnimationDelegate is implemented in both /Library/Developer/CoreSimulator/Volumes/iOS_23A343/Library/Developer/CoreSimulator/Profiles/Runtimes/iOS 26.0.simruntime/Contents/Resources/RuntimeRoot/System/Library/Frameworks/SwiftUICore.framework/SwiftUICore (0x143bcc130) and /Library/Developer/CoreSimulator/Volumes/iOS_23A343/Library/Developer/CoreSimulator/Profiles/Runtimes/iOS 26.0.simruntime/Contents/Resources/RuntimeRoot/System/Library/PrivateFrameworks/UIKitCore.framework/UIKitCore (0x140d35198). This may cause spurious casting failures and mysterious crashes. One of the duplicates must be removed or renamed.

SwiftDriverJobDiscovery normal arm64 Compiling Types.swift (in target 'Supabase' from project 'Supabase')

SwiftDriver HOMEY\ Clean normal arm64 com.apple.xcode.tools.swift.compiler (in target 'HOMEY Clean' from project 'HOMEY Clean')
    cd /Users/ryankanfer/Documents/Developer/HOMEY\ Clean
    builtin-SwiftDriver -- /Applications/Xcode.app/Contents/Developer/Toolchains/XcodeDefault.xctoolchain/usr/bin/swiftc -module-name HOMEY_Clean -Onone -enforce-exclusivity\=checked @/Users/ryankanfer/Library/Developer/Xcode/DerivedData/HOMEY_Clean-gafualdnzupkfseuistvwtqbnpqd/Build/Intermediates.noindex/HOMEY\ Clean.build/Debug-iphoneos/HOMEY\ Clean.build/Objects-normal/arm64/HOMEY\ Clean.SwiftFileList -DDEBUG -enable-bare-slash-regex -enable-experimental-feature DebugDescriptionMacro -sdk /Applications/Xcode.app/Contents/Developer/Platforms/iPhoneOS.platform/Developer/SDKs/iPhoneOS26.0.sdk -target arm64-apple-ios18.5 -g -module-cache-path /Users/ryankanfer/Library/Developer/Xcode/DerivedData/ModuleCache.noindex -Xfrontend -serialize-debugging-options -profile-coverage-mapping -profile-generate -enable-testing -index-store-path /Users/ryankanfer/Library/Developer/Xcode/DerivedData/HOMEY_Clean-gafualdnzupkfseuistvwtqbnpqd/Index.noindex/DataStore -Xcc -D_LIBCPP_HARDENING_MODE\=_LIBCPP_HARDENING_MODE_DEBUG -swift-version 5 -I /Users/ryankanfer/Library/Developer/Xcode/DerivedData/HOMEY_Clean-gafualdnzupkfseuistvwtqbnpqd/Build/Products/Debug-iphoneos -F /Users/ryankanfer/Library/Developer/Xcode/DerivedData/HOMEY_Clean-gafualdnzupkfseuistvwtqbnpqd/Build/Products/Debug-iphoneos/PackageFrameworks -F /Users/ryankanfer/Library/Developer/Xcode/DerivedData/HOMEY_Clean-gafualdnzupkfseuistvwtqbnpqd/Build/Products/Debug-iphoneos/PackageFrameworks -F /Users/ryankanfer/Library/Developer/Xcode/DerivedData/HOMEY_Clean-gafualdnzupkfseuistvwtqbnpqd/Build/Products/Debug-iphoneos/PackageFrameworks -F /Users/ryankanfer/Library/Developer/Xcode/DerivedData/HOMEY_Clean-gafualdnzupkfseuistvwtqbnpqd/Build/Products/Debug-iphoneos/PackageFrameworks -F /Users/ryankanfer/Library/Developer/Xcode/DerivedData/HOMEY_Clean-gafualdnzupkfseuistvwtqbnpqd/Build/Products/Debug-iphoneos/PackageFrameworks -F /Users/ryankanfer/Library/Developer/Xcode/DerivedData/HOMEY_Clean-gafualdnzupkfseuistvwtqbnpqd/Build/Products/Debug-iphoneos/PackageFrameworks -F /Users/ryankanfer/Library/Developer/Xcode/DerivedData/HOMEY_Clean-gafualdnzupkfseuistvwtqbnpqd/Build/Products/Debug-iphoneos/PackageFrameworks -F /Users/ryankanfer/Library/Developer/Xcode/DerivedData/HOMEY_Clean-gafualdnzupkfseuistvwtqbnpqd/Build/Products/Debug-iphoneos/PackageFrameworks -F /Users/ryankanfer/Library/Developer/Xcode/DerivedData/HOMEY_Clean-gafualdnzupkfseuistvwtqbnpqd/Build/Products/Debug-iphoneos/PackageFrameworks -F /Users/ryankanfer/Library/Developer/Xcode/DerivedData/HOMEY_Clean-gafualdnzupkfseuistvwtqbnpqd/Build/Products/Debug-iphoneos/PackageFrameworks -F /Users/ryankanfer/Library/Developer/Xcode/DerivedData/HOMEY_Clean-gafualdnzupkfseuistvwtqbnpqd/Build/Products/Debug-iphoneos/PackageFrameworks -F /Users/ryankanfer/Library/Developer/Xcode/DerivedData/HOMEY_Clean-gafualdnzupkfseuistvwtqbnpqd/Build/Products/Debug-iphoneos/PackageFrameworks -F /Users/ryankanfer/Library/Developer/Xcode/DerivedData/HOMEY_Clean-gafualdnzupkfseuistvwtqbnpqd/Build/Products/Debug-iphoneos/PackageFrameworks -F /Users/ryankanfer/Library/Developer/Xcode/DerivedData/HOMEY_Clean-gafualdnzupkfseuistvwtqbnpqd/Build/Products/Debug-iphoneos/PackageFrameworks -F /Users/ryankanfer/Library/Developer/Xcode/DerivedData/HOMEY_Clean-gafualdnzupkfseuistvwtqbnpqd/Build/Products/Debug-iphoneos -emit-localized-strings -emit-localized-strings-path /Users/ryankanfer/Library/Developer/Xcode/DerivedData/HOMEY_Clean-gafualdnzupkfseuistvwtqbnpqd/Build/Intermediates.noindex/HOMEY\ Clean.build/Debug-iphoneos/HOMEY\ Clean.build/Objects-normal/arm64 -c -j8 -enable-batch-mode -incremental -Xcc -ivfsstatcache -Xcc /Users/ryankanfer/Library/Developer/Xcode/DerivedData/SDKStatCaches.noindex/iphoneos26.0-23A339-81ce72e5b06c9602b9d30b56f2eed08a.sdkstatcache -output-file-map /Users/ryankanfer/Library/Developer/Xcode/DerivedData/HOMEY_Clean-gafualdnzupkfseuistvwtqbnpqd/Build/Intermediates.noindex/HOMEY\ Clean.build/Debug-iphoneos/HOMEY\ Clean.build/Objects-normal/arm64/HOMEY\ Clean-OutputFileMap.json -use-frontend-parseable-output -save-temps -no-color-diagnostics -explicit-module-build -module-cache-path /Users/ryankanfer/Library/Developer/Xcode/DerivedData/HOMEY_Clean-gafualdnzupkfseuistvwtqbnpqd/Build/Intermediates.noindex/SwiftExplicitPrecompiledModules -clang-scanner-module-cache-path /Users/ryankanfer/Library/Developer/Xcode/DerivedData/ModuleCache.noindex -sdk-module-cache-path /Users/ryankanfer/Library/Developer/Xcode/DerivedData/ModuleCache.noindex -serialize-diagnostics -emit-dependencies -emit-module -emit-module-path /Users/ryankanfer/Library/Developer/Xcode/DerivedData/HOMEY_Clean-gafualdnzupkfseuistvwtqbnpqd/Build/Intermediates.noindex/HOMEY\ Clean.build/Debug-iphoneos/HOMEY\ Clean.build/Objects-normal/arm64/HOMEY_Clean.swiftmodule -validate-clang-modules-once -clang-build-session-file /Users/ryankanfer/Library/Developer/Xcode/DerivedData/ModuleCache.noindex/Session.modulevalidation -Xcc -I/Users/ryankanfer/Library/Developer/Xcode/DerivedData/HOMEY_Clean-gafualdnzupkfseuistvwtqbnpqd/Build/Intermediates.noindex/HOMEY\ Clean.build/Debug-iphoneos/HOMEY\ Clean.build/swift-overrides.hmap -emit-const-values -Xfrontend -const-gather-protocols-file -Xfrontend /Users/ryankanfer/Library/Developer/Xcode/DerivedData/HOMEY_Clean-gafualdnzupkfseuistvwtqbnpqd/Build/Intermediates.noindex/HOMEY\ Clean.build/Debug-iphoneos/HOMEY\ Clean.build/Objects-normal/arm64/HOMEY\ Clean_const_extract_protocols.json -Xcc -iquote -Xcc /Users/ryankanfer/Library/Developer/Xcode/DerivedData/HOMEY_Clean-gafualdnzupkfseuistvwtqbnpqd/Build/Intermediates.noindex/HOMEY\ Clean.build/Debug-iphoneos/HOMEY\ Clean.build/HOMEY\ Clean-generated-files.hmap -Xcc -I/Users/ryankanfer/Library/Developer/Xcode/DerivedData/HOMEY_Clean-gafualdnzupkfseuistvwtqbnpqd/Build/Intermediates.noindex/HOMEY\ Clean.build/Debug-iphoneos/HOMEY\ Clean.build/HOMEY\ Clean-own-target-headers.hmap -Xcc -I/Users/ryankanfer/Library/Developer/Xcode/DerivedData/HOMEY_Clean-gafualdnzupkfseuistvwtqbnpqd/Build/Intermediates.noindex/HOMEY\ Clean.build/Debug-iphoneos/HOMEY\ Clean.build/HOMEY\ Clean-all-non-framework-target-headers.hmap -Xcc -ivfsoverlay -Xcc /Users/ryankanfer/Library/Developer/Xcode/DerivedData/HOMEY_Clean-gafualdnzupkfseuistvwtqbnpqd/Build/Intermediates.noindex/HOMEY\ Clean.build/Debug-iphoneos/HOMEY\ Clean-0f55fb2587d36a9d6da7defd35999c5a-VFS-iphoneos/all-product-headers.yaml -Xcc -iquote -Xcc /Users/ryankanfer/Library/Developer/Xcode/DerivedData/HOMEY_Clean-gafualdnzupkfseuistvwtqbnpqd/Build/Intermediates.noindex/HOMEY\ Clean.build/Debug-iphoneos/HOMEY\ Clean.build/HOMEY\ Clean-project-headers.hmap -Xcc -I/Users/ryankanfer/Library/Developer/Xcode/DerivedData/HOMEY_Clean-gafualdnzupkfseuistvwtqbnpqd/Build/Products/Debug-iphoneos/include -Xcc -I/Users/ryankanfer/Library/Developer/Xcode/DerivedData/HOMEY_Clean-gafualdnzupkfseuistvwtqbnpqd/Build/Intermediates.noindex/HOMEY\ Clean.build/Debug-iphoneos/HOMEY\ Clean.build/DerivedSources-normal/arm64 -Xcc -I/Users/ryankanfer/Library/Developer/Xcode/DerivedData/HOMEY_Clean-gafualdnzupkfseuistvwtqbnpqd/Build/Intermediates.noindex/HOMEY\ Clean.build/Debug-iphoneos/HOMEY\ Clean.build/DerivedSources/arm64 -Xcc -I/Users/ryankanfer/Library/Developer/Xcode/DerivedData/HOMEY_Clean-gafualdnzupkfseuistvwtqbnpqd/Build/Intermediates.noindex/HOMEY\ Clean.build/Debug-iphoneos/HOMEY\ Clean.build/DerivedSources -Xcc -DDEBUG\=1 -emit-objc-header -emit-objc-header-path /Users/ryankanfer/Library/Developer/Xcode/DerivedData/HOMEY_Clean-gafualdnzupkfseuistvwtqbnpqd/Build/Intermediates.noindex/HOMEY\ Clean.build/Debug-iphoneos/HOMEY\ Clean.build/Objects-normal/arm64/HOMEY_Clean-Swift.h -working-directory /Users/ryankanfer/Documents/Developer/HOMEY\ Clean -experimental-emit-module-separately -disable-cmo
/Users/ryankanfer/Library/Developer/Xcode/DerivedData/HOMEY_Clean-gafualdnzupkfseuistvwtqbnpqd/Build/Intermediates.noindex/HOMEY Clean.build/Debug-iphoneos/HOMEY Clean.build/DerivedSources/GeneratedAssetSymbols.swift:30:14: warning: The "AccentColor" color asset name resolves to the symbol "accent" which already exists. Try renaming the asset.
    #warning("The \"AccentColor\" color asset name resolves to the symbol \"accent\" which already exists. Try renaming the asset.")
             ^~~~~~~~~~~~~~~~~~~~~~~~~~~~~~~~~~~~~~~~~~~~~~~~~~~~~~~~~~~~~~~~~~~~~~~~~~~~~~~~~~~~~~~~~~~~~~~~~~~~~~~~~~~~~~~~~~~~~~ (in target 'HOMEY Clean' from project 'HOMEY Clean')
/Users/ryankanfer/Library/Developer/Xcode/DerivedData/HOMEY_Clean-gafualdnzupkfseuistvwtqbnpqd/Build/Intermediates.noindex/HOMEY Clean.build/Debug-iphoneos/HOMEY Clean.build/DerivedSources/GeneratedAssetSymbols.swift:672:14: warning: The "Primary" color asset name resolves to a conflicting Color symbol "primary". Try renaming the asset.
    #warning("The \"Primary\" color asset name resolves to a conflicting Color symbol \"primary\". Try renaming the asset.")
             ^~~~~~~~~~~~~~~~~~~~~~~~~~~~~~~~~~~~~~~~~~~~~~~~~~~~~~~~~~~~~~~~~~~~~~~~~~~~~~~~~~~~~~~~~~~~~~~~~~~~~~~~~~~~~~ (in target 'HOMEY Clean' from project 'HOMEY Clean')

SwiftDriverJobDiscovery normal arm64 Compiling SupabaseClient.swift (in target 'Supabase' from project 'Supabase')

SwiftDriver\ Compilation Supabase normal arm64 com.apple.xcode.tools.swift.compiler (in target 'Supabase' from project 'Supabase')
    cd /Users/ryankanfer/Documents/Developer/HOMEY\ Clean/HOMEY\ Clean.xcodeproj
    builtin-Swift-Compilation -- /Applications/Xcode.app/Contents/Developer/Toolchains/XcodeDefault.xctoolchain/usr/bin/swiftc -module-name Supabase -Onone -enforce-exclusivity\=checked @/Users/ryankanfer/Library/Developer/Xcode/DerivedData/HOMEY_Clean-gafualdnzupkfseuistvwtqbnpqd/Build/Intermediates.noindex/Supabase.build/Debug-iphoneos/Supabase.build/Objects-normal/arm64/Supabase.SwiftFileList -DSWIFT_PACKAGE -DDEBUG -DSWIFT_MODULE_RESOURCE_BUNDLE_UNAVAILABLE -DXcode -enable-upcoming-feature ExistentialAny -enable-experimental-feature StrictConcurrency -plugin-path /Applications/Xcode.app/Contents/Developer/Toolchains/XcodeDefault.xctoolchain/usr/lib/swift/host/plugins/testing -enable-experimental-feature DebugDescriptionMacro -sdk /Applications/Xcode.app/Contents/Developer/Platforms/iPhoneOS.platform/Developer/SDKs/iPhoneOS26.0.sdk -target arm64-apple-ios13.0 -g -module-cache-path /Users/ryankanfer/Library/Developer/Xcode/DerivedData/ModuleCache.noindex -Xfrontend -serialize-debugging-options -profile-coverage-mapping -profile-generate -enable-testing -suppress-warnings -index-store-path /Users/ryankanfer/Library/Developer/Xcode/DerivedData/HOMEY_Clean-gafualdnzupkfseuistvwtqbnpqd/Index.noindex/DataStore -Xcc -D_LIBCPP_HARDENING_MODE\=_LIBCPP_HARDENING_MODE_DEBUG -swift-version 5 -I /Users/ryankanfer/Library/Developer/Xcode/DerivedData/HOMEY_Clean-gafualdnzupkfseuistvwtqbnpqd/Build/Products/Debug-iphoneos -Isystem /Applications/Xcode.app/Contents/Developer/Platforms/iPhoneOS.platform/Developer/usr/lib -F /Users/ryankanfer/Library/Developer/Xcode/DerivedData/HOMEY_Clean-gafualdnzupkfseuistvwtqbnpqd/Build/Products/Debug-iphoneos/PackageFrameworks -F /Users/ryankanfer/Library/Developer/Xcode/DerivedData/HOMEY_Clean-gafualdnzupkfseuistvwtqbnpqd/Build/Products/Debug-iphoneos/PackageFrameworks -F /Users/ryankanfer/Library/Developer/Xcode/DerivedData/HOMEY_Clean-gafualdnzupkfseuistvwtqbnpqd/Build/Products/Debug-iphoneos/PackageFrameworks -F /Users/ryankanfer/Library/Developer/Xcode/DerivedData/HOMEY_Clean-gafualdnzupkfseuistvwtqbnpqd/Build/Products/Debug-iphoneos/PackageFrameworks -F /Users/ryankanfer/Library/Developer/Xcode/DerivedData/HOMEY_Clean-gafualdnzupkfseuistvwtqbnpqd/Build/Products/Debug-iphoneos/PackageFrameworks -F /Users/ryankanfer/Library/Developer/Xcode/DerivedData/HOMEY_Clean-gafualdnzupkfseuistvwtqbnpqd/Build/Products/Debug-iphoneos/PackageFrameworks -F /Users/ryankanfer/Library/Developer/Xcode/DerivedData/HOMEY_Clean-gafualdnzupkfseuistvwtqbnpqd/Build/Products/Debug-iphoneos/PackageFrameworks -F /Users/ryankanfer/Library/Developer/Xcode/DerivedData/HOMEY_Clean-gafualdnzupkfseuistvwtqbnpqd/Build/Products/Debug-iphoneos/PackageFrameworks -F /Users/ryankanfer/Library/Developer/Xcode/DerivedData/HOMEY_Clean-gafualdnzupkfseuistvwtqbnpqd/Build/Products/Debug-iphoneos/PackageFrameworks -F /Users/ryankanfer/Library/Developer/Xcode/DerivedData/HOMEY_Clean-gafualdnzupkfseuistvwtqbnpqd/Build/Products/Debug-iphoneos/PackageFrameworks -F /Users/ryankanfer/Library/Developer/Xcode/DerivedData/HOMEY_Clean-gafualdnzupkfseuistvwtqbnpqd/Build/Products/Debug-iphoneos/PackageFrameworks -F /Users/ryankanfer/Library/Developer/Xcode/DerivedData/HOMEY_Clean-gafualdnzupkfseuistvwtqbnpqd/Build/Products/Debug-iphoneos/PackageFrameworks -F /Users/ryankanfer/Library/Developer/Xcode/DerivedData/HOMEY_Clean-gafualdnzupkfseuistvwtqbnpqd/Build/Products/Debug-iphoneos/PackageFrameworks -F /Users/ryankanfer/Library/Developer/Xcode/DerivedData/HOMEY_Clean-gafualdnzupkfseuistvwtqbnpqd/Build/Products/Debug-iphoneos -F /Applications/Xcode.app/Contents/Developer/Platforms/iPhoneOS.platform/Developer/Library/Frameworks -F /Applications/Xcode.app/Contents/Developer/Platforms/iPhoneOS.platform/Developer/SDKs/iPhoneOS26.0.sdk/Developer/Library/Frameworks -c -j8 -enable-batch-mode -incremental -Xcc -ivfsstatcache -Xcc /Users/ryankanfer/Library/Developer/Xcode/DerivedData/SDKStatCaches.noindex/iphoneos26.0-23A339-81ce72e5b06c9602b9d30b56f2eed08a.sdkstatcache -output-file-map /Users/ryankanfer/Library/Developer/Xcode/DerivedData/HOMEY_Clean-gafualdnzupkfseuistvwtqbnpqd/Build/Intermediates.noindex/Supabase.build/Debug-iphoneos/Supabase.build/Objects-normal/arm64/Supabase-OutputFileMap.json -use-frontend-parseable-output -save-temps -no-color-diagnostics -explicit-module-build -module-cache-path /Users/ryankanfer/Library/Developer/Xcode/DerivedData/HOMEY_Clean-gafualdnzupkfseuistvwtqbnpqd/Build/Intermediates.noindex/SwiftExplicitPrecompiledModules -clang-scanner-module-cache-path /Users/ryankanfer/Library/Developer/Xcode/DerivedData/ModuleCache.noindex -sdk-module-cache-path /Users/ryankanfer/Library/Developer/Xcode/DerivedData/ModuleCache.noindex -serialize-diagnostics -emit-dependencies -emit-module -emit-module-path /Users/ryankanfer/Library/Developer/Xcode/DerivedData/HOMEY_Clean-gafualdnzupkfseuistvwtqbnpqd/Build/Intermediates.noindex/Supabase.build/Debug-iphoneos/Supabase.build/Objects-normal/arm64/Supabase.swiftmodule -validate-clang-modules-once -clang-build-session-file /Users/ryankanfer/Library/Developer/Xcode/DerivedData/ModuleCache.noindex/Session.modulevalidation -package-name supabase_swift -Xcc -I/Users/ryankanfer/Library/Developer/Xcode/DerivedData/HOMEY_Clean-gafualdnzupkfseuistvwtqbnpqd/Build/Intermediates.noindex/Supabase.build/Debug-iphoneos/Supabase.build/swift-overrides.hmap -emit-const-values -Xfrontend -const-gather-protocols-file -Xfrontend /Users/ryankanfer/Library/Developer/Xcode/DerivedData/HOMEY_Clean-gafualdnzupkfseuistvwtqbnpqd/Build/Intermediates.noindex/Supabase.build/Debug-iphoneos/Supabase.build/Objects-normal/arm64/Supabase_const_extract_protocols.json -Xcc -I/Users/ryankanfer/Library/Developer/Xcode/DerivedData/HOMEY_Clean-gafualdnzupkfseuistvwtqbnpqd/Build/Products/Debug-iphoneos/include -Xcc -I/Users/ryankanfer/Library/Developer/Xcode/DerivedData/HOMEY_Clean-gafualdnzupkfseuistvwtqbnpqd/Build/Intermediates.noindex/Supabase.build/Debug-iphoneos/Supabase.build/DerivedSources-normal/arm64 -Xcc -I/Users/ryankanfer/Library/Developer/Xcode/DerivedData/HOMEY_Clean-gafualdnzupkfseuistvwtqbnpqd/Build/Intermediates.noindex/Supabase.build/Debug-iphoneos/Supabase.build/DerivedSources/arm64 -Xcc -I/Users/ryankanfer/Library/Developer/Xcode/DerivedData/HOMEY_Clean-gafualdnzupkfseuistvwtqbnpqd/Build/Intermediates.noindex/Supabase.build/Debug-iphoneos/Supabase.build/DerivedSources -Xcc -DSWIFT_PACKAGE -Xcc -DDEBUG\=1 -emit-objc-header -emit-objc-header-path /Users/ryankanfer/Library/Developer/Xcode/DerivedData/HOMEY_Clean-gafualdnzupkfseuistvwtqbnpqd/Build/Intermediates.noindex/Supabase.build/Debug-iphoneos/Supabase.build/Objects-normal/arm64/Supabase-Swift.h -working-directory /Users/ryankanfer/Documents/Developer/HOMEY\ Clean/HOMEY\ Clean.xcodeproj -experimental-emit-module-separately -disable-cmo

SwiftDriverJobDiscovery normal arm64 Compiling AuthAdmin.swift, AuthClient.swift, AuthClientConfiguration.swift, AuthError.swift (in target 'Auth' from project 'Supabase')

SwiftDriverJobDiscovery normal arm64 Compiling KeychainLocalStorage.swift, WinCredLocalStorage.swift, Types.swift (in target 'Auth' from project 'Supabase')

SwiftDriver\ Compilation Auth normal arm64 com.apple.xcode.tools.swift.compiler (in target 'Auth' from project 'Supabase')
    cd /Users/ryankanfer/Documents/Developer/HOMEY\ Clean/HOMEY\ Clean.xcodeproj
    builtin-Swift-Compilation -- /Applications/Xcode.app/Contents/Developer/Toolchains/XcodeDefault.xctoolchain/usr/bin/swiftc -module-name Auth -Onone -enforce-exclusivity\=checked @/Users/ryankanfer/Library/Developer/Xcode/DerivedData/HOMEY_Clean-gafualdnzupkfseuistvwtqbnpqd/Build/Intermediates.noindex/Supabase.build/Debug-iphoneos/Auth.build/Objects-normal/arm64/Auth.SwiftFileList -DSWIFT_PACKAGE -DDEBUG -DSWIFT_MODULE_RESOURCE_BUNDLE_UNAVAILABLE -DXcode -enable-upcoming-feature ExistentialAny -enable-experimental-feature StrictConcurrency -plugin-path /Applications/Xcode.app/Contents/Developer/Toolchains/XcodeDefault.xctoolchain/usr/lib/swift/host/plugins/testing -enable-experimental-feature DebugDescriptionMacro -sdk /Applications/Xcode.app/Contents/Developer/Platforms/iPhoneOS.platform/Developer/SDKs/iPhoneOS26.0.sdk -target arm64-apple-ios13.0 -g -module-cache-path /Users/ryankanfer/Library/Developer/Xcode/DerivedData/ModuleCache.noindex -Xfrontend -serialize-debugging-options -profile-coverage-mapping -profile-generate -enable-testing -suppress-warnings -index-store-path /Users/ryankanfer/Library/Developer/Xcode/DerivedData/HOMEY_Clean-gafualdnzupkfseuistvwtqbnpqd/Index.noindex/DataStore -Xcc -D_LIBCPP_HARDENING_MODE\=_LIBCPP_HARDENING_MODE_DEBUG -swift-version 5 -I /Users/ryankanfer/Library/Developer/Xcode/DerivedData/HOMEY_Clean-gafualdnzupkfseuistvwtqbnpqd/Build/Products/Debug-iphoneos -Isystem /Applications/Xcode.app/Contents/Developer/Platforms/iPhoneOS.platform/Developer/usr/lib -F /Users/ryankanfer/Library/Developer/Xcode/DerivedData/HOMEY_Clean-gafualdnzupkfseuistvwtqbnpqd/Build/Products/Debug-iphoneos/PackageFrameworks -F /Users/ryankanfer/Library/Developer/Xcode/DerivedData/HOMEY_Clean-gafualdnzupkfseuistvwtqbnpqd/Build/Products/Debug-iphoneos/PackageFrameworks -F /Users/ryankanfer/Library/Developer/Xcode/DerivedData/HOMEY_Clean-gafualdnzupkfseuistvwtqbnpqd/Build/Products/Debug-iphoneos/PackageFrameworks -F /Users/ryankanfer/Library/Developer/Xcode/DerivedData/HOMEY_Clean-gafualdnzupkfseuistvwtqbnpqd/Build/Products/Debug-iphoneos/PackageFrameworks -F /Users/ryankanfer/Library/Developer/Xcode/DerivedData/HOMEY_Clean-gafualdnzupkfseuistvwtqbnpqd/Build/Products/Debug-iphoneos/PackageFrameworks -F /Users/ryankanfer/Library/Developer/Xcode/DerivedData/HOMEY_Clean-gafualdnzupkfseuistvwtqbnpqd/Build/Products/Debug-iphoneos/PackageFrameworks -F /Users/ryankanfer/Library/Developer/Xcode/DerivedData/HOMEY_Clean-gafualdnzupkfseuistvwtqbnpqd/Build/Products/Debug-iphoneos/PackageFrameworks -F /Users/ryankanfer/Library/Developer/Xcode/DerivedData/HOMEY_Clean-gafualdnzupkfseuistvwtqbnpqd/Build/Products/Debug-iphoneos/PackageFrameworks -F /Users/ryankanfer/Library/Developer/Xcode/DerivedData/HOMEY_Clean-gafualdnzupkfseuistvwtqbnpqd/Build/Products/Debug-iphoneos -F /Applications/Xcode.app/Contents/Developer/Platforms/iPhoneOS.platform/Developer/Library/Frameworks -F /Applications/Xcode.app/Contents/Developer/Platforms/iPhoneOS.platform/Developer/SDKs/iPhoneOS26.0.sdk/Developer/Library/Frameworks -c -j8 -enable-batch-mode -incremental -Xcc -ivfsstatcache -Xcc /Users/ryankanfer/Library/Developer/Xcode/DerivedData/SDKStatCaches.noindex/iphoneos26.0-23A339-81ce72e5b06c9602b9d30b56f2eed08a.sdkstatcache -output-file-map /Users/ryankanfer/Library/Developer/Xcode/DerivedData/HOMEY_Clean-gafualdnzupkfseuistvwtqbnpqd/Build/Intermediates.noindex/Supabase.build/Debug-iphoneos/Auth.build/Objects-normal/arm64/Auth-OutputFileMap.json -use-frontend-parseable-output -save-temps -no-color-diagnostics -explicit-module-build -module-cache-path /Users/ryankanfer/Library/Developer/Xcode/DerivedData/HOMEY_Clean-gafualdnzupkfseuistvwtqbnpqd/Build/Intermediates.noindex/SwiftExplicitPrecompiledModules -clang-scanner-module-cache-path /Users/ryankanfer/Library/Developer/Xcode/DerivedData/ModuleCache.noindex -sdk-module-cache-path /Users/ryankanfer/Library/Developer/Xcode/DerivedData/ModuleCache.noindex -serialize-diagnostics -emit-dependencies -emit-module -emit-module-path /Users/ryankanfer/Library/Developer/Xcode/DerivedData/HOMEY_Clean-gafualdnzupkfseuistvwtqbnpqd/Build/Intermediates.noindex/Supabase.build/Debug-iphoneos/Auth.build/Objects-normal/arm64/Auth.swiftmodule -validate-clang-modules-once -clang-build-session-file /Users/ryankanfer/Library/Developer/Xcode/DerivedData/ModuleCache.noindex/Session.modulevalidation -package-name supabase_swift -Xcc -I/Users/ryankanfer/Library/Developer/Xcode/DerivedData/HOMEY_Clean-gafualdnzupkfseuistvwtqbnpqd/Build/Intermediates.noindex/Supabase.build/Debug-iphoneos/Auth.build/swift-overrides.hmap -emit-const-values -Xfrontend -const-gather-protocols-file -Xfrontend /Users/ryankanfer/Library/Developer/Xcode/DerivedData/HOMEY_Clean-gafualdnzupkfseuistvwtqbnpqd/Build/Intermediates.noindex/Supabase.build/Debug-iphoneos/Auth.build/Objects-normal/arm64/Auth_const_extract_protocols.json -Xcc -I/Users/ryankanfer/Library/Developer/Xcode/DerivedData/HOMEY_Clean-gafualdnzupkfseuistvwtqbnpqd/Build/Products/Debug-iphoneos/include -Xcc -I/Users/ryankanfer/Library/Developer/Xcode/DerivedData/HOMEY_Clean-gafualdnzupkfseuistvwtqbnpqd/Build/Intermediates.noindex/Supabase.build/Debug-iphoneos/Auth.build/DerivedSources-normal/arm64 -Xcc -I/Users/ryankanfer/Library/Developer/Xcode/DerivedData/HOMEY_Clean-gafualdnzupkfseuistvwtqbnpqd/Build/Intermediates.noindex/Supabase.build/Debug-iphoneos/Auth.build/DerivedSources/arm64 -Xcc -I/Users/ryankanfer/Library/Developer/Xcode/DerivedData/HOMEY_Clean-gafualdnzupkfseuistvwtqbnpqd/Build/Intermediates.noindex/Supabase.build/Debug-iphoneos/Auth.build/DerivedSources -Xcc -DSWIFT_PACKAGE -Xcc -DDEBUG\=1 -emit-objc-header -emit-objc-header-path /Users/ryankanfer/Library/Developer/Xcode/DerivedData/HOMEY_Clean-gafualdnzupkfseuistvwtqbnpqd/Build/Intermediates.noindex/Supabase.build/Debug-iphoneos/Auth.build/Objects-normal/arm64/Auth-Swift.h -working-directory /Users/ryankanfer/Documents/Developer/HOMEY\ Clean/HOMEY\ Clean.xcodeproj -experimental-emit-module-separately -disable-cmo

Ld /Users/ryankanfer/Library/Developer/Xcode/DerivedData/HOMEY_Clean-gafualdnzupkfseuistvwtqbnpqd/Build/Products/Debug-iphoneos/Auth.o normal (in target 'Auth' from project 'Supabase')
    cd /Users/ryankanfer/Library/Developer/Xcode/DerivedData/HOMEY_Clean-gafualdnzupkfseuistvwtqbnpqd/SourcePackages/checkouts/supabase-swift
    /Applications/Xcode.app/Contents/Developer/Toolchains/XcodeDefault.xctoolchain/usr/bin/clang -Xlinker -reproducible -target arm64-apple-ios13.0 -r -isysroot /Applications/Xcode.app/Contents/Developer/Platforms/iPhoneOS.platform/Developer/SDKs/iPhoneOS26.0.sdk -O0 -w -L/Users/ryankanfer/Library/Developer/Xcode/DerivedData/HOMEY_Clean-gafualdnzupkfseuistvwtqbnpqd/Build/Intermediates.noindex/EagerLinkingTBDs/Debug-iphoneos -L/Users/ryankanfer/Library/Developer/Xcode/DerivedData/HOMEY_Clean-gafualdnzupkfseuistvwtqbnpqd/Build/Products/Debug-iphoneos -L/Applications/Xcode.app/Contents/Developer/Platforms/iPhoneOS.platform/Developer/usr/lib -F/Users/ryankanfer/Library/Developer/Xcode/DerivedData/HOMEY_Clean-gafualdnzupkfseuistvwtqbnpqd/Build/Intermediates.noindex/EagerLinkingTBDs/Debug-iphoneos -F/Users/ryankanfer/Library/Developer/Xcode/DerivedData/HOMEY_Clean-gafualdnzupkfseuistvwtqbnpqd/Build/Products/Debug-iphoneos/PackageFrameworks -F/Users/ryankanfer/Library/Developer/Xcode/DerivedData/HOMEY_Clean-gafualdnzupkfseuistvwtqbnpqd/Build/Products/Debug-iphoneos/PackageFrameworks -F/Users/ryankanfer/Library/Developer/Xcode/DerivedData/HOMEY_Clean-gafualdnzupkfseuistvwtqbnpqd/Build/Products/Debug-iphoneos/PackageFrameworks -F/Users/ryankanfer/Library/Developer/Xcode/DerivedData/HOMEY_Clean-gafualdnzupkfseuistvwtqbnpqd/Build/Products/Debug-iphoneos/PackageFrameworks -F/Users/ryankanfer/Library/Developer/Xcode/DerivedData/HOMEY_Clean-gafualdnzupkfseuistvwtqbnpqd/Build/Products/Debug-iphoneos/PackageFrameworks -F/Users/ryankanfer/Library/Developer/Xcode/DerivedData/HOMEY_Clean-gafualdnzupkfseuistvwtqbnpqd/Build/Products/Debug-iphoneos/PackageFrameworks -F/Users/ryankanfer/Library/Developer/Xcode/DerivedData/HOMEY_Clean-gafualdnzupkfseuistvwtqbnpqd/Build/Products/Debug-iphoneos/PackageFrameworks -F/Users/ryankanfer/Library/Developer/Xcode/DerivedData/HOMEY_Clean-gafualdnzupkfseuistvwtqbnpqd/Build/Products/Debug-iphoneos/PackageFrameworks -F/Users/ryankanfer/Library/Developer/Xcode/DerivedData/HOMEY_Clean-gafualdnzupkfseuistvwtqbnpqd/Build/Products/Debug-iphoneos -iframework /Applications/Xcode.app/Contents/Developer/Platforms/iPhoneOS.platform/Developer/Library/Frameworks -iframework /Applications/Xcode.app/Contents/Developer/Platforms/iPhoneOS.platform/Developer/SDKs/iPhoneOS26.0.sdk/Developer/Library/Frameworks -filelist /Users/ryankanfer/Library/Developer/Xcode/DerivedData/HOMEY_Clean-gafualdnzupkfseuistvwtqbnpqd/Build/Intermediates.noindex/Supabase.build/Debug-iphoneos/Auth.build/Objects-normal/arm64/Auth.LinkFileList -nostdlib -Xlinker -object_path_lto -Xlinker /Users/ryankanfer/Library/Developer/Xcode/DerivedData/HOMEY_Clean-gafualdnzupkfseuistvwtqbnpqd/Build/Intermediates.noindex/Supabase.build/Debug-iphoneos/Auth.build/Objects-normal/arm64/Auth_lto.o -rdynamic -Xlinker -no_deduplicate -Xlinker -debug_variant -Xlinker -dependency_info -Xlinker /Users/ryankanfer/Library/Developer/Xcode/DerivedData/HOMEY_Clean-gafualdnzupkfseuistvwtqbnpqd/Build/Intermediates.noindex/Supabase.build/Debug-iphoneos/Auth.build/Objects-normal/arm64/Auth_dependency_info.dat -fobjc-link-runtime -L/Applications/Xcode.app/Contents/Developer/Toolchains/XcodeDefault.xctoolchain/usr/lib/swift/iphoneos -L/usr/lib/swift -Xlinker -add_ast_path -Xlinker /Users/ryankanfer/Library/Developer/Xcode/DerivedData/HOMEY_Clean-gafualdnzupkfseuistvwtqbnpqd/Build/Intermediates.noindex/Supabase.build/Debug-iphoneos/Auth.build/Objects-normal/arm64/Auth.swiftmodule @/Users/ryankanfer/Library/Developer/Xcode/DerivedData/HOMEY_Clean-gafualdnzupkfseuistvwtqbnpqd/Build/Intermediates.noindex/Supabase.build/Debug-iphoneos/Auth.build/Objects-normal/arm64/Auth-linker-args.resp -o /Users/ryankanfer/Library/Developer/Xcode/DerivedData/HOMEY_Clean-gafualdnzupkfseuistvwtqbnpqd/Build/Products/Debug-iphoneos/Auth.o

ExtractAppIntentsMetadata (in target 'Auth' from project 'Supabase')
    cd /Users/ryankanfer/Library/Developer/Xcode/DerivedData/HOMEY_Clean-gafualdnzupkfseuistvwtqbnpqd/SourcePackages/checkouts/supabase-swift
    /Applications/Xcode.app/Contents/Developer/Toolchains/XcodeDefault.xctoolchain/usr/bin/appintentsmetadataprocessor --toolchain-dir /Applications/Xcode.app/Contents/Developer/Toolchains/XcodeDefault.xctoolchain --module-name Auth --sdk-root /Applications/Xcode.app/Contents/Developer/Platforms/iPhoneOS.platform/Developer/SDKs/iPhoneOS26.0.sdk --xcode-version 17A324 --platform-family iOS --deployment-target 13.0 --bundle-identifier supabase-swift.Auth --output /Users/ryankanfer/Library/Developer/Xcode/DerivedData/HOMEY_Clean-gafualdnzupkfseuistvwtqbnpqd/Build/Products/Debug-iphoneos/Auth.appintents --target-triple arm64-apple-ios13.0 --binary-file /Users/ryankanfer/Library/Developer/Xcode/DerivedData/HOMEY_Clean-gafualdnzupkfseuistvwtqbnpqd/Build/Products/Debug-iphoneos/Auth.o --dependency-file /Users/ryankanfer/Library/Developer/Xcode/DerivedData/HOMEY_Clean-gafualdnzupkfseuistvwtqbnpqd/Build/Intermediates.noindex/Supabase.build/Debug-iphoneos/Auth.build/Objects-normal/arm64/Auth_dependency_info.dat --stringsdata-file /Users/ryankanfer/Library/Developer/Xcode/DerivedData/HOMEY_Clean-gafualdnzupkfseuistvwtqbnpqd/Build/Intermediates.noindex/Supabase.build/Debug-iphoneos/Auth.build/Objects-normal/arm64/ExtractedAppShortcutsMetadata.stringsdata --source-file-list /Users/ryankanfer/Library/Developer/Xcode/DerivedData/HOMEY_Clean-gafualdnzupkfseuistvwtqbnpqd/Build/Intermediates.noindex/Supabase.build/Debug-iphoneos/Auth.build/Objects-normal/arm64/Auth.SwiftFileList --metadata-file-list /Users/ryankanfer/Library/Developer/Xcode/DerivedData/HOMEY_Clean-gafualdnzupkfseuistvwtqbnpqd/Build/Intermediates.noindex/Supabase.build/Debug-iphoneos/Auth.build/Auth.DependencyMetadataFileList --static-metadata-file-list /Users/ryankanfer/Library/Developer/Xcode/DerivedData/HOMEY_Clean-gafualdnzupkfseuistvwtqbnpqd/Build/Intermediates.noindex/Supabase.build/Debug-iphoneos/Auth.build/Auth.DependencyStaticMetadataFileList --swift-const-vals-list /Users/ryankanfer/Library/Developer/Xcode/DerivedData/HOMEY_Clean-gafualdnzupkfseuistvwtqbnpqd/Build/Intermediates.noindex/Supabase.build/Debug-iphoneos/Auth.build/Objects-normal/arm64/Auth.SwiftConstValuesFileList --force --compile-time-extraction --deployment-aware-processing --validate-assistant-intents --no-app-shortcuts-localization
2025-09-22 23:16:21.322 appintentsmetadataprocessor[46617:12247543] Starting appintentsmetadataprocessor export
2025-09-22 23:16:21.432 appintentsmetadataprocessor[46617:12247543] Extracted no relevant App Intents symbols, skipping writing output

SwiftCompile normal arm64 Compiling\ AuthGate.swift,\ InviteRedeemer.swift,\ LoginView.swift,\ SignupView.swift,\ PlaceholderRow.swift,\ SectionCard.swift,\ Color+Hex.swift,\ ContentView.swift,\ AppPage+Codable.swift,\ ComingSoonView.swift,\ SuggestionEnvironment.swift,\ Theme.swift,\ FallbackUnavailableView.swift,\ GlassCardContent.swift,\ CharlieUpdateBox.swift,\ ChatAvatar.swift,\ ChatModal.swift,\ ChatTarget.swift,\ ClientTabBar.swift,\ EpisodeDetailSheet.swift,\ FloatingAvatarView.swift,\ GlassNavigationFooter.swift,\ GradientBackgrounds.swift,\ HeroAVPlayerView.swift /Users/ryankanfer/Documents/Developer/HOMEY\ Clean/HOMEY\ Clean/Auth/AuthGate.swift /Users/ryankanfer/Documents/Developer/HOMEY\ Clean/HOMEY\ Clean/Auth/InviteRedeemer.swift /Users/ryankanfer/Documents/Developer/HOMEY\ Clean/HOMEY\ Clean/Auth/LoginView.swift /Users/ryankanfer/Documents/Developer/HOMEY\ Clean/HOMEY\ Clean/Auth/SignupView.swift /Users/ryankanfer/Documents/Developer/HOMEY\ Clean/HOMEY\ Clean/codex/components/PlaceholderRow.swift /Users/ryankanfer/Documents/Developer/HOMEY\ Clean/HOMEY\ Clean/codex/components/SectionCard.swift /Users/ryankanfer/Documents/Developer/HOMEY\ Clean/HOMEY\ Clean/codex/Shared/Extensions/Color+Hex.swift /Users/ryankanfer/Documents/Developer/HOMEY\ Clean/HOMEY\ Clean/codex/ContentView.swift /Users/ryankanfer/Documents/Developer/HOMEY\ Clean/HOMEY\ Clean/Common/AppPage+Codable.swift /Users/ryankanfer/Documents/Developer/HOMEY\ Clean/HOMEY\ Clean/Common/ComingSoonView.swift /Users/ryankanfer/Documents/Developer/HOMEY\ Clean/HOMEY\ Clean/Common/SuggestionEnvironment.swift /Users/ryankanfer/Documents/Developer/HOMEY\ Clean/HOMEY\ Clean/Common/Theme.swift /Users/ryankanfer/Documents/Developer/HOMEY\ Clean/HOMEY\ Clean/Components/Fallback/FallbackUnavailableView.swift /Users/ryankanfer/Documents/Developer/HOMEY\ Clean/HOMEY\ Clean/Components/Glass/GlassCardContent.swift /Users/ryankanfer/Documents/Developer/HOMEY\ Clean/HOMEY\ Clean/Components/CharlieUpdateBox.swift /Users/ryankanfer/Documents/Developer/HOMEY\ Clean/HOMEY\ Clean/Components/ChatAvatar.swift /Users/ryankanfer/Documents/Developer/HOMEY\ Clean/HOMEY\ Clean/Components/ChatModal.swift /Users/ryankanfer/Documents/Developer/HOMEY\ Clean/HOMEY\ Clean/Components/ChatTarget.swift /Users/ryankanfer/Documents/Developer/HOMEY\ Clean/HOMEY\ Clean/Components/ClientTabBar.swift /Users/ryankanfer/Documents/Developer/HOMEY\ Clean/HOMEY\ Clean/Components/EpisodeDetailSheet.swift /Users/ryankanfer/Documents/Developer/HOMEY\ Clean/HOMEY\ Clean/Components/FloatingAvatarView.swift /Users/ryankanfer/Documents/Developer/HOMEY\ Clean/HOMEY\ Clean/Components/GlassNavigationFooter.swift /Users/ryankanfer/Documents/Developer/HOMEY\ Clean/HOMEY\ Clean/Components/GradientBackgrounds.swift /Users/ryankanfer/Documents/Developer/HOMEY\ Clean/HOMEY\ Clean/Components/HeroAVPlayerView.swift (in target 'HOMEY Clean' from project 'HOMEY Clean')
SwiftCompile normal arm64 /Users/ryankanfer/Documents/Developer/HOMEY\ Clean/HOMEY\ Clean/Auth/AuthGate.swift (in target 'HOMEY Clean' from project 'HOMEY Clean')
    cd /Users/ryankanfer/Documents/Developer/HOMEY\ Clean
    

SwiftCompile normal arm64 /Users/ryankanfer/Documents/Developer/HOMEY\ Clean/HOMEY\ Clean/Auth/InviteRedeemer.swift (in target 'HOMEY Clean' from project 'HOMEY Clean')
    cd /Users/ryankanfer/Documents/Developer/HOMEY\ Clean
    

SwiftCompile normal arm64 /Users/ryankanfer/Documents/Developer/HOMEY\ Clean/HOMEY\ Clean/Auth/LoginView.swift (in target 'HOMEY Clean' from project 'HOMEY Clean')
    cd /Users/ryankanfer/Documents/Developer/HOMEY\ Clean
    

SwiftCompile normal arm64 /Users/ryankanfer/Documents/Developer/HOMEY\ Clean/HOMEY\ Clean/Auth/SignupView.swift (in target 'HOMEY Clean' from project 'HOMEY Clean')
    cd /Users/ryankanfer/Documents/Developer/HOMEY\ Clean
    

SwiftCompile normal arm64 /Users/ryankanfer/Documents/Developer/HOMEY\ Clean/HOMEY\ Clean/codex/components/PlaceholderRow.swift (in target 'HOMEY Clean' from project 'HOMEY Clean')
    cd /Users/ryankanfer/Documents/Developer/HOMEY\ Clean
    

SwiftCompile normal arm64 /Users/ryankanfer/Documents/Developer/HOMEY\ Clean/HOMEY\ Clean/codex/components/SectionCard.swift (in target 'HOMEY Clean' from project 'HOMEY Clean')
    cd /Users/ryankanfer/Documents/Developer/HOMEY\ Clean
    

SwiftCompile normal arm64 /Users/ryankanfer/Documents/Developer/HOMEY\ Clean/HOMEY\ Clean/codex/Shared/Extensions/Color+Hex.swift (in target 'HOMEY Clean' from project 'HOMEY Clean')
    cd /Users/ryankanfer/Documents/Developer/HOMEY\ Clean
    

SwiftCompile normal arm64 /Users/ryankanfer/Documents/Developer/HOMEY\ Clean/HOMEY\ Clean/codex/ContentView.swift (in target 'HOMEY Clean' from project 'HOMEY Clean')
    cd /Users/ryankanfer/Documents/Developer/HOMEY\ Clean
    

SwiftCompile normal arm64 /Users/ryankanfer/Documents/Developer/HOMEY\ Clean/HOMEY\ Clean/Common/AppPage+Codable.swift (in target 'HOMEY Clean' from project 'HOMEY Clean')
    cd /Users/ryankanfer/Documents/Developer/HOMEY\ Clean
    

SwiftCompile normal arm64 /Users/ryankanfer/Documents/Developer/HOMEY\ Clean/HOMEY\ Clean/Common/ComingSoonView.swift (in target 'HOMEY Clean' from project 'HOMEY Clean')
    cd /Users/ryankanfer/Documents/Developer/HOMEY\ Clean
    

SwiftCompile normal arm64 /Users/ryankanfer/Documents/Developer/HOMEY\ Clean/HOMEY\ Clean/Common/SuggestionEnvironment.swift (in target 'HOMEY Clean' from project 'HOMEY Clean')
    cd /Users/ryankanfer/Documents/Developer/HOMEY\ Clean
    

SwiftCompile normal arm64 /Users/ryankanfer/Documents/Developer/HOMEY\ Clean/HOMEY\ Clean/Common/Theme.swift (in target 'HOMEY Clean' from project 'HOMEY Clean')
    cd /Users/ryankanfer/Documents/Developer/HOMEY\ Clean
    

SwiftCompile normal arm64 /Users/ryankanfer/Documents/Developer/HOMEY\ Clean/HOMEY\ Clean/Components/Fallback/FallbackUnavailableView.swift (in target 'HOMEY Clean' from project 'HOMEY Clean')
    cd /Users/ryankanfer/Documents/Developer/HOMEY\ Clean
    

SwiftCompile normal arm64 /Users/ryankanfer/Documents/Developer/HOMEY\ Clean/HOMEY\ Clean/Components/Glass/GlassCardContent.swift (in target 'HOMEY Clean' from project 'HOMEY Clean')
    cd /Users/ryankanfer/Documents/Developer/HOMEY\ Clean
    

SwiftCompile normal arm64 /Users/ryankanfer/Documents/Developer/HOMEY\ Clean/HOMEY\ Clean/Components/CharlieUpdateBox.swift (in target 'HOMEY Clean' from project 'HOMEY Clean')
    cd /Users/ryankanfer/Documents/Developer/HOMEY\ Clean
    

SwiftCompile normal arm64 /Users/ryankanfer/Documents/Developer/HOMEY\ Clean/HOMEY\ Clean/Components/ChatAvatar.swift (in target 'HOMEY Clean' from project 'HOMEY Clean')
    cd /Users/ryankanfer/Documents/Developer/HOMEY\ Clean
    

SwiftCompile normal arm64 /Users/ryankanfer/Documents/Developer/HOMEY\ Clean/HOMEY\ Clean/Components/ChatModal.swift (in target 'HOMEY Clean' from project 'HOMEY Clean')
    cd /Users/ryankanfer/Documents/Developer/HOMEY\ Clean
    

SwiftCompile normal arm64 /Users/ryankanfer/Documents/Developer/HOMEY\ Clean/HOMEY\ Clean/Components/ChatTarget.swift (in target 'HOMEY Clean' from project 'HOMEY Clean')
    cd /Users/ryankanfer/Documents/Developer/HOMEY\ Clean
    

SwiftCompile normal arm64 /Users/ryankanfer/Documents/Developer/HOMEY\ Clean/HOMEY\ Clean/Components/ClientTabBar.swift (in target 'HOMEY Clean' from project 'HOMEY Clean')
    cd /Users/ryankanfer/Documents/Developer/HOMEY\ Clean
    

SwiftCompile normal arm64 /Users/ryankanfer/Documents/Developer/HOMEY\ Clean/HOMEY\ Clean/Components/EpisodeDetailSheet.swift (in target 'HOMEY Clean' from project 'HOMEY Clean')
    cd /Users/ryankanfer/Documents/Developer/HOMEY\ Clean
    

SwiftCompile normal arm64 /Users/ryankanfer/Documents/Developer/HOMEY\ Clean/HOMEY\ Clean/Components/FloatingAvatarView.swift (in target 'HOMEY Clean' from project 'HOMEY Clean')
    cd /Users/ryankanfer/Documents/Developer/HOMEY\ Clean
    

SwiftCompile normal arm64 /Users/ryankanfer/Documents/Developer/HOMEY\ Clean/HOMEY\ Clean/Components/GlassNavigationFooter.swift (in target 'HOMEY Clean' from project 'HOMEY Clean')
    cd /Users/ryankanfer/Documents/Developer/HOMEY\ Clean
    

SwiftCompile normal arm64 /Users/ryankanfer/Documents/Developer/HOMEY\ Clean/HOMEY\ Clean/Components/GradientBackgrounds.swift (in target 'HOMEY Clean' from project 'HOMEY Clean')
    cd /Users/ryankanfer/Documents/Developer/HOMEY\ Clean
    

SwiftCompile normal arm64 /Users/ryankanfer/Documents/Developer/HOMEY\ Clean/HOMEY\ Clean/Components/HeroAVPlayerView.swift (in target 'HOMEY Clean' from project 'HOMEY Clean')
    cd /Users/ryankanfer/Documents/Developer/HOMEY\ Clean
    

SwiftCompile normal arm64 Compiling\ RoleSelectionView.swift,\ AnimatedLuxeBackground.swift,\ CTAButtonStyle.swift,\ GlassFooterItem.swift,\ GlassScaffold.swift,\ HeroTheme.swift,\ RoundedCard.swift,\ Spacing.swift,\ Typography.swift,\ GlassCard.swift,\ AbstractLuxeBackground.swift,\ GlassStyle.swift,\ AuthStyles.swift,\ Colors.swift,\ Gradients.swift,\ HomeyTextStyles.swift,\ RoomVibeBackground.swift,\ AnimatedGradient.swift,\ DocumentDetailSheet.swift,\ DocumentUploadSheet.swift,\ PaigeDashboard.swift,\ VaultDetailSheet.swift,\ CustomizableHomepageGrid.swift /Users/ryankanfer/Documents/Developer/HOMEY\ Clean/HOMEY\ Clean/RoleSelection/RoleSelectionView.swift /Users/ryankanfer/Documents/Developer/HOMEY\ Clean/HOMEY\ Clean/Splash/AnimatedLuxeBackground.swift /Users/ryankanfer/Documents/Developer/HOMEY\ Clean/HOMEY\ Clean/Style/CTAButtonStyle.swift /Users/ryankanfer/Documents/Developer/HOMEY\ Clean/HOMEY\ Clean/Style/GlassFooterItem.swift /Users/ryankanfer/Documents/Developer/HOMEY\ Clean/HOMEY\ Clean/Style/GlassScaffold.swift /Users/ryankanfer/Documents/Developer/HOMEY\ Clean/HOMEY\ Clean/Style/HeroTheme.swift /Users/ryankanfer/Documents/Developer/HOMEY\ Clean/HOMEY\ Clean/Style/RoundedCard.swift /Users/ryankanfer/Documents/Developer/HOMEY\ Clean/HOMEY\ Clean/Style/Spacing.swift /Users/ryankanfer/Documents/Developer/HOMEY\ Clean/HOMEY\ Clean/Style/Typography.swift /Users/ryankanfer/Documents/Developer/HOMEY\ Clean/HOMEY\ Clean/UI/Components/GlassCard.swift /Users/ryankanfer/Documents/Developer/HOMEY\ Clean/HOMEY\ Clean/UI/Style/AbstractLuxeBackground.swift /Users/ryankanfer/Documents/Developer/HOMEY\ Clean/HOMEY\ Clean/UI/Style/GlassStyle.swift /Users/ryankanfer/Documents/Developer/HOMEY\ Clean/HOMEY\ Clean/UI/Theme/AuthStyles.swift /Users/ryankanfer/Documents/Developer/HOMEY\ Clean/HOMEY\ Clean/UI/Theme/Colors.swift /Users/ryankanfer/Documents/Developer/HOMEY\ Clean/HOMEY\ Clean/UI/Theme/Gradients.swift /Users/ryankanfer/Documents/Developer/HOMEY\ Clean/HOMEY\ Clean/UI/Theme/HomeyTextStyles.swift /Users/ryankanfer/Documents/Developer/HOMEY\ Clean/HOMEY\ Clean/UI/Theme/RoomVibeBackground.swift /Users/ryankanfer/Documents/Developer/HOMEY\ Clean/HOMEY\ Clean/Views/Common/AnimatedGradient.swift /Users/ryankanfer/Documents/Developer/HOMEY\ Clean/HOMEY\ Clean/Views/Dashboards/Clients/DocumentDetailSheet.swift /Users/ryankanfer/Documents/Developer/HOMEY\ Clean/HOMEY\ Clean/Views/Dashboards/Clients/DocumentUploadSheet.swift /Users/ryankanfer/Documents/Developer/HOMEY\ Clean/HOMEY\ Clean/Views/Dashboards/Clients/PaigeDashboard.swift /Users/ryankanfer/Documents/Developer/HOMEY\ Clean/HOMEY\ Clean/Views/Dashboards/Clients/VaultDetailSheet.swift /Users/ryankanfer/Documents/Developer/HOMEY\ Clean/HOMEY\ Clean/Views/Homepage/CustomizableHomepageGrid.swift (in target 'HOMEY Clean' from project 'HOMEY Clean')

SwiftCompile normal arm64 /Users/ryankanfer/Documents/Developer/HOMEY\ Clean/HOMEY\ Clean/RoleSelection/RoleSelectionView.swift (in target 'HOMEY Clean' from project 'HOMEY Clean')
    cd /Users/ryankanfer/Documents/Developer/HOMEY\ Clean
    

SwiftCompile normal arm64 /Users/ryankanfer/Documents/Developer/HOMEY\ Clean/HOMEY\ Clean/Splash/AnimatedLuxeBackground.swift (in target 'HOMEY Clean' from project 'HOMEY Clean')
    cd /Users/ryankanfer/Documents/Developer/HOMEY\ Clean
    

SwiftCompile normal arm64 /Users/ryankanfer/Documents/Developer/HOMEY\ Clean/HOMEY\ Clean/Style/CTAButtonStyle.swift (in target 'HOMEY Clean' from project 'HOMEY Clean')
    cd /Users/ryankanfer/Documents/Developer/HOMEY\ Clean
    

SwiftCompile normal arm64 /Users/ryankanfer/Documents/Developer/HOMEY\ Clean/HOMEY\ Clean/Style/GlassFooterItem.swift (in target 'HOMEY Clean' from project 'HOMEY Clean')
    cd /Users/ryankanfer/Documents/Developer/HOMEY\ Clean
    

SwiftCompile normal arm64 /Users/ryankanfer/Documents/Developer/HOMEY\ Clean/HOMEY\ Clean/Style/GlassScaffold.swift (in target 'HOMEY Clean' from project 'HOMEY Clean')
    cd /Users/ryankanfer/Documents/Developer/HOMEY\ Clean
    

SwiftCompile normal arm64 /Users/ryankanfer/Documents/Developer/HOMEY\ Clean/HOMEY\ Clean/Style/HeroTheme.swift (in target 'HOMEY Clean' from project 'HOMEY Clean')
    cd /Users/ryankanfer/Documents/Developer/HOMEY\ Clean
    

SwiftCompile normal arm64 /Users/ryankanfer/Documents/Developer/HOMEY\ Clean/HOMEY\ Clean/Style/RoundedCard.swift (in target 'HOMEY Clean' from project 'HOMEY Clean')
    cd /Users/ryankanfer/Documents/Developer/HOMEY\ Clean
    

SwiftCompile normal arm64 /Users/ryankanfer/Documents/Developer/HOMEY\ Clean/HOMEY\ Clean/Style/Spacing.swift (in target 'HOMEY Clean' from project 'HOMEY Clean')
    cd /Users/ryankanfer/Documents/Developer/HOMEY\ Clean
    

SwiftCompile normal arm64 /Users/ryankanfer/Documents/Developer/HOMEY\ Clean/HOMEY\ Clean/Style/Typography.swift (in target 'HOMEY Clean' from project 'HOMEY Clean')
    cd /Users/ryankanfer/Documents/Developer/HOMEY\ Clean
    

SwiftCompile normal arm64 /Users/ryankanfer/Documents/Developer/HOMEY\ Clean/HOMEY\ Clean/UI/Components/GlassCard.swift (in target 'HOMEY Clean' from project 'HOMEY Clean')
    cd /Users/ryankanfer/Documents/Developer/HOMEY\ Clean
    

SwiftCompile normal arm64 /Users/ryankanfer/Documents/Developer/HOMEY\ Clean/HOMEY\ Clean/UI/Style/AbstractLuxeBackground.swift (in target 'HOMEY Clean' from project 'HOMEY Clean')
    cd /Users/ryankanfer/Documents/Developer/HOMEY\ Clean
    

SwiftCompile normal arm64 /Users/ryankanfer/Documents/Developer/HOMEY\ Clean/HOMEY\ Clean/UI/Style/GlassStyle.swift (in target 'HOMEY Clean' from project 'HOMEY Clean')
    cd /Users/ryankanfer/Documents/Developer/HOMEY\ Clean
    

SwiftCompile normal arm64 /Users/ryankanfer/Documents/Developer/HOMEY\ Clean/HOMEY\ Clean/UI/Theme/AuthStyles.swift (in target 'HOMEY Clean' from project 'HOMEY Clean')
    cd /Users/ryankanfer/Documents/Developer/HOMEY\ Clean
    

SwiftCompile normal arm64 /Users/ryankanfer/Documents/Developer/HOMEY\ Clean/HOMEY\ Clean/UI/Theme/Colors.swift (in target 'HOMEY Clean' from project 'HOMEY Clean')
    cd /Users/ryankanfer/Documents/Developer/HOMEY\ Clean
    

SwiftCompile normal arm64 /Users/ryankanfer/Documents/Developer/HOMEY\ Clean/HOMEY\ Clean/UI/Theme/Gradients.swift (in target 'HOMEY Clean' from project 'HOMEY Clean')
    cd /Users/ryankanfer/Documents/Developer/HOMEY\ Clean
    

SwiftCompile normal arm64 /Users/ryankanfer/Documents/Developer/HOMEY\ Clean/HOMEY\ Clean/UI/Theme/HomeyTextStyles.swift (in target 'HOMEY Clean' from project 'HOMEY Clean')
    cd /Users/ryankanfer/Documents/Developer/HOMEY\ Clean
    

SwiftCompile normal arm64 /Users/ryankanfer/Documents/Developer/HOMEY\ Clean/HOMEY\ Clean/UI/Theme/RoomVibeBackground.swift (in target 'HOMEY Clean' from project 'HOMEY Clean')
    cd /Users/ryankanfer/Documents/Developer/HOMEY\ Clean
    

SwiftCompile normal arm64 /Users/ryankanfer/Documents/Developer/HOMEY\ Clean/HOMEY\ Clean/Views/Common/AnimatedGradient.swift (in target 'HOMEY Clean' from project 'HOMEY Clean')
    cd /Users/ryankanfer/Documents/Developer/HOMEY\ Clean
    

SwiftCompile normal arm64 /Users/ryankanfer/Documents/Developer/HOMEY\ Clean/HOMEY\ Clean/Views/Dashboards/Clients/DocumentDetailSheet.swift (in target 'HOMEY Clean' from project 'HOMEY Clean')
    cd /Users/ryankanfer/Documents/Developer/HOMEY\ Clean
    

SwiftCompile normal arm64 /Users/ryankanfer/Documents/Developer/HOMEY\ Clean/HOMEY\ Clean/Views/Dashboards/Clients/DocumentUploadSheet.swift (in target 'HOMEY Clean' from project 'HOMEY Clean')
    cd /Users/ryankanfer/Documents/Developer/HOMEY\ Clean
    

SwiftCompile normal arm64 /Users/ryankanfer/Documents/Developer/HOMEY\ Clean/HOMEY\ Clean/Views/Dashboards/Clients/PaigeDashboard.swift (in target 'HOMEY Clean' from project 'HOMEY Clean')
    cd /Users/ryankanfer/Documents/Developer/HOMEY\ Clean
    

SwiftCompile normal arm64 /Users/ryankanfer/Documents/Developer/HOMEY\ Clean/HOMEY\ Clean/Views/Dashboards/Clients/VaultDetailSheet.swift (in target 'HOMEY Clean' from project 'HOMEY Clean')
    cd /Users/ryankanfer/Documents/Developer/HOMEY\ Clean
    

SwiftCompile normal arm64 /Users/ryankanfer/Documents/Developer/HOMEY\ Clean/HOMEY\ Clean/Views/Homepage/CustomizableHomepageGrid.swift (in target 'HOMEY Clean' from project 'HOMEY Clean')
    cd /Users/ryankanfer/Documents/Developer/HOMEY\ Clean
    

SwiftEmitModule normal arm64 Emitting\ module\ for\ HOMEY_Clean (in target 'HOMEY Clean' from project 'HOMEY Clean')
Failed frontend command:
/Applications/Xcode.app/Contents/Developer/Toolchains/XcodeDefault.xctoolchain/usr/bin/swift-frontend -frontend -emit-module -experimental-skip-non-inlinable-function-bodies-without-types /Users/ryankanfer/Documents/Developer/HOMEY\ Clean/HOMEY\ Clean/Auth/AuthGate.swift /Users/ryankanfer/Documents/Developer/HOMEY\ Clean/HOMEY\ Clean/Auth/InviteRedeemer.swift /Users/ryankanfer/Documents/Developer/HOMEY\ Clean/HOMEY\ Clean/Auth/LoginView.swift /Users/ryankanfer/Documents/Developer/HOMEY\ Clean/HOMEY\ Clean/Auth/SignupView.swift /Users/ryankanfer/Documents/Developer/HOMEY\ Clean/HOMEY\ Clean/codex/components/PlaceholderRow.swift /Users/ryankanfer/Documents/Developer/HOMEY\ Clean/HOMEY\ Clean/codex/components/SectionCard.swift /Users/ryankanfer/Documents/Developer/HOMEY\ Clean/HOMEY\ Clean/codex/Shared/Extensions/Color+Hex.swift /Users/ryankanfer/Documents/Developer/HOMEY\ Clean/HOMEY\ Clean/codex/ContentView.swift /Users/ryankanfer/Documents/Developer/HOMEY\ Clean/HOMEY\ Clean/Common/AppPage+Codable.swift /Users/ryankanfer/Documents/Developer/HOMEY\ Clean/HOMEY\ Clean/Common/ComingSoonView.swift /Users/ryankanfer/Documents/Developer/HOMEY\ Clean/HOMEY\ Clean/Common/SuggestionEnvironment.swift /Users/ryankanfer/Documents/Developer/HOMEY\ Clean/HOMEY\ Clean/Common/Theme.swift /Users/ryankanfer/Documents/Developer/HOMEY\ Clean/HOMEY\ Clean/Components/Fallback/FallbackUnavailableView.swift /Users/ryankanfer/Documents/Developer/HOMEY\ Clean/HOMEY\ Clean/Components/Glass/GlassCardContent.swift /Users/ryankanfer/Documents/Developer/HOMEY\ Clean/HOMEY\ Clean/Components/CharlieUpdateBox.swift /Users/ryankanfer/Documents/Developer/HOMEY\ Clean/HOMEY\ Clean/Components/ChatAvatar.swift /Users/ryankanfer/Documents/Developer/HOMEY\ Clean/HOMEY\ Clean/Components/ChatModal.swift /Users/ryankanfer/Documents/Developer/HOMEY\ Clean/HOMEY\ Clean/Components/ChatTarget.swift /Users/ryankanfer/Documents/Developer/HOMEY\ Clean/HOMEY\ Clean/Components/ClientTabBar.swift /Users/ryankanfer/Documents/Developer/HOMEY\ Clean/HOMEY\ Clean/Components/EpisodeDetailSheet.swift /Users/ryankanfer/Documents/Developer/HOMEY\ Clean/HOMEY\ Clean/Components/FloatingAvatarView.swift /Users/ryankanfer/Documents/Developer/HOMEY\ Clean/HOMEY\ Clean/Components/GlassNavigationFooter.swift /Users/ryankanfer/Documents/Developer/HOMEY\ Clean/HOMEY\ Clean/Components/GradientBackgrounds.swift /Users/ryankanfer/Documents/Developer/HOMEY\ Clean/HOMEY\ Clean/Components/HeroAVPlayerView.swift /Users/ryankanfer/Documents/Developer/HOMEY\ Clean/HOMEY\ Clean/Components/HeroVideoView.swift /Users/ryankanfer/Documents/Developer/HOMEY\ Clean/HOMEY\ Clean/Components/HomeyKind.swift /Users/ryankanfer/Documents/Developer/HOMEY\ Clean/HOMEY\ Clean/Components/JourneyEvent.swift /Users/ryankanfer/Documents/Developer/HOMEY\ Clean/HOMEY\ Clean/Components/LeftNavigationDrawer.swift /Users/ryankanfer/Documents/Developer/HOMEY\ Clean/HOMEY\ Clean/Components/PredictiveUIComponents.swift /Users/ryankanfer/Documents/Developer/HOMEY\ Clean/HOMEY\ Clean/Components/QuantumUIComponents.swift /Users/ryankanfer/Documents/Developer/HOMEY\ Clean/HOMEY\ Clean/Components/RecommendationEngine.swift /Users/ryankanfer/Documents/Developer/HOMEY\ Clean/HOMEY\ Clean/Components/RightQuickViewDrawer.swift /Users/ryankanfer/Documents/Developer/HOMEY\ Clean/HOMEY\ Clean/Components/SmartAIBox.swift /Users/ryankanfer/Documents/Developer/HOMEY\ Clean/HOMEY\ Clean/Components/SmartRecommendationView.swift /Users/ryankanfer/Documents/Developer/HOMEY\ Clean/HOMEY\ Clean/Components/StyledSymbol.swift /Users/ryankanfer/Documents/Developer/HOMEY\ Clean/HOMEY\ Clean/Core/Analytics/Analytics.swift /Users/ryankanfer/Documents/Developer/HOMEY\ Clean/HOMEY\ Clean/Core/Analytics/DefaultAnalytics.swift /Users/ryankanfer/Documents/Developer/HOMEY\ Clean/HOMEY\ Clean/Core/Analytics/MockAnalytics.swift /Users/ryankanfer/Documents/Developer/HOMEY\ Clean/HOMEY\ Clean/Core/Design/CelebrationAnimations.swift /Users/ryankanfer/Documents/Developer/HOMEY\ Clean/HOMEY\ Clean/Core/Design/LiquidGlassSystem.swift /Users/ryankanfer/Documents/Developer/HOMEY\ Clean/HOMEY\ Clean/Core/Design/LiquidWordmark.swift /Users/ryankanfer/Documents/Developer/HOMEY\ Clean/HOMEY\ Clean/Core/Design/SemanticColors.swift /Users/ryankanfer/Documents/Developer/HOMEY\ Clean/HOMEY\ Clean/Core/Design/TRAEAmbientMotion.swift /Users/ryankanfer/Documents/Developer/HOMEY\ Clean/HOMEY\ Clean/Core/Design/TRAEAvatarAnimations.swift /Users/ryankanfer/Documents/Developer/HOMEY\ Clean/HOMEY\ Clean/Core/Design/TRAEButtonAnimations.swift /Users/ryankanfer/Documents/Developer/HOMEY\ Clean/HOMEY\ Clean/Core/Design/TRAECarouselAnimations.swift /Users/ryankanfer/Documents/Developer/HOMEY\ Clean/HOMEY\ Clean/Core/Design/TRAEDemoView.swift /Users/ryankanfer/Documents/Developer/HOMEY\ Clean/HOMEY\ Clean/Core/Design/TRAEDragDrop.swift /Users/ryankanfer/Documents/Developer/HOMEY\ Clean/HOMEY\ Clean/Core/Design/TRAEHapticFeedback.swift /Users/ryankanfer/Documents/Developer/HOMEY\ Clean/HOMEY\ Clean/Core/Design/TRAEMicroInteractions.swift /Users/ryankanfer/Documents/Developer/HOMEY\ Clean/HOMEY\ Clean/Core/Design/TRAEMotionSystem.swift /Users/ryankanfer/Documents/Developer/HOMEY\ Clean/HOMEY\ Clean/Core/Design/TRAEPageTransitions.swift /Users/ryankanfer/Documents/Developer/HOMEY\ Clean/HOMEY\ Clean/Core/Design/TRAEProgressAnimations.swift /Users/ryankanfer/Documents/Developer/HOMEY\ Clean/HOMEY\ Clean/Core/Design/TRAEProgressiveDisclosure.swift /Users/ryankanfer/Documents/Developer/HOMEY\ Clean/HOMEY\ Clean/Core/Design/TRAESearchAnimations.swift /Users/ryankanfer/Documents/Developer/HOMEY\ Clean/HOMEY\ Clean/Core/Design/TRAESwipeGestures.swift /Users/ryankanfer/Documents/Developer/HOMEY\ Clean/HOMEY\ Clean/Core/Design/TRAEUploadAnimations.swift /Users/ryankanfer/Documents/Developer/HOMEY\ Clean/HOMEY\ Clean/Core/Design/TRAEVisualAssets.swift /Users/ryankanfer/Documents/Developer/HOMEY\ Clean/HOMEY\ Clean/Core/Design/TypographySystem.swift /Users/ryankanfer/Documents/Developer/HOMEY\ Clean/HOMEY\ Clean/Core/Logging/AppLogger.swift /Users/ryankanfer/Documents/Developer/HOMEY\ Clean/HOMEY\ Clean/Core/Utilities/ResourceManager.swift /Users/ryankanfer/Documents/Developer/HOMEY\ Clean/HOMEY\ Clean/Core/AgentChatView.swift /Users/ryankanfer/Documents/Developer/HOMEY\ Clean/HOMEY\ Clean/Core/AIAvatarSystem.swift /Users/ryankanfer/Documents/Developer/HOMEY\ Clean/HOMEY\ Clean/Core/AllDrawerComponents.swift /Users/ryankanfer/Documents/Developer/HOMEY\ Clean/HOMEY\ Clean/Core/AnimationConstants.swift /Users/ryankanfer/Documents/Developer/HOMEY\ Clean/HOMEY\ Clean/Core/AnimationManager.swift /Users/ryankanfer/Documents/Developer/HOMEY\ Clean/HOMEY\ Clean/Core/APIClient.swift /Users/ryankanfer/Documents/Developer/HOMEY\ Clean/HOMEY\ Clean/Core/AppRouter.swift /Users/ryankanfer/Documents/Developer/HOMEY\ Clean/HOMEY\ Clean/Core/AppSessionManager.swift /Users/ryankanfer/Documents/Developer/HOMEY\ Clean/HOMEY\ Clean/Core/AppState.swift /Users/ryankanfer/Documents/Developer/HOMEY\ Clean/HOMEY\ Clean/Core/AuthManager.swift /Users/ryankanfer/Documents/Developer/HOMEY\ Clean/HOMEY\ Clean/Core/CacheManager.swift /Users/ryankanfer/Documents/Developer/HOMEY\ Clean/HOMEY\ Clean/Core/ClientTabView.swift /Users/ryankanfer/Documents/Developer/HOMEY\ Clean/HOMEY\ Clean/Core/DocumentsDashboardView.swift /Users/ryankanfer/Documents/Developer/HOMEY\ Clean/HOMEY\ Clean/Core/DrawerComponents.swift /Users/ryankanfer/Documents/Developer/HOMEY\ Clean/HOMEY\ Clean/Core/DrawerRouter.swift /Users/ryankanfer/Documents/Developer/HOMEY\ Clean/HOMEY\ Clean/Core/EventsManager.swift /Users/ryankanfer/Documents/Developer/HOMEY\ Clean/HOMEY\ Clean/Core/FeatureFlags.swift /Users/ryankanfer/Documents/Developer/HOMEY\ Clean/HOMEY\ Clean/Core/Font+Fallback.swift /Users/ryankanfer/Documents/Developer/HOMEY\ Clean/HOMEY\ Clean/Core/HapticsManager.swift /Users/ryankanfer/Documents/Developer/HOMEY\ Clean/HOMEY\ Clean/Core/HOMEY_CleanApp.swift /Users/ryankanfer/Documents/Developer/HOMEY\ Clean/HOMEY\ Clean/Core/HomeyAPI.swift /Users/ryankanfer/Documents/Developer/HOMEY\ Clean/HOMEY\ Clean/Core/Models.swift /Users/ryankanfer/Documents/Developer/HOMEY\ Clean/HOMEY\ Clean/Core/NavigationComponents.swift /Users/ryankanfer/Documents/Developer/HOMEY\ Clean/HOMEY\ Clean/Core/OnboardingModalView.swift /Users/ryankanfer/Documents/Developer/HOMEY\ Clean/HOMEY\ Clean/Core/PredictiveUIEngine.swift /Users/ryankanfer/Documents/Developer/HOMEY\ Clean/HOMEY\ Clean/Core/PresentationController.swift /Users/ryankanfer/Documents/Developer/HOMEY\ Clean/HOMEY\ Clean/Core/ProfilesService.swift /Users/ryankanfer/Documents/Developer/HOMEY\ Clean/HOMEY\ Clean/Core/ProfileTabView.swift /Users/ryankanfer/Documents/Developer/HOMEY\ Clean/HOMEY\ Clean/Core/ProfileViewModel.swift /Users/ryankanfer/Documents/Developer/HOMEY\ Clean/HOMEY\ Clean/Core/RootView.swift /Users/ryankanfer/Documents/Developer/HOMEY\ Clean/HOMEY\ Clean/Core/SearchComponents.swift /Users/ryankanfer/Documents/Developer/HOMEY\ Clean/HOMEY\ Clean/Core/SessionManager+Role.swift /Users/ryankanfer/Documents/Developer/HOMEY\ Clean/HOMEY\ Clean/Core/SettingsRoute.swift /Users/ryankanfer/Documents/Developer/HOMEY\ Clean/HOMEY\ Clean/Core/SupabaseAuthManager.swift /Users/ryankanfer/Documents/Developer/HOMEY\ Clean/HOMEY\ Clean/Core/SupabaseFunctionsService.swift /Users/ryankanfer/Documents/Developer/HOMEY\ Clean/HOMEY\ Clean/Core/TabComponents.swift /Users/ryankanfer/Documents/Developer/HOMEY\ Clean/HOMEY\ Clean/Core/UserProfileManager.swift /Users/ryankanfer/Documents/Developer/HOMEY\ Clean/HOMEY\ Clean/Core/ViewportMargins.swift /Users/ryankanfer/Documents/Developer/HOMEY\ Clean/HOMEY\ Clean/Dashboards/Admin/AdminDashboardView.swift /Users/ryankanfer/Documents/Developer/HOMEY\ Clean/HOMEY\ Clean/Dashboards/Admin/BuildBadge.swift /Users/ryankanfer/Documents/Developer/HOMEY\ Clean/HOMEY\ Clean/Dashboards/Admin/DangerZone.swift /Users/ryankanfer/Documents/Developer/HOMEY\ Clean/HOMEY\ Clean/Dashboards/Admin/FlagsPanel.swift /Users/ryankanfer/Documents/Developer/HOMEY\ Clean/HOMEY\ Clean/Dashboards/Admin/ImpersonateBar.swift /Users/ryankanfer/Documents/Developer/HOMEY\ Clean/HOMEY\ Clean/Dashboards/Admin/LogTailView.swift /Users/ryankanfer/Documents/Developer/HOMEY\ Clean/HOMEY\ Clean/Dashboards/Agents/AgentDashboardView.swift /Users/ryankanfer/Documents/Developer/HOMEY\ Clean/HOMEY\ Clean/Dashboards/Agents/AgentEventsView.swift /Users/ryankanfer/Documents/Developer/HOMEY\ Clean/HOMEY\ Clean/Dashboards/Agents/AgentInviteButton.swift /Users/ryankanfer/Documents/Developer/HOMEY\ Clean/HOMEY\ Clean/Dashboards/Agents/NudgeService.swift /Users/ryankanfer/Documents/Developer/HOMEY\ Clean/HOMEY\ Clean/Dashboards/Clients/Legacy/ClientHomeView.swift /Users/ryankanfer/Documents/Developer/HOMEY\ Clean/HOMEY\ Clean/Dashboards/Clients/Legacy/ClientLiveContent.swift /Users/ryankanfer/Documents/Developer/HOMEY\ Clean/HOMEY\ Clean/Dashboards/Clients/Pages/Charlie/CharlieDashboardView.swift /Users/ryankanfer/Documents/Developer/HOMEY\ Clean/HOMEY\ Clean/Dashboards/Clients/Pages/Charlie/CharlieOnboardingView.swift /Users/ryankanfer/Documents/Developer/HOMEY\ Clean/HOMEY\ Clean/Dashboards/Clients/Pages/Charlie/EducationCenterSection.swift /Users/ryankanfer/Documents/Developer/HOMEY\ Clean/HOMEY\ Clean/Dashboards/Clients/Pages/Charlie/EducationCenterSectionView.swift /Users/ryankanfer/Documents/Developer/HOMEY\ Clean/HOMEY\ Clean/Dashboards/Clients/Pages/Charlie/SubwayProgressView.swift /Users/ryankanfer/Documents/Developer/HOMEY\ Clean/HOMEY\ Clean/Dashboards/Clients/Pages/Drew/DrewDashboardView.swift /Users/ryankanfer/Documents/Developer/HOMEY\ Clean/HOMEY\ Clean/Dashboards/Clients/Pages/Drew/VendorsServiceType.swift /Users/ryankanfer/Documents/Developer/HOMEY\ Clean/HOMEY\ Clean/Dashboards/Clients/Pages/Drew/VendorsView.swift /Users/ryankanfer/Documents/Developer/HOMEY\ Clean/HOMEY\ Clean/Dashboards/Clients/Pages/Isla/IslaDashboardView.swift /Users/ryankanfer/Documents/Developer/HOMEY\ Clean/HOMEY\ Clean/Dashboards/Clients/Pages/Paige/CategoryCard.swift /Users/ryankanfer/Documents/Developer/HOMEY\ Clean/HOMEY\ Clean/Dashboards/Clients/Pages/Paige/CategoryDetailModal.swift /Users/ryankanfer/Documents/Developer/HOMEY\ Clean/HOMEY\ Clean/Dashboards/Clients/Pages/Paige/PaigeDashboardView.swift /Users/ryankanfer/Documents/Developer/HOMEY\ Clean/HOMEY\ Clean/Dashboards/Clients/Pages/Paige/PaigeDocumentVault.swift /Users/ryankanfer/Documents/Developer/HOMEY\ Clean/HOMEY\ Clean/Dashboards/Clients/Pages/Paige/PaigeMicroInteractions.swift /Users/ryankanfer/Documents/Developer/HOMEY\ Clean/HOMEY\ Clean/Dashboards/Clients/Pages/Paige/QuickActionsRow.swift /Users/ryankanfer/Documents/Developer/HOMEY\ Clean/HOMEY\ Clean/Dashboards/Clients/Pages/Paige/UploadDocumentFlow.swift /Users/ryankanfer/Documents/Developer/HOMEY\ Clean/HOMEY\ Clean/Dashboards/Clients/Pages/Scout/Stores/TasteStore.swift /Users/ryankanfer/Documents/Developer/HOMEY\ Clean/HOMEY\ Clean/Dashboards/Clients/Pages/Scout/ScoutDashboardView.swift /Users/ryankanfer/Documents/Developer/HOMEY\ Clean/HOMEY\ Clean/Dashboards/Clients/Pages/Viza/CatalogImage.swift /Users/ryankanfer/Documents/Developer/HOMEY\ Clean/HOMEY\ Clean/Dashboards/Clients/Pages/Viza/VizaDashboardView.swift /Users/ryankanfer/Documents/Developer/HOMEY\ Clean/HOMEY\ Clean/Dashboards/Clients/ClientDashboardView.swift /Users/ryankanfer/Documents/Developer/HOMEY\ Clean/HOMEY\ Clean/Dashboards/Clients/SignatureSceneHomepage.swift /Users/ryankanfer/Documents/Developer/HOMEY\ Clean/HOMEY\ Clean/Dashboards/Clients/SignatureSceneIntegration.swift /Users/ryankanfer/Documents/Developer/HOMEY\ Clean/HOMEY\ Clean/Dashboards/Dashboard\ UIs/AnimatedHeroBackground.swift /Users/ryankanfer/Documents/Developer/HOMEY\ Clean/HOMEY\ Clean/Dashboards/CharlieDashboard.swift /Users/ryankanfer/Documents/Developer/HOMEY\ Clean/HOMEY\ Clean/Dashboards/DashboardPlaceholder.swift /Users/ryankanfer/Documents/Developer/HOMEY\ Clean/HOMEY\ Clean/Data/Repositories/AuthRepository.swift /Users/ryankanfer/Documents/Developer/HOMEY\ Clean/HOMEY\ Clean/Data/Repositories/DocumentsRepository.swift /Users/ryankanfer/Documents/Developer/HOMEY\ Clean/HOMEY\ Clean/Data/Repositories/EventsRepository.swift /Users/ryankanfer/Documents/Developer/HOMEY\ Clean/HOMEY\ Clean/Data/Repositories/MessagesRepository.swift /Users/ryankanfer/Documents/Developer/HOMEY\ Clean/HOMEY\ Clean/Data/Repositories/PreferencesRepository.swift /Users/ryankanfer/Documents/Developer/HOMEY\ Clean/HOMEY\ Clean/Data/Repositories/ProfilesRepository.swift /Users/ryankanfer/Documents/Developer/HOMEY\ Clean/HOMEY\ Clean/Features/Documents/AppTabRoot.swift /Users/ryankanfer/Documents/Developer/HOMEY\ Clean/HOMEY\ Clean/Features/Documents/ARDocumentScanner.swift /Users/ryankanfer/Documents/Developer/HOMEY\ Clean/HOMEY\ Clean/Features/Documents/CelebrationOverlay.swift /Users/ryankanfer/Documents/Developer/HOMEY\ Clean/HOMEY\ Clean/Features/Documents/DocumentCategoryCard.swift /Users/ryankanfer/Documents/Developer/HOMEY\ Clean/HOMEY\ Clean/Features/Documents/DocumentContextTooltip.swift /Users/ryankanfer/Documents/Developer/HOMEY\ Clean/HOMEY\ Clean/Features/Documents/DocumentsRow.swift /Users/ryankanfer/Documents/Developer/HOMEY\ Clean/HOMEY\ Clean/Features/Documents/DocumentsView.swift /Users/ryankanfer/Documents/Developer/HOMEY\ Clean/HOMEY\ Clean/Features/Documents/DocumentsViewModel.swift /Users/ryankanfer/Documents/Developer/HOMEY\ Clean/HOMEY\ Clean/Features/Documents/EnhancedDocumentsView.swift /Users/ryankanfer/Documents/Developer/HOMEY\ Clean/HOMEY\ Clean/Features/Documents/Env.swift /Users/ryankanfer/Documents/Developer/HOMEY\ Clean/HOMEY\ Clean/Features/Documents/HeaderSection.swift /Users/ryankanfer/Documents/Developer/HOMEY\ Clean/HOMEY\ Clean/Features/Documents/PaigeCompanionView.swift /Users/ryankanfer/Documents/Developer/HOMEY\ Clean/HOMEY\ Clean/Features/Documents/PaigeDocumentsView.swift /Users/ryankanfer/Documents/Developer/HOMEY\ Clean/HOMEY\ Clean/Features/Documents/ProgressCard.swift /Users/ryankanfer/Documents/Developer/HOMEY\ Clean/HOMEY\ Clean/Features/Documents/QuickActionCard.swift /Users/ryankanfer/Documents/Developer/HOMEY\ Clean/HOMEY\ Clean/Features/Documents/SearchSection.swift /Users/ryankanfer/Documents/Developer/HOMEY\ Clean/HOMEY\ Clean/Features/Drew/Components/BadgeDetailSheet.swift /Users/ryankanfer/Documents/Developer/HOMEY\ Clean/HOMEY\ Clean/Features/Drew/Components/DossierSheet.swift /Users/ryankanfer/Documents/Developer/HOMEY\ Clean/HOMEY\ Clean/Features/Drew/Components/ProfessionalCard.swift /Users/ryankanfer/Documents/Developer/HOMEY\ Clean/HOMEY\ Clean/Features/Drew/Components/ProgressionBadges.swift /Users/ryankanfer/Documents/Developer/HOMEY\ Clean/HOMEY\ Clean/Features/Drew/Components/RolodexWall.swift /Users/ryankanfer/Documents/Developer/HOMEY\ Clean/HOMEY\ Clean/Features/Drew/Models/Contact.swift /Users/ryankanfer/Documents/Developer/HOMEY\ Clean/HOMEY\ Clean/Features/Drew/Services/IntroductionService.swift /Users/ryankanfer/Documents/Developer/HOMEY\ Clean/HOMEY\ Clean/Features/Drew/ViewModels/DrewDirectoryViewModel.swift /Users/ryankanfer/Documents/Developer/HOMEY\ Clean/HOMEY\ Clean/Features/Drew/Views/DrewDirectoryTestView.swift /Users/ryankanfer/Documents/Developer/HOMEY\ Clean/HOMEY\ Clean/Features/Drew/Views/DrewDirectoryView.swift /Users/ryankanfer/Documents/Developer/HOMEY\ Clean/HOMEY\ Clean/Features/Education/EducationCenterView.swift /Users/ryankanfer/Documents/Developer/HOMEY\ Clean/HOMEY\ Clean/Features/Education/EducationProgressStore.swift /Users/ryankanfer/Documents/Developer/HOMEY\ Clean/HOMEY\ Clean/Features/Isla/Components/AnalyticsTilesGrid.swift /Users/ryankanfer/Documents/Developer/HOMEY\ Clean/HOMEY\ Clean/Features/Isla/Components/AnalyticTilesView.swift /Users/ryankanfer/Documents/Developer/HOMEY\ Clean/HOMEY\ Clean/Features/Isla/Components/DataRibbon.swift /Users/ryankanfer/Documents/Developer/HOMEY\ Clean/HOMEY\ Clean/Features/Isla/Components/DataRibbonsView.swift /Users/ryankanfer/Documents/Developer/HOMEY\ Clean/HOMEY\ Clean/Features/Isla/Components/IslaHeaderView.swift /Users/ryankanfer/Documents/Developer/HOMEY\ Clean/HOMEY\ Clean/Features/Isla/Components/RibbonDetailSheet.swift /Users/ryankanfer/Documents/Developer/HOMEY\ Clean/HOMEY\ Clean/Features/Isla/Components/TickerView.swift /Users/ryankanfer/Documents/Developer/HOMEY\ Clean/HOMEY\ Clean/Features/Isla/Components/TileDetailSheet.swift /Users/ryankanfer/Documents/Developer/HOMEY\ Clean/HOMEY\ Clean/Features/Isla/Models/AnalyticTileType.swift /Users/ryankanfer/Documents/Developer/HOMEY\ Clean/HOMEY\ Clean/Features/Isla/Models/MarketDataModels.swift /Users/ryankanfer/Documents/Developer/HOMEY\ Clean/HOMEY\ Clean/Features/Isla/Services/IslaDataService.swift /Users/ryankanfer/Documents/Developer/HOMEY\ Clean/HOMEY\ Clean/Features/Isla/ViewModels/IslaViewModel.swift /Users/ryankanfer/Documents/Developer/HOMEY\ Clean/HOMEY\ Clean/Features/Isla/Views/IslaRootView.swift /Users/ryankanfer/Documents/Developer/HOMEY\ Clean/HOMEY\ Clean/Features/Isla/Views/MarketTicker.swift /Users/ryankanfer/Documents/Developer/HOMEY\ Clean/HOMEY\ Clean/Features/Isla/Views/TileDetailView.swift /Users/ryankanfer/Documents/Developer/HOMEY\ Clean/HOMEY\ Clean/Features/Journey/Views/EpisodeDetailView.swift /Users/ryankanfer/Documents/Developer/HOMEY\ Clean/HOMEY\ Clean/Features/Journey/Views/JourneyEpisodeInterface.swift /Users/ryankanfer/Documents/Developer/HOMEY\ Clean/HOMEY\ Clean/Features/Journey/Views/JourneyNavigationView.swift /Users/ryankanfer/Documents/Developer/HOMEY\ Clean/HOMEY\ Clean/Features/Onboarding/ComprehensiveOnboardingFlow.swift /Users/ryankanfer/Documents/Developer/HOMEY\ Clean/HOMEY\ Clean/Features/Onboarding/ContinuousOnboardingManager.swift /Users/ryankanfer/Documents/Developer/HOMEY\ Clean/HOMEY\ Clean/Features/Onboarding/OnboardingComponents.swift /Users/ryankanfer/Documents/Developer/HOMEY\ Clean/HOMEY\ Clean/Features/Scout/Components/ARFeatureIntegration.swift /Users/ryankanfer/Documents/Developer/HOMEY\ Clean/HOMEY\ Clean/Features/Scout/Components/ARPropertyVisualization.swift /Users/ryankanfer/Documents/Developer/HOMEY\ Clean/HOMEY\ Clean/Features/Scout/Components/CameraNeighborhoodContext.swift /Users/ryankanfer/Documents/Developer/HOMEY\ Clean/HOMEY\ Clean/Features/Scout/Components/CircularMask.swift /Users/ryankanfer/Documents/Developer/HOMEY\ Clean/HOMEY\ Clean/Features/Scout/Components/ListingDetailSheet.swift /Users/ryankanfer/Documents/Developer/HOMEY\ Clean/HOMEY\ Clean/Features/Scout/Components/PropertyBuildingCard.swift /Users/ryankanfer/Documents/Developer/HOMEY\ Clean/HOMEY\ Clean/Features/Scout/Components/ScoutFilterTray.swift /Users/ryankanfer/Documents/Developer/HOMEY\ Clean/HOMEY\ Clean/Features/Scout/Components/ScoutSearchBar.swift /Users/ryankanfer/Documents/Developer/HOMEY\ Clean/HOMEY\ Clean/Features/Scout/Components/ScoutShortlistRail.swift /Users/ryankanfer/Documents/Developer/HOMEY\ Clean/HOMEY\ Clean/Features/Scout/Components/SwipeablePropertyCard.swift /Users/ryankanfer/Documents/Developer/HOMEY\ Clean/HOMEY\ Clean/Features/Scout/Components/SwipeablePropertyStack.swift /Users/ryankanfer/Documents/Developer/HOMEY\ Clean/HOMEY\ Clean/Features/Scout/Models/AnalyticsEvent.swift /Users/ryankanfer/Documents/Developer/HOMEY\ Clean/HOMEY\ Clean/Features/Scout/Models/Lens.swift /Users/ryankanfer/Documents/Developer/HOMEY\ Clean/HOMEY\ Clean/Features/Scout/Models/Listing.swift /Users/ryankanfer/Documents/Developer/HOMEY\ Clean/HOMEY\ Clean/Features/Scout/Models/OverlayLayer.swift /Users/ryankanfer/Documents/Developer/HOMEY\ Clean/HOMEY\ Clean/Features/Scout/Models/ProgressState.swift /Users/ryankanfer/Documents/Developer/HOMEY\ Clean/HOMEY\ Clean/Features/Scout/Models/PropertyListing.swift /Users/ryankanfer/Documents/Developer/HOMEY\ Clean/HOMEY\ Clean/Features/Scout/Models/PropertySearchParams.swift /Users/ryankanfer/Documents/Developer/HOMEY\ Clean/HOMEY\ Clean/Features/Scout/Models/ShortlistEntry.swift /Users/ryankanfer/Documents/Developer/HOMEY\ Clean/HOMEY\ Clean/Features/Scout/Services/AccessibilityService.swift /Users/ryankanfer/Documents/Developer/HOMEY\ Clean/HOMEY\ Clean/Features/Scout/Services/LocationManager.swift /Users/ryankanfer/Documents/Developer/HOMEY\ Clean/HOMEY\ Clean/Features/Scout/Services/ScoutDataService.swift /Users/ryankanfer/Documents/Developer/HOMEY\ Clean/HOMEY\ Clean/Features/Scout/ViewModels/ScoutViewModel.swift /Users/ryankanfer/Documents/Developer/HOMEY\ Clean/HOMEY\ Clean/Features/Scout/Views/ARFeaturesView.swift /Users/ryankanfer/Documents/Developer/HOMEY\ Clean/HOMEY\ Clean/Features/Scout/Views/FullSheetView.swift /Users/ryankanfer/Documents/Developer/HOMEY\ Clean/HOMEY\ Clean/Features/Scout/Views/HoloMapView.swift /Users/ryankanfer/Documents/Developer/HOMEY\ Clean/HOMEY\ Clean/Features/Scout/Views/PeekCard.swift /Users/ryankanfer/Documents/Developer/HOMEY\ Clean/HOMEY\ Clean/Features/Scout/Views/PriceSlider.swift /Users/ryankanfer/Documents/Developer/HOMEY\ Clean/HOMEY\ Clean/Features/Scout/Views/ProgressionEventView.swift /Users/ryankanfer/Documents/Developer/HOMEY\ Clean/HOMEY\ Clean/Features/Scout/Views/ScoutHeroView.swift /Users/ryankanfer/Documents/Developer/HOMEY\ Clean/HOMEY\ Clean/Features/Scout/Views/ScoutLensTray.swift /Users/ryankanfer/Documents/Developer/HOMEY\ Clean/HOMEY\ Clean/Features/Scout/Views/ScoutRightRail.swift /Users/ryankanfer/Documents/Developer/HOMEY\ Clean/HOMEY\ Clean/Features/Scout/Views/ScoutRootView.swift /Users/ryankanfer/Documents/Developer/HOMEY\ Clean/HOMEY\ Clean/Features/Search/AISearchEngine.swift /Users/ryankanfer/Documents/Developer/HOMEY\ Clean/HOMEY\ Clean/Features/Search/EmotionalContextPicker.swift /Users/ryankanfer/Documents/Developer/HOMEY\ Clean/HOMEY\ Clean/Features/Search/EmotionalPropertyMatcher.swift /Users/ryankanfer/Documents/Developer/HOMEY\ Clean/HOMEY\ Clean/Features/Search/MatchmakerFiltersView.swift /Users/ryankanfer/Documents/Developer/HOMEY\ Clean/HOMEY\ Clean/Features/Search/MatchmakerView.swift /Users/ryankanfer/Documents/Developer/HOMEY\ Clean/HOMEY\ Clean/Features/Search/MatchmakerViewModel.swift /Users/ryankanfer/Documents/Developer/HOMEY\ Clean/HOMEY\ Clean/Features/Search/SearchFiltersView.swift /Users/ryankanfer/Documents/Developer/HOMEY\ Clean/HOMEY\ Clean/Features/Search/SearchTabView.swift /Users/ryankanfer/Documents/Developer/HOMEY\ Clean/HOMEY\ Clean/Features/Search/SearchViewModel.swift /Users/ryankanfer/Documents/Developer/HOMEY\ Clean/HOMEY\ Clean/Features/SpatialCompanion/CompanionStore.swift /Users/ryankanfer/Documents/Developer/HOMEY\ Clean/HOMEY\ Clean/Features/SpatialCompanion/SpatialCompanionShell.swift /Users/ryankanfer/Documents/Developer/HOMEY\ Clean/HOMEY\ Clean/Features/SpatialComputing/HolographicAREngine.swift /Users/ryankanfer/Documents/Developer/HOMEY\ Clean/HOMEY\ Clean/Features/SpatialComputing/SpatialComputingEngine.swift /Users/ryankanfer/Documents/Developer/HOMEY\ Clean/HOMEY\ Clean/Features/Viza/Components/ColorPaletteRow.swift /Users/ryankanfer/Documents/Developer/HOMEY\ Clean/HOMEY\ Clean/Features/Viza/Components/FurnitureToolbar.swift /Users/ryankanfer/Documents/Developer/HOMEY\ Clean/HOMEY\ Clean/Features/Viza/Components/ProgressionSystem.swift /Users/ryankanfer/Documents/Developer/HOMEY\ Clean/HOMEY\ Clean/Features/Viza/Components/ProjectionDome.swift /Users/ryankanfer/Documents/Developer/HOMEY\ Clean/HOMEY\ Clean/Features/Viza/Components/SaveExportSheet.swift /Users/ryankanfer/Documents/Developer/HOMEY\ Clean/HOMEY\ Clean/Features/Viza/Components/ScenePresetsBar.swift /Users/ryankanfer/Documents/Developer/HOMEY\ Clean/HOMEY\ Clean/Features/Viza/Models/VizaVisionModels.swift /Users/ryankanfer/Documents/Developer/HOMEY\ Clean/HOMEY\ Clean/Features/Viza/Services/SaveExportManager.swift /Users/ryankanfer/Documents/Developer/HOMEY\ Clean/HOMEY\ Clean/Features/Viza/ViewModels/VizaVisionViewModel.swift /Users/ryankanfer/Documents/Developer/HOMEY\ Clean/HOMEY\ Clean/Features/Viza/Views/VizaVisionView.swift /Users/ryankanfer/Documents/Developer/HOMEY\ Clean/HOMEY\ Clean/Intelligence/API/IntelligenceAPI.swift /Users/ryankanfer/Documents/Developer/HOMEY\ Clean/HOMEY\ Clean/Intelligence/Engine/BlockchainIdentityEngine.swift /Users/ryankanfer/Documents/Developer/HOMEY\ Clean/HOMEY\ Clean/Intelligence/Engine/FourDimensionalVisualizationEngine.swift /Users/ryankanfer/Documents/Developer/HOMEY\ Clean/HOMEY\ Clean/Intelligence/Engine/IntelligenceHub.swift /Users/ryankanfer/Documents/Developer/HOMEY\ Clean/HOMEY\ Clean/Intelligence/Engine/LearningLoop.swift /Users/ryankanfer/Documents/Developer/HOMEY\ Clean/HOMEY\ Clean/Intelligence/Engine/QuantumUIEngine.swift /Users/ryankanfer/Documents/Developer/HOMEY\ Clean/HOMEY\ Clean/Intelligence/Engine/RecommendationEngineWriter.swift /Users/ryankanfer/Documents/Developer/HOMEY\ Clean/HOMEY\ Clean/Intelligence/Engine/StageDetector.swift /Users/ryankanfer/Documents/Developer/HOMEY\ Clean/HOMEY\ Clean/Intelligence/Engine/TemporalPredictionEngine.swift /Users/ryankanfer/Documents/Developer/HOMEY\ Clean/HOMEY\ Clean/Intelligence/Governance/GovernanceCenter.swift /Users/ryankanfer/Documents/Developer/HOMEY\ Clean/HOMEY\ Clean/Intelligence/Metrics/MetricsTracker.swift /Users/ryankanfer/Documents/Developer/HOMEY\ Clean/HOMEY\ Clean/Intelligence/Models/InteractionEvent.swift /Users/ryankanfer/Documents/Developer/HOMEY\ Clean/HOMEY\ Clean/Intelligence/Services/InteractionLogger.swift /Users/ryankanfer/Documents/Developer/HOMEY\ Clean/HOMEY\ Clean/Intelligence/Stores/CrossScreenContext.swift /Users/ryankanfer/Documents/Developer/HOMEY\ Clean/HOMEY\ Clean/Intelligence/Suggestions/FrequencyController.swift /Users/ryankanfer/Documents/Developer/HOMEY\ Clean/HOMEY\ Clean/Intelligence/Suggestions/SpeedometerView.swift /Users/ryankanfer/Documents/Developer/HOMEY\ Clean/HOMEY\ Clean/Intelligence/Suggestions/SuggestionEngine.swift /Users/ryankanfer/Documents/Developer/HOMEY\ Clean/HOMEY\ Clean/Intelligence/Suggestions/SuggestionModels.swift /Users/ryankanfer/Documents/Developer/HOMEY\ Clean/HOMEY\ Clean/Intelligence/Suggestions/SuggestionViews.swift /Users/ryankanfer/Documents/Developer/HOMEY\ Clean/HOMEY\ Clean/ios/Shared/Config/AppConfig.swift /Users/ryankanfer/Documents/Developer/HOMEY\ Clean/HOMEY\ Clean/Models/CharlieRoomModels.swift /Users/ryankanfer/Documents/Developer/HOMEY\ Clean/HOMEY\ Clean/Models/CompanionModule.swift /Users/ryankanfer/Documents/Developer/HOMEY\ Clean/HOMEY\ Clean/Models/DocumentVault.swift /Users/ryankanfer/Documents/Developer/HOMEY\ Clean/HOMEY\ Clean/Models/HomepageCustomization.swift /Users/ryankanfer/Documents/Developer/HOMEY\ Clean/HOMEY\ Clean/Models/JourneyEpisode.swift /Users/ryankanfer/Documents/Developer/HOMEY\ Clean/HOMEY\ Clean/Models/JourneyStage.swift /Users/ryankanfer/Documents/Developer/HOMEY\ Clean/HOMEY\ Clean/Opening/CharacterCarousel.swift /Users/ryankanfer/Documents/Developer/HOMEY\ Clean/HOMEY\ Clean/Opening/CharacterTilesGrid.swift /Users/ryankanfer/Documents/Developer/HOMEY\ Clean/HOMEY\ Clean/Opening/LaunchGate.swift /Users/ryankanfer/Documents/Developer/HOMEY\ Clean/HOMEY\ Clean/Opening/LaunchView.swift /Users/ryankanfer/Documents/Developer/HOMEY\ Clean/HOMEY\ Clean/Opening/TeamTile.swift /Users/ryankanfer/Documents/Developer/HOMEY\ Clean/HOMEY\ Clean/Opening/UnifiedWelcomeView.swift /Users/ryankanfer/Documents/Developer/HOMEY\ Clean/HOMEY\ Clean/Opening/WelcomePagerView.swift /Users/ryankanfer/Documents/Developer/HOMEY\ Clean/HOMEY\ Clean/Opening/WelcomeStoryboardView.swift /Users/ryankanfer/Documents/Developer/HOMEY\ Clean/HOMEY\ Clean/RoleSelection/RoleSelectionView.swift /Users/ryankanfer/Documents/Developer/HOMEY\ Clean/HOMEY\ Clean/Splash/AnimatedLuxeBackground.swift /Users/ryankanfer/Documents/Developer/HOMEY\ Clean/HOMEY\ Clean/Style/CTAButtonStyle.swift /Users/ryankanfer/Documents/Developer/HOMEY\ Clean/HOMEY\ Clean/Style/GlassFooterItem.swift /Users/ryankanfer/Documents/Developer/HOMEY\ Clean/HOMEY\ Clean/Style/GlassScaffold.swift /Users/ryankanfer/Documents/Developer/HOMEY\ Clean/HOMEY\ Clean/Style/HeroTheme.swift /Users/ryankanfer/Documents/Developer/HOMEY\ Clean/HOMEY\ Clean/Style/RoundedCard.swift /Users/ryankanfer/Documents/Developer/HOMEY\ Clean/HOMEY\ Clean/Style/Spacing.swift /Users/ryankanfer/Documents/Developer/HOMEY\ Clean/HOMEY\ Clean/Style/Typography.swift /Users/ryankanfer/Documents/Developer/HOMEY\ Clean/HOMEY\ Clean/UI/Components/GlassCard.swift /Users/ryankanfer/Documents/Developer/HOMEY\ Clean/HOMEY\ Clean/UI/Style/AbstractLuxeBackground.swift /Users/ryankanfer/Documents/Developer/HOMEY\ Clean/HOMEY\ Clean/UI/Style/GlassStyle.swift /Users/ryankanfer/Documents/Developer/HOMEY\ Clean/HOMEY\ Clean/UI/Theme/AuthStyles.swift /Users/ryankanfer/Documents/Developer/HOMEY\ Clean/HOMEY\ Clean/UI/Theme/Colors.swift /Users/ryankanfer/Documents/Developer/HOMEY\ Clean/HOMEY\ Clean/UI/Theme/Gradients.swift /Users/ryankanfer/Documents/Developer/HOMEY\ Clean/HOMEY\ Clean/UI/Theme/HomeyTextStyles.swift /Users/ryankanfer/Documents/Developer/HOMEY\ Clean/HOMEY\ Clean/UI/Theme/RoomVibeBackground.swift /Users/ryankanfer/Documents/Developer/HOMEY\ Clean/HOMEY\ Clean/Views/Common/AnimatedGradient.swift /Users/ryankanfer/Documents/Developer/HOMEY\ Clean/HOMEY\ Clean/Views/Dashboards/Clients/DocumentDetailSheet.swift /Users/ryankanfer/Documents/Developer/HOMEY\ Clean/HOMEY\ Clean/Views/Dashboards/Clients/DocumentUploadSheet.swift /Users/ryankanfer/Documents/Developer/HOMEY\ Clean/HOMEY\ Clean/Views/Dashboards/Clients/PaigeDashboard.swift /Users/ryankanfer/Documents/Developer/HOMEY\ Clean/HOMEY\ Clean/Views/Dashboards/Clients/VaultDetailSheet.swift /Users/ryankanfer/Documents/Developer/HOMEY\ Clean/HOMEY\ Clean/Views/Homepage/CustomizableHomepageGrid.swift /Users/ryankanfer/Documents/Developer/HOMEY\ Clean/HOMEY\ Clean/Views/Homepage/HomepageCustomizationSheet.swift /Users/ryankanfer/Documents/Developer/HOMEY\ Clean/HOMEY\ Clean/Views/Homepage/NextUpSmartCard.swift /Users/ryankanfer/Documents/Developer/HOMEY\ Clean/HOMEY\ Clean/Views/Insights/IslaInsightsView.swift /Users/ryankanfer/Documents/Developer/HOMEY\ Clean/HOMEY\ Clean/Views/Settings/AccountSettingsSection.swift /Users/ryankanfer/Documents/Developer/HOMEY\ Clean/HOMEY\ Clean/Views/Settings/AdvancedSettingsHub.swift /Users/ryankanfer/Documents/Developer/HOMEY\ Clean/HOMEY\ Clean/Views/Settings/AppearanceSettingsSection.swift /Users/ryankanfer/Documents/Developer/HOMEY\ Clean/HOMEY\ Clean/Views/Settings/HelpSupportSettingsSection.swift /Users/ryankanfer/Documents/Developer/HOMEY\ Clean/HOMEY\ Clean/Views/Settings/IntegrationsSettingsSection.swift /Users/ryankanfer/Documents/Developer/HOMEY\ Clean/HOMEY\ Clean/Views/Settings/IntelligenceSettingsSection.swift /Users/ryankanfer/Documents/Developer/HOMEY\ Clean/HOMEY\ Clean/Views/Settings/NotificationsSettingsSection.swift /Users/ryankanfer/Documents/Developer/HOMEY\ Clean/HOMEY\ Clean/Views/Settings/PersonalizationSettingsSection.swift /Users/ryankanfer/Documents/Developer/HOMEY\ Clean/HOMEY\ Clean/Views/Settings/PrivacySecuritySettingsSection.swift /Users/ryankanfer/Documents/Developer/HOMEY\ Clean/HOMEY\ Clean/Views/ComprehensiveSettingsView.swift /Users/ryankanfer/Documents/Developer/HOMEY\ Clean/HOMEY\ Clean/Views/HomeyLandingViewWithProfile.swift /Users/ryankanfer/Documents/Developer/HOMEY\ Clean/HOMEY\ Clean/Views/NavigationDashboardView.swift /Users/ryankanfer/Documents/Developer/HOMEY\ Clean/HOMEY\ Clean/Views/SettingsView.swift /Users/ryankanfer/Documents/Developer/HOMEY\ Clean/HOMEY\ Clean/Views/ThemeSettingsView.swift /Users/ryankanfer/Documents/Developer/HOMEY\ Clean/HOMEY\ Clean/CharlieAct.swift /Users/ryankanfer/Documents/Developer/HOMEY\ Clean/HOMEY\ Clean/FontDebugView.swift /Users/ryankanfer/Documents/Developer/HOMEY\ Clean/HOMEY\ Clean/JourneyLoggingPlaceholder.swift /Users/ryankanfer/Documents/Developer/HOMEY\ Clean/HOMEY\ Clean/JourneyWatcher.swift /Users/ryankanfer/Documents/Developer/HOMEY\ Clean/HOMEY\ Clean/SupabaseEventsService.swift /Users/ryankanfer/Library/Developer/Xcode/DerivedData/HOMEY_Clean-gafualdnzupkfseuistvwtqbnpqd/Build/Intermediates.noindex/HOMEY\ Clean.build/Debug-iphoneos/HOMEY\ Clean.build/DerivedSources/GeneratedAssetSymbols.swift -target arm64-apple-ios18.5 -module-can-import-version DeveloperToolsSupport 23.0.4 23.0.4 -module-can-import-version Foundation 4040.1 4040.1.0 -module-can-import Supabase -module-can-import-version SwiftUI 7.0.84.1 7.0.84 -module-can-import-version UIKit 9088.1.113 9088.1.113 -disable-cross-import-overlay-search -swift-module-cross-import AVKit /Applications/Xcode.app/Contents/Developer/Platforms/iPhoneOS.platform/Developer/SDKs/iPhoneOS.sdk/System/Library/Frameworks/AVKit.framework/Modules/AVKit.swiftcrossimport/SwiftUI.swiftoverlay -swift-module-cross-import AVKit /Applications/Xcode.app/Contents/Developer/Platforms/iPhoneOS.platform/Developer/SDKs/iPhoneOS26.0.sdk/System/Library/Frameworks/AVKit.framework/Modules/AVKit.swiftcrossimport/SwiftUI.swiftoverlay -swift-module-cross-import MapKit /Applications/Xcode.app/Contents/Developer/Platforms/iPhoneOS.platform/Developer/SDKs/iPhoneOS.sdk/System/Library/Frameworks/MapKit.framework/Modules/MapKit.swiftcrossimport/SwiftUI.swiftoverlay -swift-module-cross-import PhotosUI /Applications/Xcode.app/Contents/Developer/Platforms/iPhoneOS.platform/Developer/SDKs/iPhoneOS.sdk/System/Library/Frameworks/PhotosUI.framework/Modules/PhotosUI.swiftcrossimport/SwiftUI.swiftoverlay -swift-module-cross-import PhotosUI /Applications/Xcode.app/Contents/Developer/Platforms/iPhoneOS.platform/Developer/SDKs/iPhoneOS.sdk/System/Library/Frameworks/PhotosUI.framework/Modules/PhotosUI.swiftcrossimport/WidgetKit.swiftoverlay -swift-module-cross-import PhotosUI /Applications/Xcode.app/Contents/Developer/Platforms/iPhoneOS.platform/Developer/SDKs/iPhoneOS26.0.sdk/System/Library/Frameworks/PhotosUI.framework/Modules/PhotosUI.swiftcrossimport/SwiftUI.swiftoverlay -swift-module-cross-import PhotosUI /Applications/Xcode.app/Contents/Developer/Platforms/iPhoneOS.platform/Developer/SDKs/iPhoneOS26.0.sdk/System/Library/Frameworks/PhotosUI.framework/Modules/PhotosUI.swiftcrossimport/WidgetKit.swiftoverlay -swift-module-cross-import RealityKit /Applications/Xcode.app/Contents/Developer/Platforms/iPhoneOS.platform/Developer/SDKs/iPhoneOS26.0.sdk/System/Library/Frameworks/RealityKit.framework/Modules/RealityKit.swiftcrossimport/SwiftUI.swiftoverlay -swift-module-cross-import SceneKit /Applications/Xcode.app/Contents/Developer/Platforms/iPhoneOS.platform/Developer/SDKs/iPhoneOS.sdk/System/Library/Frameworks/SceneKit.framework/Modules/SceneKit.swiftcrossimport/SwiftUI.swiftoverlay -load-resolved-plugin /Applications/Xcode.app/Contents/Developer/Platforms/iPhoneOS.platform/Developer/usr/lib/swift/host/plugins/libFoundationMacros.dylib\#/Applications/Xcode.app/Contents/Developer/Platforms/iPhoneOS.platform/Developer/usr/bin/swift-plugin-server\#FoundationMacros -load-resolved-plugin /Applications/Xcode.app/Contents/Developer/Platforms/iPhoneOS.platform/Developer/usr/lib/swift/host/plugins/libObservationMacros.dylib\#/Applications/Xcode.app/Contents/Developer/Platforms/iPhoneOS.platform/Developer/usr/bin/swift-plugin-server\#ObservationMacros -load-resolved-plugin /Applications/Xcode.app/Contents/Developer/Platforms/iPhoneOS.platform/Developer/usr/lib/swift/host/plugins/libPreviewsMacros.dylib\#/Applications/Xcode.app/Contents/Developer/Platforms/iPhoneOS.platform/Developer/usr/bin/swift-plugin-server\#PreviewsMacros -load-resolved-plugin /Applications/Xcode.app/Contents/Developer/Platforms/iPhoneOS.platform/Developer/usr/lib/swift/host/plugins/libSwiftMacros.dylib\#/Applications/Xcode.app/Contents/Developer/Platforms/iPhoneOS.platform/Developer/usr/bin/swift-plugin-server\#SwiftMacros -load-resolved-plugin /Applications/Xcode.app/Contents/Developer/Platforms/iPhoneOS.platform/Developer/usr/lib/swift/host/plugins/libSwiftUIMacros.dylib\#/Applications/Xcode.app/Contents/Developer/Platforms/iPhoneOS.platform/Developer/usr/bin/swift-plugin-server\#SwiftUIMacros -load-resolved-plugin /Applications/Xcode.app/Contents/Developer/Platforms/iPhoneOS.platform/Developer/usr/lib/swift/host/plugins/libTipKitMacros.dylib\#/Applications/Xcode.app/Contents/Developer/Platforms/iPhoneOS.platform/Developer/usr/bin/swift-plugin-server\#TipKitMacros -disable-implicit-swift-modules -Xcc -fno-implicit-modules -Xcc -fno-implicit-module-maps -explicit-swift-module-map-file /Users/ryankanfer/Library/Developer/Xcode/DerivedData/HOMEY_Clean-gafualdnzupkfseuistvwtqbnpqd/Build/Intermediates.noindex/HOMEY\ Clean.build/Debug-iphoneos/HOMEY\ Clean.build/Objects-normal/arm64/HOMEY_Clean-dependencies-1.json -Xllvm -aarch64-use-tbi -enable-objc-interop -stack-check -sdk /Applications/Xcode.app/Contents/Developer/Platforms/iPhoneOS.platform/Developer/SDKs/iPhoneOS26.0.sdk -I /Users/ryankanfer/Library/Developer/Xcode/DerivedData/HOMEY_Clean-gafualdnzupkfseuistvwtqbnpqd/Build/Products/Debug-iphoneos -F /Users/ryankanfer/Library/Developer/Xcode/DerivedData/HOMEY_Clean-gafualdnzupkfseuistvwtqbnpqd/Build/Products/Debug-iphoneos/PackageFrameworks -F /Users/ryankanfer/Library/Developer/Xcode/DerivedData/HOMEY_Clean-gafualdnzupkfseuistvwtqbnpqd/Build/Products/Debug-iphoneos/PackageFrameworks -F /Users/ryankanfer/Library/Developer/Xcode/DerivedData/HOMEY_Clean-gafualdnzupkfseuistvwtqbnpqd/Build/Products/Debug-iphoneos/PackageFrameworks -F /Users/ryankanfer/Library/Developer/Xcode/DerivedData/HOMEY_Clean-gafualdnzupkfseuistvwtqbnpqd/Build/Products/Debug-iphoneos/PackageFrameworks -F /Users/ryankanfer/Library/Developer/Xcode/DerivedData/HOMEY_Clean-gafualdnzupkfseuistvwtqbnpqd/Build/Products/Debug-iphoneos/PackageFrameworks -F /Users/ryankanfer/Library/Developer/Xcode/DerivedData/HOMEY_Clean-gafualdnzupkfseuistvwtqbnpqd/Build/Products/Debug-iphoneos/PackageFrameworks -F /Users/ryankanfer/Library/Developer/Xcode/DerivedData/HOMEY_Clean-gafualdnzupkfseuistvwtqbnpqd/Build/Products/Debug-iphoneos/PackageFrameworks -F /Users/ryankanfer/Library/Developer/Xcode/DerivedData/HOMEY_Clean-gafualdnzupkfseuistvwtqbnpqd/Build/Products/Debug-iphoneos/PackageFrameworks -F /Users/ryankanfer/Library/Developer/Xcode/DerivedData/HOMEY_Clean-gafualdnzupkfseuistvwtqbnpqd/Build/Products/Debug-iphoneos/PackageFrameworks -F /Users/ryankanfer/Library/Developer/Xcode/DerivedData/HOMEY_Clean-gafualdnzupkfseuistvwtqbnpqd/Build/Products/Debug-iphoneos/PackageFrameworks -F /Users/ryankanfer/Library/Developer/Xcode/DerivedData/HOMEY_Clean-gafualdnzupkfseuistvwtqbnpqd/Build/Products/Debug-iphoneos/PackageFrameworks -F /Users/ryankanfer/Library/Developer/Xcode/DerivedData/HOMEY_Clean-gafualdnzupkfseuistvwtqbnpqd/Build/Products/Debug-iphoneos/PackageFrameworks -F /Users/ryankanfer/Library/Developer/Xcode/DerivedData/HOMEY_Clean-gafualdnzupkfseuistvwtqbnpqd/Build/Products/Debug-iphoneos/PackageFrameworks -F /Users/ryankanfer/Library/Developer/Xcode/DerivedData/HOMEY_Clean-gafualdnzupkfseuistvwtqbnpqd/Build/Products/Debug-iphoneos/PackageFrameworks -F /Users/ryankanfer/Library/Developer/Xcode/DerivedData/HOMEY_Clean-gafualdnzupkfseuistvwtqbnpqd/Build/Products/Debug-iphoneos -no-color-diagnostics -Xcc -fno-color-diagnostics -enable-testing -g -debug-info-format\=dwarf -dwarf-version\=5 -module-cache-path /Users/ryankanfer/Library/Developer/Xcode/DerivedData/HOMEY_Clean-gafualdnzupkfseuistvwtqbnpqd/Build/Intermediates.noindex/SwiftExplicitPrecompiledModules -profile-generate -profile-coverage-mapping -swift-version 5 -enforce-exclusivity\=checked -Onone -D DEBUG -serialize-debugging-options -const-gather-protocols-file /Users/ryankanfer/Library/Developer/Xcode/DerivedData/HOMEY_Clean-gafualdnzupkfseuistvwtqbnpqd/Build/Intermediates.noindex/HOMEY\ Clean.build/Debug-iphoneos/HOMEY\ Clean.build/Objects-normal/arm64/HOMEY\ Clean_const_extract_protocols.json -enable-experimental-feature DebugDescriptionMacro -enable-bare-slash-regex -empty-abi-descriptor -validate-clang-modules-once -clang-build-session-file /Users/ryankanfer/Library/Developer/Xcode/DerivedData/ModuleCache.noindex/Session.modulevalidation -Xcc -working-directory -Xcc /Users/ryankanfer/Documents/Developer/HOMEY\ Clean -enable-anonymous-context-mangled-names -file-compilation-dir /Users/ryankanfer/Documents/Developer/HOMEY\ Clean -Xcc -D_LIBCPP_HARDENING_MODE\=_LIBCPP_HARDENING_MODE_DEBUG -Xcc -ivfsstatcache -Xcc /Users/ryankanfer/Library/Developer/Xcode/DerivedData/SDKStatCaches.noindex/iphoneos26.0-23A339-81ce72e5b06c9602b9d30b56f2eed08a.sdkstatcache -Xcc -I/Users/ryankanfer/Library/Developer/Xcode/DerivedData/HOMEY_Clean-gafualdnzupkfseuistvwtqbnpqd/Build/Intermediates.noindex/HOMEY\ Clean.build/Debug-iphoneos/HOMEY\ Clean.build/swift-overrides.hmap -Xcc -iquote -Xcc /Users/ryankanfer/Library/Developer/Xcode/DerivedData/HOMEY_Clean-gafualdnzupkfseuistvwtqbnpqd/Build/Intermediates.noindex/HOMEY\ Clean.build/Debug-iphoneos/HOMEY\ Clean.build/HOMEY\ Clean-generated-files.hmap -Xcc -I/Users/ryankanfer/Library/Developer/Xcode/DerivedData/HOMEY_Clean-gafualdnzupkfseuistvwtqbnpqd/Build/Intermediates.noindex/HOMEY\ Clean.build/Debug-iphoneos/HOMEY\ Clean.build/HOMEY\ Clean-own-target-headers.hmap -Xcc -I/Users/ryankanfer/Library/Developer/Xcode/DerivedData/HOMEY_Clean-gafualdnzupkfseuistvwtqbnpqd/Build/Intermediates.noindex/HOMEY\ Clean.build/Debug-iphoneos/HOMEY\ Clean.build/HOMEY\ Clean-all-non-framework-target-headers.hmap -Xcc -ivfsoverlay -Xcc /Users/ryankanfer/Library/Developer/Xcode/DerivedData/HOMEY_Clean-gafualdnzupkfseuistvwtqbnpqd/Build/Intermediates.noindex/HOMEY\ Clean.build/Debug-iphoneos/HOMEY\ Clean-0f55fb2587d36a9d6da7defd35999c5a-VFS-iphoneos/all-product-headers.yaml -Xcc -iquote -Xcc /Users/ryankanfer/Library/Developer/Xcode/DerivedData/HOMEY_Clean-gafualdnzupkfseuistvwtqbnpqd/Build/Intermediates.noindex/HOMEY\ Clean.build/Debug-iphoneos/HOMEY\ Clean.build/HOMEY\ Clean-project-headers.hmap -Xcc -I/Users/ryankanfer/Library/Developer/Xcode/DerivedData/HOMEY_Clean-gafualdnzupkfseuistvwtqbnpqd/Build/Products/Debug-iphoneos/include -Xcc -I/Users/ryankanfer/Library/Developer/Xcode/DerivedData/HOMEY_Clean-gafualdnzupkfseuistvwtqbnpqd/Build/Intermediates.noindex/HOMEY\ Clean.build/Debug-iphoneos/HOMEY\ Clean.build/DerivedSources-normal/arm64 -Xcc -I/Users/ryankanfer/Library/Developer/Xcode/DerivedData/HOMEY_Clean-gafualdnzupkfseuistvwtqbnpqd/Build/Intermediates.noindex/HOMEY\ Clean.build/Debug-iphoneos/HOMEY\ Clean.build/DerivedSources/arm64 -Xcc -I/Users/ryankanfer/Library/Developer/Xcode/DerivedData/HOMEY_Clean-gafualdnzupkfseuistvwtqbnpqd/Build/Intermediates.noindex/HOMEY\ Clean.build/Debug-iphoneos/HOMEY\ Clean.build/DerivedSources -Xcc -DDEBUG\=1 -no-auto-bridging-header-chaining -module-name HOMEY_Clean -frontend-parseable-output -disable-clang-spi -target-sdk-version 26.0 -target-sdk-name iphoneos26.0 -clang-target arm64-apple-ios26.0 -in-process-plugin-server-path /Applications/Xcode.app/Contents/Developer/Toolchains/XcodeDefault.xctoolchain/usr/lib/swift/host/libSwiftInProcPluginServer.dylib -emit-module-doc-path /Users/ryankanfer/Library/Developer/Xcode/DerivedData/HOMEY_Clean-gafualdnzupkfseuistvwtqbnpqd/Build/Intermediates.noindex/HOMEY\ Clean.build/Debug-iphoneos/HOMEY\ Clean.build/Objects-normal/arm64/HOMEY_Clean.swiftdoc -emit-module-source-info-path /Users/ryankanfer/Library/Developer/Xcode/DerivedData/HOMEY_Clean-gafualdnzupkfseuistvwtqbnpqd/Build/Intermediates.noindex/HOMEY\ Clean.build/Debug-iphoneos/HOMEY\ Clean.build/Objects-normal/arm64/HOMEY_Clean.swiftsourceinfo -emit-objc-header-path /Users/ryankanfer/Library/Developer/Xcode/DerivedData/HOMEY_Clean-gafualdnzupkfseuistvwtqbnpqd/Build/Intermediates.noindex/HOMEY\ Clean.build/Debug-iphoneos/HOMEY\ Clean.build/Objects-normal/arm64/HOMEY_Clean-Swift.h -serialize-diagnostics-path /Users/ryankanfer/Library/Developer/Xcode/DerivedData/HOMEY_Clean-gafualdnzupkfseuistvwtqbnpqd/Build/Intermediates.noindex/HOMEY\ Clean.build/Debug-iphoneos/HOMEY\ Clean.build/Objects-normal/arm64/HOMEY\ Clean-primary-emit-module.dia -emit-dependencies-path /Users/ryankanfer/Library/Developer/Xcode/DerivedData/HOMEY_Clean-gafualdnzupkfseuistvwtqbnpqd/Build/Intermediates.noindex/HOMEY\ Clean.build/Debug-iphoneos/HOMEY\ Clean.build/Objects-normal/arm64/HOMEY\ Clean-primary-emit-module.d -o /Users/ryankanfer/Library/Developer/Xcode/DerivedData/HOMEY_Clean-gafualdnzupkfseuistvwtqbnpqd/Build/Intermediates.noindex/HOMEY\ Clean.build/Debug-iphoneos/HOMEY\ Clean.build/Objects-normal/arm64/HOMEY_Clean.swiftmodule -emit-abi-descriptor-path /Users/ryankanfer/Library/Developer/Xcode/DerivedData/HOMEY_Clean-gafualdnzupkfseuistvwtqbnpqd/Build/Intermediates.noindex/HOMEY\ Clean.build/Debug-iphoneos/HOMEY\ Clean.build/Objects-normal/arm64/HOMEY_Clean.abi.json

EmitSwiftModule normal arm64 (in target 'HOMEY Clean' from project 'HOMEY Clean')
    cd /Users/ryankanfer/Documents/Developer/HOMEY\ Clean
    
/Users/ryankanfer/Library/Developer/Xcode/DerivedData/HOMEY_Clean-gafualdnzupkfseuistvwtqbnpqd/Build/Intermediates.noindex/HOMEY Clean.build/Debug-iphoneos/HOMEY Clean.build/DerivedSources/GeneratedAssetSymbols.swift:672:14: warning: The "Primary" color asset name resolves to a conflicting Color symbol "primary". Try renaming the asset.
    #warning("The \"Primary\" color asset name resolves to a conflicting Color symbol \"primary\". Try renaming the asset.")
             ^~~~~~~~~~~~~~~~~~~~~~~~~~~~~~~~~~~~~~~~~~~~~~~~~~~~~~~~~~~~~~~~~~~~~~~~~~~~~~~~~~~~~~~~~~~~~~~~~~~~~~~~~~~~~~
/Users/ryankanfer/Documents/Developer/HOMEY Clean/HOMEY Clean/Core/Design/TRAEMicroInteractions.swift:476:45: warning: backward matching of the unlabeled trailing closure is deprecated; label the argument with 'onLongPress' to suppress this warning
            .traeInteractive(type: .button) {
                                          ~ ^
                                          , onLongPress: 
/Users/ryankanfer/Documents/Developer/HOMEY Clean/HOMEY Clean/Core/Design/TRAEMicroInteractions.swift:440:10: note: 'traeInteractive(type:isEnabled:onTap:onLongPress:)' declared here
    func traeInteractive(
         ^
/Users/ryankanfer/Library/Developer/Xcode/DerivedData/HOMEY_Clean-gafualdnzupkfseuistvwtqbnpqd/Build/Intermediates.noindex/HOMEY Clean.build/Debug-iphoneos/HOMEY Clean.build/DerivedSources/GeneratedAssetSymbols.swift:30:14: warning: The "AccentColor" color asset name resolves to the symbol "accent" which already exists. Try renaming the asset.
    #warning("The \"AccentColor\" color asset name resolves to the symbol \"accent\" which already exists. Try renaming the asset.")
             ^~~~~~~~~~~~~~~~~~~~~~~~~~~~~~~~~~~~~~~~~~~~~~~~~~~~~~~~~~~~~~~~~~~~~~~~~~~~~~~~~~~~~~~~~~~~~~~~~~~~~~~~~~~~~~~~~~~~~~
/Users/ryankanfer/Documents/Developer/HOMEY Clean/HOMEY Clean/Views/SettingsView.swift:227:5: warning: 'SettingsView' is deprecated: Use ComprehensiveSettingsView via AppRoute.settings
    SettingsView()
    ^
/Users/ryankanfer/Documents/Developer/HOMEY Clean/HOMEY Clean/Data/Repositories/DocumentsRepository.swift:101:30: warning: 'database' is deprecated: Direct access to database is deprecated, please use one of the available methods such as, SupabaseClient.from(_:), SupabaseClient.rpc(_:params:), or SupabaseClient.schema(_:).
        _ = try await client.database.from("documents").insert(
                             ^
/Users/ryankanfer/Documents/Developer/HOMEY Clean/HOMEY Clean/Data/Repositories/DocumentsRepository.swift:137:78: warning: 'database' is deprecated: Direct access to database is deprecated, please use one of the available methods such as, SupabaseClient.from(_:), SupabaseClient.rpc(_:params:), or SupabaseClient.schema(_:).
        let response: PostgrestResponse<[DocumentRecord]> = try await client.database.from("documents").insert(
                                                                             ^
/Users/ryankanfer/Documents/Developer/HOMEY Clean/HOMEY Clean/Data/Repositories/DocumentsRepository.swift:175:30: warning: 'database' is deprecated: Direct access to database is deprecated, please use one of the available methods such as, SupabaseClient.from(_:), SupabaseClient.rpc(_:params:), or SupabaseClient.schema(_:).
        _ = try await client.database.from("documents")
                             ^
/Users/ryankanfer/Documents/Developer/HOMEY Clean/HOMEY Clean/Data/Repositories/DocumentsRepository.swift:202:30: warning: 'database' is deprecated: Direct access to database is deprecated, please use one of the available methods such as, SupabaseClient.from(_:), SupabaseClient.rpc(_:params:), or SupabaseClient.schema(_:).
        _ = try await client.database.from("documents")
                             ^
/Users/ryankanfer/Documents/Developer/HOMEY Clean/HOMEY Clean/Features/Documents/DocumentsView.swift:93:1: warning: extension declares a conformance of imported type 'String' to imported protocol 'Identifiable'; this will not behave correctly if the owners of 'Swift' introduce this conformance in the future
extension String: Identifiable {
^
/Users/ryankanfer/Documents/Developer/HOMEY Clean/HOMEY Clean/Features/Documents/DocumentsView.swift:93:1: note: add '@retroactive' to silence this warning
extension String: Identifiable {
^                 ~~~~~~~~~~~~
                  @retroactive Identifiable
/Users/ryankanfer/Documents/Developer/HOMEY Clean/HOMEY Clean/Features/Search/AISearchEngine.swift:313:17: error: 'Property' is ambiguous for type lookup in this context
    ) async -> [Property] {
                ^~~~~~~~
/Users/ryankanfer/Documents/Developer/HOMEY Clean/HOMEY Clean/Features/Search/SearchViewModel.swift:259:8: note: found this candidate
struct Property: Identifiable, Codable {
       ^
/Users/ryankanfer/Documents/Developer/HOMEY Clean/HOMEY Clean/Features/SpatialComputing/SpatialComputingEngine.swift:303:8: note: found this candidate
struct Property {
       ^
/Users/ryankanfer/Documents/Developer/HOMEY Clean/HOMEY Clean/Intelligence/Engine/FourDimensionalVisualizationEngine.swift:414:8: note: found this candidate
struct Property {
       ^
/Users/ryankanfer/Documents/Developer/HOMEY Clean/HOMEY Clean/Features/Search/AISearchEngine.swift:355:57: error: 'Property' is ambiguous for type lookup in this context
    private func calculateLifestyleMatchScore(property: Property, lifestyle: LifestylePreferences) -> Double {
                                                        ^~~~~~~~
/Users/ryankanfer/Documents/Developer/HOMEY Clean/HOMEY Clean/Features/Search/SearchViewModel.swift:259:8: note: found this candidate
struct Property: Identifiable, Codable {
       ^
/Users/ryankanfer/Documents/Developer/HOMEY Clean/HOMEY Clean/Features/SpatialComputing/SpatialComputingEngine.swift:303:8: note: found this candidate
struct Property {
       ^
/Users/ryankanfer/Documents/Developer/HOMEY Clean/HOMEY Clean/Intelligence/Engine/FourDimensionalVisualizationEngine.swift:414:8: note: found this candidate
struct Property {
       ^
/Users/ryankanfer/Documents/Developer/HOMEY Clean/HOMEY Clean/Features/Search/AISearchEngine.swift:376:39: error: 'Property' is ambiguous for type lookup in this context
    private func mockProperties() -> [Property] {
                                      ^~~~~~~~
/Users/ryankanfer/Documents/Developer/HOMEY Clean/HOMEY Clean/Features/Search/SearchViewModel.swift:259:8: note: found this candidate
struct Property: Identifiable, Codable {
       ^
/Users/ryankanfer/Documents/Developer/HOMEY Clean/HOMEY Clean/Features/SpatialComputing/SpatialComputingEngine.swift:303:8: note: found this candidate
struct Property {
       ^
/Users/ryankanfer/Documents/Developer/HOMEY Clean/HOMEY Clean/Intelligence/Engine/FourDimensionalVisualizationEngine.swift:414:8: note: found this candidate
struct Property {
       ^
/Users/ryankanfer/Documents/Developer/HOMEY Clean/HOMEY Clean/Features/Search/AISearchEngine.swift:430:22: error: 'Property' is ambiguous for type lookup in this context
    let properties: [Property]
                     ^~~~~~~~
/Users/ryankanfer/Documents/Developer/HOMEY Clean/HOMEY Clean/Features/Search/SearchViewModel.swift:259:8: note: found this candidate
struct Property: Identifiable, Codable {
       ^
/Users/ryankanfer/Documents/Developer/HOMEY Clean/HOMEY Clean/Features/SpatialComputing/SpatialComputingEngine.swift:303:8: note: found this candidate
struct Property {
       ^
/Users/ryankanfer/Documents/Developer/HOMEY Clean/HOMEY Clean/Intelligence/Engine/FourDimensionalVisualizationEngine.swift:414:8: note: found this candidate
struct Property {
       ^
/Users/ryankanfer/Documents/Developer/HOMEY Clean/HOMEY Clean/Features/Search/EmotionalPropertyMatcher.swift:13:17: error: 'Property' is ambiguous for type lookup in this context
    ) async -> [Property] {
                ^~~~~~~~
/Users/ryankanfer/Documents/Developer/HOMEY Clean/HOMEY Clean/Features/Search/SearchViewModel.swift:259:8: note: found this candidate
struct Property: Identifiable, Codable {
       ^
/Users/ryankanfer/Documents/Developer/HOMEY Clean/HOMEY Clean/Features/SpatialComputing/SpatialComputingEngine.swift:303:8: note: found this candidate
struct Property {
       ^
/Users/ryankanfer/Documents/Developer/HOMEY Clean/HOMEY Clean/Intelligence/Engine/FourDimensionalVisualizationEngine.swift:414:8: note: found this candidate
struct Property {
       ^
/Users/ryankanfer/Documents/Developer/HOMEY Clean/HOMEY Clean/Features/Search/EmotionalPropertyMatcher.swift:10:22: error: 'Property' is ambiguous for type lookup in this context
        properties: [Property],
                     ^~~~~~~~
/Users/ryankanfer/Documents/Developer/HOMEY Clean/HOMEY Clean/Features/Search/SearchViewModel.swift:259:8: note: found this candidate
struct Property: Identifiable, Codable {
       ^
/Users/ryankanfer/Documents/Developer/HOMEY Clean/HOMEY Clean/Features/SpatialComputing/SpatialComputingEngine.swift:303:8: note: found this candidate
struct Property {
       ^
/Users/ryankanfer/Documents/Developer/HOMEY Clean/HOMEY Clean/Intelligence/Engine/FourDimensionalVisualizationEngine.swift:414:8: note: found this candidate
struct Property {
       ^
/Users/ryankanfer/Documents/Developer/HOMEY Clean/HOMEY Clean/Features/Search/EmotionalPropertyMatcher.swift:54:19: error: 'Property' is ambiguous for type lookup in this context
        property: Property,
                  ^~~~~~~~
/Users/ryankanfer/Documents/Developer/HOMEY Clean/HOMEY Clean/Features/Search/SearchViewModel.swift:259:8: note: found this candidate
struct Property: Identifiable, Codable {
       ^
/Users/ryankanfer/Documents/Developer/HOMEY Clean/HOMEY Clean/Features/SpatialComputing/SpatialComputingEngine.swift:303:8: note: found this candidate
struct Property {
       ^
/Users/ryankanfer/Documents/Developer/HOMEY Clean/HOMEY Clean/Intelligence/Engine/FourDimensionalVisualizationEngine.swift:414:8: note: found this candidate
struct Property {
       ^
/Users/ryankanfer/Documents/Developer/HOMEY Clean/HOMEY Clean/Features/Search/EmotionalPropertyMatcher.swift:101:19: error: 'Property' is ambiguous for type lookup in this context
        property: Property,
                  ^~~~~~~~
/Users/ryankanfer/Documents/Developer/HOMEY Clean/HOMEY Clean/Features/Search/SearchViewModel.swift:259:8: note: found this candidate
struct Property: Identifiable, Codable {
       ^
/Users/ryankanfer/Documents/Developer/HOMEY Clean/HOMEY Clean/Features/SpatialComputing/SpatialComputingEngine.swift:303:8: note: found this candidate
struct Property {
       ^
/Users/ryankanfer/Documents/Developer/HOMEY Clean/HOMEY Clean/Intelligence/Engine/FourDimensionalVisualizationEngine.swift:414:8: note: found this candidate
struct Property {
       ^
/Users/ryankanfer/Documents/Developer/HOMEY Clean/HOMEY Clean/Features/Search/EmotionalPropertyMatcher.swift:166:19: error: 'Property' is ambiguous for type lookup in this context
        property: Property,
                  ^~~~~~~~
/Users/ryankanfer/Documents/Developer/HOMEY Clean/HOMEY Clean/Features/Search/SearchViewModel.swift:259:8: note: found this candidate
struct Property: Identifiable, Codable {
       ^
/Users/ryankanfer/Documents/Developer/HOMEY Clean/HOMEY Clean/Features/SpatialComputing/SpatialComputingEngine.swift:303:8: note: found this candidate
struct Property {
       ^
/Users/ryankanfer/Documents/Developer/HOMEY Clean/HOMEY Clean/Intelligence/Engine/FourDimensionalVisualizationEngine.swift:414:8: note: found this candidate
struct Property {
       ^
/Users/ryankanfer/Documents/Developer/HOMEY Clean/HOMEY Clean/Features/Search/EmotionalPropertyMatcher.swift:311:49: error: 'Property' is ambiguous for type lookup in this context
    private func hasModernAmenities(_ property: Property) -> Bool {
                                                ^~~~~~~~
/Users/ryankanfer/Documents/Developer/HOMEY Clean/HOMEY Clean/Features/Search/SearchViewModel.swift:259:8: note: found this candidate
struct Property: Identifiable, Codable {
       ^
/Users/ryankanfer/Documents/Developer/HOMEY Clean/HOMEY Clean/Features/SpatialComputing/SpatialComputingEngine.swift:303:8: note: found this candidate
struct Property {
       ^
/Users/ryankanfer/Documents/Developer/HOMEY Clean/HOMEY Clean/Intelligence/Engine/FourDimensionalVisualizationEngine.swift:414:8: note: found this candidate
struct Property {
       ^
/Users/ryankanfer/Documents/Developer/HOMEY Clean/HOMEY Clean/Features/Search/EmotionalPropertyMatcher.swift:316:51: error: 'Property' is ambiguous for type lookup in this context
    private func hasReliableAmenities(_ property: Property) -> Bool {
                                                  ^~~~~~~~
/Users/ryankanfer/Documents/Developer/HOMEY Clean/HOMEY Clean/Features/Search/SearchViewModel.swift:259:8: note: found this candidate
struct Property: Identifiable, Codable {
       ^
/Users/ryankanfer/Documents/Developer/HOMEY Clean/HOMEY Clean/Features/SpatialComputing/SpatialComputingEngine.swift:303:8: note: found this candidate
struct Property {
       ^
/Users/ryankanfer/Documents/Developer/HOMEY Clean/HOMEY Clean/Intelligence/Engine/FourDimensionalVisualizationEngine.swift:414:8: note: found this candidate
struct Property {
       ^
/Users/ryankanfer/Documents/Developer/HOMEY Clean/HOMEY Clean/Features/Search/EmotionalPropertyMatcher.swift:321:43: error: 'Property' is ambiguous for type lookup in this context
    private func hasGoodValue(_ property: Property) -> Bool {
                                          ^~~~~~~~
/Users/ryankanfer/Documents/Developer/HOMEY Clean/HOMEY Clean/Features/Search/SearchViewModel.swift:259:8: note: found this candidate
struct Property: Identifiable, Codable {
       ^
/Users/ryankanfer/Documents/Developer/HOMEY Clean/HOMEY Clean/Features/SpatialComputing/SpatialComputingEngine.swift:303:8: note: found this candidate
struct Property {
       ^
/Users/ryankanfer/Documents/Developer/HOMEY Clean/HOMEY Clean/Intelligence/Engine/FourDimensionalVisualizationEngine.swift:414:8: note: found this candidate
struct Property {
       ^
/Users/ryankanfer/Documents/Developer/HOMEY Clean/HOMEY Clean/Features/Search/EmotionalPropertyMatcher.swift:327:52: error: 'Property' is ambiguous for type lookup in this context
    private func hasEssentialAmenities(_ property: Property) -> Bool {
                                                   ^~~~~~~~
/Users/ryankanfer/Documents/Developer/HOMEY Clean/HOMEY Clean/Features/Search/SearchViewModel.swift:259:8: note: found this candidate
struct Property: Identifiable, Codable {
       ^
/Users/ryankanfer/Documents/Developer/HOMEY Clean/HOMEY Clean/Features/SpatialComputing/SpatialComputingEngine.swift:303:8: note: found this candidate
struct Property {
       ^
/Users/ryankanfer/Documents/Developer/HOMEY Clean/HOMEY Clean/Intelligence/Engine/FourDimensionalVisualizationEngine.swift:414:8: note: found this candidate
struct Property {
       ^
/Users/ryankanfer/Documents/Developer/HOMEY Clean/HOMEY Clean/Features/Search/EmotionalPropertyMatcher.swift:332:53: error: 'Property' is ambiguous for type lookup in this context
    private func calculateBalancedScore(_ property: Property, _ neighborhood: String) -> Double {
                                                    ^~~~~~~~
/Users/ryankanfer/Documents/Developer/HOMEY Clean/HOMEY Clean/Features/Search/SearchViewModel.swift:259:8: note: found this candidate
struct Property: Identifiable, Codable {
       ^
/Users/ryankanfer/Documents/Developer/HOMEY Clean/HOMEY Clean/Features/SpatialComputing/SpatialComputingEngine.swift:303:8: note: found this candidate
struct Property {
       ^
/Users/ryankanfer/Documents/Developer/HOMEY Clean/HOMEY Clean/Intelligence/Engine/FourDimensionalVisualizationEngine.swift:414:8: note: found this candidate
struct Property {
       ^
/Users/ryankanfer/Documents/Developer/HOMEY Clean/HOMEY Clean/Features/Search/EmotionalPropertyMatcher.swift:351:19: error: 'Property' is ambiguous for type lookup in this context
    let property: Property
                  ^~~~~~~~
/Users/ryankanfer/Documents/Developer/HOMEY Clean/HOMEY Clean/Features/Search/SearchViewModel.swift:259:8: note: found this candidate
struct Property: Identifiable, Codable {
       ^
/Users/ryankanfer/Documents/Developer/HOMEY Clean/HOMEY Clean/Features/SpatialComputing/SpatialComputingEngine.swift:303:8: note: found this candidate
struct Property {
       ^
/Users/ryankanfer/Documents/Developer/HOMEY Clean/HOMEY Clean/Intelligence/Engine/FourDimensionalVisualizationEngine.swift:414:8: note: found this candidate
struct Property {
       ^
/Users/ryankanfer/Documents/Developer/HOMEY Clean/HOMEY Clean/Features/Search/MatchmakerView.swift:154:67: error: 'Property' is ambiguous for type lookup in this context
    private func handleSwipe(direction: SwipeDirection, property: Property) {
                                                                  ^~~~~~~~
/Users/ryankanfer/Documents/Developer/HOMEY Clean/HOMEY Clean/Features/Search/SearchViewModel.swift:259:8: note: found this candidate
struct Property: Identifiable, Codable {
       ^
/Users/ryankanfer/Documents/Developer/HOMEY Clean/HOMEY Clean/Features/SpatialComputing/SpatialComputingEngine.swift:303:8: note: found this candidate
struct Property {
       ^
/Users/ryankanfer/Documents/Developer/HOMEY Clean/HOMEY Clean/Intelligence/Engine/FourDimensionalVisualizationEngine.swift:414:8: note: found this candidate
struct Property {
       ^
/Users/ryankanfer/Documents/Developer/HOMEY Clean/HOMEY Clean/Features/Search/MatchmakerView.swift:175:19: error: 'Property' is ambiguous for type lookup in this context
    let property: Property
                  ^~~~~~~~
/Users/ryankanfer/Documents/Developer/HOMEY Clean/HOMEY Clean/Features/Search/SearchViewModel.swift:259:8: note: found this candidate
struct Property: Identifiable, Codable {
       ^
/Users/ryankanfer/Documents/Developer/HOMEY Clean/HOMEY Clean/Features/SpatialComputing/SpatialComputingEngine.swift:303:8: note: found this candidate
struct Property {
       ^
/Users/ryankanfer/Documents/Developer/HOMEY Clean/HOMEY Clean/Intelligence/Engine/FourDimensionalVisualizationEngine.swift:414:8: note: found this candidate
struct Property {
       ^
/Users/ryankanfer/Documents/Developer/HOMEY Clean/HOMEY Clean/Features/Search/MatchmakerViewModel.swift:6:33: error: 'Property' is ambiguous for type lookup in this context
    @Published var properties: [Property] = []
                                ^~~~~~~~
/Users/ryankanfer/Documents/Developer/HOMEY Clean/HOMEY Clean/Features/Search/SearchViewModel.swift:259:8: note: found this candidate
struct Property: Identifiable, Codable {
       ^
/Users/ryankanfer/Documents/Developer/HOMEY Clean/HOMEY Clean/Features/SpatialComputing/SpatialComputingEngine.swift:303:8: note: found this candidate
struct Property {
       ^
/Users/ryankanfer/Documents/Developer/HOMEY Clean/HOMEY Clean/Intelligence/Engine/FourDimensionalVisualizationEngine.swift:414:8: note: found this candidate
struct Property {
       ^
/Users/ryankanfer/Documents/Developer/HOMEY Clean/HOMEY Clean/Features/Search/MatchmakerViewModel.swift:38:35: error: 'Property' is ambiguous for type lookup in this context
    func saveProperty(_ property: Property) {
                                  ^~~~~~~~
/Users/ryankanfer/Documents/Developer/HOMEY Clean/HOMEY Clean/Features/Search/SearchViewModel.swift:259:8: note: found this candidate
struct Property: Identifiable, Codable {
       ^
/Users/ryankanfer/Documents/Developer/HOMEY Clean/HOMEY Clean/Features/SpatialComputing/SpatialComputingEngine.swift:303:8: note: found this candidate
struct Property {
       ^
/Users/ryankanfer/Documents/Developer/HOMEY Clean/HOMEY Clean/Intelligence/Engine/FourDimensionalVisualizationEngine.swift:414:8: note: found this candidate
struct Property {
       ^
/Users/ryankanfer/Documents/Developer/HOMEY Clean/HOMEY Clean/Features/Search/MatchmakerViewModel.swift:43:35: error: 'Property' is ambiguous for type lookup in this context
    func passProperty(_ property: Property) {
                                  ^~~~~~~~
/Users/ryankanfer/Documents/Developer/HOMEY Clean/HOMEY Clean/Features/Search/SearchViewModel.swift:259:8: note: found this candidate
struct Property: Identifiable, Codable {
       ^
/Users/ryankanfer/Documents/Developer/HOMEY Clean/HOMEY Clean/Features/SpatialComputing/SpatialComputingEngine.swift:303:8: note: found this candidate
struct Property {
       ^
/Users/ryankanfer/Documents/Developer/HOMEY Clean/HOMEY Clean/Intelligence/Engine/FourDimensionalVisualizationEngine.swift:414:8: note: found this candidate
struct Property {
       ^
/Users/ryankanfer/Documents/Developer/HOMEY Clean/HOMEY Clean/Features/Search/MatchmakerViewModel.swift:48:34: error: 'Property' is ambiguous for type lookup in this context
    func requestTour(_ property: Property) {
                                 ^~~~~~~~
/Users/ryankanfer/Documents/Developer/HOMEY Clean/HOMEY Clean/Features/Search/SearchViewModel.swift:259:8: note: found this candidate
struct Property: Identifiable, Codable {
       ^
/Users/ryankanfer/Documents/Developer/HOMEY Clean/HOMEY Clean/Features/SpatialComputing/SpatialComputingEngine.swift:303:8: note: found this candidate
struct Property {
       ^
/Users/ryankanfer/Documents/Developer/HOMEY Clean/HOMEY Clean/Intelligence/Engine/FourDimensionalVisualizationEngine.swift:414:8: note: found this candidate
struct Property {
       ^
/Users/ryankanfer/Documents/Developer/HOMEY Clean/HOMEY Clean/Features/Search/MatchmakerViewModel.swift:69:55: error: 'Property' is ambiguous for type lookup in this context
    private func generatePersonalizedProperties() -> [Property] {
                                                      ^~~~~~~~
/Users/ryankanfer/Documents/Developer/HOMEY Clean/HOMEY Clean/Features/Search/SearchViewModel.swift:259:8: note: found this candidate
struct Property: Identifiable, Codable {
       ^
/Users/ryankanfer/Documents/Developer/HOMEY Clean/HOMEY Clean/Features/SpatialComputing/SpatialComputingEngine.swift:303:8: note: found this candidate
struct Property {
       ^
/Users/ryankanfer/Documents/Developer/HOMEY Clean/HOMEY Clean/Intelligence/Engine/FourDimensionalVisualizationEngine.swift:414:8: note: found this candidate
struct Property {
       ^
/Users/ryankanfer/Documents/Developer/HOMEY Clean/HOMEY Clean/Features/Search/SearchTabView.swift:384:19: error: 'Property' is ambiguous for type lookup in this context
    let results: [Property]
                  ^~~~~~~~
/Users/ryankanfer/Documents/Developer/HOMEY Clean/HOMEY Clean/Features/Search/SearchViewModel.swift:259:8: note: found this candidate
struct Property: Identifiable, Codable {
       ^
/Users/ryankanfer/Documents/Developer/HOMEY Clean/HOMEY Clean/Features/SpatialComputing/SpatialComputingEngine.swift:303:8: note: found this candidate
struct Property {
       ^
/Users/ryankanfer/Documents/Developer/HOMEY Clean/HOMEY Clean/Intelligence/Engine/FourDimensionalVisualizationEngine.swift:414:8: note: found this candidate
struct Property {
       ^
/Users/ryankanfer/Documents/Developer/HOMEY Clean/HOMEY Clean/Features/Search/SearchTabView.swift:385:25: error: 'Property' is ambiguous for type lookup in this context
    let onPropertyTap: (Property) -> Void
                        ^~~~~~~~
/Users/ryankanfer/Documents/Developer/HOMEY Clean/HOMEY Clean/Features/Search/SearchViewModel.swift:259:8: note: found this candidate
struct Property: Identifiable, Codable {
       ^
/Users/ryankanfer/Documents/Developer/HOMEY Clean/HOMEY Clean/Features/SpatialComputing/SpatialComputingEngine.swift:303:8: note: found this candidate
struct Property {
       ^
/Users/ryankanfer/Documents/Developer/HOMEY Clean/HOMEY Clean/Intelligence/Engine/FourDimensionalVisualizationEngine.swift:414:8: note: found this candidate
struct Property {
       ^
/Users/ryankanfer/Documents/Developer/HOMEY Clean/HOMEY Clean/Features/Search/SearchTabView.swift:386:18: error: 'Property' is ambiguous for type lookup in this context
    let onSave: (Property) -> Void
                 ^~~~~~~~
/Users/ryankanfer/Documents/Developer/HOMEY Clean/HOMEY Clean/Features/Search/SearchViewModel.swift:259:8: note: found this candidate
struct Property: Identifiable, Codable {
       ^
/Users/ryankanfer/Documents/Developer/HOMEY Clean/HOMEY Clean/Features/SpatialComputing/SpatialComputingEngine.swift:303:8: note: found this candidate
struct Property {
       ^
/Users/ryankanfer/Documents/Developer/HOMEY Clean/HOMEY Clean/Intelligence/Engine/FourDimensionalVisualizationEngine.swift:414:8: note: found this candidate
struct Property {
       ^
/Users/ryankanfer/Documents/Developer/HOMEY Clean/HOMEY Clean/Features/Search/SearchTabView.swift:387:25: error: 'Property' is ambiguous for type lookup in this context
    let onTourRequest: (Property) -> Void
                        ^~~~~~~~
/Users/ryankanfer/Documents/Developer/HOMEY Clean/HOMEY Clean/Features/Search/SearchViewModel.swift:259:8: note: found this candidate
struct Property: Identifiable, Codable {
       ^
/Users/ryankanfer/Documents/Developer/HOMEY Clean/HOMEY Clean/Features/SpatialComputing/SpatialComputingEngine.swift:303:8: note: found this candidate
struct Property {
       ^
/Users/ryankanfer/Documents/Developer/HOMEY Clean/HOMEY Clean/Intelligence/Engine/FourDimensionalVisualizationEngine.swift:414:8: note: found this candidate
struct Property {
       ^
/Users/ryankanfer/Documents/Developer/HOMEY Clean/HOMEY Clean/Features/Search/SearchTabView.swift:412:27: error: 'Property' is ambiguous for type lookup in this context
    let recommendations: [Property]
                          ^~~~~~~~
/Users/ryankanfer/Documents/Developer/HOMEY Clean/HOMEY Clean/Features/Search/SearchViewModel.swift:259:8: note: found this candidate
struct Property: Identifiable, Codable {
       ^
/Users/ryankanfer/Documents/Developer/HOMEY Clean/HOMEY Clean/Features/SpatialComputing/SpatialComputingEngine.swift:303:8: note: found this candidate
struct Property {
       ^
/Users/ryankanfer/Documents/Developer/HOMEY Clean/HOMEY Clean/Intelligence/Engine/FourDimensionalVisualizationEngine.swift:414:8: note: found this candidate
struct Property {
       ^
/Users/ryankanfer/Documents/Developer/HOMEY Clean/HOMEY Clean/Features/Search/SearchTabView.swift:413:25: error: 'Property' is ambiguous for type lookup in this context
    let onPropertyTap: (Property) -> Void
                        ^~~~~~~~
/Users/ryankanfer/Documents/Developer/HOMEY Clean/HOMEY Clean/Features/Search/SearchViewModel.swift:259:8: note: found this candidate
struct Property: Identifiable, Codable {
       ^
/Users/ryankanfer/Documents/Developer/HOMEY Clean/HOMEY Clean/Features/SpatialComputing/SpatialComputingEngine.swift:303:8: note: found this candidate
struct Property {
       ^
/Users/ryankanfer/Documents/Developer/HOMEY Clean/HOMEY Clean/Intelligence/Engine/FourDimensionalVisualizationEngine.swift:414:8: note: found this candidate
struct Property {
       ^
/Users/ryankanfer/Documents/Developer/HOMEY Clean/HOMEY Clean/Features/Search/SearchTabView.swift:414:18: error: 'Property' is ambiguous for type lookup in this context
    let onSave: (Property) -> Void
                 ^~~~~~~~
/Users/ryankanfer/Documents/Developer/HOMEY Clean/HOMEY Clean/Features/Search/SearchViewModel.swift:259:8: note: found this candidate
struct Property: Identifiable, Codable {
       ^
/Users/ryankanfer/Documents/Developer/HOMEY Clean/HOMEY Clean/Features/SpatialComputing/SpatialComputingEngine.swift:303:8: note: found this candidate
struct Property {
       ^
/Users/ryankanfer/Documents/Developer/HOMEY Clean/HOMEY Clean/Intelligence/Engine/FourDimensionalVisualizationEngine.swift:414:8: note: found this candidate
struct Property {
       ^
/Users/ryankanfer/Documents/Developer/HOMEY Clean/HOMEY Clean/Features/Search/SearchTabView.swift:415:25: error: 'Property' is ambiguous for type lookup in this context
    let onTourRequest: (Property) -> Void
                        ^~~~~~~~
/Users/ryankanfer/Documents/Developer/HOMEY Clean/HOMEY Clean/Features/Search/SearchViewModel.swift:259:8: note: found this candidate
struct Property: Identifiable, Codable {
       ^
/Users/ryankanfer/Documents/Developer/HOMEY Clean/HOMEY Clean/Features/SpatialComputing/SpatialComputingEngine.swift:303:8: note: found this candidate
struct Property {
       ^
/Users/ryankanfer/Documents/Developer/HOMEY Clean/HOMEY Clean/Intelligence/Engine/FourDimensionalVisualizationEngine.swift:414:8: note: found this candidate
struct Property {
       ^
/Users/ryankanfer/Documents/Developer/HOMEY Clean/HOMEY Clean/Features/Search/SearchTabView.swift:440:19: error: 'Property' is ambiguous for type lookup in this context
    let property: Property
                  ^~~~~~~~
/Users/ryankanfer/Documents/Developer/HOMEY Clean/HOMEY Clean/Features/Search/SearchViewModel.swift:259:8: note: found this candidate
struct Property: Identifiable, Codable {
       ^
/Users/ryankanfer/Documents/Developer/HOMEY Clean/HOMEY Clean/Features/SpatialComputing/SpatialComputingEngine.swift:303:8: note: found this candidate
struct Property {
       ^
/Users/ryankanfer/Documents/Developer/HOMEY Clean/HOMEY Clean/Intelligence/Engine/FourDimensionalVisualizationEngine.swift:414:8: note: found this candidate
struct Property {
       ^
/Users/ryankanfer/Documents/Developer/HOMEY Clean/HOMEY Clean/Features/Search/SearchViewModel.swift:6:36: error: 'Property' is ambiguous for type lookup in this context
    @Published var searchResults: [Property] = []
                                   ^~~~~~~~
/Users/ryankanfer/Documents/Developer/HOMEY Clean/HOMEY Clean/Features/Search/SearchViewModel.swift:259:8: note: found this candidate
struct Property: Identifiable, Codable {
       ^
/Users/ryankanfer/Documents/Developer/HOMEY Clean/HOMEY Clean/Features/SpatialComputing/SpatialComputingEngine.swift:303:8: note: found this candidate
struct Property {
       ^
/Users/ryankanfer/Documents/Developer/HOMEY Clean/HOMEY Clean/Intelligence/Engine/FourDimensionalVisualizationEngine.swift:414:8: note: found this candidate
struct Property {
       ^
/Users/ryankanfer/Documents/Developer/HOMEY Clean/HOMEY Clean/Features/Search/SearchViewModel.swift:7:38: error: 'Property' is ambiguous for type lookup in this context
    @Published var recommendations: [Property] = []
                                     ^~~~~~~~
/Users/ryankanfer/Documents/Developer/HOMEY Clean/HOMEY Clean/Features/Search/SearchViewModel.swift:259:8: note: found this candidate
struct Property: Identifiable, Codable {
       ^
/Users/ryankanfer/Documents/Developer/HOMEY Clean/HOMEY Clean/Features/SpatialComputing/SpatialComputingEngine.swift:303:8: note: found this candidate
struct Property {
       ^
/Users/ryankanfer/Documents/Developer/HOMEY Clean/HOMEY Clean/Intelligence/Engine/FourDimensionalVisualizationEngine.swift:414:8: note: found this candidate
struct Property {
       ^
/Users/ryankanfer/Documents/Developer/HOMEY Clean/HOMEY Clean/Features/Search/SearchViewModel.swift:137:35: error: 'Property' is ambiguous for type lookup in this context
    func saveProperty(_ property: Property) {
                                  ^~~~~~~~
/Users/ryankanfer/Documents/Developer/HOMEY Clean/HOMEY Clean/Features/Search/SearchViewModel.swift:259:8: note: found this candidate
struct Property: Identifiable, Codable {
       ^
/Users/ryankanfer/Documents/Developer/HOMEY Clean/HOMEY Clean/Features/SpatialComputing/SpatialComputingEngine.swift:303:8: note: found this candidate
struct Property {
       ^
/Users/ryankanfer/Documents/Developer/HOMEY Clean/HOMEY Clean/Intelligence/Engine/FourDimensionalVisualizationEngine.swift:414:8: note: found this candidate
struct Property {
       ^
/Users/ryankanfer/Documents/Developer/HOMEY Clean/HOMEY Clean/Features/Search/SearchViewModel.swift:142:34: error: 'Property' is ambiguous for type lookup in this context
    func requestTour(_ property: Property) {
                                 ^~~~~~~~
/Users/ryankanfer/Documents/Developer/HOMEY Clean/HOMEY Clean/Features/Search/SearchViewModel.swift:259:8: note: found this candidate
struct Property: Identifiable, Codable {
       ^
/Users/ryankanfer/Documents/Developer/HOMEY Clean/HOMEY Clean/Features/SpatialComputing/SpatialComputingEngine.swift:303:8: note: found this candidate
struct Property {
       ^
/Users/ryankanfer/Documents/Developer/HOMEY Clean/HOMEY Clean/Intelligence/Engine/FourDimensionalVisualizationEngine.swift:414:8: note: found this candidate
struct Property {
       ^
/Users/ryankanfer/Documents/Developer/HOMEY Clean/HOMEY Clean/Features/Search/SearchViewModel.swift:155:73: error: 'Property' is ambiguous for type lookup in this context
    private func applyFiltersToProperties(_ properties: [Property]) -> [Property] {
                                                                        ^~~~~~~~
/Users/ryankanfer/Documents/Developer/HOMEY Clean/HOMEY Clean/Features/Search/SearchViewModel.swift:259:8: note: found this candidate
struct Property: Identifiable, Codable {
       ^
/Users/ryankanfer/Documents/Developer/HOMEY Clean/HOMEY Clean/Features/SpatialComputing/SpatialComputingEngine.swift:303:8: note: found this candidate
struct Property {
       ^
/Users/ryankanfer/Documents/Developer/HOMEY Clean/HOMEY Clean/Intelligence/Engine/FourDimensionalVisualizationEngine.swift:414:8: note: found this candidate
struct Property {
       ^
/Users/ryankanfer/Documents/Developer/HOMEY Clean/HOMEY Clean/Features/Search/SearchViewModel.swift:155:58: error: 'Property' is ambiguous for type lookup in this context
    private func applyFiltersToProperties(_ properties: [Property]) -> [Property] {
                                                         ^~~~~~~~
/Users/ryankanfer/Documents/Developer/HOMEY Clean/HOMEY Clean/Features/Search/SearchViewModel.swift:259:8: note: found this candidate
struct Property: Identifiable, Codable {
       ^
/Users/ryankanfer/Documents/Developer/HOMEY Clean/HOMEY Clean/Features/SpatialComputing/SpatialComputingEngine.swift:303:8: note: found this candidate
struct Property {
       ^
/Users/ryankanfer/Documents/Developer/HOMEY Clean/HOMEY Clean/Intelligence/Engine/FourDimensionalVisualizationEngine.swift:414:8: note: found this candidate
struct Property {
       ^
/Users/ryankanfer/Documents/Developer/HOMEY Clean/HOMEY Clean/Features/Search/SearchViewModel.swift:188:59: error: 'Property' is ambiguous for type lookup in this context
    private func mockSearchResults(for query: String) -> [Property] {
                                                          ^~~~~~~~
/Users/ryankanfer/Documents/Developer/HOMEY Clean/HOMEY Clean/Features/Search/SearchViewModel.swift:259:8: note: found this candidate
struct Property: Identifiable, Codable {
       ^
/Users/ryankanfer/Documents/Developer/HOMEY Clean/HOMEY Clean/Features/SpatialComputing/SpatialComputingEngine.swift:303:8: note: found this candidate
struct Property {
       ^
/Users/ryankanfer/Documents/Developer/HOMEY Clean/HOMEY Clean/Intelligence/Engine/FourDimensionalVisualizationEngine.swift:414:8: note: found this candidate
struct Property {
       ^
/Users/ryankanfer/Documents/Developer/HOMEY Clean/HOMEY Clean/Features/Search/SearchViewModel.swift:202:44: error: 'Property' is ambiguous for type lookup in this context
    private func mockRecommendations() -> [Property] {
                                           ^~~~~~~~
/Users/ryankanfer/Documents/Developer/HOMEY Clean/HOMEY Clean/Features/Search/SearchViewModel.swift:259:8: note: found this candidate
struct Property: Identifiable, Codable {
       ^
/Users/ryankanfer/Documents/Developer/HOMEY Clean/HOMEY Clean/Features/SpatialComputing/SpatialComputingEngine.swift:303:8: note: found this candidate
struct Property {
       ^
/Users/ryankanfer/Documents/Developer/HOMEY Clean/HOMEY Clean/Intelligence/Engine/FourDimensionalVisualizationEngine.swift:414:8: note: found this candidate
struct Property {
       ^
/Users/ryankanfer/Documents/Developer/HOMEY Clean/HOMEY Clean/Features/Search/SearchViewModel.swift:259:8: error: invalid redeclaration of 'Property'
struct Property: Identifiable, Codable {
       ^
/Users/ryankanfer/Documents/Developer/HOMEY Clean/HOMEY Clean/Features/SpatialComputing/SpatialComputingEngine.swift:303:8: note: 'Property' previously declared here
struct Property {
       ^
/Users/ryankanfer/Documents/Developer/HOMEY Clean/HOMEY Clean/Features/SpatialComputing/SpatialComputingEngine.swift:303:8: note: 'Property' previously declared here
struct Property {
       ^
/Users/ryankanfer/Documents/Developer/HOMEY Clean/HOMEY Clean/Features/SpatialComputing/HolographicAREngine.swift:340:32: warning: conformance of 'HolographicAREngine' to protocol 'ARSessionDelegate' crosses into main actor-isolated code and can cause data races; this is an error in the Swift 6 language mode
extension HolographicAREngine: ARSessionDelegate {
                               ^
/Users/ryankanfer/Documents/Developer/HOMEY Clean/HOMEY Clean/Features/SpatialComputing/HolographicAREngine.swift:340:32: note: isolate this conformance to the main actor with '@MainActor'
extension HolographicAREngine: ARSessionDelegate {
                               ^
                               @MainActor 
/Users/ryankanfer/Documents/Developer/HOMEY Clean/HOMEY Clean/Features/SpatialComputing/HolographicAREngine.swift:340:1: note: mark all declarations used in the conformance 'nonisolated'
extension HolographicAREngine: ARSessionDelegate {
^
/Users/ryankanfer/Documents/Developer/HOMEY Clean/HOMEY Clean/Features/SpatialComputing/HolographicAREngine.swift:340:32: note: turn data races into runtime errors with '@preconcurrency'
extension HolographicAREngine: ARSessionDelegate {
                               ^
                               @preconcurrency 
/Users/ryankanfer/Documents/Developer/HOMEY Clean/HOMEY Clean/Features/SpatialComputing/HolographicAREngine.swift:341:10: note: main actor-isolated instance method 'session(_:didAdd:)' cannot satisfy nonisolated requirement
    func session(_ session: ARSession, didAdd anchors: [ARAnchor]) {
         ^
/Users/ryankanfer/Documents/Developer/HOMEY Clean/HOMEY Clean/Features/SpatialComputing/HolographicAREngine.swift:347:10: note: main actor-isolated instance method 'session(_:didUpdate:)' cannot satisfy nonisolated requirement
    func session(_ session: ARSession, didUpdate anchors: [ARAnchor]) {
         ^
/Users/ryankanfer/Documents/Developer/HOMEY Clean/HOMEY Clean/Features/SpatialComputing/SpatialComputingEngine.swift:48:47: error: 'Property' is ambiguous for type lookup in this context
    func startImmersivePropertyTour(property: Property) async {
                                              ^~~~~~~~
/Users/ryankanfer/Documents/Developer/HOMEY Clean/HOMEY Clean/Features/Search/SearchViewModel.swift:259:8: note: found this candidate
struct Property: Identifiable, Codable {
       ^
/Users/ryankanfer/Documents/Developer/HOMEY Clean/HOMEY Clean/Features/SpatialComputing/SpatialComputingEngine.swift:303:8: note: found this candidate
struct Property {
       ^
/Users/ryankanfer/Documents/Developer/HOMEY Clean/HOMEY Clean/Intelligence/Engine/FourDimensionalVisualizationEngine.swift:414:8: note: found this candidate
struct Property {
       ^
/Users/ryankanfer/Documents/Developer/HOMEY Clean/HOMEY Clean/Features/SpatialComputing/SpatialComputingEngine.swift:63:57: error: 'Property' is ambiguous for type lookup in this context
    private func initializeSpatialMapping(for property: Property) async {
                                                        ^~~~~~~~
/Users/ryankanfer/Documents/Developer/HOMEY Clean/HOMEY Clean/Features/Search/SearchViewModel.swift:259:8: note: found this candidate
struct Property: Identifiable, Codable {
       ^
/Users/ryankanfer/Documents/Developer/HOMEY Clean/HOMEY Clean/Features/SpatialComputing/SpatialComputingEngine.swift:303:8: note: found this candidate
struct Property {
       ^
/Users/ryankanfer/Documents/Developer/HOMEY Clean/HOMEY Clean/Intelligence/Engine/FourDimensionalVisualizationEngine.swift:414:8: note: found this candidate
struct Property {
       ^
/Users/ryankanfer/Documents/Developer/HOMEY Clean/HOMEY Clean/Features/SpatialComputing/SpatialComputingEngine.swift:80:52: error: 'Property' is ambiguous for type lookup in this context
    private func loadPropertyARContent(_ property: Property) async {
                                                   ^~~~~~~~
/Users/ryankanfer/Documents/Developer/HOMEY Clean/HOMEY Clean/Features/Search/SearchViewModel.swift:259:8: note: found this candidate
struct Property: Identifiable, Codable {
       ^
/Users/ryankanfer/Documents/Developer/HOMEY Clean/HOMEY Clean/Features/SpatialComputing/SpatialComputingEngine.swift:303:8: note: found this candidate
struct Property {
       ^
/Users/ryankanfer/Documents/Developer/HOMEY Clean/HOMEY Clean/Intelligence/Engine/FourDimensionalVisualizationEngine.swift:414:8: note: found this candidate
struct Property {
       ^
/Users/ryankanfer/Documents/Developer/HOMEY Clean/HOMEY Clean/Features/SpatialComputing/SpatialComputingEngine.swift:278:44: error: 'Property' is ambiguous for type lookup in this context
    func setupPropertyAmbience(_ property: Property) async {
                                           ^~~~~~~~
/Users/ryankanfer/Documents/Developer/HOMEY Clean/HOMEY Clean/Features/Search/SearchViewModel.swift:259:8: note: found this candidate
struct Property: Identifiable, Codable {
       ^
/Users/ryankanfer/Documents/Developer/HOMEY Clean/HOMEY Clean/Features/SpatialComputing/SpatialComputingEngine.swift:303:8: note: found this candidate
struct Property {
       ^
/Users/ryankanfer/Documents/Developer/HOMEY Clean/HOMEY Clean/Intelligence/Engine/FourDimensionalVisualizationEngine.swift:414:8: note: found this candidate
struct Property {
       ^
/Users/ryankanfer/Documents/Developer/HOMEY Clean/HOMEY Clean/Features/SpatialComputing/SpatialComputingEngine.swift:303:8: error: invalid redeclaration of 'Property'
struct Property {
       ^
/Users/ryankanfer/Documents/Developer/HOMEY Clean/HOMEY Clean/Intelligence/Engine/FourDimensionalVisualizationEngine.swift:414:8: note: 'Property' previously declared here
struct Property {
       ^
/Users/ryankanfer/Documents/Developer/HOMEY Clean/HOMEY Clean/Intelligence/Engine/FourDimensionalVisualizationEngine.swift:414:8: note: 'Property' previously declared here
struct Property {
       ^
/Users/ryankanfer/Documents/Developer/HOMEY Clean/HOMEY Clean/Features/Viza/Components/ColorPaletteRow.swift:12:18: error: 'ColorPalette' is ambiguous for type lookup in this context
    let palette: ColorPalette
                 ^~~~~~~~~~~~
/Users/ryankanfer/Documents/Developer/HOMEY Clean/HOMEY Clean/Features/Viza/Models/VizaVisionModels.swift:65:8: note: found this candidate
struct ColorPalette: Identifiable, Codable, Hashable {
       ^
/Users/ryankanfer/Documents/Developer/HOMEY Clean/HOMEY Clean/Intelligence/Engine/FourDimensionalVisualizationEngine.swift:705:8: note: found this candidate
struct ColorPalette { let primary: [Color]; let secondary: [Color] }
       ^
/Users/ryankanfer/Documents/Developer/HOMEY Clean/HOMEY Clean/Features/Viza/Components/ProjectionDome.swift:348:50: error: 'ColorPalette' is ambiguous for type lookup in this context
    private func paletteReflections(for palette: ColorPalette) -> some View {
                                                 ^~~~~~~~~~~~
/Users/ryankanfer/Documents/Developer/HOMEY Clean/HOMEY Clean/Features/Viza/Models/VizaVisionModels.swift:65:8: note: found this candidate
struct ColorPalette: Identifiable, Codable, Hashable {
       ^
/Users/ryankanfer/Documents/Developer/HOMEY Clean/HOMEY Clean/Intelligence/Engine/FourDimensionalVisualizationEngine.swift:705:8: note: found this candidate
struct ColorPalette { let primary: [Color]; let secondary: [Color] }
       ^
/Users/ryankanfer/Documents/Developer/HOMEY Clean/HOMEY Clean/Features/Viza/Models/VizaVisionModels.swift:180:18: error: 'ColorPalette' is ambiguous for type lookup in this context
    let palette: ColorPalette
                 ^~~~~~~~~~~~
/Users/ryankanfer/Documents/Developer/HOMEY Clean/HOMEY Clean/Features/Viza/Models/VizaVisionModels.swift:65:8: note: found this candidate
struct ColorPalette: Identifiable, Codable, Hashable {
       ^
/Users/ryankanfer/Documents/Developer/HOMEY Clean/HOMEY Clean/Intelligence/Engine/FourDimensionalVisualizationEngine.swift:705:8: note: found this candidate
struct ColorPalette { let primary: [Color]; let secondary: [Color] }
       ^
/Users/ryankanfer/Documents/Developer/HOMEY Clean/HOMEY Clean/Features/Viza/Models/VizaVisionModels.swift:65:8: error: invalid redeclaration of 'ColorPalette'
struct ColorPalette: Identifiable, Codable, Hashable {
       ^
/Users/ryankanfer/Documents/Developer/HOMEY Clean/HOMEY Clean/Intelligence/Engine/FourDimensionalVisualizationEngine.swift:705:8: note: 'ColorPalette' previously declared here
struct ColorPalette { let primary: [Color]; let secondary: [Color] }
       ^
/Users/ryankanfer/Documents/Developer/HOMEY Clean/HOMEY Clean/Intelligence/Engine/FourDimensionalVisualizationEngine.swift:705:8: note: 'ColorPalette' previously declared here
struct ColorPalette { let primary: [Color]; let secondary: [Color] }
       ^
/Users/ryankanfer/Documents/Developer/HOMEY Clean/HOMEY Clean/Features/Viza/Models/VizaVisionModels.swift:176:8: error: type 'ScenePreset' does not conform to protocol 'Decodable'
struct ScenePreset: Identifiable, Codable, Hashable {
       ^
Swift.Decodable.init:2:1: note: protocol requires initializer 'init(from:)' with type 'Decodable'
init(from decoder: any Decoder) throws}
^
/Users/ryankanfer/Documents/Developer/HOMEY Clean/HOMEY Clean/Features/Viza/Models/VizaVisionModels.swift:180:9: note: cannot automatically synthesize 'Decodable' because 'ColorPalette' does not conform to 'Decodable'
    let palette: ColorPalette
        ^
/Users/ryankanfer/Documents/Developer/HOMEY Clean/HOMEY Clean/Features/Viza/Models/VizaVisionModels.swift:176:8: error: type 'ScenePreset' does not conform to protocol 'Encodable'
struct ScenePreset: Identifiable, Codable, Hashable {
       ^
Swift.Encodable.encode:2:6: note: protocol requires function 'encode(to:)' with type 'Encodable'
func encode(to encoder: any Encoder) throws}
     ^
/Users/ryankanfer/Documents/Developer/HOMEY Clean/HOMEY Clean/Features/Viza/Models/VizaVisionModels.swift:180:9: note: cannot automatically synthesize 'Encodable' because 'ColorPalette' does not conform to 'Encodable'
    let palette: ColorPalette
        ^
/Users/ryankanfer/Documents/Developer/HOMEY Clean/HOMEY Clean/Features/Viza/Models/VizaVisionModels.swift:176:8: error: type 'ScenePreset' does not conform to protocol 'Hashable'
struct ScenePreset: Identifiable, Codable, Hashable {
       ^
/Users/ryankanfer/Documents/Developer/HOMEY Clean/HOMEY Clean/Features/Viza/Models/VizaVisionModels.swift:180:9: note: stored property type '<<error type>>' does not conform to protocol 'Hashable', preventing synthesized conformance of 'ScenePreset' to 'Hashable'
    let palette: ColorPalette
        ^
/Users/ryankanfer/Documents/Developer/HOMEY Clean/HOMEY Clean/Features/Viza/Models/VizaVisionModels.swift:176:8: error: type 'ScenePreset' does not conform to protocol 'Equatable'
struct ScenePreset: Identifiable, Codable, Hashable {
       ^
/Users/ryankanfer/Documents/Developer/HOMEY Clean/HOMEY Clean/Features/Viza/Models/VizaVisionModels.swift:180:9: note: stored property type '<<error type>>' does not conform to protocol 'Equatable', preventing synthesized conformance of 'ScenePreset' to 'Equatable'
    let palette: ColorPalette
        ^
Swift.==:1:24: note: candidate would match if 'ScenePreset' conformed to 'RawRepresentable'
@inlinable public func == <T>(lhs: T, rhs: T) -> Bool where T : RawRepresentable, T.RawValue : Equatable
                       ^
Swift.FloatingPoint.==:2:20: note: candidate would match if 'ScenePreset' conformed to 'FloatingPoint'
public static func == (lhs: Self, rhs: Self) -> Bool}
                   ^
Swift.BinaryInteger.==:2:20: note: candidate would match if 'ScenePreset' conformed to 'BinaryInteger'
public static func == <Other>(lhs: Self, rhs: Other) -> Bool where Other : BinaryInteger}
                   ^
Swift._Pointer.==:2:20: note: candidate would match if 'ScenePreset' conformed to '_Pointer'
public static func == (lhs: Self, rhs: Self) -> Bool}
                   ^
Swift._Pointer.==:2:31: note: candidate would match if 'ScenePreset' conformed to '_Pointer'
@inlinable public static func == <Other>(lhs: Self, rhs: Other) -> Bool where Other : _Pointer}
                              ^
Swift.Strideable.==:2:31: note: candidate would match if 'ScenePreset' conformed to 'Strideable'
@inlinable public static func == (x: Self, y: Self) -> Bool}
                              ^
Swift.StringProtocol.==:2:31: note: candidate would match if 'ScenePreset' conformed to 'StringProtocol'
@inlinable public static func == <RHS>(lhs: Self, rhs: RHS) -> Bool where RHS : StringProtocol}
                              ^
Swift.SIMD.==:2:20: note: candidate would match if 'ScenePreset' conformed to 'SIMD'
public static func == (a: Self, b: Self) -> Bool}
                   ^
Foundation.AttributedStringProtocol.==:2:20: note: candidate would match if 'ScenePreset' conformed to 'AttributedStringProtocol'
public static func == <RHS>(lhs: Self, rhs: RHS) -> Bool where RHS : AttributedStringProtocol}
                   ^
Foundation._BridgedStoredNSError.==:2:20: note: candidate would match if 'ScenePreset' conformed to '_BridgedStoredNSError'
public static func == (lhs: Self, rhs: Self) -> Bool}
                   ^
CoreFoundation._CFObject.==:2:20: note: candidate would match if 'ScenePreset' conformed to '_CFObject'
public static func == (left: Self, right: Self) -> Bool}
                   ^
/Users/ryankanfer/Documents/Developer/HOMEY Clean/HOMEY Clean/Features/Viza/Models/VizaVisionModels.swift:176:8: note: add stubs for conformance
struct ScenePreset: Identifiable, Codable, Hashable {
       ^
Swift.Equatable.==:2:13: note: protocol requires function '==' with type '(ScenePreset, ScenePreset) -> Bool'
static func == (lhs: Self, rhs: Self) -> Bool}
            ^
/Users/ryankanfer/Documents/Developer/HOMEY Clean/HOMEY Clean/Features/Viza/Models/VizaVisionModels.swift:321:26: error: 'ColorPalette' is ambiguous for type lookup in this context
    var selectedPalette: ColorPalette?
                         ^~~~~~~~~~~~
/Users/ryankanfer/Documents/Developer/HOMEY Clean/HOMEY Clean/Features/Viza/Models/VizaVisionModels.swift:65:8: note: found this candidate
struct ColorPalette: Identifiable, Codable, Hashable {
       ^
/Users/ryankanfer/Documents/Developer/HOMEY Clean/HOMEY Clean/Intelligence/Engine/FourDimensionalVisualizationEngine.swift:705:8: note: found this candidate
struct ColorPalette { let primary: [Color]; let secondary: [Color] }
       ^
/Users/ryankanfer/Documents/Developer/HOMEY Clean/HOMEY Clean/Features/Viza/Models/VizaVisionModels.swift:315:8: error: type 'StylingSession' does not conform to protocol 'Decodable'
struct StylingSession: Identifiable, Codable {
       ^
Swift.Decodable.init:2:1: note: protocol requires initializer 'init(from:)' with type 'Decodable'
init(from decoder: any Decoder) throws}
^
/Users/ryankanfer/Documents/Developer/HOMEY Clean/HOMEY Clean/Features/Viza/Models/VizaVisionModels.swift:321:9: note: cannot automatically synthesize 'Decodable' because 'ColorPalette?' does not conform to 'Decodable'
    var selectedPalette: ColorPalette?
        ^
/Users/ryankanfer/Documents/Developer/HOMEY Clean/HOMEY Clean/Features/Viza/Models/VizaVisionModels.swift:315:8: error: type 'StylingSession' does not conform to protocol 'Encodable'
struct StylingSession: Identifiable, Codable {
       ^
Swift.Encodable.encode:2:6: note: protocol requires function 'encode(to:)' with type 'Encodable'
func encode(to encoder: any Encoder) throws}
     ^
/Users/ryankanfer/Documents/Developer/HOMEY Clean/HOMEY Clean/Features/Viza/Models/VizaVisionModels.swift:321:9: note: cannot automatically synthesize 'Encodable' because 'ColorPalette?' does not conform to 'Encodable'
    var selectedPalette: ColorPalette?
        ^
/Users/ryankanfer/Documents/Developer/HOMEY Clean/HOMEY Clean/Features/Viza/Models/VizaVisionModels.swift:441:11: error: 'ColorPalette' is ambiguous for type lookup in this context
extension ColorPalette {
          ^~~~~~~~~~~~
/Users/ryankanfer/Documents/Developer/HOMEY Clean/HOMEY Clean/Features/Viza/Models/VizaVisionModels.swift:65:8: note: found this candidate
struct ColorPalette: Identifiable, Codable, Hashable {
       ^
/Users/ryankanfer/Documents/Developer/HOMEY Clean/HOMEY Clean/Intelligence/Engine/FourDimensionalVisualizationEngine.swift:705:8: note: found this candidate
struct ColorPalette { let primary: [Color]; let secondary: [Color] }
       ^
/Users/ryankanfer/Documents/Developer/HOMEY Clean/HOMEY Clean/Features/Viza/Models/VizaVisionModels.swift:176:8: error: type 'ScenePreset' does not conform to protocol 'Decodable'
struct ScenePreset: Identifiable, Codable, Hashable {
       ^
Swift.Decodable.init:2:1: note: protocol requires initializer 'init(from:)' with type 'Decodable'
init(from decoder: any Decoder) throws}
^
/Users/ryankanfer/Documents/Developer/HOMEY Clean/HOMEY Clean/Features/Viza/Models/VizaVisionModels.swift:180:9: note: cannot automatically synthesize 'Decodable' because 'ColorPalette' does not conform to 'Decodable'
    let palette: ColorPalette
        ^
/Users/ryankanfer/Documents/Developer/HOMEY Clean/HOMEY Clean/Features/Viza/Models/VizaVisionModels.swift:480:22: error: cannot infer contextual base in reference to member 'cozyLuxe'
            vision: .cozyLuxe,
                    ~^~~~~~~~
/Users/ryankanfer/Documents/Developer/HOMEY Clean/HOMEY Clean/Features/Viza/Models/VizaVisionModels.swift:481:35: error: type 'ColorPalette' has no member 'samplePalettes'
            palette: ColorPalette.samplePalettes[2],
                     ~~~~~~~~~~~~ ^~~~~~~~~~~~~~
/Users/ryankanfer/Documents/Developer/HOMEY Clean/HOMEY Clean/Features/Viza/Models/VizaVisionModels.swift:492:22: error: cannot infer contextual base in reference to member 'minimal'
            vision: .minimal,
                    ~^~~~~~~
/Users/ryankanfer/Documents/Developer/HOMEY Clean/HOMEY Clean/Features/Viza/Models/VizaVisionModels.swift:493:35: error: type 'ColorPalette' has no member 'samplePalettes'
            palette: ColorPalette.samplePalettes[0],
                     ~~~~~~~~~~~~ ^~~~~~~~~~~~~~
/Users/ryankanfer/Documents/Developer/HOMEY Clean/HOMEY Clean/Features/Viza/Models/VizaVisionModels.swift:504:22: error: cannot infer contextual base in reference to member 'industrial'
            vision: .industrial,
                    ~^~~~~~~~~~
/Users/ryankanfer/Documents/Developer/HOMEY Clean/HOMEY Clean/Features/Viza/Models/VizaVisionModels.swift:505:35: error: type 'ColorPalette' has no member 'samplePalettes'
            palette: ColorPalette.samplePalettes[1],
                     ~~~~~~~~~~~~ ^~~~~~~~~~~~~~
/Users/ryankanfer/Documents/Developer/HOMEY Clean/HOMEY Clean/Features/Viza/ViewModels/VizaVisionViewModel.swift:17:40: error: 'ColorPalette' is ambiguous for type lookup in this context
    @Published var availablePalettes: [ColorPalette] = ColorPalette.samplePalettes
                                       ^~~~~~~~~~~~
/Users/ryankanfer/Documents/Developer/HOMEY Clean/HOMEY Clean/Features/Viza/Models/VizaVisionModels.swift:65:8: note: found this candidate
struct ColorPalette: Identifiable, Codable, Hashable {
       ^
/Users/ryankanfer/Documents/Developer/HOMEY Clean/HOMEY Clean/Intelligence/Engine/FourDimensionalVisualizationEngine.swift:705:8: note: found this candidate
struct ColorPalette { let primary: [Color]; let secondary: [Color] }
       ^
/Users/ryankanfer/Documents/Developer/HOMEY Clean/HOMEY Clean/Features/Viza/ViewModels/VizaVisionViewModel.swift:24:37: error: 'ColorPalette' is ambiguous for type lookup in this context
    @Published var selectedPalette: ColorPalette?
                                    ^~~~~~~~~~~~
/Users/ryankanfer/Documents/Developer/HOMEY Clean/HOMEY Clean/Features/Viza/Models/VizaVisionModels.swift:65:8: note: found this candidate
struct ColorPalette: Identifiable, Codable, Hashable {
       ^
/Users/ryankanfer/Documents/Developer/HOMEY Clean/HOMEY Clean/Intelligence/Engine/FourDimensionalVisualizationEngine.swift:705:8: note: found this candidate
struct ColorPalette { let primary: [Color]; let secondary: [Color] }
       ^
/Users/ryankanfer/Documents/Developer/HOMEY Clean/HOMEY Clean/Features/Viza/ViewModels/VizaVisionViewModel.swift:166:35: error: 'ColorPalette' is ambiguous for type lookup in this context
    func selectPalette(_ palette: ColorPalette) {
                                  ^~~~~~~~~~~~
/Users/ryankanfer/Documents/Developer/HOMEY Clean/HOMEY Clean/Features/Viza/Models/VizaVisionModels.swift:65:8: note: found this candidate
struct ColorPalette: Identifiable, Codable, Hashable {
       ^
/Users/ryankanfer/Documents/Developer/HOMEY Clean/HOMEY Clean/Intelligence/Engine/FourDimensionalVisualizationEngine.swift:705:8: note: found this candidate
struct ColorPalette { let primary: [Color]; let secondary: [Color] }
       ^
/Users/ryankanfer/Documents/Developer/HOMEY Clean/HOMEY Clean/Features/Viza/ViewModels/VizaVisionViewModel.swift:178:53: error: 'ColorPalette' is ambiguous for type lookup in this context
    private func applyPaletteToFurniture(_ palette: ColorPalette) {
                                                    ^~~~~~~~~~~~
/Users/ryankanfer/Documents/Developer/HOMEY Clean/HOMEY Clean/Features/Viza/Models/VizaVisionModels.swift:65:8: note: found this candidate
struct ColorPalette: Identifiable, Codable, Hashable {
       ^
/Users/ryankanfer/Documents/Developer/HOMEY Clean/HOMEY Clean/Intelligence/Engine/FourDimensionalVisualizationEngine.swift:705:8: note: found this candidate
struct ColorPalette { let primary: [Color]; let secondary: [Color] }
       ^
/Users/ryankanfer/Documents/Developer/HOMEY Clean/HOMEY Clean/Features/Viza/ViewModels/VizaVisionViewModel.swift:193:50: error: 'ColorPalette' is ambiguous for type lookup in this context
    private func updateDomeForPalette(_ palette: ColorPalette) {
                                                 ^~~~~~~~~~~~
/Users/ryankanfer/Documents/Developer/HOMEY Clean/HOMEY Clean/Features/Viza/Models/VizaVisionModels.swift:65:8: note: found this candidate
struct ColorPalette: Identifiable, Codable, Hashable {
       ^
/Users/ryankanfer/Documents/Developer/HOMEY Clean/HOMEY Clean/Intelligence/Engine/FourDimensionalVisualizationEngine.swift:705:8: note: found this candidate
struct ColorPalette { let primary: [Color]; let secondary: [Color] }
       ^
/Users/ryankanfer/Documents/Developer/HOMEY Clean/HOMEY Clean/Intelligence/API/IntelligenceAPI.swift:5:29: error: 'UserContext' is ambiguous for type lookup in this context
    public let userContext: UserContext
                            ^~~~~~~~~~~
/Users/ryankanfer/Documents/Developer/HOMEY Clean/HOMEY Clean/Intelligence/Engine/QuantumUIEngine.swift:624:6: note: found this candidate
enum UserContext {
     ^
/Users/ryankanfer/Documents/Developer/HOMEY Clean/HOMEY Clean/Intelligence/Stores/CrossScreenContext.swift:53:15: note: found this candidate
public struct UserContext: Codable, Hashable {
              ^
/Users/ryankanfer/Documents/Developer/HOMEY Clean/HOMEY Clean/Intelligence/API/IntelligenceAPI.swift:4:15: error: type 'IntelligenceContextResponse' does not conform to protocol 'Decodable'
public struct IntelligenceContextResponse: Codable {
              ^
Swift.Decodable.init:2:1: note: protocol requires initializer 'init(from:)' with type 'Decodable'
init(from decoder: any Decoder) throws}
^
/Users/ryankanfer/Documents/Developer/HOMEY Clean/HOMEY Clean/Intelligence/API/IntelligenceAPI.swift:5:16: note: cannot automatically synthesize 'Decodable' because 'UserContext' does not conform to 'Decodable'
    public let userContext: UserContext
               ^
/Users/ryankanfer/Documents/Developer/HOMEY Clean/HOMEY Clean/Intelligence/API/IntelligenceAPI.swift:4:15: error: type 'IntelligenceContextResponse' does not conform to protocol 'Encodable'
public struct IntelligenceContextResponse: Codable {
              ^
Swift.Encodable.encode:2:6: note: protocol requires function 'encode(to:)' with type 'Encodable'
func encode(to encoder: any Encoder) throws}
     ^
/Users/ryankanfer/Documents/Developer/HOMEY Clean/HOMEY Clean/Intelligence/API/IntelligenceAPI.swift:5:16: note: cannot automatically synthesize 'Encodable' because 'UserContext' does not conform to 'Encodable'
    public let userContext: UserContext
               ^
/Users/ryankanfer/Documents/Developer/HOMEY Clean/HOMEY Clean/Intelligence/Engine/BlockchainIdentityEngine.swift:146:35: error: call can throw, but errors cannot be thrown out of a property initializer
    private let networkListener = NWListener(using: .tcp, on: 8080)
                                  ^
/Users/ryankanfer/Documents/Developer/HOMEY Clean/HOMEY Clean/Intelligence/Engine/BlockchainIdentityEngine.swift:288:8: error: type 'DataRequest' does not conform to protocol 'Decodable'
struct DataRequest: Codable {
       ^
Swift.Decodable.init:2:1: note: protocol requires initializer 'init(from:)' with type 'Decodable'
init(from decoder: any Decoder) throws}
^
/Users/ryankanfer/Documents/Developer/HOMEY Clean/HOMEY Clean/Intelligence/Engine/BlockchainIdentityEngine.swift:290:9: note: cannot automatically synthesize 'Decodable' because 'RequestType' does not conform to 'Decodable'
    let requestType: RequestType
        ^
/Users/ryankanfer/Documents/Developer/HOMEY Clean/HOMEY Clean/Intelligence/Engine/BlockchainIdentityEngine.swift:288:8: error: type 'DataRequest' does not conform to protocol 'Encodable'
struct DataRequest: Codable {
       ^
Swift.Encodable.encode:2:6: note: protocol requires function 'encode(to:)' with type 'Encodable'
func encode(to encoder: any Encoder) throws}
     ^
/Users/ryankanfer/Documents/Developer/HOMEY Clean/HOMEY Clean/Intelligence/Engine/BlockchainIdentityEngine.swift:290:9: note: cannot automatically synthesize 'Encodable' because 'RequestType' does not conform to 'Encodable'
    let requestType: RequestType
        ^
/Users/ryankanfer/Documents/Developer/HOMEY Clean/HOMEY Clean/Intelligence/Engine/FourDimensionalVisualizationEngine.swift:18:35: error: 'Season' is ambiguous for type lookup in this context
    @Published var seasonalState: Season = .current
                                  ^~~~~~
/Users/ryankanfer/Documents/Developer/HOMEY Clean/HOMEY Clean/Intelligence/Engine/FourDimensionalVisualizationEngine.swift:401:6: note: found this candidate
enum Season: CaseIterable {
     ^
/Users/ryankanfer/Documents/Developer/HOMEY Clean/HOMEY Clean/Intelligence/Engine/TemporalPredictionEngine.swift:623:6: note: found this candidate
enum Season {
     ^
/Users/ryankanfer/Documents/Developer/HOMEY Clean/HOMEY Clean/Intelligence/Engine/FourDimensionalVisualizationEngine.swift:40:48: error: 'Property' is ambiguous for type lookup in this context
    func generate4DVisualization(for property: Property) async -> FourDimensionalScene {
                                               ^~~~~~~~
/Users/ryankanfer/Documents/Developer/HOMEY Clean/HOMEY Clean/Features/Search/SearchViewModel.swift:259:8: note: found this candidate
struct Property: Identifiable, Codable {
       ^
/Users/ryankanfer/Documents/Developer/HOMEY Clean/HOMEY Clean/Features/SpatialComputing/SpatialComputingEngine.swift:303:8: note: found this candidate
struct Property {
       ^
/Users/ryankanfer/Documents/Developer/HOMEY Clean/HOMEY Clean/Intelligence/Engine/FourDimensionalVisualizationEngine.swift:414:8: note: found this candidate
struct Property {
       ^
/Users/ryankanfer/Documents/Developer/HOMEY Clean/HOMEY Clean/Intelligence/Engine/FourDimensionalVisualizationEngine.swift:62:40: error: 'Property' is ambiguous for type lookup in this context
    func visualizeAcrossTime(property: Property, timeRange: TimeRange) async -> TemporalVisualization {
                                       ^~~~~~~~
/Users/ryankanfer/Documents/Developer/HOMEY Clean/HOMEY Clean/Features/Search/SearchViewModel.swift:259:8: note: found this candidate
struct Property: Identifiable, Codable {
       ^
/Users/ryankanfer/Documents/Developer/HOMEY Clean/HOMEY Clean/Features/SpatialComputing/SpatialComputingEngine.swift:303:8: note: found this candidate
struct Property {
       ^
/Users/ryankanfer/Documents/Developer/HOMEY Clean/HOMEY Clean/Intelligence/Engine/FourDimensionalVisualizationEngine.swift:414:8: note: found this candidate
struct Property {
       ^
/Users/ryankanfer/Documents/Developer/HOMEY Clean/HOMEY Clean/Intelligence/Engine/FourDimensionalVisualizationEngine.swift:79:46: error: 'Property' is ambiguous for type lookup in this context
    func simulateWeatherConditions(property: Property, conditions: [WeatherCondition]) async -> WeatherVisualization {
                                             ^~~~~~~~
/Users/ryankanfer/Documents/Developer/HOMEY Clean/HOMEY Clean/Features/Search/SearchViewModel.swift:259:8: note: found this candidate
struct Property: Identifiable, Codable {
       ^
/Users/ryankanfer/Documents/Developer/HOMEY Clean/HOMEY Clean/Features/SpatialComputing/SpatialComputingEngine.swift:303:8: note: found this candidate
struct Property {
       ^
/Users/ryankanfer/Documents/Developer/HOMEY Clean/HOMEY Clean/Intelligence/Engine/FourDimensionalVisualizationEngine.swift:414:8: note: found this candidate
struct Property {
       ^
/Users/ryankanfer/Documents/Developer/HOMEY Clean/HOMEY Clean/Intelligence/Engine/FourDimensionalVisualizationEngine.swift:99:43: error: 'Property' is ambiguous for type lookup in this context
    func transformAcrossSeasons(property: Property) async -> SeasonalVisualization {
                                          ^~~~~~~~
/Users/ryankanfer/Documents/Developer/HOMEY Clean/HOMEY Clean/Features/Search/SearchViewModel.swift:259:8: note: found this candidate
struct Property: Identifiable, Codable {
       ^
/Users/ryankanfer/Documents/Developer/HOMEY Clean/HOMEY Clean/Features/SpatialComputing/SpatialComputingEngine.swift:303:8: note: found this candidate
struct Property {
       ^
/Users/ryankanfer/Documents/Developer/HOMEY Clean/HOMEY Clean/Intelligence/Engine/FourDimensionalVisualizationEngine.swift:414:8: note: found this candidate
struct Property {
       ^
/Users/ryankanfer/Documents/Developer/HOMEY Clean/HOMEY Clean/Intelligence/Engine/FourDimensionalVisualizationEngine.swift:120:43: error: 'Property' is ambiguous for type lookup in this context
    func visualizeLifeScenarios(property: Property, scenarios: [LifeScenario]) async -> ScenarioVisualization {
                                          ^~~~~~~~
/Users/ryankanfer/Documents/Developer/HOMEY Clean/HOMEY Clean/Features/Search/SearchViewModel.swift:259:8: note: found this candidate
struct Property: Identifiable, Codable {
       ^
/Users/ryankanfer/Documents/Developer/HOMEY Clean/HOMEY Clean/Features/SpatialComputing/SpatialComputingEngine.swift:303:8: note: found this candidate
struct Property {
       ^
/Users/ryankanfer/Documents/Developer/HOMEY Clean/HOMEY Clean/Intelligence/Engine/FourDimensionalVisualizationEngine.swift:414:8: note: found this candidate
struct Property {
       ^
/Users/ryankanfer/Documents/Developer/HOMEY Clean/HOMEY Clean/Intelligence/Engine/FourDimensionalVisualizationEngine.swift:162:46: error: 'Property' is ambiguous for type lookup in this context
    func renderHyperRealisticScene(property: Property, configuration: RenderConfiguration) async -> HyperRealisticScene {
                                             ^~~~~~~~
/Users/ryankanfer/Documents/Developer/HOMEY Clean/HOMEY Clean/Features/Search/SearchViewModel.swift:259:8: note: found this candidate
struct Property: Identifiable, Codable {
       ^
/Users/ryankanfer/Documents/Developer/HOMEY Clean/HOMEY Clean/Features/SpatialComputing/SpatialComputingEngine.swift:303:8: note: found this candidate
struct Property {
       ^
/Users/ryankanfer/Documents/Developer/HOMEY Clean/HOMEY Clean/Intelligence/Engine/FourDimensionalVisualizationEngine.swift:414:8: note: found this candidate
struct Property {
       ^
/Users/ryankanfer/Documents/Developer/HOMEY Clean/HOMEY Clean/Intelligence/Engine/FourDimensionalVisualizationEngine.swift:184:40: error: 'Property' is ambiguous for type lookup in this context
    func predictFutureStates(property: Property, timeHorizon: TimeInterval) async -> PredictiveVisualization {
                                       ^~~~~~~~
/Users/ryankanfer/Documents/Developer/HOMEY Clean/HOMEY Clean/Features/Search/SearchViewModel.swift:259:8: note: found this candidate
struct Property: Identifiable, Codable {
       ^
/Users/ryankanfer/Documents/Developer/HOMEY Clean/HOMEY Clean/Features/SpatialComputing/SpatialComputingEngine.swift:303:8: note: found this candidate
struct Property {
       ^
/Users/ryankanfer/Documents/Developer/HOMEY Clean/HOMEY Clean/Intelligence/Engine/FourDimensionalVisualizationEngine.swift:414:8: note: found this candidate
struct Property {
       ^
/Users/ryankanfer/Documents/Developer/HOMEY Clean/HOMEY Clean/Intelligence/Engine/FourDimensionalVisualizationEngine.swift:199:48: error: 'Property' is ambiguous for type lookup in this context
    func generateImmersiveExperience(property: Property, userPreferences: FourDVisualizationPreferences) async -> ImmersiveExperience {
                                               ^~~~~~~~
/Users/ryankanfer/Documents/Developer/HOMEY Clean/HOMEY Clean/Features/Search/SearchViewModel.swift:259:8: note: found this candidate
struct Property: Identifiable, Codable {
       ^
/Users/ryankanfer/Documents/Developer/HOMEY Clean/HOMEY Clean/Features/SpatialComputing/SpatialComputingEngine.swift:303:8: note: found this candidate
struct Property {
       ^
/Users/ryankanfer/Documents/Developer/HOMEY Clean/HOMEY Clean/Intelligence/Engine/FourDimensionalVisualizationEngine.swift:414:8: note: found this candidate
struct Property {
       ^
/Users/ryankanfer/Documents/Developer/HOMEY Clean/HOMEY Clean/Intelligence/Engine/FourDimensionalVisualizationEngine.swift:230:46: error: 'Property' is ambiguous for type lookup in this context
    private func createBaseScene(_ property: Property) async -> Scene3D {
                                             ^~~~~~~~
/Users/ryankanfer/Documents/Developer/HOMEY Clean/HOMEY Clean/Features/Search/SearchViewModel.swift:259:8: note: found this candidate
struct Property: Identifiable, Codable {
       ^
/Users/ryankanfer/Documents/Developer/HOMEY Clean/HOMEY Clean/Features/SpatialComputing/SpatialComputingEngine.swift:303:8: note: found this candidate
struct Property {
       ^
/Users/ryankanfer/Documents/Developer/HOMEY Clean/HOMEY Clean/Intelligence/Engine/FourDimensionalVisualizationEngine.swift:414:8: note: found this candidate
struct Property {
       ^
/Users/ryankanfer/Documents/Developer/HOMEY Clean/HOMEY Clean/Intelligence/Engine/FourDimensionalVisualizationEngine.swift:267:50: error: 'Property' is ambiguous for type lookup in this context
    private func calculateComplexity(_ property: Property) -> RenderComplexity {
                                                 ^~~~~~~~
/Users/ryankanfer/Documents/Developer/HOMEY Clean/HOMEY Clean/Features/Search/SearchViewModel.swift:259:8: note: found this candidate
struct Property: Identifiable, Codable {
       ^
/Users/ryankanfer/Documents/Developer/HOMEY Clean/HOMEY Clean/Features/SpatialComputing/SpatialComputingEngine.swift:303:8: note: found this candidate
struct Property {
       ^
/Users/ryankanfer/Documents/Developer/HOMEY Clean/HOMEY Clean/Intelligence/Engine/FourDimensionalVisualizationEngine.swift:414:8: note: found this candidate
struct Property {
       ^
/Users/ryankanfer/Documents/Developer/HOMEY Clean/HOMEY Clean/Intelligence/Engine/FourDimensionalVisualizationEngine.swift:294:50: error: 'Property' is ambiguous for type lookup in this context
    private func generateTemporalFrame(property: Property, time: TimeSlice) async -> TemporalFrame {
                                                 ^~~~~~~~
/Users/ryankanfer/Documents/Developer/HOMEY Clean/HOMEY Clean/Features/Search/SearchViewModel.swift:259:8: note: found this candidate
struct Property: Identifiable, Codable {
       ^
/Users/ryankanfer/Documents/Developer/HOMEY Clean/HOMEY Clean/Features/SpatialComputing/SpatialComputingEngine.swift:303:8: note: found this candidate
struct Property {
       ^
/Users/ryankanfer/Documents/Developer/HOMEY Clean/HOMEY Clean/Intelligence/Engine/FourDimensionalVisualizationEngine.swift:414:8: note: found this candidate
struct Property {
       ^
/Users/ryankanfer/Documents/Developer/HOMEY Clean/HOMEY Clean/Intelligence/Engine/FourDimensionalVisualizationEngine.swift:361:54: error: 'Property' is ambiguous for type lookup in this context
    private func generateAdvancedMaterials(property: Property) async -> AdvancedMaterialSystem { return AdvancedMaterialSystem() }
                                                     ^~~~~~~~
/Users/ryankanfer/Documents/Developer/HOMEY Clean/HOMEY Clean/Features/Search/SearchViewModel.swift:259:8: note: found this candidate
struct Property: Identifiable, Codable {
       ^
/Users/ryankanfer/Documents/Developer/HOMEY Clean/HOMEY Clean/Features/SpatialComputing/SpatialComputingEngine.swift:303:8: note: found this candidate
struct Property {
       ^
/Users/ryankanfer/Documents/Developer/HOMEY Clean/HOMEY Clean/Intelligence/Engine/FourDimensionalVisualizationEngine.swift:414:8: note: found this candidate
struct Property {
       ^
/Users/ryankanfer/Documents/Developer/HOMEY Clean/HOMEY Clean/Intelligence/Engine/FourDimensionalVisualizationEngine.swift:364:51: error: 'Property' is ambiguous for type lookup in this context
    private func predictWeatherPatterns(property: Property, horizon: TimeInterval) async -> [WeatherPrediction] { return [] }
                                                  ^~~~~~~~
/Users/ryankanfer/Documents/Developer/HOMEY Clean/HOMEY Clean/Features/Search/SearchViewModel.swift:259:8: note: found this candidate
struct Property: Identifiable, Codable {
       ^
/Users/ryankanfer/Documents/Developer/HOMEY Clean/HOMEY Clean/Features/SpatialComputing/SpatialComputingEngine.swift:303:8: note: found this candidate
struct Property {
       ^
/Users/ryankanfer/Documents/Developer/HOMEY Clean/HOMEY Clean/Intelligence/Engine/FourDimensionalVisualizationEngine.swift:414:8: note: found this candidate
struct Property {
       ^
/Users/ryankanfer/Documents/Developer/HOMEY Clean/HOMEY Clean/Intelligence/Engine/FourDimensionalVisualizationEngine.swift:365:51: error: 'Property' is ambiguous for type lookup in this context
    private func predictSeasonalChanges(property: Property, horizon: TimeInterval) async -> SeasonalEvolution { return SeasonalEvolution() }
                                                  ^~~~~~~~
/Users/ryankanfer/Documents/Developer/HOMEY Clean/HOMEY Clean/Features/Search/SearchViewModel.swift:259:8: note: found this candidate
struct Property: Identifiable, Codable {
       ^
/Users/ryankanfer/Documents/Developer/HOMEY Clean/HOMEY Clean/Features/SpatialComputing/SpatialComputingEngine.swift:303:8: note: found this candidate
struct Property {
       ^
/Users/ryankanfer/Documents/Developer/HOMEY Clean/HOMEY Clean/Intelligence/Engine/FourDimensionalVisualizationEngine.swift:414:8: note: found this candidate
struct Property {
       ^
/Users/ryankanfer/Documents/Developer/HOMEY Clean/HOMEY Clean/Intelligence/Engine/FourDimensionalVisualizationEngine.swift:366:53: error: 'Property' is ambiguous for type lookup in this context
    private func predictPropertyEvolution(property: Property, horizon: TimeInterval) async -> PropertyEvolution { return PropertyEvolution() }
                                                    ^~~~~~~~
/Users/ryankanfer/Documents/Developer/HOMEY Clean/HOMEY Clean/Features/Search/SearchViewModel.swift:259:8: note: found this candidate
struct Property: Identifiable, Codable {
       ^
/Users/ryankanfer/Documents/Developer/HOMEY Clean/HOMEY Clean/Features/SpatialComputing/SpatialComputingEngine.swift:303:8: note: found this candidate
struct Property {
       ^
/Users/ryankanfer/Documents/Developer/HOMEY Clean/HOMEY Clean/Intelligence/Engine/FourDimensionalVisualizationEngine.swift:414:8: note: found this candidate
struct Property {
       ^
/Users/ryankanfer/Documents/Developer/HOMEY Clean/HOMEY Clean/Intelligence/Engine/FourDimensionalVisualizationEngine.swift:368:71: error: 'AlternativeScenario' is ambiguous for type lookup in this context
    private func generateAlternativeScenarios(property: Property) -> [AlternativeScenario] { return [] }
                                                                      ^~~~~~~~~~~~~~~~~~~
/Users/ryankanfer/Documents/Developer/HOMEY Clean/HOMEY Clean/Intelligence/Engine/FourDimensionalVisualizationEngine.swift:685:8: note: found this candidate
struct AlternativeScenario { let name: String; let probability: Float; let visualization: FourDimensionalScene }
       ^
/Users/ryankanfer/Documents/Developer/HOMEY Clean/HOMEY Clean/Intelligence/Engine/TemporalPredictionEngine.swift:753:8: note: found this candidate
struct AlternativeScenario {
       ^
/Users/ryankanfer/Documents/Developer/HOMEY Clean/HOMEY Clean/Intelligence/Engine/FourDimensionalVisualizationEngine.swift:368:57: error: 'Property' is ambiguous for type lookup in this context
    private func generateAlternativeScenarios(property: Property) -> [AlternativeScenario] { return [] }
                                                        ^~~~~~~~
/Users/ryankanfer/Documents/Developer/HOMEY Clean/HOMEY Clean/Features/Search/SearchViewModel.swift:259:8: note: found this candidate
struct Property: Identifiable, Codable {
       ^
/Users/ryankanfer/Documents/Developer/HOMEY Clean/HOMEY Clean/Features/SpatialComputing/SpatialComputingEngine.swift:303:8: note: found this candidate
struct Property {
       ^
/Users/ryankanfer/Documents/Developer/HOMEY Clean/HOMEY Clean/Intelligence/Engine/FourDimensionalVisualizationEngine.swift:414:8: note: found this candidate
struct Property {
       ^
/Users/ryankanfer/Documents/Developer/HOMEY Clean/HOMEY Clean/Intelligence/Engine/FourDimensionalVisualizationEngine.swift:369:58: error: 'Property' is ambiguous for type lookup in this context
    private func generatePersonalizedScenarios(property: Property, preferences: UserPreferences) async -> [PersonalizedScenario] { return [] }
                                                         ^~~~~~~~
/Users/ryankanfer/Documents/Developer/HOMEY Clean/HOMEY Clean/Features/Search/SearchViewModel.swift:259:8: note: found this candidate
struct Property: Identifiable, Codable {
       ^
/Users/ryankanfer/Documents/Developer/HOMEY Clean/HOMEY Clean/Features/SpatialComputing/SpatialComputingEngine.swift:303:8: note: found this candidate
struct Property {
       ^
/Users/ryankanfer/Documents/Developer/HOMEY Clean/HOMEY Clean/Intelligence/Engine/FourDimensionalVisualizationEngine.swift:414:8: note: found this candidate
struct Property {
       ^
/Users/ryankanfer/Documents/Developer/HOMEY Clean/HOMEY Clean/Intelligence/Engine/FourDimensionalVisualizationEngine.swift:370:54: error: 'Property' is ambiguous for type lookup in this context
    private func createAdaptiveEnvironment(property: Property, scenarios: [PersonalizedScenario]) async -> AdaptiveEnvironment { return AdaptiveEnvironment() }
                                                     ^~~~~~~~
/Users/ryankanfer/Documents/Developer/HOMEY Clean/HOMEY Clean/Features/Search/SearchViewModel.swift:259:8: note: found this candidate
struct Property: Identifiable, Codable {
       ^
/Users/ryankanfer/Documents/Developer/HOMEY Clean/HOMEY Clean/Features/SpatialComputing/SpatialComputingEngine.swift:303:8: note: found this candidate
struct Property {
       ^
/Users/ryankanfer/Documents/Developer/HOMEY Clean/HOMEY Clean/Intelligence/Engine/FourDimensionalVisualizationEngine.swift:414:8: note: found this candidate
struct Property {
       ^
/Users/ryankanfer/Documents/Developer/HOMEY Clean/HOMEY Clean/Intelligence/Engine/FourDimensionalVisualizationEngine.swift:371:56: error: 'Property' is ambiguous for type lookup in this context
    private func generateInteractiveElements(property: Property) -> [InteractiveElement] { return [] }
                                                       ^~~~~~~~
/Users/ryankanfer/Documents/Developer/HOMEY Clean/HOMEY Clean/Features/Search/SearchViewModel.swift:259:8: note: found this candidate
struct Property: Identifiable, Codable {
       ^
/Users/ryankanfer/Documents/Developer/HOMEY Clean/HOMEY Clean/Features/SpatialComputing/SpatialComputingEngine.swift:303:8: note: found this candidate
struct Property {
       ^
/Users/ryankanfer/Documents/Developer/HOMEY Clean/HOMEY Clean/Intelligence/Engine/FourDimensionalVisualizationEngine.swift:414:8: note: found this candidate
struct Property {
       ^
/Users/ryankanfer/Documents/Developer/HOMEY Clean/HOMEY Clean/Intelligence/Engine/FourDimensionalVisualizationEngine.swift:372:54: error: 'Property' is ambiguous for type lookup in this context
    private func createExperienceNarrative(property: Property, preferences: UserPreferences) -> ExperienceNarrative { return ExperienceNarrative() }
                                                     ^~~~~~~~
/Users/ryankanfer/Documents/Developer/HOMEY Clean/HOMEY Clean/Features/Search/SearchViewModel.swift:259:8: note: found this candidate
struct Property: Identifiable, Codable {
       ^
/Users/ryankanfer/Documents/Developer/HOMEY Clean/HOMEY Clean/Features/SpatialComputing/SpatialComputingEngine.swift:303:8: note: found this candidate
struct Property {
       ^
/Users/ryankanfer/Documents/Developer/HOMEY Clean/HOMEY Clean/Intelligence/Engine/FourDimensionalVisualizationEngine.swift:414:8: note: found this candidate
struct Property {
       ^
/Users/ryankanfer/Documents/Developer/HOMEY Clean/HOMEY Clean/Intelligence/Engine/FourDimensionalVisualizationEngine.swift:373:51: error: 'Property' is ambiguous for type lookup in this context
    private func generateSensoryEffects(property: Property) -> [SensoryEffect] { return [] }
                                                  ^~~~~~~~
/Users/ryankanfer/Documents/Developer/HOMEY Clean/HOMEY Clean/Features/Search/SearchViewModel.swift:259:8: note: found this candidate
struct Property: Identifiable, Codable {
       ^
/Users/ryankanfer/Documents/Developer/HOMEY Clean/HOMEY Clean/Features/SpatialComputing/SpatialComputingEngine.swift:303:8: note: found this candidate
struct Property {
       ^
/Users/ryankanfer/Documents/Developer/HOMEY Clean/HOMEY Clean/Intelligence/Engine/FourDimensionalVisualizationEngine.swift:414:8: note: found this candidate
struct Property {
       ^
/Users/ryankanfer/Documents/Developer/HOMEY Clean/HOMEY Clean/Intelligence/Engine/FourDimensionalVisualizationEngine.swift:401:6: error: invalid redeclaration of 'Season'
enum Season: CaseIterable {
     ^
/Users/ryankanfer/Documents/Developer/HOMEY Clean/HOMEY Clean/Intelligence/Engine/TemporalPredictionEngine.swift:623:6: note: 'Season' previously declared here
enum Season {
     ^
/Users/ryankanfer/Documents/Developer/HOMEY Clean/HOMEY Clean/Intelligence/Engine/TemporalPredictionEngine.swift:623:6: note: 'Season' previously declared here
enum Season {
     ^
/Users/ryankanfer/Documents/Developer/HOMEY Clean/HOMEY Clean/Intelligence/Engine/FourDimensionalVisualizationEngine.swift:552:38: error: 'Property' is ambiguous for type lookup in this context
struct SceneMetadata { let property: Property; let generationTime: Date; let complexity: RenderComplexity }
                                     ^~~~~~~~
/Users/ryankanfer/Documents/Developer/HOMEY Clean/HOMEY Clean/Features/Search/SearchViewModel.swift:259:8: note: found this candidate
struct Property: Identifiable, Codable {
       ^
/Users/ryankanfer/Documents/Developer/HOMEY Clean/HOMEY Clean/Features/SpatialComputing/SpatialComputingEngine.swift:303:8: note: found this candidate
struct Property {
       ^
/Users/ryankanfer/Documents/Developer/HOMEY Clean/HOMEY Clean/Intelligence/Engine/FourDimensionalVisualizationEngine.swift:414:8: note: found this candidate
struct Property {
       ^
/Users/ryankanfer/Documents/Developer/HOMEY Clean/HOMEY Clean/Intelligence/Engine/FourDimensionalVisualizationEngine.swift:543:60: error: 'Season' is ambiguous for type lookup in this context
struct SeasonalScene { let baseScene: Scene3D; let season: Season; let seasonalEffects: [SeasonalEffect] }
                                                           ^~~~~~
/Users/ryankanfer/Documents/Developer/HOMEY Clean/HOMEY Clean/Intelligence/Engine/FourDimensionalVisualizationEngine.swift:401:6: note: found this candidate
enum Season: CaseIterable {
     ^
/Users/ryankanfer/Documents/Developer/HOMEY Clean/HOMEY Clean/Intelligence/Engine/TemporalPredictionEngine.swift:623:6: note: found this candidate
enum Season {
     ^
/Users/ryankanfer/Documents/Developer/HOMEY Clean/HOMEY Clean/Intelligence/Engine/FourDimensionalVisualizationEngine.swift:558:17: error: 'Season' is ambiguous for type lookup in this context
    let season: Season
                ^~~~~~
/Users/ryankanfer/Documents/Developer/HOMEY Clean/HOMEY Clean/Intelligence/Engine/FourDimensionalVisualizationEngine.swift:401:6: note: found this candidate
enum Season: CaseIterable {
     ^
/Users/ryankanfer/Documents/Developer/HOMEY Clean/HOMEY Clean/Intelligence/Engine/TemporalPredictionEngine.swift:623:6: note: found this candidate
enum Season {
     ^
/Users/ryankanfer/Documents/Developer/HOMEY Clean/HOMEY Clean/Intelligence/Engine/FourDimensionalVisualizationEngine.swift:601:45: error: 'Season' is ambiguous for type lookup in this context
struct SeasonalTransition { let fromSeason: Season; let toSeason: Season; let duration: TimeInterval; let naturalProgression: Bool }
                                            ^~~~~~
/Users/ryankanfer/Documents/Developer/HOMEY Clean/HOMEY Clean/Intelligence/Engine/FourDimensionalVisualizationEngine.swift:401:6: note: found this candidate
enum Season: CaseIterable {
     ^
/Users/ryankanfer/Documents/Developer/HOMEY Clean/HOMEY Clean/Intelligence/Engine/TemporalPredictionEngine.swift:623:6: note: found this candidate
enum Season {
     ^
/Users/ryankanfer/Documents/Developer/HOMEY Clean/HOMEY Clean/Intelligence/Engine/FourDimensionalVisualizationEngine.swift:601:67: error: 'Season' is ambiguous for type lookup in this context
struct SeasonalTransition { let fromSeason: Season; let toSeason: Season; let duration: TimeInterval; let naturalProgression: Bool }
                                                                  ^~~~~~
/Users/ryankanfer/Documents/Developer/HOMEY Clean/HOMEY Clean/Intelligence/Engine/FourDimensionalVisualizationEngine.swift:401:6: note: found this candidate
enum Season: CaseIterable {
     ^
/Users/ryankanfer/Documents/Developer/HOMEY Clean/HOMEY Clean/Intelligence/Engine/TemporalPredictionEngine.swift:623:6: note: found this candidate
enum Season {
     ^
/Users/ryankanfer/Documents/Developer/HOMEY Clean/HOMEY Clean/Intelligence/Engine/FourDimensionalVisualizationEngine.swift:625:17: error: 'Season' is ambiguous for type lookup in this context
    let season: Season
                ^~~~~~
/Users/ryankanfer/Documents/Developer/HOMEY Clean/HOMEY Clean/Intelligence/Engine/FourDimensionalVisualizationEngine.swift:401:6: note: found this candidate
enum Season: CaseIterable {
     ^
/Users/ryankanfer/Documents/Developer/HOMEY Clean/HOMEY Clean/Intelligence/Engine/TemporalPredictionEngine.swift:623:6: note: found this candidate
enum Season {
     ^
/Users/ryankanfer/Documents/Developer/HOMEY Clean/HOMEY Clean/Intelligence/Engine/FourDimensionalVisualizationEngine.swift:673:32: error: 'AlternativeScenario' is ambiguous for type lookup in this context
    let alternativeScenarios: [AlternativeScenario]
                               ^~~~~~~~~~~~~~~~~~~
/Users/ryankanfer/Documents/Developer/HOMEY Clean/HOMEY Clean/Intelligence/Engine/FourDimensionalVisualizationEngine.swift:685:8: note: found this candidate
struct AlternativeScenario { let name: String; let probability: Float; let visualization: FourDimensionalScene }
       ^
/Users/ryankanfer/Documents/Developer/HOMEY Clean/HOMEY Clean/Intelligence/Engine/TemporalPredictionEngine.swift:753:8: note: found this candidate
struct AlternativeScenario {
       ^
/Users/ryankanfer/Documents/Developer/HOMEY Clean/HOMEY Clean/Intelligence/Engine/FourDimensionalVisualizationEngine.swift:685:8: error: invalid redeclaration of 'AlternativeScenario'
struct AlternativeScenario { let name: String; let probability: Float; let visualization: FourDimensionalScene }
       ^
/Users/ryankanfer/Documents/Developer/HOMEY Clean/HOMEY Clean/Intelligence/Engine/TemporalPredictionEngine.swift:753:8: note: 'AlternativeScenario' previously declared here
struct AlternativeScenario {
       ^
/Users/ryankanfer/Documents/Developer/HOMEY Clean/HOMEY Clean/Intelligence/Engine/TemporalPredictionEngine.swift:753:8: note: 'AlternativeScenario' previously declared here
struct AlternativeScenario {
       ^
/Users/ryankanfer/Documents/Developer/HOMEY Clean/HOMEY Clean/Intelligence/Engine/FourDimensionalVisualizationEngine.swift:704:46: error: 'ColorPalette' is ambiguous for type lookup in this context
struct VisualPreferences { let colorPalette: ColorPalette; let style: FourDDesignStyle }
                                             ^~~~~~~~~~~~
/Users/ryankanfer/Documents/Developer/HOMEY Clean/HOMEY Clean/Features/Viza/Models/VizaVisionModels.swift:65:8: note: found this candidate
struct ColorPalette: Identifiable, Codable, Hashable {
       ^
/Users/ryankanfer/Documents/Developer/HOMEY Clean/HOMEY Clean/Intelligence/Engine/FourDimensionalVisualizationEngine.swift:705:8: note: found this candidate
struct ColorPalette { let primary: [Color]; let secondary: [Color] }
       ^
/Users/ryankanfer/Documents/Developer/HOMEY Clean/HOMEY Clean/Intelligence/Engine/FourDimensionalVisualizationEngine.swift:740:40: error: 'Property' is ambiguous for type lookup in this context
    func generateBaseScene(_ property: Property) async -> Scene3D {
                                       ^~~~~~~~
/Users/ryankanfer/Documents/Developer/HOMEY Clean/HOMEY Clean/Features/Search/SearchViewModel.swift:259:8: note: found this candidate
struct Property: Identifiable, Codable {
       ^
/Users/ryankanfer/Documents/Developer/HOMEY Clean/HOMEY Clean/Features/SpatialComputing/SpatialComputingEngine.swift:303:8: note: found this candidate
struct Property {
       ^
/Users/ryankanfer/Documents/Developer/HOMEY Clean/HOMEY Clean/Intelligence/Engine/FourDimensionalVisualizationEngine.swift:414:8: note: found this candidate
struct Property {
       ^
/Users/ryankanfer/Documents/Developer/HOMEY Clean/HOMEY Clean/Intelligence/Engine/FourDimensionalVisualizationEngine.swift:748:33: error: 'Property' is ambiguous for type lookup in this context
    func renderAtTime(property: Property, time: Date) async -> Scene3D { return await generateBaseScene(property) }
                                ^~~~~~~~
/Users/ryankanfer/Documents/Developer/HOMEY Clean/HOMEY Clean/Features/Search/SearchViewModel.swift:259:8: note: found this candidate
struct Property: Identifiable, Codable {
       ^
/Users/ryankanfer/Documents/Developer/HOMEY Clean/HOMEY Clean/Features/SpatialComputing/SpatialComputingEngine.swift:303:8: note: found this candidate
struct Property {
       ^
/Users/ryankanfer/Documents/Developer/HOMEY Clean/HOMEY Clean/Intelligence/Engine/FourDimensionalVisualizationEngine.swift:414:8: note: found this candidate
struct Property {
       ^
/Users/ryankanfer/Documents/Developer/HOMEY Clean/HOMEY Clean/Intelligence/Engine/FourDimensionalVisualizationEngine.swift:761:41: error: 'Property' is ambiguous for type lookup in this context
    func generateWeatherScene(property: Property, condition: WeatherCondition, intensity: Float) async -> WeatherScene {
                                        ^~~~~~~~
/Users/ryankanfer/Documents/Developer/HOMEY Clean/HOMEY Clean/Features/Search/SearchViewModel.swift:259:8: note: found this candidate
struct Property: Identifiable, Codable {
       ^
/Users/ryankanfer/Documents/Developer/HOMEY Clean/HOMEY Clean/Features/SpatialComputing/SpatialComputingEngine.swift:303:8: note: found this candidate
struct Property {
       ^
/Users/ryankanfer/Documents/Developer/HOMEY Clean/HOMEY Clean/Intelligence/Engine/FourDimensionalVisualizationEngine.swift:414:8: note: found this candidate
struct Property {
       ^
/Users/ryankanfer/Documents/Developer/HOMEY Clean/HOMEY Clean/Intelligence/Engine/FourDimensionalVisualizationEngine.swift:790:38: error: 'Property' is ambiguous for type lookup in this context
    func transformProperty(property: Property, season: Season, transitionProgress: Double) async -> SeasonalScene {
                                     ^~~~~~~~
/Users/ryankanfer/Documents/Developer/HOMEY Clean/HOMEY Clean/Features/Search/SearchViewModel.swift:259:8: note: found this candidate
struct Property: Identifiable, Codable {
       ^
/Users/ryankanfer/Documents/Developer/HOMEY Clean/HOMEY Clean/Features/SpatialComputing/SpatialComputingEngine.swift:303:8: note: found this candidate
struct Property {
       ^
/Users/ryankanfer/Documents/Developer/HOMEY Clean/HOMEY Clean/Intelligence/Engine/FourDimensionalVisualizationEngine.swift:414:8: note: found this candidate
struct Property {
       ^
/Users/ryankanfer/Documents/Developer/HOMEY Clean/HOMEY Clean/Intelligence/Engine/FourDimensionalVisualizationEngine.swift:790:56: error: 'Season' is ambiguous for type lookup in this context
    func transformProperty(property: Property, season: Season, transitionProgress: Double) async -> SeasonalScene {
                                                       ^~~~~~
/Users/ryankanfer/Documents/Developer/HOMEY Clean/HOMEY Clean/Intelligence/Engine/FourDimensionalVisualizationEngine.swift:401:6: note: found this candidate
enum Season: CaseIterable {
     ^
/Users/ryankanfer/Documents/Developer/HOMEY Clean/HOMEY Clean/Intelligence/Engine/TemporalPredictionEngine.swift:623:6: note: found this candidate
enum Season {
     ^
/Users/ryankanfer/Documents/Developer/HOMEY Clean/HOMEY Clean/Intelligence/Engine/FourDimensionalVisualizationEngine.swift:819:37: error: 'Property' is ambiguous for type lookup in this context
    func generateScenario(property: Property, scenario: LifeScenario, personalization: PersonalizationData) async -> ScenarioScene {
                                    ^~~~~~~~
/Users/ryankanfer/Documents/Developer/HOMEY Clean/HOMEY Clean/Features/Search/SearchViewModel.swift:259:8: note: found this candidate
struct Property: Identifiable, Codable {
       ^
/Users/ryankanfer/Documents/Developer/HOMEY Clean/HOMEY Clean/Features/SpatialComputing/SpatialComputingEngine.swift:303:8: note: found this candidate
struct Property {
       ^
/Users/ryankanfer/Documents/Developer/HOMEY Clean/HOMEY Clean/Intelligence/Engine/FourDimensionalVisualizationEngine.swift:414:8: note: found this candidate
struct Property {
       ^
/Users/ryankanfer/Documents/Developer/HOMEY Clean/HOMEY Clean/Intelligence/Engine/FourDimensionalVisualizationEngine.swift:846:45: error: 'Property' is ambiguous for type lookup in this context
    func generateAdvancedLighting(property: Property, time: Date, weather: WeatherCondition, season: Season) async -> AdvancedLighting {
                                            ^~~~~~~~
/Users/ryankanfer/Documents/Developer/HOMEY Clean/HOMEY Clean/Features/Search/SearchViewModel.swift:259:8: note: found this candidate
struct Property: Identifiable, Codable {
       ^
/Users/ryankanfer/Documents/Developer/HOMEY Clean/HOMEY Clean/Features/SpatialComputing/SpatialComputingEngine.swift:303:8: note: found this candidate
struct Property {
       ^
/Users/ryankanfer/Documents/Developer/HOMEY Clean/HOMEY Clean/Intelligence/Engine/FourDimensionalVisualizationEngine.swift:414:8: note: found this candidate
struct Property {
       ^
/Users/ryankanfer/Documents/Developer/HOMEY Clean/HOMEY Clean/Intelligence/Engine/FourDimensionalVisualizationEngine.swift:846:102: error: 'Season' is ambiguous for type lookup in this context
    func generateAdvancedLighting(property: Property, time: Date, weather: WeatherCondition, season: Season) async -> AdvancedLighting {
                                                                                                     ^~~~~~
/Users/ryankanfer/Documents/Developer/HOMEY Clean/HOMEY Clean/Intelligence/Engine/FourDimensionalVisualizationEngine.swift:401:6: note: found this candidate
enum Season: CaseIterable {
     ^
/Users/ryankanfer/Documents/Developer/HOMEY Clean/HOMEY Clean/Intelligence/Engine/TemporalPredictionEngine.swift:623:6: note: found this candidate
enum Season {
     ^
/Users/ryankanfer/Documents/Developer/HOMEY Clean/HOMEY Clean/Intelligence/Engine/FourDimensionalVisualizationEngine.swift:857:40: error: 'Property' is ambiguous for type lookup in this context
    func simulateEnvironment(property: Property) async -> PhysicsSimulation {
                                       ^~~~~~~~
/Users/ryankanfer/Documents/Developer/HOMEY Clean/HOMEY Clean/Features/Search/SearchViewModel.swift:259:8: note: found this candidate
struct Property: Identifiable, Codable {
       ^
/Users/ryankanfer/Documents/Developer/HOMEY Clean/HOMEY Clean/Features/SpatialComputing/SpatialComputingEngine.swift:303:8: note: found this candidate
struct Property {
       ^
/Users/ryankanfer/Documents/Developer/HOMEY Clean/HOMEY Clean/Intelligence/Engine/FourDimensionalVisualizationEngine.swift:414:8: note: found this candidate
struct Property {
       ^
/Users/ryankanfer/Documents/Developer/HOMEY Clean/HOMEY Clean/Intelligence/Engine/IntelligenceHub.swift:26:47: error: 'UserContext' is ambiguous for type lookup in this context
    private func makeNextActions(userContext: UserContext, state: CrossScreenState, recent: [InteractionEvent]) -> [NextUpContent] {
                                              ^~~~~~~~~~~
/Users/ryankanfer/Documents/Developer/HOMEY Clean/HOMEY Clean/Intelligence/Engine/QuantumUIEngine.swift:624:6: note: found this candidate
enum UserContext {
     ^
/Users/ryankanfer/Documents/Developer/HOMEY Clean/HOMEY Clean/Intelligence/Stores/CrossScreenContext.swift:53:15: note: found this candidate
public struct UserContext: Codable, Hashable {
              ^
/Users/ryankanfer/Documents/Developer/HOMEY Clean/HOMEY Clean/Intelligence/Engine/IntelligenceHub.swift:157:50: error: 'UserContext' is ambiguous for type lookup in this context
    private func makePagePriorities(userContext: UserContext, state: CrossScreenState, recent: [InteractionEvent]) -> [AppPage: Double] {
                                                 ^~~~~~~~~~~
/Users/ryankanfer/Documents/Developer/HOMEY Clean/HOMEY Clean/Intelligence/Engine/QuantumUIEngine.swift:624:6: note: found this candidate
enum UserContext {
     ^
/Users/ryankanfer/Documents/Developer/HOMEY Clean/HOMEY Clean/Intelligence/Stores/CrossScreenContext.swift:53:15: note: found this candidate
public struct UserContext: Codable, Hashable {
              ^
/Users/ryankanfer/Documents/Developer/HOMEY Clean/HOMEY Clean/Intelligence/Engine/LearningLoop.swift:40:67: error: 'UserContext' is ambiguous for type lookup in this context
    private func writeSummary(inference: StageInference, context: UserContext, recent: [InteractionEvent]) async {
                                                                  ^~~~~~~~~~~
/Users/ryankanfer/Documents/Developer/HOMEY Clean/HOMEY Clean/Intelligence/Engine/QuantumUIEngine.swift:624:6: note: found this candidate
enum UserContext {
     ^
/Users/ryankanfer/Documents/Developer/HOMEY Clean/HOMEY Clean/Intelligence/Stores/CrossScreenContext.swift:53:15: note: found this candidate
public struct UserContext: Codable, Hashable {
              ^
/Users/ryankanfer/Documents/Developer/HOMEY Clean/HOMEY Clean/Intelligence/Engine/QuantumUIEngine.swift:548:49: error: 'UserContext' is ambiguous for type lookup in this context
    private func generateOptimalLayout(context: UserContext, mood: UserMood, device: DeviceType) -> UILayout {
                                                ^~~~~~~~~~~
/Users/ryankanfer/Documents/Developer/HOMEY Clean/HOMEY Clean/Intelligence/Engine/QuantumUIEngine.swift:624:6: note: found this candidate
enum UserContext {
     ^
/Users/ryankanfer/Documents/Developer/HOMEY Clean/HOMEY Clean/Intelligence/Stores/CrossScreenContext.swift:53:15: note: found this candidate
public struct UserContext: Codable, Hashable {
              ^
/Users/ryankanfer/Documents/Developer/HOMEY Clean/HOMEY Clean/Intelligence/Engine/QuantumUIEngine.swift:552:55: error: 'UserContext' is ambiguous for type lookup in this context
    private func generateOptimalInteractions(context: UserContext, mood: UserMood) -> [QInteractionType] {
                                                      ^~~~~~~~~~~
/Users/ryankanfer/Documents/Developer/HOMEY Clean/HOMEY Clean/Intelligence/Engine/QuantumUIEngine.swift:624:6: note: found this candidate
enum UserContext {
     ^
/Users/ryankanfer/Documents/Developer/HOMEY Clean/HOMEY Clean/Intelligence/Stores/CrossScreenContext.swift:53:15: note: found this candidate
public struct UserContext: Codable, Hashable {
              ^
/Users/ryankanfer/Documents/Developer/HOMEY Clean/HOMEY Clean/Intelligence/Engine/QuantumUIEngine.swift:564:67: error: 'Typography' is ambiguous for type lookup in this context
    private func generateOptimalTypography(device: DeviceType) -> Typography {
                                                                  ^~~~~~~~~~
/Users/ryankanfer/Documents/Developer/HOMEY Clean/HOMEY Clean/Intelligence/Engine/QuantumUIEngine.swift:733:8: note: found this candidate
struct Typography {
       ^
/Users/ryankanfer/Documents/Developer/HOMEY Clean/HOMEY Clean/Style/Typography.swift:4:6: note: found this candidate
enum Typography {
     ^
/Users/ryankanfer/Documents/Developer/HOMEY Clean/HOMEY Clean/Intelligence/Engine/QuantumUIEngine.swift:613:18: error: 'UserContext' is ambiguous for type lookup in this context
    let context: UserContext
                 ^~~~~~~~~~~
/Users/ryankanfer/Documents/Developer/HOMEY Clean/HOMEY Clean/Intelligence/Engine/QuantumUIEngine.swift:624:6: note: found this candidate
enum UserContext {
     ^
/Users/ryankanfer/Documents/Developer/HOMEY Clean/HOMEY Clean/Intelligence/Stores/CrossScreenContext.swift:53:15: note: found this candidate
public struct UserContext: Codable, Hashable {
              ^
/Users/ryankanfer/Documents/Developer/HOMEY Clean/HOMEY Clean/Intelligence/Engine/QuantumUIEngine.swift:620:21: error: 'Typography' is ambiguous for type lookup in this context
    let typography: Typography
                    ^~~~~~~~~~
/Users/ryankanfer/Documents/Developer/HOMEY Clean/HOMEY Clean/Intelligence/Engine/QuantumUIEngine.swift:733:8: note: found this candidate
struct Typography {
       ^
/Users/ryankanfer/Documents/Developer/HOMEY Clean/HOMEY Clean/Style/Typography.swift:4:6: note: found this candidate
enum Typography {
     ^
/Users/ryankanfer/Documents/Developer/HOMEY Clean/HOMEY Clean/Intelligence/Engine/QuantumUIEngine.swift:624:6: error: invalid redeclaration of 'UserContext'
enum UserContext {
     ^
/Users/ryankanfer/Documents/Developer/HOMEY Clean/HOMEY Clean/Intelligence/Stores/CrossScreenContext.swift:53:15: note: 'UserContext' previously declared here
public struct UserContext: Codable, Hashable {
              ^
/Users/ryankanfer/Documents/Developer/HOMEY Clean/HOMEY Clean/Intelligence/Stores/CrossScreenContext.swift:53:15: note: 'UserContext' previously declared here
public struct UserContext: Codable, Hashable {
              ^
/Users/ryankanfer/Documents/Developer/HOMEY Clean/HOMEY Clean/Intelligence/Engine/QuantumUIEngine.swift:733:8: error: invalid redeclaration of 'Typography'
struct Typography {
       ^
/Users/ryankanfer/Documents/Developer/HOMEY Clean/HOMEY Clean/Style/Typography.swift:4:6: note: 'Typography' previously declared here
enum Typography {
     ^
/Users/ryankanfer/Documents/Developer/HOMEY Clean/HOMEY Clean/Style/Typography.swift:4:6: note: 'Typography' previously declared here
enum Typography {
     ^
/Users/ryankanfer/Documents/Developer/HOMEY Clean/HOMEY Clean/Intelligence/Engine/StageDetector.swift:18:79: error: 'UserContext' is ambiguous for type lookup in this context
    public static func inferStage(recent events: [InteractionEvent], context: UserContext, state: CrossScreenState) -> StageInference {
                                                                              ^~~~~~~~~~~
/Users/ryankanfer/Documents/Developer/HOMEY Clean/HOMEY Clean/Intelligence/Engine/QuantumUIEngine.swift:624:6: note: found this candidate
enum UserContext {
     ^
/Users/ryankanfer/Documents/Developer/HOMEY Clean/HOMEY Clean/Intelligence/Stores/CrossScreenContext.swift:53:15: note: found this candidate
public struct UserContext: Codable, Hashable {
              ^
/Users/ryankanfer/Documents/Developer/HOMEY Clean/HOMEY Clean/Intelligence/Engine/TemporalPredictionEngine.swift:129:51: error: 'Season' is ambiguous for type lookup in this context
    private func determineSeason(_ date: Date) -> Season {
                                                  ^~~~~~
/Users/ryankanfer/Documents/Developer/HOMEY Clean/HOMEY Clean/Intelligence/Engine/FourDimensionalVisualizationEngine.swift:401:6: note: found this candidate
enum Season: CaseIterable {
     ^
/Users/ryankanfer/Documents/Developer/HOMEY Clean/HOMEY Clean/Intelligence/Engine/TemporalPredictionEngine.swift:623:6: note: found this candidate
enum Season {
     ^
/Users/ryankanfer/Documents/Developer/HOMEY Clean/HOMEY Clean/Intelligence/Engine/TemporalPredictionEngine.swift:534:73: error: 'AlternativeScenario' is ambiguous for type lookup in this context
    private func generateAlternativeScenarios(for time: Date) async -> [AlternativeScenario] {
                                                                        ^~~~~~~~~~~~~~~~~~~
/Users/ryankanfer/Documents/Developer/HOMEY Clean/HOMEY Clean/Intelligence/Engine/FourDimensionalVisualizationEngine.swift:685:8: note: found this candidate
struct AlternativeScenario { let name: String; let probability: Float; let visualization: FourDimensionalScene }
       ^
/Users/ryankanfer/Documents/Developer/HOMEY Clean/HOMEY Clean/Intelligence/Engine/TemporalPredictionEngine.swift:753:8: note: found this candidate
struct AlternativeScenario {
       ^
/Users/ryankanfer/Documents/Developer/HOMEY Clean/HOMEY Clean/Intelligence/Engine/TemporalPredictionEngine.swift:602:22: error: 'Season' is ambiguous for type lookup in this context
    let seasonality: Season = .spring
                     ^~~~~~
/Users/ryankanfer/Documents/Developer/HOMEY Clean/HOMEY Clean/Intelligence/Engine/FourDimensionalVisualizationEngine.swift:401:6: note: found this candidate
enum Season: CaseIterable {
     ^
/Users/ryankanfer/Documents/Developer/HOMEY Clean/HOMEY Clean/Intelligence/Engine/TemporalPredictionEngine.swift:623:6: note: found this candidate
enum Season {
     ^
/Users/ryankanfer/Documents/Developer/HOMEY Clean/HOMEY Clean/Intelligence/Engine/TemporalPredictionEngine.swift:613:17: error: 'Season' is ambiguous for type lookup in this context
    let season: Season
                ^~~~~~
/Users/ryankanfer/Documents/Developer/HOMEY Clean/HOMEY Clean/Intelligence/Engine/FourDimensionalVisualizationEngine.swift:401:6: note: found this candidate
enum Season: CaseIterable {
     ^
/Users/ryankanfer/Documents/Developer/HOMEY Clean/HOMEY Clean/Intelligence/Engine/TemporalPredictionEngine.swift:623:6: note: found this candidate
enum Season {
     ^
/Users/ryankanfer/Documents/Developer/HOMEY Clean/HOMEY Clean/Intelligence/Engine/TemporalPredictionEngine.swift:743:32: error: 'AlternativeScenario' is ambiguous for type lookup in this context
    let alternativeScenarios: [AlternativeScenario]
                               ^~~~~~~~~~~~~~~~~~~
/Users/ryankanfer/Documents/Developer/HOMEY Clean/HOMEY Clean/Intelligence/Engine/FourDimensionalVisualizationEngine.swift:685:8: note: found this candidate
struct AlternativeScenario { let name: String; let probability: Float; let visualization: FourDimensionalScene }
       ^
/Users/ryankanfer/Documents/Developer/HOMEY Clean/HOMEY Clean/Intelligence/Engine/TemporalPredictionEngine.swift:753:8: note: found this candidate
struct AlternativeScenario {
       ^
/Users/ryankanfer/Documents/Developer/HOMEY Clean/HOMEY Clean/Intelligence/Services/InteractionLogger.swift:24:9: warning: actor-isolated instance method 'load()' can not be referenced from a nonisolated context; this is an error in the Swift 6 language mode
        load()
        ^
/Users/ryankanfer/Documents/Developer/HOMEY Clean/HOMEY Clean/Intelligence/Services/InteractionLogger.swift:161:18: note: calls to instance method 'load()' from outside of its actor context are implicitly asynchronous
    private func load() {
                 ^
/Users/ryankanfer/Documents/Developer/HOMEY Clean/HOMEY Clean/Intelligence/Stores/CrossScreenContext.swift:99:53: error: 'UserContext' is ambiguous for type lookup in this context
    @Published public private(set) var userContext: UserContext
                                                    ^~~~~~~~~~~
/Users/ryankanfer/Documents/Developer/HOMEY Clean/HOMEY Clean/Intelligence/Engine/QuantumUIEngine.swift:624:6: note: found this candidate
enum UserContext {
     ^
/Users/ryankanfer/Documents/Developer/HOMEY Clean/HOMEY Clean/Intelligence/Stores/CrossScreenContext.swift:53:15: note: found this candidate
public struct UserContext: Codable, Hashable {
              ^
/Users/ryankanfer/Documents/Developer/HOMEY Clean/HOMEY Clean/Intelligence/Stores/CrossScreenContext.swift:104:31: error: 'UserContext' is ambiguous for type lookup in this context
    private init(userContext: UserContext = UserContext(), state: CrossScreenState = CrossScreenState()) {
                              ^~~~~~~~~~~
/Users/ryankanfer/Documents/Developer/HOMEY Clean/HOMEY Clean/Intelligence/Engine/QuantumUIEngine.swift:624:6: note: found this candidate
enum UserContext {
     ^
/Users/ryankanfer/Documents/Developer/HOMEY Clean/HOMEY Clean/Intelligence/Stores/CrossScreenContext.swift:53:15: note: found this candidate
public struct UserContext: Codable, Hashable {
              ^
/Users/ryankanfer/Documents/Developer/HOMEY Clean/HOMEY Clean/Intelligence/Stores/CrossScreenContext.swift:185:26: error: 'UserContext' is ambiguous for type lookup in this context
        let userContext: UserContext
                         ^~~~~~~~~~~
/Users/ryankanfer/Documents/Developer/HOMEY Clean/HOMEY Clean/Intelligence/Engine/QuantumUIEngine.swift:624:6: note: found this candidate
enum UserContext {
     ^
/Users/ryankanfer/Documents/Developer/HOMEY Clean/HOMEY Clean/Intelligence/Stores/CrossScreenContext.swift:53:15: note: found this candidate
public struct UserContext: Codable, Hashable {
              ^
/Users/ryankanfer/Documents/Developer/HOMEY Clean/HOMEY Clean/Intelligence/Stores/CrossScreenContext.swift:184:20: error: type 'CrossScreenContext.Snapshot' does not conform to protocol 'Decodable'
    private struct Snapshot: Codable {
                   ^
Swift.Decodable.init:2:1: note: protocol requires initializer 'init(from:)' with type 'Decodable'
init(from decoder: any Decoder) throws}
^
/Users/ryankanfer/Documents/Developer/HOMEY Clean/HOMEY Clean/Intelligence/Stores/CrossScreenContext.swift:185:13: note: cannot automatically synthesize 'Decodable' because 'UserContext' does not conform to 'Decodable'
        let userContext: UserContext
            ^
/Users/ryankanfer/Documents/Developer/HOMEY Clean/HOMEY Clean/Intelligence/Stores/CrossScreenContext.swift:184:20: error: type 'CrossScreenContext.Snapshot' does not conform to protocol 'Encodable'
    private struct Snapshot: Codable {
                   ^
Swift.Encodable.encode:2:6: note: protocol requires function 'encode(to:)' with type 'Encodable'
func encode(to encoder: any Encoder) throws}
     ^
/Users/ryankanfer/Documents/Developer/HOMEY Clean/HOMEY Clean/Intelligence/Stores/CrossScreenContext.swift:185:13: note: cannot automatically synthesize 'Encodable' because 'UserContext' does not conform to 'Encodable'
        let userContext: UserContext
            ^

SwiftCompile normal arm64 Compiling\ TabComponents.swift,\ UserProfileManager.swift,\ ViewportMargins.swift,\ AdminDashboardView.swift,\ BuildBadge.swift,\ DangerZone.swift,\ FlagsPanel.swift,\ ImpersonateBar.swift,\ LogTailView.swift,\ AgentDashboardView.swift,\ AgentEventsView.swift,\ AgentInviteButton.swift,\ NudgeService.swift,\ ClientHomeView.swift,\ ClientLiveContent.swift,\ CharlieDashboardView.swift,\ CharlieOnboardingView.swift,\ EducationCenterSection.swift,\ EducationCenterSectionView.swift,\ SubwayProgressView.swift,\ DrewDashboardView.swift,\ VendorsServiceType.swift,\ VendorsView.swift,\ IslaDashboardView.swift /Users/ryankanfer/Documents/Developer/HOMEY\ Clean/HOMEY\ Clean/Core/TabComponents.swift /Users/ryankanfer/Documents/Developer/HOMEY\ Clean/HOMEY\ Clean/Core/UserProfileManager.swift /Users/ryankanfer/Documents/Developer/HOMEY\ Clean/HOMEY\ Clean/Core/ViewportMargins.swift /Users/ryankanfer/Documents/Developer/HOMEY\ Clean/HOMEY\ Clean/Dashboards/Admin/AdminDashboardView.swift /Users/ryankanfer/Documents/Developer/HOMEY\ Clean/HOMEY\ Clean/Dashboards/Admin/BuildBadge.swift /Users/ryankanfer/Documents/Developer/HOMEY\ Clean/HOMEY\ Clean/Dashboards/Admin/DangerZone.swift /Users/ryankanfer/Documents/Developer/HOMEY\ Clean/HOMEY\ Clean/Dashboards/Admin/FlagsPanel.swift /Users/ryankanfer/Documents/Developer/HOMEY\ Clean/HOMEY\ Clean/Dashboards/Admin/ImpersonateBar.swift /Users/ryankanfer/Documents/Developer/HOMEY\ Clean/HOMEY\ Clean/Dashboards/Admin/LogTailView.swift /Users/ryankanfer/Documents/Developer/HOMEY\ Clean/HOMEY\ Clean/Dashboards/Agents/AgentDashboardView.swift /Users/ryankanfer/Documents/Developer/HOMEY\ Clean/HOMEY\ Clean/Dashboards/Agents/AgentEventsView.swift /Users/ryankanfer/Documents/Developer/HOMEY\ Clean/HOMEY\ Clean/Dashboards/Agents/AgentInviteButton.swift /Users/ryankanfer/Documents/Developer/HOMEY\ Clean/HOMEY\ Clean/Dashboards/Agents/NudgeService.swift /Users/ryankanfer/Documents/Developer/HOMEY\ Clean/HOMEY\ Clean/Dashboards/Clients/Legacy/ClientHomeView.swift /Users/ryankanfer/Documents/Developer/HOMEY\ Clean/HOMEY\ Clean/Dashboards/Clients/Legacy/ClientLiveContent.swift /Users/ryankanfer/Documents/Developer/HOMEY\ Clean/HOMEY\ Clean/Dashboards/Clients/Pages/Charlie/CharlieDashboardView.swift /Users/ryankanfer/Documents/Developer/HOMEY\ Clean/HOMEY\ Clean/Dashboards/Clients/Pages/Charlie/CharlieOnboardingView.swift /Users/ryankanfer/Documents/Developer/HOMEY\ Clean/HOMEY\ Clean/Dashboards/Clients/Pages/Charlie/EducationCenterSection.swift /Users/ryankanfer/Documents/Developer/HOMEY\ Clean/HOMEY\ Clean/Dashboards/Clients/Pages/Charlie/EducationCenterSectionView.swift /Users/ryankanfer/Documents/Developer/HOMEY\ Clean/HOMEY\ Clean/Dashboards/Clients/Pages/Charlie/SubwayProgressView.swift /Users/ryankanfer/Documents/Developer/HOMEY\ Clean/HOMEY\ Clean/Dashboards/Clients/Pages/Drew/DrewDashboardView.swift /Users/ryankanfer/Documents/Developer/HOMEY\ Clean/HOMEY\ Clean/Dashboards/Clients/Pages/Drew/VendorsServiceType.swift /Users/ryankanfer/Documents/Developer/HOMEY\ Clean/HOMEY\ Clean/Dashboards/Clients/Pages/Drew/VendorsView.swift /Users/ryankanfer/Documents/Developer/HOMEY\ Clean/HOMEY\ Clean/Dashboards/Clients/Pages/Isla/IslaDashboardView.swift (in target 'HOMEY Clean' from project 'HOMEY Clean')

SwiftCompile normal arm64 /Users/ryankanfer/Documents/Developer/HOMEY\ Clean/HOMEY\ Clean/Core/TabComponents.swift (in target 'HOMEY Clean' from project 'HOMEY Clean')
    cd /Users/ryankanfer/Documents/Developer/HOMEY\ Clean
    

SwiftCompile normal arm64 /Users/ryankanfer/Documents/Developer/HOMEY\ Clean/HOMEY\ Clean/Core/UserProfileManager.swift (in target 'HOMEY Clean' from project 'HOMEY Clean')
    cd /Users/ryankanfer/Documents/Developer/HOMEY\ Clean
    

SwiftCompile normal arm64 /Users/ryankanfer/Documents/Developer/HOMEY\ Clean/HOMEY\ Clean/Core/ViewportMargins.swift (in target 'HOMEY Clean' from project 'HOMEY Clean')
    cd /Users/ryankanfer/Documents/Developer/HOMEY\ Clean
    

SwiftCompile normal arm64 /Users/ryankanfer/Documents/Developer/HOMEY\ Clean/HOMEY\ Clean/Dashboards/Admin/AdminDashboardView.swift (in target 'HOMEY Clean' from project 'HOMEY Clean')
    cd /Users/ryankanfer/Documents/Developer/HOMEY\ Clean
    

SwiftCompile normal arm64 /Users/ryankanfer/Documents/Developer/HOMEY\ Clean/HOMEY\ Clean/Dashboards/Admin/BuildBadge.swift (in target 'HOMEY Clean' from project 'HOMEY Clean')
    cd /Users/ryankanfer/Documents/Developer/HOMEY\ Clean
    

SwiftCompile normal arm64 /Users/ryankanfer/Documents/Developer/HOMEY\ Clean/HOMEY\ Clean/Dashboards/Admin/DangerZone.swift (in target 'HOMEY Clean' from project 'HOMEY Clean')
    cd /Users/ryankanfer/Documents/Developer/HOMEY\ Clean
    

SwiftCompile normal arm64 /Users/ryankanfer/Documents/Developer/HOMEY\ Clean/HOMEY\ Clean/Dashboards/Admin/FlagsPanel.swift (in target 'HOMEY Clean' from project 'HOMEY Clean')
    cd /Users/ryankanfer/Documents/Developer/HOMEY\ Clean
    

SwiftCompile normal arm64 /Users/ryankanfer/Documents/Developer/HOMEY\ Clean/HOMEY\ Clean/Dashboards/Admin/ImpersonateBar.swift (in target 'HOMEY Clean' from project 'HOMEY Clean')
    cd /Users/ryankanfer/Documents/Developer/HOMEY\ Clean
    

SwiftCompile normal arm64 /Users/ryankanfer/Documents/Developer/HOMEY\ Clean/HOMEY\ Clean/Dashboards/Admin/LogTailView.swift (in target 'HOMEY Clean' from project 'HOMEY Clean')
    cd /Users/ryankanfer/Documents/Developer/HOMEY\ Clean
    

SwiftCompile normal arm64 /Users/ryankanfer/Documents/Developer/HOMEY\ Clean/HOMEY\ Clean/Dashboards/Agents/AgentDashboardView.swift (in target 'HOMEY Clean' from project 'HOMEY Clean')
    cd /Users/ryankanfer/Documents/Developer/HOMEY\ Clean
    

SwiftCompile normal arm64 /Users/ryankanfer/Documents/Developer/HOMEY\ Clean/HOMEY\ Clean/Dashboards/Agents/AgentEventsView.swift (in target 'HOMEY Clean' from project 'HOMEY Clean')
    cd /Users/ryankanfer/Documents/Developer/HOMEY\ Clean
    

SwiftCompile normal arm64 /Users/ryankanfer/Documents/Developer/HOMEY\ Clean/HOMEY\ Clean/Dashboards/Agents/AgentInviteButton.swift (in target 'HOMEY Clean' from project 'HOMEY Clean')
    cd /Users/ryankanfer/Documents/Developer/HOMEY\ Clean
    

SwiftCompile normal arm64 /Users/ryankanfer/Documents/Developer/HOMEY\ Clean/HOMEY\ Clean/Dashboards/Agents/NudgeService.swift (in target 'HOMEY Clean' from project 'HOMEY Clean')
    cd /Users/ryankanfer/Documents/Developer/HOMEY\ Clean
    

SwiftCompile normal arm64 /Users/ryankanfer/Documents/Developer/HOMEY\ Clean/HOMEY\ Clean/Dashboards/Clients/Legacy/ClientHomeView.swift (in target 'HOMEY Clean' from project 'HOMEY Clean')
    cd /Users/ryankanfer/Documents/Developer/HOMEY\ Clean
    

SwiftCompile normal arm64 /Users/ryankanfer/Documents/Developer/HOMEY\ Clean/HOMEY\ Clean/Dashboards/Clients/Legacy/ClientLiveContent.swift (in target 'HOMEY Clean' from project 'HOMEY Clean')
    cd /Users/ryankanfer/Documents/Developer/HOMEY\ Clean
    

SwiftCompile normal arm64 /Users/ryankanfer/Documents/Developer/HOMEY\ Clean/HOMEY\ Clean/Dashboards/Clients/Pages/Charlie/CharlieDashboardView.swift (in target 'HOMEY Clean' from project 'HOMEY Clean')
    cd /Users/ryankanfer/Documents/Developer/HOMEY\ Clean
    

SwiftCompile normal arm64 /Users/ryankanfer/Documents/Developer/HOMEY\ Clean/HOMEY\ Clean/Dashboards/Clients/Pages/Charlie/CharlieOnboardingView.swift (in target 'HOMEY Clean' from project 'HOMEY Clean')
    cd /Users/ryankanfer/Documents/Developer/HOMEY\ Clean
    

SwiftCompile normal arm64 /Users/ryankanfer/Documents/Developer/HOMEY\ Clean/HOMEY\ Clean/Dashboards/Clients/Pages/Charlie/EducationCenterSection.swift (in target 'HOMEY Clean' from project 'HOMEY Clean')
    cd /Users/ryankanfer/Documents/Developer/HOMEY\ Clean
    

SwiftCompile normal arm64 /Users/ryankanfer/Documents/Developer/HOMEY\ Clean/HOMEY\ Clean/Dashboards/Clients/Pages/Charlie/EducationCenterSectionView.swift (in target 'HOMEY Clean' from project 'HOMEY Clean')
    cd /Users/ryankanfer/Documents/Developer/HOMEY\ Clean
    

SwiftCompile normal arm64 /Users/ryankanfer/Documents/Developer/HOMEY\ Clean/HOMEY\ Clean/Dashboards/Clients/Pages/Charlie/SubwayProgressView.swift (in target 'HOMEY Clean' from project 'HOMEY Clean')
    cd /Users/ryankanfer/Documents/Developer/HOMEY\ Clean
    

SwiftCompile normal arm64 /Users/ryankanfer/Documents/Developer/HOMEY\ Clean/HOMEY\ Clean/Dashboards/Clients/Pages/Drew/DrewDashboardView.swift (in target 'HOMEY Clean' from project 'HOMEY Clean')
    cd /Users/ryankanfer/Documents/Developer/HOMEY\ Clean
    

SwiftCompile normal arm64 /Users/ryankanfer/Documents/Developer/HOMEY\ Clean/HOMEY\ Clean/Dashboards/Clients/Pages/Drew/VendorsServiceType.swift (in target 'HOMEY Clean' from project 'HOMEY Clean')
    cd /Users/ryankanfer/Documents/Developer/HOMEY\ Clean
    

SwiftCompile normal arm64 /Users/ryankanfer/Documents/Developer/HOMEY\ Clean/HOMEY\ Clean/Dashboards/Clients/Pages/Drew/VendorsView.swift (in target 'HOMEY Clean' from project 'HOMEY Clean')
    cd /Users/ryankanfer/Documents/Developer/HOMEY\ Clean
    

SwiftCompile normal arm64 /Users/ryankanfer/Documents/Developer/HOMEY\ Clean/HOMEY\ Clean/Dashboards/Clients/Pages/Isla/IslaDashboardView.swift (in target 'HOMEY Clean' from project 'HOMEY Clean')
    cd /Users/ryankanfer/Documents/Developer/HOMEY\ Clean
    

SwiftCompile normal arm64 Compiling\ CategoryCard.swift,\ CategoryDetailModal.swift,\ PaigeDashboardView.swift,\ PaigeDocumentVault.swift,\ PaigeMicroInteractions.swift,\ QuickActionsRow.swift,\ UploadDocumentFlow.swift,\ TasteStore.swift,\ ScoutDashboardView.swift,\ CatalogImage.swift,\ VizaDashboardView.swift,\ ClientDashboardView.swift,\ SignatureSceneHomepage.swift,\ SignatureSceneIntegration.swift,\ AnimatedHeroBackground.swift,\ CharlieDashboard.swift,\ DashboardPlaceholder.swift,\ AuthRepository.swift,\ DocumentsRepository.swift,\ EventsRepository.swift,\ MessagesRepository.swift,\ PreferencesRepository.swift,\ ProfilesRepository.swift,\ AppTabRoot.swift /Users/ryankanfer/Documents/Developer/HOMEY\ Clean/HOMEY\ Clean/Dashboards/Clients/Pages/Paige/CategoryCard.swift /Users/ryankanfer/Documents/Developer/HOMEY\ Clean/HOMEY\ Clean/Dashboards/Clients/Pages/Paige/CategoryDetailModal.swift /Users/ryankanfer/Documents/Developer/HOMEY\ Clean/HOMEY\ Clean/Dashboards/Clients/Pages/Paige/PaigeDashboardView.swift /Users/ryankanfer/Documents/Developer/HOMEY\ Clean/HOMEY\ Clean/Dashboards/Clients/Pages/Paige/PaigeDocumentVault.swift /Users/ryankanfer/Documents/Developer/HOMEY\ Clean/HOMEY\ Clean/Dashboards/Clients/Pages/Paige/PaigeMicroInteractions.swift /Users/ryankanfer/Documents/Developer/HOMEY\ Clean/HOMEY\ Clean/Dashboards/Clients/Pages/Paige/QuickActionsRow.swift /Users/ryankanfer/Documents/Developer/HOMEY\ Clean/HOMEY\ Clean/Dashboards/Clients/Pages/Paige/UploadDocumentFlow.swift /Users/ryankanfer/Documents/Developer/HOMEY\ Clean/HOMEY\ Clean/Dashboards/Clients/Pages/Scout/Stores/TasteStore.swift /Users/ryankanfer/Documents/Developer/HOMEY\ Clean/HOMEY\ Clean/Dashboards/Clients/Pages/Scout/ScoutDashboardView.swift /Users/ryankanfer/Documents/Developer/HOMEY\ Clean/HOMEY\ Clean/Dashboards/Clients/Pages/Viza/CatalogImage.swift /Users/ryankanfer/Documents/Developer/HOMEY\ Clean/HOMEY\ Clean/Dashboards/Clients/Pages/Viza/VizaDashboardView.swift /Users/ryankanfer/Documents/Developer/HOMEY\ Clean/HOMEY\ Clean/Dashboards/Clients/ClientDashboardView.swift /Users/ryankanfer/Documents/Developer/HOMEY\ Clean/HOMEY\ Clean/Dashboards/Clients/SignatureSceneHomepage.swift /Users/ryankanfer/Documents/Developer/HOMEY\ Clean/HOMEY\ Clean/Dashboards/Clients/SignatureSceneIntegration.swift /Users/ryankanfer/Documents/Developer/HOMEY\ Clean/HOMEY\ Clean/Dashboards/Dashboard\ UIs/AnimatedHeroBackground.swift /Users/ryankanfer/Documents/Developer/HOMEY\ Clean/HOMEY\ Clean/Dashboards/CharlieDashboard.swift /Users/ryankanfer/Documents/Developer/HOMEY\ Clean/HOMEY\ Clean/Dashboards/DashboardPlaceholder.swift /Users/ryankanfer/Documents/Developer/HOMEY\ Clean/HOMEY\ Clean/Data/Repositories/AuthRepository.swift /Users/ryankanfer/Documents/Developer/HOMEY\ Clean/HOMEY\ Clean/Data/Repositories/DocumentsRepository.swift /Users/ryankanfer/Documents/Developer/HOMEY\ Clean/HOMEY\ Clean/Data/Repositories/EventsRepository.swift /Users/ryankanfer/Documents/Developer/HOMEY\ Clean/HOMEY\ Clean/Data/Repositories/MessagesRepository.swift /Users/ryankanfer/Documents/Developer/HOMEY\ Clean/HOMEY\ Clean/Data/Repositories/PreferencesRepository.swift /Users/ryankanfer/Documents/Developer/HOMEY\ Clean/HOMEY\ Clean/Data/Repositories/ProfilesRepository.swift /Users/ryankanfer/Documents/Developer/HOMEY\ Clean/HOMEY\ Clean/Features/Documents/AppTabRoot.swift (in target 'HOMEY Clean' from project 'HOMEY Clean')

SwiftCompile normal arm64 /Users/ryankanfer/Documents/Developer/HOMEY\ Clean/HOMEY\ Clean/Dashboards/Clients/Pages/Paige/CategoryCard.swift (in target 'HOMEY Clean' from project 'HOMEY Clean')
    cd /Users/ryankanfer/Documents/Developer/HOMEY\ Clean
    

SwiftCompile normal arm64 /Users/ryankanfer/Documents/Developer/HOMEY\ Clean/HOMEY\ Clean/Dashboards/Clients/Pages/Paige/CategoryDetailModal.swift (in target 'HOMEY Clean' from project 'HOMEY Clean')
    cd /Users/ryankanfer/Documents/Developer/HOMEY\ Clean
    

SwiftCompile normal arm64 /Users/ryankanfer/Documents/Developer/HOMEY\ Clean/HOMEY\ Clean/Dashboards/Clients/Pages/Paige/PaigeDashboardView.swift (in target 'HOMEY Clean' from project 'HOMEY Clean')
    cd /Users/ryankanfer/Documents/Developer/HOMEY\ Clean
    

SwiftCompile normal arm64 /Users/ryankanfer/Documents/Developer/HOMEY\ Clean/HOMEY\ Clean/Dashboards/Clients/Pages/Paige/PaigeDocumentVault.swift (in target 'HOMEY Clean' from project 'HOMEY Clean')
    cd /Users/ryankanfer/Documents/Developer/HOMEY\ Clean
    

SwiftCompile normal arm64 /Users/ryankanfer/Documents/Developer/HOMEY\ Clean/HOMEY\ Clean/Dashboards/Clients/Pages/Paige/PaigeMicroInteractions.swift (in target 'HOMEY Clean' from project 'HOMEY Clean')
    cd /Users/ryankanfer/Documents/Developer/HOMEY\ Clean
    

SwiftCompile normal arm64 /Users/ryankanfer/Documents/Developer/HOMEY\ Clean/HOMEY\ Clean/Dashboards/Clients/Pages/Paige/QuickActionsRow.swift (in target 'HOMEY Clean' from project 'HOMEY Clean')
    cd /Users/ryankanfer/Documents/Developer/HOMEY\ Clean
    

SwiftCompile normal arm64 /Users/ryankanfer/Documents/Developer/HOMEY\ Clean/HOMEY\ Clean/Dashboards/Clients/Pages/Paige/UploadDocumentFlow.swift (in target 'HOMEY Clean' from project 'HOMEY Clean')
    cd /Users/ryankanfer/Documents/Developer/HOMEY\ Clean
    

SwiftCompile normal arm64 /Users/ryankanfer/Documents/Developer/HOMEY\ Clean/HOMEY\ Clean/Dashboards/Clients/Pages/Scout/Stores/TasteStore.swift (in target 'HOMEY Clean' from project 'HOMEY Clean')
    cd /Users/ryankanfer/Documents/Developer/HOMEY\ Clean
    

SwiftCompile normal arm64 /Users/ryankanfer/Documents/Developer/HOMEY\ Clean/HOMEY\ Clean/Dashboards/Clients/Pages/Scout/ScoutDashboardView.swift (in target 'HOMEY Clean' from project 'HOMEY Clean')
    cd /Users/ryankanfer/Documents/Developer/HOMEY\ Clean
    

SwiftCompile normal arm64 /Users/ryankanfer/Documents/Developer/HOMEY\ Clean/HOMEY\ Clean/Dashboards/Clients/Pages/Viza/CatalogImage.swift (in target 'HOMEY Clean' from project 'HOMEY Clean')
    cd /Users/ryankanfer/Documents/Developer/HOMEY\ Clean
    

SwiftCompile normal arm64 /Users/ryankanfer/Documents/Developer/HOMEY\ Clean/HOMEY\ Clean/Dashboards/Clients/Pages/Viza/VizaDashboardView.swift (in target 'HOMEY Clean' from project 'HOMEY Clean')
    cd /Users/ryankanfer/Documents/Developer/HOMEY\ Clean
    

SwiftCompile normal arm64 /Users/ryankanfer/Documents/Developer/HOMEY\ Clean/HOMEY\ Clean/Dashboards/Clients/ClientDashboardView.swift (in target 'HOMEY Clean' from project 'HOMEY Clean')
    cd /Users/ryankanfer/Documents/Developer/HOMEY\ Clean
    

SwiftCompile normal arm64 /Users/ryankanfer/Documents/Developer/HOMEY\ Clean/HOMEY\ Clean/Dashboards/Clients/SignatureSceneHomepage.swift (in target 'HOMEY Clean' from project 'HOMEY Clean')
    cd /Users/ryankanfer/Documents/Developer/HOMEY\ Clean
    

SwiftCompile normal arm64 /Users/ryankanfer/Documents/Developer/HOMEY\ Clean/HOMEY\ Clean/Dashboards/Clients/SignatureSceneIntegration.swift (in target 'HOMEY Clean' from project 'HOMEY Clean')
    cd /Users/ryankanfer/Documents/Developer/HOMEY\ Clean
    

SwiftCompile normal arm64 /Users/ryankanfer/Documents/Developer/HOMEY\ Clean/HOMEY\ Clean/Dashboards/Dashboard\ UIs/AnimatedHeroBackground.swift (in target 'HOMEY Clean' from project 'HOMEY Clean')
    cd /Users/ryankanfer/Documents/Developer/HOMEY\ Clean
    

SwiftCompile normal arm64 /Users/ryankanfer/Documents/Developer/HOMEY\ Clean/HOMEY\ Clean/Dashboards/CharlieDashboard.swift (in target 'HOMEY Clean' from project 'HOMEY Clean')
    cd /Users/ryankanfer/Documents/Developer/HOMEY\ Clean
    

SwiftCompile normal arm64 /Users/ryankanfer/Documents/Developer/HOMEY\ Clean/HOMEY\ Clean/Dashboards/DashboardPlaceholder.swift (in target 'HOMEY Clean' from project 'HOMEY Clean')
    cd /Users/ryankanfer/Documents/Developer/HOMEY\ Clean
    

SwiftCompile normal arm64 /Users/ryankanfer/Documents/Developer/HOMEY\ Clean/HOMEY\ Clean/Data/Repositories/AuthRepository.swift (in target 'HOMEY Clean' from project 'HOMEY Clean')
    cd /Users/ryankanfer/Documents/Developer/HOMEY\ Clean
    

SwiftCompile normal arm64 /Users/ryankanfer/Documents/Developer/HOMEY\ Clean/HOMEY\ Clean/Data/Repositories/DocumentsRepository.swift (in target 'HOMEY Clean' from project 'HOMEY Clean')
    cd /Users/ryankanfer/Documents/Developer/HOMEY\ Clean
    

SwiftCompile normal arm64 /Users/ryankanfer/Documents/Developer/HOMEY\ Clean/HOMEY\ Clean/Data/Repositories/EventsRepository.swift (in target 'HOMEY Clean' from project 'HOMEY Clean')
    cd /Users/ryankanfer/Documents/Developer/HOMEY\ Clean
    

SwiftCompile normal arm64 /Users/ryankanfer/Documents/Developer/HOMEY\ Clean/HOMEY\ Clean/Data/Repositories/MessagesRepository.swift (in target 'HOMEY Clean' from project 'HOMEY Clean')
    cd /Users/ryankanfer/Documents/Developer/HOMEY\ Clean
    

SwiftCompile normal arm64 /Users/ryankanfer/Documents/Developer/HOMEY\ Clean/HOMEY\ Clean/Data/Repositories/PreferencesRepository.swift (in target 'HOMEY Clean' from project 'HOMEY Clean')
    cd /Users/ryankanfer/Documents/Developer/HOMEY\ Clean
    

SwiftCompile normal arm64 /Users/ryankanfer/Documents/Developer/HOMEY\ Clean/HOMEY\ Clean/Data/Repositories/ProfilesRepository.swift (in target 'HOMEY Clean' from project 'HOMEY Clean')
    cd /Users/ryankanfer/Documents/Developer/HOMEY\ Clean
    

SwiftCompile normal arm64 /Users/ryankanfer/Documents/Developer/HOMEY\ Clean/HOMEY\ Clean/Features/Documents/AppTabRoot.swift (in target 'HOMEY Clean' from project 'HOMEY Clean')
    cd /Users/ryankanfer/Documents/Developer/HOMEY\ Clean
    

SwiftCompile normal arm64 Compiling\ ARDocumentScanner.swift,\ CelebrationOverlay.swift,\ DocumentCategoryCard.swift,\ DocumentContextTooltip.swift,\ DocumentsRow.swift,\ DocumentsView.swift,\ DocumentsViewModel.swift,\ EnhancedDocumentsView.swift,\ Env.swift,\ HeaderSection.swift,\ PaigeCompanionView.swift,\ PaigeDocumentsView.swift,\ ProgressCard.swift,\ QuickActionCard.swift,\ SearchSection.swift,\ BadgeDetailSheet.swift,\ DossierSheet.swift,\ ProfessionalCard.swift,\ ProgressionBadges.swift,\ RolodexWall.swift,\ Contact.swift,\ IntroductionService.swift,\ DrewDirectoryViewModel.swift /Users/ryankanfer/Documents/Developer/HOMEY\ Clean/HOMEY\ Clean/Features/Documents/ARDocumentScanner.swift /Users/ryankanfer/Documents/Developer/HOMEY\ Clean/HOMEY\ Clean/Features/Documents/CelebrationOverlay.swift /Users/ryankanfer/Documents/Developer/HOMEY\ Clean/HOMEY\ Clean/Features/Documents/DocumentCategoryCard.swift /Users/ryankanfer/Documents/Developer/HOMEY\ Clean/HOMEY\ Clean/Features/Documents/DocumentContextTooltip.swift /Users/ryankanfer/Documents/Developer/HOMEY\ Clean/HOMEY\ Clean/Features/Documents/DocumentsRow.swift /Users/ryankanfer/Documents/Developer/HOMEY\ Clean/HOMEY\ Clean/Features/Documents/DocumentsView.swift /Users/ryankanfer/Documents/Developer/HOMEY\ Clean/HOMEY\ Clean/Features/Documents/DocumentsViewModel.swift /Users/ryankanfer/Documents/Developer/HOMEY\ Clean/HOMEY\ Clean/Features/Documents/EnhancedDocumentsView.swift /Users/ryankanfer/Documents/Developer/HOMEY\ Clean/HOMEY\ Clean/Features/Documents/Env.swift /Users/ryankanfer/Documents/Developer/HOMEY\ Clean/HOMEY\ Clean/Features/Documents/HeaderSection.swift /Users/ryankanfer/Documents/Developer/HOMEY\ Clean/HOMEY\ Clean/Features/Documents/PaigeCompanionView.swift /Users/ryankanfer/Documents/Developer/HOMEY\ Clean/HOMEY\ Clean/Features/Documents/PaigeDocumentsView.swift /Users/ryankanfer/Documents/Developer/HOMEY\ Clean/HOMEY\ Clean/Features/Documents/ProgressCard.swift /Users/ryankanfer/Documents/Developer/HOMEY\ Clean/HOMEY\ Clean/Features/Documents/QuickActionCard.swift /Users/ryankanfer/Documents/Developer/HOMEY\ Clean/HOMEY\ Clean/Features/Documents/SearchSection.swift /Users/ryankanfer/Documents/Developer/HOMEY\ Clean/HOMEY\ Clean/Features/Drew/Components/BadgeDetailSheet.swift /Users/ryankanfer/Documents/Developer/HOMEY\ Clean/HOMEY\ Clean/Features/Drew/Components/DossierSheet.swift /Users/ryankanfer/Documents/Developer/HOMEY\ Clean/HOMEY\ Clean/Features/Drew/Components/ProfessionalCard.swift /Users/ryankanfer/Documents/Developer/HOMEY\ Clean/HOMEY\ Clean/Features/Drew/Components/ProgressionBadges.swift /Users/ryankanfer/Documents/Developer/HOMEY\ Clean/HOMEY\ Clean/Features/Drew/Components/RolodexWall.swift /Users/ryankanfer/Documents/Developer/HOMEY\ Clean/HOMEY\ Clean/Features/Drew/Models/Contact.swift /Users/ryankanfer/Documents/Developer/HOMEY\ Clean/HOMEY\ Clean/Features/Drew/Services/IntroductionService.swift /Users/ryankanfer/Documents/Developer/HOMEY\ Clean/HOMEY\ Clean/Features/Drew/ViewModels/DrewDirectoryViewModel.swift (in target 'HOMEY Clean' from project 'HOMEY Clean')

SwiftCompile normal arm64 /Users/ryankanfer/Documents/Developer/HOMEY\ Clean/HOMEY\ Clean/Features/Documents/ARDocumentScanner.swift (in target 'HOMEY Clean' from project 'HOMEY Clean')
    cd /Users/ryankanfer/Documents/Developer/HOMEY\ Clean
    

SwiftCompile normal arm64 /Users/ryankanfer/Documents/Developer/HOMEY\ Clean/HOMEY\ Clean/Features/Documents/CelebrationOverlay.swift (in target 'HOMEY Clean' from project 'HOMEY Clean')
    cd /Users/ryankanfer/Documents/Developer/HOMEY\ Clean
    

SwiftCompile normal arm64 /Users/ryankanfer/Documents/Developer/HOMEY\ Clean/HOMEY\ Clean/Features/Documents/DocumentCategoryCard.swift (in target 'HOMEY Clean' from project 'HOMEY Clean')
    cd /Users/ryankanfer/Documents/Developer/HOMEY\ Clean
    

SwiftCompile normal arm64 /Users/ryankanfer/Documents/Developer/HOMEY\ Clean/HOMEY\ Clean/Features/Documents/DocumentContextTooltip.swift (in target 'HOMEY Clean' from project 'HOMEY Clean')
    cd /Users/ryankanfer/Documents/Developer/HOMEY\ Clean
    

SwiftCompile normal arm64 /Users/ryankanfer/Documents/Developer/HOMEY\ Clean/HOMEY\ Clean/Features/Documents/DocumentsRow.swift (in target 'HOMEY Clean' from project 'HOMEY Clean')
    cd /Users/ryankanfer/Documents/Developer/HOMEY\ Clean
    

SwiftCompile normal arm64 /Users/ryankanfer/Documents/Developer/HOMEY\ Clean/HOMEY\ Clean/Features/Documents/DocumentsView.swift (in target 'HOMEY Clean' from project 'HOMEY Clean')
    cd /Users/ryankanfer/Documents/Developer/HOMEY\ Clean
    

SwiftCompile normal arm64 /Users/ryankanfer/Documents/Developer/HOMEY\ Clean/HOMEY\ Clean/Features/Documents/DocumentsViewModel.swift (in target 'HOMEY Clean' from project 'HOMEY Clean')
    cd /Users/ryankanfer/Documents/Developer/HOMEY\ Clean
    

SwiftCompile normal arm64 /Users/ryankanfer/Documents/Developer/HOMEY\ Clean/HOMEY\ Clean/Features/Documents/EnhancedDocumentsView.swift (in target 'HOMEY Clean' from project 'HOMEY Clean')
    cd /Users/ryankanfer/Documents/Developer/HOMEY\ Clean
    

SwiftCompile normal arm64 /Users/ryankanfer/Documents/Developer/HOMEY\ Clean/HOMEY\ Clean/Features/Documents/Env.swift (in target 'HOMEY Clean' from project 'HOMEY Clean')
    cd /Users/ryankanfer/Documents/Developer/HOMEY\ Clean
    

SwiftCompile normal arm64 /Users/ryankanfer/Documents/Developer/HOMEY\ Clean/HOMEY\ Clean/Features/Documents/HeaderSection.swift (in target 'HOMEY Clean' from project 'HOMEY Clean')
    cd /Users/ryankanfer/Documents/Developer/HOMEY\ Clean
    

SwiftCompile normal arm64 /Users/ryankanfer/Documents/Developer/HOMEY\ Clean/HOMEY\ Clean/Features/Documents/PaigeCompanionView.swift (in target 'HOMEY Clean' from project 'HOMEY Clean')
    cd /Users/ryankanfer/Documents/Developer/HOMEY\ Clean
    

SwiftCompile normal arm64 /Users/ryankanfer/Documents/Developer/HOMEY\ Clean/HOMEY\ Clean/Features/Documents/PaigeDocumentsView.swift (in target 'HOMEY Clean' from project 'HOMEY Clean')
    cd /Users/ryankanfer/Documents/Developer/HOMEY\ Clean
    

SwiftCompile normal arm64 /Users/ryankanfer/Documents/Developer/HOMEY\ Clean/HOMEY\ Clean/Features/Documents/ProgressCard.swift (in target 'HOMEY Clean' from project 'HOMEY Clean')
    cd /Users/ryankanfer/Documents/Developer/HOMEY\ Clean
    

SwiftCompile normal arm64 /Users/ryankanfer/Documents/Developer/HOMEY\ Clean/HOMEY\ Clean/Features/Documents/QuickActionCard.swift (in target 'HOMEY Clean' from project 'HOMEY Clean')
    cd /Users/ryankanfer/Documents/Developer/HOMEY\ Clean
    

SwiftCompile normal arm64 /Users/ryankanfer/Documents/Developer/HOMEY\ Clean/HOMEY\ Clean/Features/Documents/SearchSection.swift (in target 'HOMEY Clean' from project 'HOMEY Clean')
    cd /Users/ryankanfer/Documents/Developer/HOMEY\ Clean
    

SwiftCompile normal arm64 /Users/ryankanfer/Documents/Developer/HOMEY\ Clean/HOMEY\ Clean/Features/Drew/Components/BadgeDetailSheet.swift (in target 'HOMEY Clean' from project 'HOMEY Clean')
    cd /Users/ryankanfer/Documents/Developer/HOMEY\ Clean
    

SwiftCompile normal arm64 /Users/ryankanfer/Documents/Developer/HOMEY\ Clean/HOMEY\ Clean/Features/Drew/Components/DossierSheet.swift (in target 'HOMEY Clean' from project 'HOMEY Clean')
    cd /Users/ryankanfer/Documents/Developer/HOMEY\ Clean
    

SwiftCompile normal arm64 /Users/ryankanfer/Documents/Developer/HOMEY\ Clean/HOMEY\ Clean/Features/Drew/Components/ProfessionalCard.swift (in target 'HOMEY Clean' from project 'HOMEY Clean')
    cd /Users/ryankanfer/Documents/Developer/HOMEY\ Clean
    

SwiftCompile normal arm64 /Users/ryankanfer/Documents/Developer/HOMEY\ Clean/HOMEY\ Clean/Features/Drew/Components/ProgressionBadges.swift (in target 'HOMEY Clean' from project 'HOMEY Clean')
    cd /Users/ryankanfer/Documents/Developer/HOMEY\ Clean
    

SwiftCompile normal arm64 /Users/ryankanfer/Documents/Developer/HOMEY\ Clean/HOMEY\ Clean/Features/Drew/Components/RolodexWall.swift (in target 'HOMEY Clean' from project 'HOMEY Clean')
    cd /Users/ryankanfer/Documents/Developer/HOMEY\ Clean
    

SwiftCompile normal arm64 /Users/ryankanfer/Documents/Developer/HOMEY\ Clean/HOMEY\ Clean/Features/Drew/Models/Contact.swift (in target 'HOMEY Clean' from project 'HOMEY Clean')
    cd /Users/ryankanfer/Documents/Developer/HOMEY\ Clean
    

SwiftCompile normal arm64 /Users/ryankanfer/Documents/Developer/HOMEY\ Clean/HOMEY\ Clean/Features/Drew/Services/IntroductionService.swift (in target 'HOMEY Clean' from project 'HOMEY Clean')
    cd /Users/ryankanfer/Documents/Developer/HOMEY\ Clean
    

SwiftCompile normal arm64 /Users/ryankanfer/Documents/Developer/HOMEY\ Clean/HOMEY\ Clean/Features/Drew/ViewModels/DrewDirectoryViewModel.swift (in target 'HOMEY Clean' from project 'HOMEY Clean')
    cd /Users/ryankanfer/Documents/Developer/HOMEY\ Clean
    

SwiftCompile normal arm64 Compiling\ DrewDirectoryTestView.swift,\ DrewDirectoryView.swift,\ EducationCenterView.swift,\ EducationProgressStore.swift,\ AnalyticsTilesGrid.swift,\ AnalyticTilesView.swift,\ DataRibbon.swift,\ DataRibbonsView.swift,\ IslaHeaderView.swift,\ RibbonDetailSheet.swift,\ TickerView.swift,\ TileDetailSheet.swift,\ AnalyticTileType.swift,\ MarketDataModels.swift,\ IslaDataService.swift,\ IslaViewModel.swift,\ IslaRootView.swift,\ MarketTicker.swift,\ TileDetailView.swift,\ EpisodeDetailView.swift,\ JourneyEpisodeInterface.swift,\ JourneyNavigationView.swift,\ ComprehensiveOnboardingFlow.swift /Users/ryankanfer/Documents/Developer/HOMEY\ Clean/HOMEY\ Clean/Features/Drew/Views/DrewDirectoryTestView.swift /Users/ryankanfer/Documents/Developer/HOMEY\ Clean/HOMEY\ Clean/Features/Drew/Views/DrewDirectoryView.swift /Users/ryankanfer/Documents/Developer/HOMEY\ Clean/HOMEY\ Clean/Features/Education/EducationCenterView.swift /Users/ryankanfer/Documents/Developer/HOMEY\ Clean/HOMEY\ Clean/Features/Education/EducationProgressStore.swift /Users/ryankanfer/Documents/Developer/HOMEY\ Clean/HOMEY\ Clean/Features/Isla/Components/AnalyticsTilesGrid.swift /Users/ryankanfer/Documents/Developer/HOMEY\ Clean/HOMEY\ Clean/Features/Isla/Components/AnalyticTilesView.swift /Users/ryankanfer/Documents/Developer/HOMEY\ Clean/HOMEY\ Clean/Features/Isla/Components/DataRibbon.swift /Users/ryankanfer/Documents/Developer/HOMEY\ Clean/HOMEY\ Clean/Features/Isla/Components/DataRibbonsView.swift /Users/ryankanfer/Documents/Developer/HOMEY\ Clean/HOMEY\ Clean/Features/Isla/Components/IslaHeaderView.swift /Users/ryankanfer/Documents/Developer/HOMEY\ Clean/HOMEY\ Clean/Features/Isla/Components/RibbonDetailSheet.swift /Users/ryankanfer/Documents/Developer/HOMEY\ Clean/HOMEY\ Clean/Features/Isla/Components/TickerView.swift /Users/ryankanfer/Documents/Developer/HOMEY\ Clean/HOMEY\ Clean/Features/Isla/Components/TileDetailSheet.swift /Users/ryankanfer/Documents/Developer/HOMEY\ Clean/HOMEY\ Clean/Features/Isla/Models/AnalyticTileType.swift /Users/ryankanfer/Documents/Developer/HOMEY\ Clean/HOMEY\ Clean/Features/Isla/Models/MarketDataModels.swift /Users/ryankanfer/Documents/Developer/HOMEY\ Clean/HOMEY\ Clean/Features/Isla/Services/IslaDataService.swift /Users/ryankanfer/Documents/Developer/HOMEY\ Clean/HOMEY\ Clean/Features/Isla/ViewModels/IslaViewModel.swift /Users/ryankanfer/Documents/Developer/HOMEY\ Clean/HOMEY\ Clean/Features/Isla/Views/IslaRootView.swift /Users/ryankanfer/Documents/Developer/HOMEY\ Clean/HOMEY\ Clean/Features/Isla/Views/MarketTicker.swift /Users/ryankanfer/Documents/Developer/HOMEY\ Clean/HOMEY\ Clean/Features/Isla/Views/TileDetailView.swift /Users/ryankanfer/Documents/Developer/HOMEY\ Clean/HOMEY\ Clean/Features/Journey/Views/EpisodeDetailView.swift /Users/ryankanfer/Documents/Developer/HOMEY\ Clean/HOMEY\ Clean/Features/Journey/Views/JourneyEpisodeInterface.swift /Users/ryankanfer/Documents/Developer/HOMEY\ Clean/HOMEY\ Clean/Features/Journey/Views/JourneyNavigationView.swift /Users/ryankanfer/Documents/Developer/HOMEY\ Clean/HOMEY\ Clean/Features/Onboarding/ComprehensiveOnboardingFlow.swift (in target 'HOMEY Clean' from project 'HOMEY Clean')

SwiftCompile normal arm64 /Users/ryankanfer/Documents/Developer/HOMEY\ Clean/HOMEY\ Clean/Features/Drew/Views/DrewDirectoryTestView.swift (in target 'HOMEY Clean' from project 'HOMEY Clean')
    cd /Users/ryankanfer/Documents/Developer/HOMEY\ Clean
    

SwiftCompile normal arm64 /Users/ryankanfer/Documents/Developer/HOMEY\ Clean/HOMEY\ Clean/Features/Drew/Views/DrewDirectoryView.swift (in target 'HOMEY Clean' from project 'HOMEY Clean')
    cd /Users/ryankanfer/Documents/Developer/HOMEY\ Clean
    

SwiftCompile normal arm64 /Users/ryankanfer/Documents/Developer/HOMEY\ Clean/HOMEY\ Clean/Features/Education/EducationCenterView.swift (in target 'HOMEY Clean' from project 'HOMEY Clean')
    cd /Users/ryankanfer/Documents/Developer/HOMEY\ Clean
    

SwiftCompile normal arm64 /Users/ryankanfer/Documents/Developer/HOMEY\ Clean/HOMEY\ Clean/Features/Education/EducationProgressStore.swift (in target 'HOMEY Clean' from project 'HOMEY Clean')
    cd /Users/ryankanfer/Documents/Developer/HOMEY\ Clean
    

SwiftCompile normal arm64 /Users/ryankanfer/Documents/Developer/HOMEY\ Clean/HOMEY\ Clean/Features/Isla/Components/AnalyticsTilesGrid.swift (in target 'HOMEY Clean' from project 'HOMEY Clean')
    cd /Users/ryankanfer/Documents/Developer/HOMEY\ Clean
    

SwiftCompile normal arm64 /Users/ryankanfer/Documents/Developer/HOMEY\ Clean/HOMEY\ Clean/Features/Isla/Components/AnalyticTilesView.swift (in target 'HOMEY Clean' from project 'HOMEY Clean')
    cd /Users/ryankanfer/Documents/Developer/HOMEY\ Clean
    

SwiftCompile normal arm64 /Users/ryankanfer/Documents/Developer/HOMEY\ Clean/HOMEY\ Clean/Features/Isla/Components/DataRibbon.swift (in target 'HOMEY Clean' from project 'HOMEY Clean')
    cd /Users/ryankanfer/Documents/Developer/HOMEY\ Clean
    

SwiftCompile normal arm64 /Users/ryankanfer/Documents/Developer/HOMEY\ Clean/HOMEY\ Clean/Features/Isla/Components/DataRibbonsView.swift (in target 'HOMEY Clean' from project 'HOMEY Clean')
    cd /Users/ryankanfer/Documents/Developer/HOMEY\ Clean
    

SwiftCompile normal arm64 /Users/ryankanfer/Documents/Developer/HOMEY\ Clean/HOMEY\ Clean/Features/Isla/Components/IslaHeaderView.swift (in target 'HOMEY Clean' from project 'HOMEY Clean')
    cd /Users/ryankanfer/Documents/Developer/HOMEY\ Clean
    

SwiftCompile normal arm64 /Users/ryankanfer/Documents/Developer/HOMEY\ Clean/HOMEY\ Clean/Features/Isla/Components/RibbonDetailSheet.swift (in target 'HOMEY Clean' from project 'HOMEY Clean')
    cd /Users/ryankanfer/Documents/Developer/HOMEY\ Clean
    

SwiftCompile normal arm64 /Users/ryankanfer/Documents/Developer/HOMEY\ Clean/HOMEY\ Clean/Features/Isla/Components/TickerView.swift (in target 'HOMEY Clean' from project 'HOMEY Clean')
    cd /Users/ryankanfer/Documents/Developer/HOMEY\ Clean
    

SwiftCompile normal arm64 /Users/ryankanfer/Documents/Developer/HOMEY\ Clean/HOMEY\ Clean/Features/Isla/Components/TileDetailSheet.swift (in target 'HOMEY Clean' from project 'HOMEY Clean')
    cd /Users/ryankanfer/Documents/Developer/HOMEY\ Clean
    

SwiftCompile normal arm64 /Users/ryankanfer/Documents/Developer/HOMEY\ Clean/HOMEY\ Clean/Features/Isla/Models/AnalyticTileType.swift (in target 'HOMEY Clean' from project 'HOMEY Clean')
    cd /Users/ryankanfer/Documents/Developer/HOMEY\ Clean
    

SwiftCompile normal arm64 /Users/ryankanfer/Documents/Developer/HOMEY\ Clean/HOMEY\ Clean/Features/Isla/Models/MarketDataModels.swift (in target 'HOMEY Clean' from project 'HOMEY Clean')
    cd /Users/ryankanfer/Documents/Developer/HOMEY\ Clean
    

SwiftCompile normal arm64 /Users/ryankanfer/Documents/Developer/HOMEY\ Clean/HOMEY\ Clean/Features/Isla/Services/IslaDataService.swift (in target 'HOMEY Clean' from project 'HOMEY Clean')
    cd /Users/ryankanfer/Documents/Developer/HOMEY\ Clean
    

SwiftCompile normal arm64 /Users/ryankanfer/Documents/Developer/HOMEY\ Clean/HOMEY\ Clean/Features/Isla/ViewModels/IslaViewModel.swift (in target 'HOMEY Clean' from project 'HOMEY Clean')
    cd /Users/ryankanfer/Documents/Developer/HOMEY\ Clean
    

SwiftCompile normal arm64 /Users/ryankanfer/Documents/Developer/HOMEY\ Clean/HOMEY\ Clean/Features/Isla/Views/IslaRootView.swift (in target 'HOMEY Clean' from project 'HOMEY Clean')
    cd /Users/ryankanfer/Documents/Developer/HOMEY\ Clean
    

SwiftCompile normal arm64 /Users/ryankanfer/Documents/Developer/HOMEY\ Clean/HOMEY\ Clean/Features/Isla/Views/MarketTicker.swift (in target 'HOMEY Clean' from project 'HOMEY Clean')
    cd /Users/ryankanfer/Documents/Developer/HOMEY\ Clean
    

SwiftCompile normal arm64 /Users/ryankanfer/Documents/Developer/HOMEY\ Clean/HOMEY\ Clean/Features/Isla/Views/TileDetailView.swift (in target 'HOMEY Clean' from project 'HOMEY Clean')
    cd /Users/ryankanfer/Documents/Developer/HOMEY\ Clean
    

SwiftCompile normal arm64 /Users/ryankanfer/Documents/Developer/HOMEY\ Clean/HOMEY\ Clean/Features/Journey/Views/EpisodeDetailView.swift (in target 'HOMEY Clean' from project 'HOMEY Clean')
    cd /Users/ryankanfer/Documents/Developer/HOMEY\ Clean
    

SwiftCompile normal arm64 /Users/ryankanfer/Documents/Developer/HOMEY\ Clean/HOMEY\ Clean/Features/Journey/Views/JourneyEpisodeInterface.swift (in target 'HOMEY Clean' from project 'HOMEY Clean')
    cd /Users/ryankanfer/Documents/Developer/HOMEY\ Clean
    

SwiftCompile normal arm64 /Users/ryankanfer/Documents/Developer/HOMEY\ Clean/HOMEY\ Clean/Features/Journey/Views/JourneyNavigationView.swift (in target 'HOMEY Clean' from project 'HOMEY Clean')
    cd /Users/ryankanfer/Documents/Developer/HOMEY\ Clean
    

SwiftCompile normal arm64 /Users/ryankanfer/Documents/Developer/HOMEY\ Clean/HOMEY\ Clean/Features/Onboarding/ComprehensiveOnboardingFlow.swift (in target 'HOMEY Clean' from project 'HOMEY Clean')
    cd /Users/ryankanfer/Documents/Developer/HOMEY\ Clean
    

note: Run script build phase 'Run Script' will be run during every build because the option to run the script phase "Based on dependency analysis" is unchecked. (in target 'HOMEY Clean' from project 'HOMEY Clean')
** BUILD FAILED **


The following build commands failed:
	SwiftEmitModule normal arm64 Emitting\ module\ for\ HOMEY_Clean (in target 'HOMEY Clean' from project 'HOMEY Clean')
	EmitSwiftModule normal arm64 (in target 'HOMEY Clean' from project 'HOMEY Clean')
	Building project HOMEY Clean with scheme HOMEY Clean
(3 failures)
